16:01:48.513 [main                     ] DEBUG Logger               - Configured Logger
16:01:48.522 [main                     ] DEBUG GameApplication      - Logging settings
Title: Teacher Tower Defense
Version: 0.1
Width: 1200
Height: 640
Fullscreen: true
Intro: false
Profiling: false
Single step:false
App Mode: DEVELOPER
Menu Key: ESCAPE
Stage Style: DECORATED
Scene Factory: class at.htl.teachertowerdefense.CustomSceneFactory

16:01:49.396 [JavaFX Application Thread] DEBUG FXGLApplication      - Initializing FXGL
16:01:49.400 [JavaFX Application Thread] INFO  Engine               - FXGL-17.3 (30.03.2023 11.49) on WINDOWS (J:25.0.2 FX:21.0.6)
16:01:49.401 [JavaFX Application Thread] DEBUG Engine               - JRE Vendor Name: Oracle Corporation
16:01:49.401 [JavaFX Application Thread] DEBUG Engine               - Running on OS: Windows 11 version 10.0
16:01:49.401 [JavaFX Application Thread] DEBUG Engine               - Architecture: amd64
16:01:49.401 [JavaFX Application Thread] INFO  Engine               - Source code and latest versions at: https://github.com/AlmasB/FXGL
16:01:49.401 [JavaFX Application Thread] INFO  Engine               -       Ask questions and discuss at: https://github.com/AlmasB/FXGL/discussions
16:01:49.401 [JavaFX Application Thread] INFO  Engine               -              Join the FXGL chat at: https://gitter.im/AlmasB/FXGL
16:01:49.563 [JavaFX Application Thread] DEBUG PrimaryStageWindow   - Creating a JavaFX scene
16:01:49.643 [JavaFX Application Thread] DEBUG PrimaryStageWindow   - Target settings size: 1200.0 x 640.0
16:01:49.643 [JavaFX Application Thread] DEBUG PrimaryStageWindow   - Scaled scene size:    1200.0 x 640.0
16:01:49.643 [JavaFX Application Thread] DEBUG PrimaryStageWindow   - Scaled ratio: (1.0, 1.0)
16:01:49.645 [JavaFX Application Thread] DEBUG PrimaryStageWindow   - Set initial scene to FXGLStartupScene
16:01:49.653 [JavaFX Application Thread] DEBUG PrimaryStageWindow   - Opening main window
16:01:49.816 [JavaFX Application Thread] DEBUG PrimaryStageWindow   - Window border size: (14.4000244140625, 37.5999755859375)
16:01:49.816 [JavaFX Application Thread] DEBUG PrimaryStageWindow   - Scaled size: 1200.0 x 640.0
16:01:49.816 [JavaFX Application Thread] DEBUG PrimaryStageWindow   - Scaled ratio: (1.0, 1.0)
16:01:49.817 [JavaFX Application Thread] DEBUG PrimaryStageWindow   - Scene size: 1200.0 x 640.0
16:01:49.817 [JavaFX Application Thread] DEBUG PrimaryStageWindow   - Stage size: 1214.4000244140625 x 677.5999755859375
16:01:49.966 [JavaFX Application Thread] DEBUG PrimaryStageWindow   - Going fullscreen
16:01:49.980 [FXGL Background Thread 1 ] DEBUG Engine               - Initializing environment variables
16:01:50.045 [FXGL Background Thread 1 ] DEBUG FXGLAssetLoaderServi - User app class for loading assets: class at.htl.teachertowerdefense.TeacherTowerDefenseApp
16:01:50.045 [FXGL Background Thread 1 ] DEBUG GameApplicationServi - Applying CSS: fxgl_dark.css
16:01:50.048 [FXGL Background Thread 1 ] DEBUG FXGLAssetLoaderServi - Loading from file system: jar:file:/C:/Users/lucaa/.m2/repository/com/github/almasb/fxgl/17.3/fxgl-17.3.jar!/fxglassets/ui/css/fxgl_dark.css
16:01:50.105 [FXGL Background Thread 1 ] DEBUG GameApplicationServi - Initializing application scenes
16:01:50.169 [FXGL Background Thread 1 ] DEBUG GameWorld            - Game world initialized
16:01:50.254 [FXGL Background Thread 1 ] DEBUG PhysicsWorld         - Physics world initialized: appHeight=640, physics.ppm=50,0
16:01:50.255 [FXGL Background Thread 1 ] DEBUG PhysicsWorld         - Using strategy: BRUTE_FORCE
16:01:50.260 [FXGL Background Thread 1 ] DEBUG GameScene            - Game scene initialized: 1200x640
16:01:50.281 [FXGL Background Thread 1 ] DEBUG FXGLAssetLoaderServi - Loading from file system: file:/C:/Users/lucaa/OneDrive%20-%20HTL%20Saalfelden/POS/Workspace/IntelliJ/FXGL/TeacherTowerDefense/target/classes/assets/textures/menu_bg.png
16:01:50.409 [FXGL Background Thread 1 ] DEBUG GameApplicationServi - Application scenes initialized
16:01:50.419 [FXGL Background Thread 1 ] DEBUG SystemBundleService  - Loading FXGL system data
16:01:50.421 [FXGL Background Thread 1 ] DEBUG FileSystemAccess     - Reading from: C:\Users\lucaa\OneDrive - HTL Saalfelden\POS\Workspace\IntelliJ\FXGL\TeacherTowerDefense\system\fxgl.bundle
16:01:50.424 [FXGL Background Thread 1 ] DEBUG SystemBundleService  - Bundle FXGL: {}
16:01:50.424 [FXGL Background Thread 1 ] DEBUG UpdaterService       - Checking for updates
16:01:50.431 [FXGL Background Thread 4 ] DEBUG FXGLApplication      - Loading fonts
16:01:50.432 [FXGL Background Thread 4 ] DEBUG FXGLAssetLoaderServi - Loading from file system: jar:file:/C:/Users/lucaa/.m2/repository/com/github/almasb/fxgl/17.3/fxgl-17.3.jar!/fxglassets/ui/fonts/VarelaRound-Regular.ttf
16:01:50.432 [FXGL Background Thread 1 ] DEBUG FXGLApplication      - Loading default localization
16:01:50.433 [FXGL Background Thread 1 ] DEBUG FXGLAssetLoaderServi - Loading from file system: jar:file:/C:/Users/lucaa/.m2/repository/com/github/almasb/fxgl/17.3/fxgl-17.3.jar!/fxglassets/languages/english.lang
16:01:50.454 [FXGL Background Thread 4 ] DEBUG FXGLAssetLoaderServi - Loading from file system: jar:file:/C:/Users/lucaa/.m2/repository/com/github/almasb/fxgl/17.3/fxgl-17.3.jar!/fxglassets/ui/fonts/Abel-Regular.ttf
16:01:50.460 [FXGL Background Thread 1 ] INFO  FXGLApplication      - FXGL initialization took: 0,480 sec
16:01:50.463 [JavaFX Application Thread] DEBUG FXGLAssetLoaderServi - Loading from file system: jar:file:/C:/Users/lucaa/.m2/repository/com/github/almasb/fxgl/17.3/fxgl-17.3.jar!/fxglassets/textures/fxgl_icon.png
16:01:50.473 [FXGL Background Thread 4 ] DEBUG FXGLAssetLoaderServi - Loading from file system: jar:file:/C:/Users/lucaa/.m2/repository/com/github/almasb/fxgl/17.3/fxgl-17.3.jar!/fxglassets/ui/fonts/TerminalLandMono-Regular.otf
16:01:50.490 [FXGL Background Thread 4 ] DEBUG FXGLAssetLoaderServi - Loading from file system: jar:file:/C:/Users/lucaa/.m2/repository/com/github/almasb/fxgl/17.3/fxgl-17.3.jar!/fxglassets/ui/fonts/Courier-Prime.ttf
16:01:50.503 [JavaFX Application Thread] DEBUG FXGLAssetLoaderServi - Loading from file system: jar:file:/C:/Users/lucaa/.m2/repository/com/github/almasb/fxgl/17.3/fxgl-17.3.jar!/fxglassets/textures/fxgl_default_cursor.png
16:01:50.519 [JavaFX Application Thread] DEBUG Input                - Registered new binding: Screenshot - CTRL+8
16:01:50.520 [JavaFX Application Thread] DEBUG Input                - Registered new binding: System info dump - CTRL+9
16:01:50.521 [JavaFX Application Thread] DEBUG Input                - Registered new binding: Restart - CTRL+R
16:01:50.522 [JavaFX Application Thread] DEBUG Input                - Registered new binding: Toggle Debug Camera - CTRL+7
16:01:50.526 [JavaFX Application Thread] DEBUG LoopRunner           - Starting loop
16:01:50.526 [JavaFX Application Thread] DEBUG LoopRunner           - Initializing JavaFX AnimationTimerLoop
16:01:50.539 [JavaFX Application Thread] DEBUG Input                - Clearing active input actions
16:01:50.553 [JavaFX Application Thread] DEBUG GameApplicationServi - Removing overlay from FXGLStartupScene and adding to FXGLMainMenuDummyScene
16:01:50.553 [JavaFX Application Thread] DEBUG PrimaryStageWindow   - FXGLStartupScene -> FXGLMainMenuDummyScene
16:01:50.554 [JavaFX Application Thread] DEBUG PrimaryStageWindow   - Push state: CustomMainMenu
16:01:50.560 [JavaFX Application Thread] DEBUG Input                - Clearing active input actions
16:01:50.571 [JavaFX Application Thread] DEBUG GameApplicationServi - Removing overlay from FXGLMainMenuDummyScene and adding to CustomMainMenu
16:01:50.572 [JavaFX Application Thread] DEBUG PrimaryStageWindow   - FXGLMainMenuDummyScene -> CustomMainMenu
16:01:50.572 [JavaFX Application Thread] DEBUG FXGLApplication      - Registering font factories with UI factory
16:01:51.078 [FXGL Background Thread 2 ] INFO  UpdaterService       - Your current version:  17.3
16:01:51.078 [FXGL Background Thread 2 ] INFO  UpdaterService       - Latest stable version: 25
16:01:53.428 [FXGL Background Thread 3 ] DEBUG Engine               - Logging environment variables
16:01:53.430 [FXGL Background Thread 3 ] DEBUG Engine               - achievements: []
16:01:53.431 [FXGL Background Thread 3 ] DEBUG Engine               - actualHeight: 864.0
16:01:53.431 [FXGL Background Thread 3 ] DEBUG Engine               - actualHeightProperty: ReadOnlyDoubleProperty [value: 864.0]
16:01:53.431 [FXGL Background Thread 3 ] DEBUG Engine               - actualWidth: 1536.0
16:01:53.432 [FXGL Background Thread 3 ] DEBUG Engine               - actualWidthProperty: ReadOnlyDoubleProperty [value: 1536.0]
16:01:53.432 [FXGL Background Thread 3 ] DEBUG Engine               - appIcon: fxgl_icon.png
16:01:53.432 [FXGL Background Thread 3 ] DEBUG Engine               - applicationMode: DEVELOPER
16:01:53.432 [FXGL Background Thread 3 ] DEBUG Engine               - cSSList: [fxgl_dark.css]
16:01:53.433 [FXGL Background Thread 3 ] DEBUG Engine               - collisionDetectionStrategy: BRUTE_FORCE
16:01:53.433 [FXGL Background Thread 3 ] DEBUG Engine               - configClass: Optional.empty
16:01:53.434 [FXGL Background Thread 3 ] DEBUG Engine               - credits: []
16:01:53.442 [FXGL Background Thread 3 ] DEBUG Engine               - defaultCursor: CursorInfo(imageName=fxgl_default_cursor.png, hotspotX=7.0, hotspotY=6.0)
16:01:53.443 [FXGL Background Thread 3 ] DEBUG Engine               - devBBoxColorProperty: ObjectProperty [value: 0xff0000ff]
16:01:53.443 [FXGL Background Thread 3 ] DEBUG Engine               - devEnableDebugCameraProperty: BooleanProperty [value: false]
16:01:53.444 [FXGL Background Thread 3 ] DEBUG Engine               - devSensorColorProperty: ObjectProperty [value: 0xffff00ff]
16:01:53.445 [FXGL Background Thread 3 ] DEBUG Engine               - devShowBBoxProperty: BooleanProperty [value: false]
16:01:53.445 [FXGL Background Thread 3 ] DEBUG Engine               - devShowPositionProperty: BooleanProperty [value: false]
16:01:53.445 [FXGL Background Thread 3 ] DEBUG Engine               - enabledMenuItems: []
16:01:53.446 [FXGL Background Thread 3 ] DEBUG Engine               - engineServices: [class com.almasb.fxgl.app.services.FXGLAssetLoaderService, class com.almasb.fxgl.app.FXGLApplication$GameApplicationService, class com.almasb.fxgl.app.services.FXGLDialogService, class com.almasb.fxgl.app.services.IOTaskExecutorService, class com.almasb.fxgl.io.FileSystemService, class com.almasb.fxgl.localization.LocalizationService, class com.almasb.fxgl.app.services.SystemBundleService, class com.almasb.fxgl.profile.SaveLoadService, class com.almasb.fxgl.ui.FXGLUIFactoryServiceProvider, class com.almasb.fxgl.ui.FXGLDialogFactoryServiceProvider, class com.almasb.fxgl.audio.AudioPlayer, class com.almasb.fxgl.notification.impl.NotificationServiceProvider, class com.almasb.fxgl.achievement.AchievementService, class com.almasb.fxgl.cutscene.CutsceneService, class com.almasb.fxgl.minigames.MiniGameService, class com.almasb.fxgl.net.NetService, class com.almasb.fxgl.app.services.UpdaterService, class com.almasb.fxgl.dev.DevService]
16:01:53.446 [FXGL Background Thread 3 ] DEBUG Engine               - fontGame: Abel-Regular.ttf
16:01:53.446 [FXGL Background Thread 3 ] DEBUG Engine               - fontMono: TerminalLandMono-Regular.otf
16:01:53.446 [FXGL Background Thread 3 ] DEBUG Engine               - fontSizeScaleUI: 1.0
16:01:53.446 [FXGL Background Thread 3 ] DEBUG Engine               - fontText: Courier-Prime.ttf
16:01:53.446 [FXGL Background Thread 3 ] DEBUG Engine               - fontUI: VarelaRound-Regular.ttf
16:01:53.446 [FXGL Background Thread 3 ] DEBUG Engine               - fullScreen: BooleanProperty [value: true]
16:01:53.446 [FXGL Background Thread 3 ] DEBUG Engine               - gameDifficulty: MEDIUM
16:01:53.446 [FXGL Background Thread 3 ] DEBUG Engine               - gameDifficultyProperty: ObjectProperty [value: MEDIUM]
16:01:53.448 [FXGL Background Thread 3 ] DEBUG Engine               - globalMusicVolume: 0.5
16:01:53.448 [FXGL Background Thread 3 ] DEBUG Engine               - globalMusicVolumeProperty: DoubleProperty [value: 0.5]
16:01:53.448 [FXGL Background Thread 3 ] DEBUG Engine               - globalSoundVolume: 0.5
16:01:53.448 [FXGL Background Thread 3 ] DEBUG Engine               - globalSoundVolumeProperty: DoubleProperty [value: 0.5]
16:01:53.448 [FXGL Background Thread 3 ] DEBUG Engine               - height: 640
16:01:53.449 [FXGL Background Thread 3 ] DEBUG Engine               - is3D: false
16:01:53.449 [FXGL Background Thread 3 ] DEBUG Engine               - isAndroid: false
16:01:53.450 [FXGL Background Thread 3 ] DEBUG Engine               - isBrowser: false
16:01:53.450 [FXGL Background Thread 3 ] DEBUG Engine               - isClickFeedbackEnabled: false
16:01:53.450 [FXGL Background Thread 3 ] DEBUG Engine               - isCloseConfirmation: false
16:01:53.450 [FXGL Background Thread 3 ] DEBUG Engine               - isDesktop: true
16:01:53.450 [FXGL Background Thread 3 ] DEBUG Engine               - isDeveloperMenuEnabled: false
16:01:53.450 [FXGL Background Thread 3 ] DEBUG Engine               - isEmbedded: false
16:01:53.451 [FXGL Background Thread 3 ] DEBUG Engine               - isEntityPreloadEnabled: true
16:01:53.451 [FXGL Background Thread 3 ] DEBUG Engine               - isExperimentalTiledLargeMap: false
16:01:53.451 [FXGL Background Thread 3 ] DEBUG Engine               - isFileSystemWriteAllowed: true
16:01:53.451 [FXGL Background Thread 3 ] DEBUG Engine               - isFullScreenAllowed: true
16:01:53.451 [FXGL Background Thread 3 ] DEBUG Engine               - isFullScreenFromStart: true
16:01:53.452 [FXGL Background Thread 3 ] DEBUG Engine               - isGameMenuEnabled: true
16:01:53.452 [FXGL Background Thread 3 ] DEBUG Engine               - isIOS: false
16:01:53.453 [FXGL Background Thread 3 ] DEBUG Engine               - isIntroEnabled: false
16:01:53.453 [FXGL Background Thread 3 ] DEBUG Engine               - isLinux: false
16:01:53.455 [FXGL Background Thread 3 ] DEBUG Engine               - isMac: false
16:01:53.455 [FXGL Background Thread 3 ] DEBUG Engine               - isMainMenuEnabled: true
16:01:53.455 [FXGL Background Thread 3 ] DEBUG Engine               - isManualResizeEnabled: false
16:01:53.455 [FXGL Background Thread 3 ] DEBUG Engine               - isMobile: false
16:01:53.456 [FXGL Background Thread 3 ] DEBUG Engine               - isNative: false
16:01:53.456 [FXGL Background Thread 3 ] DEBUG Engine               - isPauseMusicWhenMinimized: true
16:01:53.457 [FXGL Background Thread 3 ] DEBUG Engine               - isPreserveResizeRatio: true
16:01:53.457 [FXGL Background Thread 3 ] DEBUG Engine               - isProfilingEnabled: false
16:01:53.457 [FXGL Background Thread 3 ] DEBUG Engine               - isScaleAffectedOnResize: true
16:01:53.457 [FXGL Background Thread 3 ] DEBUG Engine               - isSingleStep: false
16:01:53.458 [FXGL Background Thread 3 ] DEBUG Engine               - isUserProfileEnabled: false
16:01:53.458 [FXGL Background Thread 3 ] DEBUG Engine               - isWindows: true
16:01:53.459 [FXGL Background Thread 3 ] DEBUG Engine               - language: ObjectProperty [value: ENGLISH]
16:01:53.459 [FXGL Background Thread 3 ] DEBUG Engine               - menuKey: ESCAPE
16:01:53.460 [FXGL Background Thread 3 ] DEBUG Engine               - mouseSensitivity: 0.2
16:01:53.460 [FXGL Background Thread 3 ] DEBUG Engine               - notificationViewClass: class com.almasb.fxgl.notification.view.XboxNotificationView
16:01:53.460 [FXGL Background Thread 3 ] DEBUG Engine               - pixelsPerMeter: 50.0
16:01:53.461 [FXGL Background Thread 3 ] DEBUG Engine               - platform: WINDOWS
16:01:53.461 [FXGL Background Thread 3 ] DEBUG Engine               - prefHeightProperty: ReadOnlyDoubleProperty [value: 640.0]
16:01:53.461 [FXGL Background Thread 3 ] DEBUG Engine               - prefWidthProperty: ReadOnlyDoubleProperty [value: 1200.0]
16:01:53.461 [FXGL Background Thread 3 ] DEBUG Engine               - profileDir: profiles/
16:01:53.463 [FXGL Background Thread 3 ] DEBUG Engine               - profileName: StringProperty [value: DEFAULT]
16:01:53.463 [FXGL Background Thread 3 ] DEBUG Engine               - randomSeed: -1
16:01:53.464 [FXGL Background Thread 3 ] DEBUG Engine               - runtimeInfo: RuntimeInfo(platform=WINDOWS, version=17.3, build=30.03.2023 11.49)
16:01:53.464 [FXGL Background Thread 3 ] DEBUG Engine               - saveFileExt: sav
16:01:53.464 [FXGL Background Thread 3 ] DEBUG Engine               - scaledHeightProp$fxgl: DoubleProperty [bound, value: 864.0]
16:01:53.465 [FXGL Background Thread 3 ] DEBUG Engine               - scaledWidthProp$fxgl: DoubleProperty [bound, value: 1536.0]
16:01:53.465 [FXGL Background Thread 3 ] DEBUG Engine               - sceneFactory: at.htl.teachertowerdefense.CustomSceneFactory@113211
16:01:53.465 [FXGL Background Thread 3 ] DEBUG Engine               - secondsIn24h: 60
16:01:53.465 [FXGL Background Thread 3 ] DEBUG Engine               - soundMenuBack: menu/back.wav
16:01:53.465 [FXGL Background Thread 3 ] DEBUG Engine               - soundMenuPress: menu/press.wav
16:01:53.465 [FXGL Background Thread 3 ] DEBUG Engine               - soundMenuSelect: menu/select.wav
16:01:53.466 [FXGL Background Thread 3 ] DEBUG Engine               - soundNotification: core/notification.wav
16:01:53.466 [FXGL Background Thread 3 ] DEBUG Engine               - stageStyle: DECORATED
16:01:53.467 [FXGL Background Thread 3 ] DEBUG Engine               - supportedLanguages: [ENGLISH, FRENCH, GERMAN, HUNGARIAN, RUSSIAN]
16:01:53.467 [FXGL Background Thread 3 ] DEBUG Engine               - ticksPerSecond: -1
16:01:53.467 [FXGL Background Thread 3 ] DEBUG Engine               - title: Teacher Tower Defense
16:01:53.467 [FXGL Background Thread 3 ] DEBUG Engine               - urlGithub: https://github.com/AlmasB/FXGL
16:01:53.467 [FXGL Background Thread 3 ] DEBUG Engine               - urlLeaderboard: http://fxgl-top.herokuapp.com/
16:01:53.467 [FXGL Background Thread 3 ] DEBUG Engine               - urlPOM: https://raw.githubusercontent.com/AlmasB/FXGL/release/README.md
16:01:53.468 [FXGL Background Thread 3 ] DEBUG Engine               - userAppClass: class at.htl.teachertowerdefense.TeacherTowerDefenseApp
16:01:53.468 [FXGL Background Thread 3 ] DEBUG Engine               - version: 0.1
16:01:53.468 [FXGL Background Thread 3 ] DEBUG Engine               - versionCheckDays: 7
16:01:53.468 [FXGL Background Thread 3 ] DEBUG Engine               - width: 1200
16:01:53.469 [FXGL Background Thread 3 ] DEBUG Engine               - Logging services
16:01:53.470 [FXGL Background Thread 3 ] DEBUG Engine               - class com.almasb.fxgl.app.services.FXGLAssetLoaderService
16:01:53.470 [FXGL Background Thread 3 ] DEBUG Engine               - class com.almasb.fxgl.app.FXGLApplication$GameApplicationService
16:01:53.470 [FXGL Background Thread 3 ] DEBUG Engine               - class com.almasb.fxgl.app.services.FXGLDialogService
16:01:53.470 [FXGL Background Thread 3 ] DEBUG Engine               - class com.almasb.fxgl.app.services.IOTaskExecutorService
16:01:53.470 [FXGL Background Thread 3 ] DEBUG Engine               - class com.almasb.fxgl.io.FileSystemService
16:01:53.470 [FXGL Background Thread 3 ] DEBUG Engine               - class com.almasb.fxgl.localization.LocalizationService
16:01:53.470 [FXGL Background Thread 3 ] DEBUG Engine               - class com.almasb.fxgl.app.services.SystemBundleService
16:01:53.470 [FXGL Background Thread 3 ] DEBUG Engine               - class com.almasb.fxgl.profile.SaveLoadService
16:01:53.470 [FXGL Background Thread 3 ] DEBUG Engine               - class com.almasb.fxgl.ui.FXGLUIFactoryServiceProvider
16:01:53.470 [FXGL Background Thread 3 ] DEBUG Engine               - class com.almasb.fxgl.ui.FXGLDialogFactoryServiceProvider
16:01:53.471 [FXGL Background Thread 3 ] DEBUG Engine               - class com.almasb.fxgl.audio.AudioPlayer
16:01:53.471 [FXGL Background Thread 3 ] DEBUG Engine               - class com.almasb.fxgl.notification.impl.NotificationServiceProvider
16:01:53.471 [FXGL Background Thread 3 ] DEBUG Engine               - class com.almasb.fxgl.achievement.AchievementService
16:01:53.471 [FXGL Background Thread 3 ] DEBUG Engine               - class com.almasb.fxgl.cutscene.CutsceneService
16:01:53.471 [FXGL Background Thread 3 ] DEBUG Engine               - class com.almasb.fxgl.minigames.MiniGameService
16:01:53.471 [FXGL Background Thread 3 ] DEBUG Engine               - class com.almasb.fxgl.net.NetService
16:01:53.471 [FXGL Background Thread 3 ] DEBUG Engine               - class com.almasb.fxgl.app.services.UpdaterService
16:01:53.471 [FXGL Background Thread 3 ] DEBUG Engine               - class com.almasb.fxgl.dev.DevService
16:01:55.814 [JavaFX Application Thread] DEBUG Menu                 - fireNewGame()
16:01:55.814 [JavaFX Application Thread] DEBUG GameApplicationServi - Starting new game
16:01:55.814 [JavaFX Application Thread] DEBUG PrimaryStageWindow   - Pop state: CustomMainMenu
16:01:55.814 [JavaFX Application Thread] DEBUG Input                - Clearing active input actions
16:01:55.815 [JavaFX Application Thread] DEBUG GameApplicationServi - Removing overlay from CustomMainMenu and adding to FXGLMainMenuDummyScene
16:01:55.815 [JavaFX Application Thread] DEBUG PrimaryStageWindow   - FXGLMainMenuDummyScene <- CustomMainMenu
16:01:55.815 [JavaFX Application Thread] DEBUG Input                - Clearing active input actions
16:01:55.823 [JavaFX Application Thread] DEBUG GameApplicationServi - Removing overlay from FXGLMainMenuDummyScene and adding to FXGLLoadingScene
16:01:55.823 [JavaFX Application Thread] DEBUG PrimaryStageWindow   - FXGLMainMenuDummyScene -> FXGLLoadingScene
16:01:55.823 [JavaFX Application Thread] DEBUG GameApplicationServi - Clearing previous game
16:01:55.823 [JavaFX Application Thread] DEBUG GameScene            - Clearing game scene
16:01:55.823 [JavaFX Application Thread] DEBUG GameWorld            - Clearing game world
16:01:55.823 [JavaFX Application Thread] DEBUG PhysicsWorld         - Clearing physics world
16:01:55.826 [FXGL Background Thread 2 ] DEBUG FXGLApplication      - Initializing game
16:01:55.919 [FXGL Background Thread 2 ] WARN  TMXLevelLoader       - TiledMap generated from 1.11.2. Supported version: 1.9.0. Some features may not be parsed fully.
16:01:55.942 [FXGL Background Thread 2 ] DEBUG TMXLevelLoader       - Parsed TiledMap: file:/C:/Users/lucaa/OneDrive%20-%20HTL%20Saalfelden/POS/Workspace/IntelliJ/FXGL/TeacherTowerDefense/target/classes/assets/levels/Map1.tmx
16:01:55.943 [FXGL Background Thread 2 ] DEBUG TMXLevelLoader       - Creating tile layer entities
16:01:55.945 [FXGL Background Thread 2 ] DEBUG TilesetLoader        - Loading view for layer Kachelebene 0
16:01:55.947 [FXGL Background Thread 2 ] DEBUG TilesetLoader        - Created buffer with size 960.0x640.0
16:01:55.988 [FXGL Background Thread 2 ] DEBUG TilesetLoader        - Loading view for layer Kachelebene 1
16:01:55.988 [FXGL Background Thread 2 ] DEBUG TilesetLoader        - Created buffer with size 960.0x640.0
16:01:55.992 [FXGL Background Thread 2 ] DEBUG TilesetLoader        - Loading view for layer Kachelebene 2
16:01:55.993 [FXGL Background Thread 2 ] DEBUG TilesetLoader        - Created buffer with size 960.0x640.0
16:01:56.002 [FXGL Background Thread 2 ] DEBUG TilesetLoader        - Loading view for layer Kachelebene 4
16:01:56.003 [FXGL Background Thread 2 ] DEBUG TilesetLoader        - Created buffer with size 960.0x640.0
16:01:56.003 [FXGL Background Thread 2 ] DEBUG TMXLevelLoader       - Creating object layer entities
16:01:56.029 [FXGL Background Thread 2 ] DEBUG GameWorld            - Clearing removable entities
16:01:56.029 [FXGL Background Thread 2 ] DEBUG GameWorld            - Setting level: com.almasb.fxgl.entity.level.Level@26a61389
16:01:56.070 [FXGL Background Thread 2 ] DEBUG FXGLAssetLoaderServi - Loading from file system: file:/C:/Users/lucaa/OneDrive%20-%20HTL%20Saalfelden/POS/Workspace/IntelliJ/FXGL/TeacherTowerDefense/target/classes/assets/textures/Groebl.png
16:01:56.075 [FXGL Background Thread 2 ] DEBUG FXGLAssetLoaderServi - Loading from file system: file:/C:/Users/lucaa/OneDrive%20-%20HTL%20Saalfelden/POS/Workspace/IntelliJ/FXGL/TeacherTowerDefense/target/classes/assets/textures/Feichtner.png
16:01:56.080 [FXGL Background Thread 2 ] DEBUG FXGLAssetLoaderServi - Loading from file system: file:/C:/Users/lucaa/OneDrive%20-%20HTL%20Saalfelden/POS/Workspace/IntelliJ/FXGL/TeacherTowerDefense/target/classes/assets/textures/Winkler.png
16:01:56.084 [FXGL Background Thread 2 ] DEBUG FXGLAssetLoaderServi - Loading from file system: file:/C:/Users/lucaa/OneDrive%20-%20HTL%20Saalfelden/POS/Workspace/IntelliJ/FXGL/TeacherTowerDefense/target/classes/assets/textures/Aigner.png
16:01:56.096 [FXGL Background Thread 2 ] WARN  FXGLAssetLoaderServi - Asset "/assets/textures/Gassner.png" was not found!
16:01:56.096 [FXGL Background Thread 2 ] WARN  FXGLAssetLoaderServi - Failed to load IMAGE
16:01:56.127 [FXGL Background Thread 2 ] INFO  FXGLApplication      - Game initialization took: 0,302 sec
16:01:56.129 [JavaFX Application Thread] DEBUG Input                - Clearing active input actions
16:01:56.138 [JavaFX Application Thread] DEBUG GameApplicationServi - Removing overlay from FXGLLoadingScene and adding to GameScene
16:01:56.139 [JavaFX Application Thread] DEBUG PrimaryStageWindow   - FXGLLoadingScene -> GameScene
16:02:02.049 [JavaFX Application Thread] DEBUG FXGLAssetLoaderServi - Loading from file system: file:/C:/Users/lucaa/OneDrive%20-%20HTL%20Saalfelden/POS/Workspace/IntelliJ/FXGL/TeacherTowerDefense/target/classes/assets/textures/Groebl_2.png
16:02:05.534 [JavaFX Application Thread] DEBUG FXGLAssetLoaderServi - Loading from file system: file:/C:/Users/lucaa/OneDrive%20-%20HTL%20Saalfelden/POS/Workspace/IntelliJ/FXGL/TeacherTowerDefense/target/classes/assets/textures/Jonathan.png
16:02:07.587 [JavaFX Application Thread] DEBUG FXGLAssetLoaderServi - Loading from file system: file:/C:/Users/lucaa/OneDrive%20-%20HTL%20Saalfelden/POS/Workspace/IntelliJ/FXGL/TeacherTowerDefense/target/classes/assets/textures/projektil_golfball.png
16:02:16.917 [JavaFX Application Thread] WARN  FXGLAssetLoaderServi - Asset "/assets/textures/Gassner.png" was not found!
16:02:16.917 [JavaFX Application Thread] WARN  FXGLAssetLoaderServi - Failed to load IMAGE
16:02:23.469 [JavaFX Application Thread] DEBUG FXGLAssetLoaderServi - Loading from file system: file:/C:/Users/lucaa/OneDrive%20-%20HTL%20Saalfelden/POS/Workspace/IntelliJ/FXGL/TeacherTowerDefense/target/classes/assets/textures/Gutmann.png
16:02:43.653 [JavaFX Application Thread] DEBUG FXGLAssetLoaderServi - Loading from file system: file:/C:/Users/lucaa/OneDrive%20-%20HTL%20Saalfelden/POS/Workspace/IntelliJ/FXGL/TeacherTowerDefense/target/classes/assets/textures/Wojciech.png
16:02:46.363 [JavaFX Application Thread] DEBUG PrimaryStageWindow   - Push state: CustomGameMenu
16:02:46.364 [JavaFX Application Thread] DEBUG Input                - Clearing active input actions
16:02:46.365 [JavaFX Application Thread] DEBUG GameApplicationServi - Removing overlay from GameScene and adding to CustomGameMenu
16:02:46.365 [JavaFX Application Thread] DEBUG PrimaryStageWindow   - GameScene -> CustomGameMenu
16:02:46.972 [JavaFX Application Thread] DEBUG Menu                 - fireExit()
16:02:46.991 [JavaFX Application Thread] DEBUG PrimaryStageWindow   - Push state: DialogSubScene
16:02:46.991 [JavaFX Application Thread] DEBUG Input                - Clearing active input actions
16:02:46.995 [JavaFX Application Thread] DEBUG GameApplicationServi - Removing overlay from CustomGameMenu and adding to DialogSubScene
16:02:46.996 [JavaFX Application Thread] DEBUG PrimaryStageWindow   - CustomGameMenu -> DialogSubScene
16:02:47.748 [JavaFX Application Thread] DEBUG PrimaryStageWindow   - Pop state: DialogSubScene
16:02:47.748 [JavaFX Application Thread] DEBUG Input                - Clearing active input actions
16:02:47.749 [JavaFX Application Thread] DEBUG GameApplicationServi - Removing overlay from DialogSubScene and adding to CustomGameMenu
16:02:47.749 [JavaFX Application Thread] DEBUG PrimaryStageWindow   - CustomGameMenu <- DialogSubScene
16:02:48.250 [JavaFX Application Thread] DEBUG Menu                 - fireExitToMainMenu()
16:02:48.252 [JavaFX Application Thread] DEBUG PrimaryStageWindow   - Push state: DialogSubScene
16:02:48.252 [JavaFX Application Thread] DEBUG Input                - Clearing active input actions
16:02:48.252 [JavaFX Application Thread] DEBUG GameApplicationServi - Removing overlay from CustomGameMenu and adding to DialogSubScene
16:02:48.252 [JavaFX Application Thread] DEBUG PrimaryStageWindow   - CustomGameMenu -> DialogSubScene
16:02:48.645 [JavaFX Application Thread] DEBUG PrimaryStageWindow   - Pop state: DialogSubScene
16:02:48.646 [JavaFX Application Thread] DEBUG Input                - Clearing active input actions
16:02:48.646 [JavaFX Application Thread] DEBUG GameApplicationServi - Removing overlay from DialogSubScene and adding to CustomGameMenu
16:02:48.646 [JavaFX Application Thread] DEBUG PrimaryStageWindow   - CustomGameMenu <- DialogSubScene
16:02:48.646 [JavaFX Application Thread] DEBUG PrimaryStageWindow   - Pop state: CustomGameMenu
16:02:48.646 [JavaFX Application Thread] DEBUG Input                - Clearing active input actions
16:02:48.646 [JavaFX Application Thread] DEBUG GameApplicationServi - Removing overlay from CustomGameMenu and adding to GameScene
16:02:48.646 [JavaFX Application Thread] DEBUG PrimaryStageWindow   - GameScene <- CustomGameMenu
16:02:48.646 [JavaFX Application Thread] DEBUG Input                - Clearing active input actions
16:02:48.650 [JavaFX Application Thread] DEBUG GameApplicationServi - Removing overlay from GameScene and adding to FXGLMainMenuDummyScene
16:02:48.650 [JavaFX Application Thread] DEBUG PrimaryStageWindow   - GameScene -> FXGLMainMenuDummyScene
16:02:48.651 [JavaFX Application Thread] DEBUG PrimaryStageWindow   - Push state: CustomMainMenu
16:02:48.654 [JavaFX Application Thread] DEBUG Input                - Clearing active input actions
16:02:48.655 [JavaFX Application Thread] DEBUG GameApplicationServi - Removing overlay from FXGLMainMenuDummyScene and adding to CustomMainMenu
16:02:48.655 [JavaFX Application Thread] DEBUG PrimaryStageWindow   - FXGLMainMenuDummyScene -> CustomMainMenu
16:02:49.824 [JavaFX Application Thread] DEBUG Menu                 - fireNewGame()
16:02:49.824 [JavaFX Application Thread] DEBUG GameApplicationServi - Starting new game
16:02:49.825 [JavaFX Application Thread] DEBUG PrimaryStageWindow   - Pop state: CustomMainMenu
16:02:49.825 [JavaFX Application Thread] DEBUG Input                - Clearing active input actions
16:02:49.825 [JavaFX Application Thread] DEBUG GameApplicationServi - Removing overlay from CustomMainMenu and adding to FXGLMainMenuDummyScene
16:02:49.825 [JavaFX Application Thread] DEBUG PrimaryStageWindow   - FXGLMainMenuDummyScene <- CustomMainMenu
16:02:49.825 [JavaFX Application Thread] DEBUG Input                - Clearing active input actions
16:02:49.829 [JavaFX Application Thread] DEBUG GameApplicationServi - Removing overlay from FXGLMainMenuDummyScene and adding to FXGLLoadingScene
16:02:49.829 [JavaFX Application Thread] DEBUG PrimaryStageWindow   - FXGLMainMenuDummyScene -> FXGLLoadingScene
16:02:49.829 [JavaFX Application Thread] DEBUG GameApplicationServi - Clearing previous game
16:02:49.829 [JavaFX Application Thread] DEBUG GameScene            - Clearing game scene
16:02:49.829 [JavaFX Application Thread] DEBUG GameWorld            - Clearing game world
16:02:49.831 [JavaFX Application Thread] DEBUG PhysicsWorld         - Clearing physics world
16:02:49.832 [FXGL Background Thread 2 ] DEBUG FXGLApplication      - Initializing game
16:02:49.838 [FXGL Background Thread 2 ] WARN  TMXLevelLoader       - TiledMap generated from 1.11.2. Supported version: 1.9.0. Some features may not be parsed fully.
16:02:49.856 [FXGL Background Thread 2 ] DEBUG TMXLevelLoader       - Parsed TiledMap: file:/C:/Users/lucaa/OneDrive%20-%20HTL%20Saalfelden/POS/Workspace/IntelliJ/FXGL/TeacherTowerDefense/target/classes/assets/levels/City.tmx
16:02:49.856 [FXGL Background Thread 2 ] DEBUG TMXLevelLoader       - Creating tile layer entities
16:02:49.857 [FXGL Background Thread 2 ] DEBUG TilesetLoader        - Loading view for layer Kachelebene 1
16:02:49.860 [FXGL Background Thread 2 ] DEBUG TilesetLoader        - Created buffer with size 960.0x640.0
16:02:49.881 [FXGL Background Thread 2 ] DEBUG TilesetLoader        - Loading view for layer Kachelebene 2
16:02:49.882 [FXGL Background Thread 2 ] DEBUG TilesetLoader        - Created buffer with size 960.0x640.0
16:02:49.885 [FXGL Background Thread 2 ] DEBUG TilesetLoader        - Loading view for layer Kachelebene 3
16:02:49.885 [FXGL Background Thread 2 ] DEBUG TilesetLoader        - Created buffer with size 960.0x640.0
16:02:49.887 [FXGL Background Thread 2 ] DEBUG TilesetLoader        - Loading view for layer Kachelebene 4
16:02:49.888 [FXGL Background Thread 2 ] DEBUG TilesetLoader        - Created buffer with size 960.0x640.0
16:02:49.889 [FXGL Background Thread 2 ] DEBUG TMXLevelLoader       - Creating object layer entities
16:02:49.901 [FXGL Background Thread 2 ] DEBUG GameWorld            - Clearing removable entities
16:02:49.901 [FXGL Background Thread 2 ] DEBUG GameWorld            - Setting level: com.almasb.fxgl.entity.level.Level@2c7cd76
16:02:49.903 [FXGL Background Thread 2 ] WARN  FXGLAssetLoaderServi - Asset "/assets/textures/Gassner.png" was not found!
16:02:49.903 [FXGL Background Thread 2 ] WARN  FXGLAssetLoaderServi - Failed to load IMAGE
16:02:49.904 [FXGL Background Thread 2 ] INFO  FXGLApplication      - Game initialization took: 0,073 sec
16:02:49.904 [JavaFX Application Thread] DEBUG Input                - Clearing active input actions
16:02:49.908 [JavaFX Application Thread] DEBUG GameApplicationServi - Removing overlay from FXGLLoadingScene and adding to GameScene
16:02:49.908 [JavaFX Application Thread] DEBUG PrimaryStageWindow   - FXGLLoadingScene -> GameScene
16:02:51.111 [JavaFX Application Thread] DEBUG PrimaryStageWindow   - Push state: CustomGameMenu
16:02:51.112 [JavaFX Application Thread] DEBUG Input                - Clearing active input actions
16:02:51.113 [JavaFX Application Thread] DEBUG GameApplicationServi - Removing overlay from GameScene and adding to CustomGameMenu
16:02:51.113 [JavaFX Application Thread] DEBUG PrimaryStageWindow   - GameScene -> CustomGameMenu
16:02:52.824 [JavaFX Application Thread] DEBUG Menu                 - fireExitToMainMenu()
16:02:52.825 [JavaFX Application Thread] DEBUG PrimaryStageWindow   - Push state: DialogSubScene
16:02:52.825 [JavaFX Application Thread] DEBUG Input                - Clearing active input actions
16:02:52.826 [JavaFX Application Thread] DEBUG GameApplicationServi - Removing overlay from CustomGameMenu and adding to DialogSubScene
16:02:52.826 [JavaFX Application Thread] DEBUG PrimaryStageWindow   - CustomGameMenu -> DialogSubScene
16:02:53.291 [JavaFX Application Thread] DEBUG PrimaryStageWindow   - Pop state: DialogSubScene
16:02:53.291 [JavaFX Application Thread] DEBUG Input                - Clearing active input actions
16:02:53.291 [JavaFX Application Thread] DEBUG GameApplicationServi - Removing overlay from DialogSubScene and adding to CustomGameMenu
16:02:53.291 [JavaFX Application Thread] DEBUG PrimaryStageWindow   - CustomGameMenu <- DialogSubScene
16:02:53.291 [JavaFX Application Thread] DEBUG PrimaryStageWindow   - Pop state: CustomGameMenu
16:02:53.291 [JavaFX Application Thread] DEBUG Input                - Clearing active input actions
16:02:53.292 [JavaFX Application Thread] DEBUG GameApplicationServi - Removing overlay from CustomGameMenu and adding to GameScene
16:02:53.292 [JavaFX Application Thread] DEBUG PrimaryStageWindow   - GameScene <- CustomGameMenu
16:02:53.292 [JavaFX Application Thread] DEBUG Input                - Clearing active input actions
16:02:53.295 [JavaFX Application Thread] DEBUG GameApplicationServi - Removing overlay from GameScene and adding to FXGLMainMenuDummyScene
16:02:53.295 [JavaFX Application Thread] DEBUG PrimaryStageWindow   - GameScene -> FXGLMainMenuDummyScene
16:02:53.295 [JavaFX Application Thread] DEBUG PrimaryStageWindow   - Push state: CustomMainMenu
16:02:53.298 [JavaFX Application Thread] DEBUG Input                - Clearing active input actions
16:02:53.299 [JavaFX Application Thread] DEBUG GameApplicationServi - Removing overlay from FXGLMainMenuDummyScene and adding to CustomMainMenu
16:02:53.299 [JavaFX Application Thread] DEBUG PrimaryStageWindow   - FXGLMainMenuDummyScene -> CustomMainMenu
16:02:55.614 [JavaFX Application Thread] DEBUG Menu                 - fireNewGame()
16:02:55.615 [JavaFX Application Thread] DEBUG GameApplicationServi - Starting new game
16:02:55.615 [JavaFX Application Thread] DEBUG PrimaryStageWindow   - Pop state: CustomMainMenu
16:02:55.615 [JavaFX Application Thread] DEBUG Input                - Clearing active input actions
16:02:55.615 [JavaFX Application Thread] DEBUG GameApplicationServi - Removing overlay from CustomMainMenu and adding to FXGLMainMenuDummyScene
16:02:55.615 [JavaFX Application Thread] DEBUG PrimaryStageWindow   - FXGLMainMenuDummyScene <- CustomMainMenu
16:02:55.615 [JavaFX Application Thread] DEBUG Input                - Clearing active input actions
16:02:55.618 [JavaFX Application Thread] DEBUG GameApplicationServi - Removing overlay from FXGLMainMenuDummyScene and adding to FXGLLoadingScene
16:02:55.618 [JavaFX Application Thread] DEBUG PrimaryStageWindow   - FXGLMainMenuDummyScene -> FXGLLoadingScene
16:02:55.618 [JavaFX Application Thread] DEBUG GameApplicationServi - Clearing previous game
16:02:55.618 [JavaFX Application Thread] DEBUG GameScene            - Clearing game scene
16:02:55.618 [JavaFX Application Thread] DEBUG GameWorld            - Clearing game world
16:02:55.620 [JavaFX Application Thread] DEBUG PhysicsWorld         - Clearing physics world
16:02:55.621 [FXGL Background Thread 2 ] DEBUG FXGLApplication      - Initializing game
16:02:55.626 [FXGL Background Thread 2 ] WARN  TMXLevelLoader       - TiledMap generated from 1.11.2. Supported version: 1.9.0. Some features may not be parsed fully.
16:02:55.639 [FXGL Background Thread 2 ] DEBUG TMXLevelLoader       - Parsed TiledMap: file:/C:/Users/lucaa/OneDrive%20-%20HTL%20Saalfelden/POS/Workspace/IntelliJ/FXGL/TeacherTowerDefense/target/classes/assets/levels/City.tmx
16:02:55.640 [FXGL Background Thread 2 ] DEBUG TMXLevelLoader       - Creating tile layer entities
16:02:55.640 [FXGL Background Thread 2 ] DEBUG TilesetLoader        - Loading view for layer Kachelebene 1
16:02:55.640 [FXGL Background Thread 2 ] DEBUG TilesetLoader        - Created buffer with size 960.0x640.0
16:02:55.651 [FXGL Background Thread 2 ] DEBUG TilesetLoader        - Loading view for layer Kachelebene 2
16:02:55.653 [FXGL Background Thread 2 ] DEBUG TilesetLoader        - Created buffer with size 960.0x640.0
16:02:55.656 [FXGL Background Thread 2 ] DEBUG TilesetLoader        - Loading view for layer Kachelebene 3
16:02:55.658 [FXGL Background Thread 2 ] DEBUG TilesetLoader        - Created buffer with size 960.0x640.0
16:02:55.659 [FXGL Background Thread 2 ] DEBUG TilesetLoader        - Loading view for layer Kachelebene 4
16:02:55.660 [FXGL Background Thread 2 ] DEBUG TilesetLoader        - Created buffer with size 960.0x640.0
16:02:55.660 [FXGL Background Thread 2 ] DEBUG TMXLevelLoader       - Creating object layer entities
16:02:55.672 [FXGL Background Thread 2 ] DEBUG GameWorld            - Clearing removable entities
16:02:55.672 [FXGL Background Thread 2 ] DEBUG GameWorld            - Setting level: com.almasb.fxgl.entity.level.Level@7c2f6a21
16:02:55.673 [FXGL Background Thread 2 ] WARN  FXGLAssetLoaderServi - Asset "/assets/textures/Gassner.png" was not found!
16:02:55.673 [FXGL Background Thread 2 ] WARN  FXGLAssetLoaderServi - Failed to load IMAGE
16:02:55.675 [FXGL Background Thread 2 ] INFO  FXGLApplication      - Game initialization took: 0,054 sec
16:02:55.676 [JavaFX Application Thread] DEBUG Input                - Clearing active input actions
16:02:55.679 [JavaFX Application Thread] DEBUG GameApplicationServi - Removing overlay from FXGLLoadingScene and adding to GameScene
16:02:55.680 [JavaFX Application Thread] DEBUG PrimaryStageWindow   - FXGLLoadingScene -> GameScene
16:03:23.715 [JavaFX Application Thread] DEBUG PrimaryStageWindow   - Push state: CustomGameMenu
16:03:23.715 [JavaFX Application Thread] DEBUG Input                - Clearing active input actions
16:03:23.718 [JavaFX Application Thread] DEBUG GameApplicationServi - Removing overlay from GameScene and adding to CustomGameMenu
16:03:23.718 [JavaFX Application Thread] DEBUG PrimaryStageWindow   - GameScene -> CustomGameMenu
16:03:23.851 [JavaFX Application Thread] DEBUG PrimaryStageWindow   - Pop state: CustomGameMenu
16:03:23.851 [JavaFX Application Thread] DEBUG Input                - Clearing active input actions
16:03:23.852 [JavaFX Application Thread] DEBUG GameApplicationServi - Removing overlay from CustomGameMenu and adding to GameScene
16:03:23.852 [JavaFX Application Thread] DEBUG PrimaryStageWindow   - GameScene <- CustomGameMenu
16:03:24.085 [JavaFX Application Thread] DEBUG PrimaryStageWindow   - Push state: CustomGameMenu
16:03:24.086 [JavaFX Application Thread] DEBUG Input                - Clearing active input actions
16:03:24.087 [JavaFX Application Thread] DEBUG GameApplicationServi - Removing overlay from GameScene and adding to CustomGameMenu
16:03:24.087 [JavaFX Application Thread] DEBUG PrimaryStageWindow   - GameScene -> CustomGameMenu
16:03:25.228 [JavaFX Application Thread] DEBUG Menu                 - fireResume()
16:03:25.229 [JavaFX Application Thread] DEBUG PrimaryStageWindow   - Pop state: CustomGameMenu
16:03:25.229 [JavaFX Application Thread] DEBUG Input                - Clearing active input actions
16:03:25.229 [JavaFX Application Thread] DEBUG GameApplicationServi - Removing overlay from CustomGameMenu and adding to GameScene
16:03:25.229 [JavaFX Application Thread] DEBUG PrimaryStageWindow   - GameScene <- CustomGameMenu
16:03:40.712 [JavaFX Application Thread] DEBUG FXGLAssetLoaderServi - Loading from file system: file:/C:/Users/lucaa/OneDrive%20-%20HTL%20Saalfelden/POS/Workspace/IntelliJ/FXGL/TeacherTowerDefense/target/classes/assets/textures/Maxi.png
16:03:47.986 [JavaFX Application Thread] DEBUG PrimaryStageWindow   - Push state: CustomGameMenu
16:03:47.986 [JavaFX Application Thread] DEBUG Input                - Clearing active input actions
16:03:47.987 [JavaFX Application Thread] DEBUG GameApplicationServi - Removing overlay from GameScene and adding to CustomGameMenu
16:03:47.987 [JavaFX Application Thread] DEBUG PrimaryStageWindow   - GameScene -> CustomGameMenu
16:03:48.692 [JavaFX Application Thread] DEBUG Menu                 - fireExit()
16:03:48.693 [JavaFX Application Thread] DEBUG PrimaryStageWindow   - Push state: DialogSubScene
16:03:48.693 [JavaFX Application Thread] DEBUG Input                - Clearing active input actions
16:03:48.695 [JavaFX Application Thread] DEBUG GameApplicationServi - Removing overlay from CustomGameMenu and adding to DialogSubScene
16:03:48.695 [JavaFX Application Thread] DEBUG PrimaryStageWindow   - CustomGameMenu -> DialogSubScene
16:03:49.089 [JavaFX Application Thread] DEBUG PrimaryStageWindow   - Pop state: DialogSubScene
16:03:49.089 [JavaFX Application Thread] DEBUG Input                - Clearing active input actions
16:03:49.090 [JavaFX Application Thread] DEBUG GameApplicationServi - Removing overlay from DialogSubScene and adding to CustomGameMenu
16:03:49.090 [JavaFX Application Thread] DEBUG PrimaryStageWindow   - CustomGameMenu <- DialogSubScene
16:03:49.090 [JavaFX Application Thread] DEBUG FXGLApplication      - Exiting FXGL
16:03:49.090 [JavaFX Application Thread] DEBUG LoopRunner           - Stopping loop
16:03:49.091 [JavaFX Application Thread] DEBUG SystemBundleService  - Saving FXGL system data
16:03:49.093 [JavaFX Application Thread] DEBUG FileSystemAccess     - Writing to: C:\Users\lucaa\OneDrive - HTL Saalfelden\POS\Workspace\IntelliJ\FXGL\TeacherTowerDefense\system\fxgl.bundle
16:03:49.094 [JavaFX Application Thread] DEBUG Async                - Shutting down background threads
16:03:49.094 [JavaFX Application Thread] DEBUG PrimaryStageWindow   - Closing main window
16:03:49.122 [JavaFX Application Thread] DEBUG Logger               - Closing Logger
