18:35:45.466 [main                     ] DEBUG Logger               - Configured Logger
18:35:45.480 [main                     ] DEBUG GameApplication      - Logging settings
Title: Teacher Tower Defense
Version: 0.1
Width: 1200
Height: 640
Fullscreen: true
Intro: false
Profiling: false
Single step:false
App Mode: DEVELOPER
Menu Key: ESCAPE
Stage Style: DECORATED
Scene Factory: class at.htl.teachertowerdefense.CustomSceneFactory

18:35:46.610 [JavaFX Application Thread] DEBUG FXGLApplication      - Initializing FXGL
18:35:46.617 [JavaFX Application Thread] INFO  Engine               - FXGL-17.3 (30.03.2023 11.49) on WINDOWS (J:25.0.2 FX:21.0.6)
18:35:46.618 [JavaFX Application Thread] DEBUG Engine               - JRE Vendor Name: Oracle Corporation
18:35:46.618 [JavaFX Application Thread] DEBUG Engine               - Running on OS: Windows 11 version 10.0
18:35:46.618 [JavaFX Application Thread] DEBUG Engine               - Architecture: amd64
18:35:46.619 [JavaFX Application Thread] INFO  Engine               - Source code and latest versions at: https://github.com/AlmasB/FXGL
18:35:46.619 [JavaFX Application Thread] INFO  Engine               -       Ask questions and discuss at: https://github.com/AlmasB/FXGL/discussions
18:35:46.619 [JavaFX Application Thread] INFO  Engine               -              Join the FXGL chat at: https://gitter.im/AlmasB/FXGL
18:35:46.856 [JavaFX Application Thread] DEBUG PrimaryStageWindow   - Creating a JavaFX scene
18:35:46.968 [JavaFX Application Thread] DEBUG PrimaryStageWindow   - Target settings size: 1200.0 x 640.0
18:35:46.968 [JavaFX Application Thread] DEBUG PrimaryStageWindow   - Scaled scene size:    1200.0 x 640.0
18:35:46.968 [JavaFX Application Thread] DEBUG PrimaryStageWindow   - Scaled ratio: (1.0, 1.0)
18:35:46.970 [JavaFX Application Thread] DEBUG PrimaryStageWindow   - Set initial scene to FXGLStartupScene
18:35:46.979 [JavaFX Application Thread] DEBUG PrimaryStageWindow   - Opening main window
18:35:47.138 [JavaFX Application Thread] DEBUG PrimaryStageWindow   - Window border size: (14.4000244140625, 37.5999755859375)
18:35:47.138 [JavaFX Application Thread] DEBUG PrimaryStageWindow   - Scaled size: 1200.0 x 640.0
18:35:47.138 [JavaFX Application Thread] DEBUG PrimaryStageWindow   - Scaled ratio: (1.0, 1.0)
18:35:47.139 [JavaFX Application Thread] DEBUG PrimaryStageWindow   - Scene size: 1200.0 x 640.0
18:35:47.139 [JavaFX Application Thread] DEBUG PrimaryStageWindow   - Stage size: 1214.4000244140625 x 677.5999755859375
18:35:47.270 [JavaFX Application Thread] DEBUG PrimaryStageWindow   - Going fullscreen
18:35:47.298 [FXGL Background Thread 1 ] DEBUG Engine               - Initializing environment variables
18:35:47.395 [FXGL Background Thread 1 ] DEBUG FXGLAssetLoaderServi - User app class for loading assets: class at.htl.teachertowerdefense.TeacherTowerDefenseApp
18:35:47.396 [FXGL Background Thread 1 ] DEBUG GameApplicationServi - Applying CSS: fxgl_dark.css
18:35:47.397 [FXGL Background Thread 1 ] DEBUG FXGLAssetLoaderServi - Loading from file system: jar:file:/C:/Users/lucaa/.m2/repository/com/github/almasb/fxgl/17.3/fxgl-17.3.jar!/fxglassets/ui/css/fxgl_dark.css
18:35:47.505 [FXGL Background Thread 1 ] DEBUG GameApplicationServi - Initializing application scenes
18:35:47.609 [FXGL Background Thread 1 ] DEBUG GameWorld            - Game world initialized
18:35:47.744 [FXGL Background Thread 1 ] DEBUG PhysicsWorld         - Physics world initialized: appHeight=640, physics.ppm=50,0
18:35:47.745 [FXGL Background Thread 1 ] DEBUG PhysicsWorld         - Using strategy: BRUTE_FORCE
18:35:47.753 [FXGL Background Thread 1 ] DEBUG GameScene            - Game scene initialized: 1200x640
18:35:47.803 [FXGL Background Thread 1 ] DEBUG FXGLAssetLoaderServi - Loading from file system: file:/C:/Users/lucaa/OneDrive%20-%20HTL%20Saalfelden/POS/Workspace/IntelliJ/FXGL/TeacherTowerDefense/target/classes/assets/textures/menu_bg.png
18:35:47.956 [FXGL Background Thread 1 ] DEBUG GameApplicationServi - Application scenes initialized
18:35:47.969 [FXGL Background Thread 1 ] DEBUG SystemBundleService  - Loading FXGL system data
18:35:47.971 [FXGL Background Thread 1 ] DEBUG FileSystemAccess     - Reading from: C:\Users\lucaa\OneDrive - HTL Saalfelden\POS\Workspace\IntelliJ\FXGL\TeacherTowerDefense\system\fxgl.bundle
18:35:47.975 [FXGL Background Thread 1 ] DEBUG SystemBundleService  - Bundle FXGL: {}
18:35:47.975 [FXGL Background Thread 1 ] DEBUG UpdaterService       - Checking for updates
18:35:47.982 [FXGL Background Thread 4 ] DEBUG FXGLApplication      - Loading fonts
18:35:47.983 [FXGL Background Thread 4 ] DEBUG FXGLAssetLoaderServi - Loading from file system: jar:file:/C:/Users/lucaa/.m2/repository/com/github/almasb/fxgl/17.3/fxgl-17.3.jar!/fxglassets/ui/fonts/VarelaRound-Regular.ttf
18:35:47.984 [FXGL Background Thread 1 ] DEBUG FXGLApplication      - Loading default localization
18:35:47.985 [FXGL Background Thread 1 ] DEBUG FXGLAssetLoaderServi - Loading from file system: jar:file:/C:/Users/lucaa/.m2/repository/com/github/almasb/fxgl/17.3/fxgl-17.3.jar!/fxglassets/languages/english.lang
18:35:48.011 [FXGL Background Thread 1 ] INFO  FXGLApplication      - FXGL initialization took: 0,712 sec
18:35:48.014 [JavaFX Application Thread] DEBUG FXGLAssetLoaderServi - Loading from file system: jar:file:/C:/Users/lucaa/.m2/repository/com/github/almasb/fxgl/17.3/fxgl-17.3.jar!/fxglassets/textures/fxgl_icon.png
18:35:48.015 [FXGL Background Thread 4 ] DEBUG FXGLAssetLoaderServi - Loading from file system: jar:file:/C:/Users/lucaa/.m2/repository/com/github/almasb/fxgl/17.3/fxgl-17.3.jar!/fxglassets/ui/fonts/Abel-Regular.ttf
18:35:48.040 [FXGL Background Thread 4 ] DEBUG FXGLAssetLoaderServi - Loading from file system: jar:file:/C:/Users/lucaa/.m2/repository/com/github/almasb/fxgl/17.3/fxgl-17.3.jar!/fxglassets/ui/fonts/TerminalLandMono-Regular.otf
18:35:48.068 [FXGL Background Thread 4 ] DEBUG FXGLAssetLoaderServi - Loading from file system: jar:file:/C:/Users/lucaa/.m2/repository/com/github/almasb/fxgl/17.3/fxgl-17.3.jar!/fxglassets/ui/fonts/Courier-Prime.ttf
18:35:48.112 [JavaFX Application Thread] DEBUG FXGLAssetLoaderServi - Loading from file system: jar:file:/C:/Users/lucaa/.m2/repository/com/github/almasb/fxgl/17.3/fxgl-17.3.jar!/fxglassets/textures/fxgl_default_cursor.png
18:35:48.141 [JavaFX Application Thread] DEBUG Input                - Registered new binding: Screenshot - CTRL+8
18:35:48.143 [JavaFX Application Thread] DEBUG Input                - Registered new binding: System info dump - CTRL+9
18:35:48.144 [JavaFX Application Thread] DEBUG Input                - Registered new binding: Restart - CTRL+R
18:35:48.146 [JavaFX Application Thread] DEBUG Input                - Registered new binding: Toggle Debug Camera - CTRL+7
18:35:48.154 [JavaFX Application Thread] DEBUG LoopRunner           - Starting loop
18:35:48.154 [JavaFX Application Thread] DEBUG LoopRunner           - Initializing JavaFX AnimationTimerLoop
18:35:48.162 [JavaFX Application Thread] DEBUG Input                - Clearing active input actions
18:35:48.183 [JavaFX Application Thread] DEBUG GameApplicationServi - Removing overlay from FXGLStartupScene and adding to FXGLMainMenuDummyScene
18:35:48.183 [JavaFX Application Thread] DEBUG PrimaryStageWindow   - FXGLStartupScene -> FXGLMainMenuDummyScene
18:35:48.183 [JavaFX Application Thread] DEBUG PrimaryStageWindow   - Push state: CustomMainMenu
18:35:48.184 [JavaFX Application Thread] DEBUG Input                - Clearing active input actions
18:35:48.200 [JavaFX Application Thread] DEBUG GameApplicationServi - Removing overlay from FXGLMainMenuDummyScene and adding to CustomMainMenu
18:35:48.201 [JavaFX Application Thread] DEBUG PrimaryStageWindow   - FXGLMainMenuDummyScene -> CustomMainMenu
18:35:48.202 [JavaFX Application Thread] DEBUG FXGLApplication      - Registering font factories with UI factory
18:35:48.883 [FXGL Background Thread 2 ] INFO  UpdaterService       - Your current version:  17.3
18:35:48.884 [FXGL Background Thread 2 ] INFO  UpdaterService       - Latest stable version: 25
18:35:50.981 [FXGL Background Thread 3 ] DEBUG Engine               - Logging environment variables
18:35:50.981 [FXGL Background Thread 3 ] DEBUG Engine               - achievements: []
18:35:50.981 [FXGL Background Thread 3 ] DEBUG Engine               - actualHeight: 864.0
18:35:50.981 [FXGL Background Thread 3 ] DEBUG Engine               - actualHeightProperty: ReadOnlyDoubleProperty [value: 864.0]
18:35:50.981 [FXGL Background Thread 3 ] DEBUG Engine               - actualWidth: 1536.0
18:35:50.981 [FXGL Background Thread 3 ] DEBUG Engine               - actualWidthProperty: ReadOnlyDoubleProperty [value: 1536.0]
18:35:50.981 [FXGL Background Thread 3 ] DEBUG Engine               - appIcon: fxgl_icon.png
18:35:50.982 [FXGL Background Thread 3 ] DEBUG Engine               - applicationMode: DEVELOPER
18:35:50.982 [FXGL Background Thread 3 ] DEBUG Engine               - cSSList: [fxgl_dark.css]
18:35:50.982 [FXGL Background Thread 3 ] DEBUG Engine               - collisionDetectionStrategy: BRUTE_FORCE
18:35:50.982 [FXGL Background Thread 3 ] DEBUG Engine               - configClass: Optional.empty
18:35:50.982 [FXGL Background Thread 3 ] DEBUG Engine               - credits: []
18:35:50.983 [FXGL Background Thread 3 ] DEBUG Engine               - defaultCursor: CursorInfo(imageName=fxgl_default_cursor.png, hotspotX=7.0, hotspotY=6.0)
18:35:50.984 [FXGL Background Thread 3 ] DEBUG Engine               - devBBoxColorProperty: ObjectProperty [value: 0xff0000ff]
18:35:50.984 [FXGL Background Thread 3 ] DEBUG Engine               - devEnableDebugCameraProperty: BooleanProperty [value: false]
18:35:50.985 [FXGL Background Thread 3 ] DEBUG Engine               - devSensorColorProperty: ObjectProperty [value: 0xffff00ff]
18:35:50.985 [FXGL Background Thread 3 ] DEBUG Engine               - devShowBBoxProperty: BooleanProperty [value: false]
18:35:50.985 [FXGL Background Thread 3 ] DEBUG Engine               - devShowPositionProperty: BooleanProperty [value: false]
18:35:50.985 [FXGL Background Thread 3 ] DEBUG Engine               - enabledMenuItems: []
18:35:50.985 [FXGL Background Thread 3 ] DEBUG Engine               - engineServices: [class com.almasb.fxgl.app.services.FXGLAssetLoaderService, class com.almasb.fxgl.app.FXGLApplication$GameApplicationService, class com.almasb.fxgl.app.services.FXGLDialogService, class com.almasb.fxgl.app.services.IOTaskExecutorService, class com.almasb.fxgl.io.FileSystemService, class com.almasb.fxgl.localization.LocalizationService, class com.almasb.fxgl.app.services.SystemBundleService, class com.almasb.fxgl.profile.SaveLoadService, class com.almasb.fxgl.ui.FXGLUIFactoryServiceProvider, class com.almasb.fxgl.ui.FXGLDialogFactoryServiceProvider, class com.almasb.fxgl.audio.AudioPlayer, class com.almasb.fxgl.notification.impl.NotificationServiceProvider, class com.almasb.fxgl.achievement.AchievementService, class com.almasb.fxgl.cutscene.CutsceneService, class com.almasb.fxgl.minigames.MiniGameService, class com.almasb.fxgl.net.NetService, class com.almasb.fxgl.app.services.UpdaterService, class com.almasb.fxgl.dev.DevService]
18:35:50.985 [FXGL Background Thread 3 ] DEBUG Engine               - fontGame: Abel-Regular.ttf
18:35:50.985 [FXGL Background Thread 3 ] DEBUG Engine               - fontMono: TerminalLandMono-Regular.otf
18:35:50.985 [FXGL Background Thread 3 ] DEBUG Engine               - fontSizeScaleUI: 1.0
18:35:50.985 [FXGL Background Thread 3 ] DEBUG Engine               - fontText: Courier-Prime.ttf
18:35:50.985 [FXGL Background Thread 3 ] DEBUG Engine               - fontUI: VarelaRound-Regular.ttf
18:35:50.985 [FXGL Background Thread 3 ] DEBUG Engine               - fullScreen: BooleanProperty [value: true]
18:35:50.985 [FXGL Background Thread 3 ] DEBUG Engine               - gameDifficulty: MEDIUM
18:35:50.985 [FXGL Background Thread 3 ] DEBUG Engine               - gameDifficultyProperty: ObjectProperty [value: MEDIUM]
18:35:50.985 [FXGL Background Thread 3 ] DEBUG Engine               - globalMusicVolume: 0.5
18:35:50.985 [FXGL Background Thread 3 ] DEBUG Engine               - globalMusicVolumeProperty: DoubleProperty [value: 0.5]
18:35:50.986 [FXGL Background Thread 3 ] DEBUG Engine               - globalSoundVolume: 0.5
18:35:50.986 [FXGL Background Thread 3 ] DEBUG Engine               - globalSoundVolumeProperty: DoubleProperty [value: 0.5]
18:35:50.986 [FXGL Background Thread 3 ] DEBUG Engine               - height: 640
18:35:50.986 [FXGL Background Thread 3 ] DEBUG Engine               - is3D: false
18:35:50.986 [FXGL Background Thread 3 ] DEBUG Engine               - isAndroid: false
18:35:50.986 [FXGL Background Thread 3 ] DEBUG Engine               - isBrowser: false
18:35:50.986 [FXGL Background Thread 3 ] DEBUG Engine               - isClickFeedbackEnabled: false
18:35:50.986 [FXGL Background Thread 3 ] DEBUG Engine               - isCloseConfirmation: false
18:35:50.986 [FXGL Background Thread 3 ] DEBUG Engine               - isDesktop: true
18:35:50.986 [FXGL Background Thread 3 ] DEBUG Engine               - isDeveloperMenuEnabled: false
18:35:50.986 [FXGL Background Thread 3 ] DEBUG Engine               - isEmbedded: false
18:35:50.986 [FXGL Background Thread 3 ] DEBUG Engine               - isEntityPreloadEnabled: true
18:35:50.986 [FXGL Background Thread 3 ] DEBUG Engine               - isExperimentalTiledLargeMap: false
18:35:50.986 [FXGL Background Thread 3 ] DEBUG Engine               - isFileSystemWriteAllowed: true
18:35:50.986 [FXGL Background Thread 3 ] DEBUG Engine               - isFullScreenAllowed: true
18:35:50.986 [FXGL Background Thread 3 ] DEBUG Engine               - isFullScreenFromStart: true
18:35:50.986 [FXGL Background Thread 3 ] DEBUG Engine               - isGameMenuEnabled: true
18:35:50.986 [FXGL Background Thread 3 ] DEBUG Engine               - isIOS: false
18:35:50.986 [FXGL Background Thread 3 ] DEBUG Engine               - isIntroEnabled: false
18:35:50.987 [FXGL Background Thread 3 ] DEBUG Engine               - isLinux: false
18:35:50.987 [FXGL Background Thread 3 ] DEBUG Engine               - isMac: false
18:35:50.987 [FXGL Background Thread 3 ] DEBUG Engine               - isMainMenuEnabled: true
18:35:50.987 [FXGL Background Thread 3 ] DEBUG Engine               - isManualResizeEnabled: false
18:35:50.987 [FXGL Background Thread 3 ] DEBUG Engine               - isMobile: false
18:35:50.987 [FXGL Background Thread 3 ] DEBUG Engine               - isNative: false
18:35:50.987 [FXGL Background Thread 3 ] DEBUG Engine               - isPauseMusicWhenMinimized: true
18:35:50.987 [FXGL Background Thread 3 ] DEBUG Engine               - isPreserveResizeRatio: true
18:35:50.987 [FXGL Background Thread 3 ] DEBUG Engine               - isProfilingEnabled: false
18:35:50.987 [FXGL Background Thread 3 ] DEBUG Engine               - isScaleAffectedOnResize: true
18:35:50.987 [FXGL Background Thread 3 ] DEBUG Engine               - isSingleStep: false
18:35:50.987 [FXGL Background Thread 3 ] DEBUG Engine               - isUserProfileEnabled: false
18:35:50.987 [FXGL Background Thread 3 ] DEBUG Engine               - isWindows: true
18:35:50.987 [FXGL Background Thread 3 ] DEBUG Engine               - language: ObjectProperty [value: ENGLISH]
18:35:50.987 [FXGL Background Thread 3 ] DEBUG Engine               - menuKey: ESCAPE
18:35:50.987 [FXGL Background Thread 3 ] DEBUG Engine               - mouseSensitivity: 0.2
18:35:50.987 [FXGL Background Thread 3 ] DEBUG Engine               - notificationViewClass: class com.almasb.fxgl.notification.view.XboxNotificationView
18:35:50.987 [FXGL Background Thread 3 ] DEBUG Engine               - pixelsPerMeter: 50.0
18:35:50.987 [FXGL Background Thread 3 ] DEBUG Engine               - platform: WINDOWS
18:35:50.987 [FXGL Background Thread 3 ] DEBUG Engine               - prefHeightProperty: ReadOnlyDoubleProperty [value: 640.0]
18:35:50.987 [FXGL Background Thread 3 ] DEBUG Engine               - prefWidthProperty: ReadOnlyDoubleProperty [value: 1200.0]
18:35:50.987 [FXGL Background Thread 3 ] DEBUG Engine               - profileDir: profiles/
18:35:50.988 [FXGL Background Thread 3 ] DEBUG Engine               - profileName: StringProperty [value: DEFAULT]
18:35:50.988 [FXGL Background Thread 3 ] DEBUG Engine               - randomSeed: -1
18:35:50.988 [FXGL Background Thread 3 ] DEBUG Engine               - runtimeInfo: RuntimeInfo(platform=WINDOWS, version=17.3, build=30.03.2023 11.49)
18:35:50.988 [FXGL Background Thread 3 ] DEBUG Engine               - saveFileExt: sav
18:35:50.988 [FXGL Background Thread 3 ] DEBUG Engine               - scaledHeightProp$fxgl: DoubleProperty [bound, value: 864.0]
18:35:50.988 [FXGL Background Thread 3 ] DEBUG Engine               - scaledWidthProp$fxgl: DoubleProperty [bound, value: 1536.0]
18:35:50.988 [FXGL Background Thread 3 ] DEBUG Engine               - sceneFactory: at.htl.teachertowerdefense.CustomSceneFactory@5cf7e181
18:35:50.988 [FXGL Background Thread 3 ] DEBUG Engine               - secondsIn24h: 60
18:35:50.988 [FXGL Background Thread 3 ] DEBUG Engine               - soundMenuBack: menu/back.wav
18:35:50.988 [FXGL Background Thread 3 ] DEBUG Engine               - soundMenuPress: menu/press.wav
18:35:50.988 [FXGL Background Thread 3 ] DEBUG Engine               - soundMenuSelect: menu/select.wav
18:35:50.988 [FXGL Background Thread 3 ] DEBUG Engine               - soundNotification: core/notification.wav
18:35:50.988 [FXGL Background Thread 3 ] DEBUG Engine               - stageStyle: DECORATED
18:35:50.988 [FXGL Background Thread 3 ] DEBUG Engine               - supportedLanguages: [ENGLISH, FRENCH, GERMAN, HUNGARIAN, RUSSIAN]
18:35:50.988 [FXGL Background Thread 3 ] DEBUG Engine               - ticksPerSecond: -1
18:35:50.988 [FXGL Background Thread 3 ] DEBUG Engine               - title: Teacher Tower Defense
18:35:50.988 [FXGL Background Thread 3 ] DEBUG Engine               - urlGithub: https://github.com/AlmasB/FXGL
18:35:50.988 [FXGL Background Thread 3 ] DEBUG Engine               - urlLeaderboard: http://fxgl-top.herokuapp.com/
18:35:50.988 [FXGL Background Thread 3 ] DEBUG Engine               - urlPOM: https://raw.githubusercontent.com/AlmasB/FXGL/release/README.md
18:35:50.988 [FXGL Background Thread 3 ] DEBUG Engine               - userAppClass: class at.htl.teachertowerdefense.TeacherTowerDefenseApp
18:35:50.988 [FXGL Background Thread 3 ] DEBUG Engine               - version: 0.1
18:35:50.988 [FXGL Background Thread 3 ] DEBUG Engine               - versionCheckDays: 7
18:35:50.988 [FXGL Background Thread 3 ] DEBUG Engine               - width: 1200
18:35:50.988 [FXGL Background Thread 3 ] DEBUG Engine               - Logging services
18:35:50.988 [FXGL Background Thread 3 ] DEBUG Engine               - class com.almasb.fxgl.app.services.FXGLAssetLoaderService
18:35:50.989 [FXGL Background Thread 3 ] DEBUG Engine               - class com.almasb.fxgl.app.FXGLApplication$GameApplicationService
18:35:50.989 [FXGL Background Thread 3 ] DEBUG Engine               - class com.almasb.fxgl.app.services.FXGLDialogService
18:35:50.989 [FXGL Background Thread 3 ] DEBUG Engine               - class com.almasb.fxgl.app.services.IOTaskExecutorService
18:35:50.989 [FXGL Background Thread 3 ] DEBUG Engine               - class com.almasb.fxgl.io.FileSystemService
18:35:50.989 [FXGL Background Thread 3 ] DEBUG Engine               - class com.almasb.fxgl.localization.LocalizationService
18:35:50.989 [FXGL Background Thread 3 ] DEBUG Engine               - class com.almasb.fxgl.app.services.SystemBundleService
18:35:50.989 [FXGL Background Thread 3 ] DEBUG Engine               - class com.almasb.fxgl.profile.SaveLoadService
18:35:50.989 [FXGL Background Thread 3 ] DEBUG Engine               - class com.almasb.fxgl.ui.FXGLUIFactoryServiceProvider
18:35:50.989 [FXGL Background Thread 3 ] DEBUG Engine               - class com.almasb.fxgl.ui.FXGLDialogFactoryServiceProvider
18:35:50.989 [FXGL Background Thread 3 ] DEBUG Engine               - class com.almasb.fxgl.audio.AudioPlayer
18:35:50.989 [FXGL Background Thread 3 ] DEBUG Engine               - class com.almasb.fxgl.notification.impl.NotificationServiceProvider
18:35:50.989 [FXGL Background Thread 3 ] DEBUG Engine               - class com.almasb.fxgl.achievement.AchievementService
18:35:50.989 [FXGL Background Thread 3 ] DEBUG Engine               - class com.almasb.fxgl.cutscene.CutsceneService
18:35:50.989 [FXGL Background Thread 3 ] DEBUG Engine               - class com.almasb.fxgl.minigames.MiniGameService
18:35:50.989 [FXGL Background Thread 3 ] DEBUG Engine               - class com.almasb.fxgl.net.NetService
18:35:50.989 [FXGL Background Thread 3 ] DEBUG Engine               - class com.almasb.fxgl.app.services.UpdaterService
18:35:50.989 [FXGL Background Thread 3 ] DEBUG Engine               - class com.almasb.fxgl.dev.DevService
18:35:52.399 [JavaFX Application Thread] DEBUG Menu                 - fireNewGame()
18:35:52.400 [JavaFX Application Thread] DEBUG GameApplicationServi - Starting new game
18:35:52.400 [JavaFX Application Thread] DEBUG PrimaryStageWindow   - Pop state: CustomMainMenu
18:35:52.401 [JavaFX Application Thread] DEBUG Input                - Clearing active input actions
18:35:52.403 [JavaFX Application Thread] DEBUG GameApplicationServi - Removing overlay from CustomMainMenu and adding to FXGLMainMenuDummyScene
18:35:52.405 [JavaFX Application Thread] DEBUG PrimaryStageWindow   - FXGLMainMenuDummyScene <- CustomMainMenu
18:35:52.406 [JavaFX Application Thread] DEBUG Input                - Clearing active input actions
18:35:52.431 [JavaFX Application Thread] DEBUG GameApplicationServi - Removing overlay from FXGLMainMenuDummyScene and adding to FXGLLoadingScene
18:35:52.432 [JavaFX Application Thread] DEBUG PrimaryStageWindow   - FXGLMainMenuDummyScene -> FXGLLoadingScene
18:35:52.432 [JavaFX Application Thread] DEBUG GameApplicationServi - Clearing previous game
18:35:52.432 [JavaFX Application Thread] DEBUG GameScene            - Clearing game scene
18:35:52.432 [JavaFX Application Thread] DEBUG GameWorld            - Clearing game world
18:35:52.432 [JavaFX Application Thread] DEBUG PhysicsWorld         - Clearing physics world
18:35:52.438 [FXGL Background Thread 2 ] DEBUG FXGLApplication      - Initializing game
18:35:52.561 [FXGL Background Thread 2 ] WARN  TMXLevelLoader       - TiledMap generated from 1.11.2. Supported version: 1.9.0. Some features may not be parsed fully.
18:35:52.642 [FXGL Background Thread 2 ] DEBUG TMXLevelLoader       - Parsed TiledMap: file:/C:/Users/lucaa/OneDrive%20-%20HTL%20Saalfelden/POS/Workspace/IntelliJ/FXGL/TeacherTowerDefense/target/classes/assets/levels/Map1.tmx
18:35:52.646 [FXGL Background Thread 2 ] DEBUG TMXLevelLoader       - Creating tile layer entities
18:35:52.655 [FXGL Background Thread 2 ] DEBUG TilesetLoader        - Loading view for layer Kachelebene 0
18:35:52.663 [FXGL Background Thread 2 ] DEBUG TilesetLoader        - Created buffer with size 960.0x640.0
18:35:52.751 [FXGL Background Thread 2 ] DEBUG TilesetLoader        - Loading view for layer Kachelebene 1
18:35:52.753 [FXGL Background Thread 2 ] DEBUG TilesetLoader        - Created buffer with size 960.0x640.0
18:35:52.767 [FXGL Background Thread 2 ] DEBUG TilesetLoader        - Loading view for layer Kachelebene 2
18:35:52.770 [FXGL Background Thread 2 ] DEBUG TilesetLoader        - Created buffer with size 960.0x640.0
18:35:52.820 [FXGL Background Thread 2 ] DEBUG TilesetLoader        - Loading view for layer Kachelebene 4
18:35:52.822 [FXGL Background Thread 2 ] DEBUG TilesetLoader        - Created buffer with size 960.0x640.0
18:35:52.825 [FXGL Background Thread 2 ] DEBUG TMXLevelLoader       - Creating object layer entities
18:35:52.922 [FXGL Background Thread 2 ] DEBUG GameWorld            - Clearing removable entities
18:35:52.923 [FXGL Background Thread 2 ] DEBUG GameWorld            - Setting level: com.almasb.fxgl.entity.level.Level@5fdec625
18:35:52.955 [FXGL Background Thread 2 ] DEBUG FXGLAssetLoaderServi - Loading from file system: file:/C:/Users/lucaa/OneDrive%20-%20HTL%20Saalfelden/POS/Workspace/IntelliJ/FXGL/TeacherTowerDefense/target/classes/assets/textures/Groebl.png
18:35:52.960 [FXGL Background Thread 2 ] DEBUG FXGLAssetLoaderServi - Loading from file system: file:/C:/Users/lucaa/OneDrive%20-%20HTL%20Saalfelden/POS/Workspace/IntelliJ/FXGL/TeacherTowerDefense/target/classes/assets/textures/Feichtner.png
18:35:52.964 [FXGL Background Thread 2 ] DEBUG FXGLAssetLoaderServi - Loading from file system: file:/C:/Users/lucaa/OneDrive%20-%20HTL%20Saalfelden/POS/Workspace/IntelliJ/FXGL/TeacherTowerDefense/target/classes/assets/textures/Winkler.png
18:35:53.015 [FXGL Background Thread 2 ] INFO  FXGLApplication      - Game initialization took: 0,576 sec
18:35:53.018 [JavaFX Application Thread] DEBUG Input                - Clearing active input actions
18:35:53.050 [JavaFX Application Thread] DEBUG GameApplicationServi - Removing overlay from FXGLLoadingScene and adding to GameScene
18:35:53.051 [JavaFX Application Thread] DEBUG PrimaryStageWindow   - FXGLLoadingScene -> GameScene
18:36:02.125 [JavaFX Application Thread] DEBUG PrimaryStageWindow   - Push state: CustomGameMenu
18:36:02.126 [JavaFX Application Thread] DEBUG Input                - Clearing active input actions
18:36:02.128 [JavaFX Application Thread] DEBUG GameApplicationServi - Removing overlay from GameScene and adding to CustomGameMenu
18:36:02.128 [JavaFX Application Thread] DEBUG PrimaryStageWindow   - GameScene -> CustomGameMenu
18:36:04.437 [JavaFX Application Thread] DEBUG PrimaryStageWindow   - Pop state: CustomGameMenu
18:36:04.437 [JavaFX Application Thread] DEBUG Input                - Clearing active input actions
18:36:04.437 [JavaFX Application Thread] DEBUG GameApplicationServi - Removing overlay from CustomGameMenu and adding to GameScene
18:36:04.437 [JavaFX Application Thread] DEBUG PrimaryStageWindow   - GameScene <- CustomGameMenu
18:37:59.630 [JavaFX Application Thread] DEBUG FXGLAssetLoaderServi - Loading from file system: file:/C:/Users/lucaa/OneDrive%20-%20HTL%20Saalfelden/POS/Workspace/IntelliJ/FXGL/TeacherTowerDefense/target/classes/assets/textures/Groebl_2.png
18:46:14.333 [JavaFX Application Thread] DEBUG PrimaryStageWindow   - Push state: CustomGameMenu
18:46:14.333 [JavaFX Application Thread] DEBUG Input                - Clearing active input actions
18:46:14.334 [JavaFX Application Thread] DEBUG GameApplicationServi - Removing overlay from GameScene and adding to CustomGameMenu
18:46:14.334 [JavaFX Application Thread] DEBUG PrimaryStageWindow   - GameScene -> CustomGameMenu
18:46:15.662 [JavaFX Application Thread] DEBUG Menu                 - fireExit()
18:46:15.739 [JavaFX Application Thread] DEBUG PrimaryStageWindow   - Push state: DialogSubScene
18:46:15.739 [JavaFX Application Thread] DEBUG Input                - Clearing active input actions
18:46:15.751 [JavaFX Application Thread] DEBUG GameApplicationServi - Removing overlay from CustomGameMenu and adding to DialogSubScene
18:46:15.753 [JavaFX Application Thread] DEBUG PrimaryStageWindow   - CustomGameMenu -> DialogSubScene
18:46:17.135 [JavaFX Application Thread] DEBUG PrimaryStageWindow   - Pop state: DialogSubScene
18:46:17.135 [JavaFX Application Thread] DEBUG Input                - Clearing active input actions
18:46:17.135 [JavaFX Application Thread] DEBUG GameApplicationServi - Removing overlay from DialogSubScene and adding to CustomGameMenu
18:46:17.136 [JavaFX Application Thread] DEBUG PrimaryStageWindow   - CustomGameMenu <- DialogSubScene
18:46:17.697 [JavaFX Application Thread] DEBUG Menu                 - fireExitToMainMenu()
18:46:17.699 [JavaFX Application Thread] DEBUG PrimaryStageWindow   - Push state: DialogSubScene
18:46:17.699 [JavaFX Application Thread] DEBUG Input                - Clearing active input actions
18:46:17.699 [JavaFX Application Thread] DEBUG GameApplicationServi - Removing overlay from CustomGameMenu and adding to DialogSubScene
18:46:17.700 [JavaFX Application Thread] DEBUG PrimaryStageWindow   - CustomGameMenu -> DialogSubScene
18:46:18.852 [JavaFX Application Thread] DEBUG PrimaryStageWindow   - Pop state: DialogSubScene
18:46:18.853 [JavaFX Application Thread] DEBUG Input                - Clearing active input actions
18:46:18.855 [JavaFX Application Thread] DEBUG GameApplicationServi - Removing overlay from DialogSubScene and adding to CustomGameMenu
18:46:18.855 [JavaFX Application Thread] DEBUG PrimaryStageWindow   - CustomGameMenu <- DialogSubScene
18:46:18.856 [JavaFX Application Thread] DEBUG PrimaryStageWindow   - Pop state: CustomGameMenu
18:46:18.856 [JavaFX Application Thread] DEBUG Input                - Clearing active input actions
18:46:18.856 [JavaFX Application Thread] DEBUG GameApplicationServi - Removing overlay from CustomGameMenu and adding to GameScene
18:46:18.856 [JavaFX Application Thread] DEBUG PrimaryStageWindow   - GameScene <- CustomGameMenu
18:46:18.856 [JavaFX Application Thread] DEBUG Input                - Clearing active input actions
18:46:18.874 [JavaFX Application Thread] DEBUG GameApplicationServi - Removing overlay from GameScene and adding to FXGLMainMenuDummyScene
18:46:18.874 [JavaFX Application Thread] DEBUG PrimaryStageWindow   - GameScene -> FXGLMainMenuDummyScene
18:46:18.874 [JavaFX Application Thread] DEBUG PrimaryStageWindow   - Push state: CustomMainMenu
18:46:18.874 [JavaFX Application Thread] DEBUG Input                - Clearing active input actions
18:46:18.876 [JavaFX Application Thread] DEBUG GameApplicationServi - Removing overlay from FXGLMainMenuDummyScene and adding to CustomMainMenu
18:46:18.877 [JavaFX Application Thread] DEBUG PrimaryStageWindow   - FXGLMainMenuDummyScene -> CustomMainMenu
18:46:24.717 [JavaFX Application Thread] DEBUG Menu                 - fireNewGame()
18:46:24.717 [JavaFX Application Thread] DEBUG GameApplicationServi - Starting new game
18:46:24.717 [JavaFX Application Thread] DEBUG PrimaryStageWindow   - Pop state: CustomMainMenu
18:46:24.717 [JavaFX Application Thread] DEBUG Input                - Clearing active input actions
18:46:24.717 [JavaFX Application Thread] DEBUG GameApplicationServi - Removing overlay from CustomMainMenu and adding to FXGLMainMenuDummyScene
18:46:24.717 [JavaFX Application Thread] DEBUG PrimaryStageWindow   - FXGLMainMenuDummyScene <- CustomMainMenu
18:46:24.717 [JavaFX Application Thread] DEBUG Input                - Clearing active input actions
18:46:24.722 [JavaFX Application Thread] DEBUG GameApplicationServi - Removing overlay from FXGLMainMenuDummyScene and adding to FXGLLoadingScene
18:46:24.723 [JavaFX Application Thread] DEBUG PrimaryStageWindow   - FXGLMainMenuDummyScene -> FXGLLoadingScene
18:46:24.723 [JavaFX Application Thread] DEBUG GameApplicationServi - Clearing previous game
18:46:24.723 [JavaFX Application Thread] DEBUG GameScene            - Clearing game scene
18:46:24.723 [JavaFX Application Thread] DEBUG GameWorld            - Clearing game world
18:46:24.726 [JavaFX Application Thread] DEBUG PhysicsWorld         - Clearing physics world
18:46:24.727 [FXGL Background Thread 5 ] DEBUG FXGLApplication      - Initializing game
18:46:24.736 [FXGL Background Thread 5 ] WARN  TMXLevelLoader       - TiledMap generated from 1.11.2. Supported version: 1.9.0. Some features may not be parsed fully.
18:46:24.748 [FXGL Background Thread 5 ] DEBUG TMXLevelLoader       - Parsed TiledMap: file:/C:/Users/lucaa/OneDrive%20-%20HTL%20Saalfelden/POS/Workspace/IntelliJ/FXGL/TeacherTowerDefense/target/classes/assets/levels/City.tmx
18:46:24.748 [FXGL Background Thread 5 ] DEBUG TMXLevelLoader       - Creating tile layer entities
18:46:24.748 [FXGL Background Thread 5 ] DEBUG TilesetLoader        - Loading view for layer Kachelebene 1
18:46:24.752 [FXGL Background Thread 5 ] DEBUG TilesetLoader        - Created buffer with size 960.0x640.0
18:46:24.774 [FXGL Background Thread 5 ] DEBUG TilesetLoader        - Loading view for layer Kachelebene 2
18:46:24.777 [FXGL Background Thread 5 ] DEBUG TilesetLoader        - Created buffer with size 960.0x640.0
18:46:24.783 [FXGL Background Thread 5 ] DEBUG TilesetLoader        - Loading view for layer Kachelebene 3
18:46:24.784 [FXGL Background Thread 5 ] DEBUG TilesetLoader        - Created buffer with size 960.0x640.0
18:46:24.786 [FXGL Background Thread 5 ] DEBUG TilesetLoader        - Loading view for layer Kachelebene 4
18:46:24.787 [FXGL Background Thread 5 ] DEBUG TilesetLoader        - Created buffer with size 960.0x640.0
18:46:24.793 [FXGL Background Thread 5 ] DEBUG TMXLevelLoader       - Creating object layer entities
18:46:24.815 [FXGL Background Thread 5 ] DEBUG GameWorld            - Clearing removable entities
18:46:24.815 [FXGL Background Thread 5 ] DEBUG GameWorld            - Setting level: com.almasb.fxgl.entity.level.Level@551701a2
18:46:24.822 [FXGL Background Thread 5 ] INFO  FXGLApplication      - Game initialization took: 0,096 sec
18:46:24.823 [JavaFX Application Thread] DEBUG Input                - Clearing active input actions
18:46:24.829 [JavaFX Application Thread] DEBUG GameApplicationServi - Removing overlay from FXGLLoadingScene and adding to GameScene
18:46:24.830 [JavaFX Application Thread] DEBUG PrimaryStageWindow   - FXGLLoadingScene -> GameScene
18:46:34.475 [JavaFX Application Thread] DEBUG FXGLAssetLoaderServi - Loading from file system: file:/C:/Users/lucaa/OneDrive%20-%20HTL%20Saalfelden/POS/Workspace/IntelliJ/FXGL/TeacherTowerDefense/target/classes/assets/textures/Jonathan.png
18:46:35.689 [JavaFX Application Thread] DEBUG FXGLAssetLoaderServi - Loading from file system: file:/C:/Users/lucaa/OneDrive%20-%20HTL%20Saalfelden/POS/Workspace/IntelliJ/FXGL/TeacherTowerDefense/target/classes/assets/textures/projektil_golfball.png
18:46:50.931 [JavaFX Application Thread] DEBUG FXGLAssetLoaderServi - Loading from file system: file:/C:/Users/lucaa/OneDrive%20-%20HTL%20Saalfelden/POS/Workspace/IntelliJ/FXGL/TeacherTowerDefense/target/classes/assets/textures/Gutmann.png
18:50:24.708 [JavaFX Application Thread] DEBUG PrimaryStageWindow   - Push state: CustomGameMenu
18:50:24.708 [JavaFX Application Thread] DEBUG Input                - Clearing active input actions
18:50:24.709 [JavaFX Application Thread] DEBUG GameApplicationServi - Removing overlay from GameScene and adding to CustomGameMenu
18:50:24.709 [JavaFX Application Thread] DEBUG PrimaryStageWindow   - GameScene -> CustomGameMenu
18:50:25.337 [JavaFX Application Thread] DEBUG Menu                 - fireExit()
18:50:25.338 [JavaFX Application Thread] DEBUG PrimaryStageWindow   - Push state: DialogSubScene
18:50:25.338 [JavaFX Application Thread] DEBUG Input                - Clearing active input actions
18:50:25.339 [JavaFX Application Thread] DEBUG GameApplicationServi - Removing overlay from CustomGameMenu and adding to DialogSubScene
18:50:25.339 [JavaFX Application Thread] DEBUG PrimaryStageWindow   - CustomGameMenu -> DialogSubScene
18:50:25.873 [JavaFX Application Thread] DEBUG PrimaryStageWindow   - Pop state: DialogSubScene
18:50:25.873 [JavaFX Application Thread] DEBUG Input                - Clearing active input actions
18:50:25.873 [JavaFX Application Thread] DEBUG GameApplicationServi - Removing overlay from DialogSubScene and adding to CustomGameMenu
18:50:25.873 [JavaFX Application Thread] DEBUG PrimaryStageWindow   - CustomGameMenu <- DialogSubScene
18:50:25.873 [JavaFX Application Thread] DEBUG FXGLApplication      - Exiting FXGL
18:50:25.873 [JavaFX Application Thread] DEBUG LoopRunner           - Stopping loop
18:50:25.873 [JavaFX Application Thread] DEBUG SystemBundleService  - Saving FXGL system data
18:50:25.875 [JavaFX Application Thread] DEBUG FileSystemAccess     - Writing to: C:\Users\lucaa\OneDrive - HTL Saalfelden\POS\Workspace\IntelliJ\FXGL\TeacherTowerDefense\system\fxgl.bundle
18:50:25.879 [JavaFX Application Thread] DEBUG Async                - Shutting down background threads
18:50:25.879 [JavaFX Application Thread] DEBUG PrimaryStageWindow   - Closing main window
18:50:26.009 [JavaFX Application Thread] DEBUG Logger               - Closing Logger
