14:47:06.741 [main                     ] DEBUG Logger               - Configured Logger
14:47:06.763 [main                     ] DEBUG GameApplication      - Logging settings
Title: Teacher Tower Defense
Version: 0.1
Width: 1200
Height: 640
Fullscreen: true
Intro: false
Profiling: false
Single step:false
App Mode: DEVELOPER
Menu Key: ESCAPE
Stage Style: DECORATED
Scene Factory: class at.htl.teachertowerdefense.CustomSceneFactory

14:47:08.296 [JavaFX Application Thread] DEBUG FXGLApplication      - Initializing FXGL
14:47:08.302 [JavaFX Application Thread] INFO  Engine               - FXGL-17.3 (30.03.2023 11.49) on WINDOWS (J:25.0.2 FX:21.0.6)
14:47:08.302 [JavaFX Application Thread] DEBUG Engine               - JRE Vendor Name: Oracle Corporation
14:47:08.303 [JavaFX Application Thread] DEBUG Engine               - Running on OS: Windows 11 version 10.0
14:47:08.303 [JavaFX Application Thread] DEBUG Engine               - Architecture: amd64
14:47:08.303 [JavaFX Application Thread] INFO  Engine               - Source code and latest versions at: https://github.com/AlmasB/FXGL
14:47:08.303 [JavaFX Application Thread] INFO  Engine               -       Ask questions and discuss at: https://github.com/AlmasB/FXGL/discussions
14:47:08.303 [JavaFX Application Thread] INFO  Engine               -              Join the FXGL chat at: https://gitter.im/AlmasB/FXGL
14:47:08.625 [JavaFX Application Thread] DEBUG PrimaryStageWindow   - Creating a JavaFX scene
14:47:08.859 [JavaFX Application Thread] DEBUG PrimaryStageWindow   - Target settings size: 1200.0 x 640.0
14:47:08.861 [JavaFX Application Thread] DEBUG PrimaryStageWindow   - Scaled scene size:    1200.0 x 640.0
14:47:08.861 [JavaFX Application Thread] DEBUG PrimaryStageWindow   - Scaled ratio: (1.0, 1.0)
14:47:08.863 [JavaFX Application Thread] DEBUG PrimaryStageWindow   - Set initial scene to FXGLStartupScene
14:47:08.872 [JavaFX Application Thread] DEBUG PrimaryStageWindow   - Opening main window
14:47:09.108 [JavaFX Application Thread] DEBUG PrimaryStageWindow   - Window border size: (14.4000244140625, 37.5999755859375)
14:47:09.109 [JavaFX Application Thread] DEBUG PrimaryStageWindow   - Scaled size: 1200.0 x 640.0
14:47:09.109 [JavaFX Application Thread] DEBUG PrimaryStageWindow   - Scaled ratio: (1.0, 1.0)
14:47:09.109 [JavaFX Application Thread] DEBUG PrimaryStageWindow   - Scene size: 1200.0 x 640.0
14:47:09.109 [JavaFX Application Thread] DEBUG PrimaryStageWindow   - Stage size: 1214.4000244140625 x 677.5999755859375
14:47:09.287 [JavaFX Application Thread] DEBUG PrimaryStageWindow   - Going fullscreen
14:47:09.310 [FXGL Background Thread 1 ] DEBUG Engine               - Initializing environment variables
14:47:09.375 [FXGL Background Thread 1 ] DEBUG FXGLAssetLoaderServi - User app class for loading assets: class at.htl.teachertowerdefense.TeacherTowerDefenseApp
14:47:09.376 [FXGL Background Thread 1 ] DEBUG GameApplicationServi - Applying CSS: fxgl_dark.css
14:47:09.378 [FXGL Background Thread 1 ] DEBUG FXGLAssetLoaderServi - Loading from file system: jar:file:/C:/Users/lucaa/.m2/repository/com/github/almasb/fxgl/17.3/fxgl-17.3.jar!/fxglassets/ui/css/fxgl_dark.css
14:47:09.447 [FXGL Background Thread 1 ] DEBUG GameApplicationServi - Initializing application scenes
14:47:09.521 [FXGL Background Thread 1 ] DEBUG GameWorld            - Game world initialized
14:47:09.631 [FXGL Background Thread 1 ] DEBUG PhysicsWorld         - Physics world initialized: appHeight=640, physics.ppm=50,0
14:47:09.632 [FXGL Background Thread 1 ] DEBUG PhysicsWorld         - Using strategy: BRUTE_FORCE
14:47:09.636 [FXGL Background Thread 1 ] DEBUG GameScene            - Game scene initialized: 1200x640
14:47:09.699 [FXGL Background Thread 1 ] DEBUG FXGLAssetLoaderServi - Loading from file system: file:/C:/Users/lucaa/OneDrive%20-%20HTL%20Saalfelden/POS/Workspace/IntelliJ/FXGL/TeacherTowerDefense/target/classes/assets/textures/menu_bg.png
14:47:09.849 [FXGL Background Thread 1 ] DEBUG GameApplicationServi - Application scenes initialized
14:47:09.946 [FXGL Background Thread 1 ] DEBUG SystemBundleService  - Loading FXGL system data
14:47:09.949 [FXGL Background Thread 1 ] DEBUG FileSystemAccess     - Reading from: C:\Users\lucaa\OneDrive - HTL Saalfelden\POS\Workspace\IntelliJ\FXGL\TeacherTowerDefense\system\fxgl.bundle
14:47:10.014 [FXGL Background Thread 1 ] DEBUG SystemBundleService  - Bundle FXGL: {}
14:47:10.015 [FXGL Background Thread 1 ] DEBUG UpdaterService       - Checking for updates
14:47:10.025 [FXGL Background Thread 4 ] DEBUG FXGLApplication      - Loading fonts
14:47:10.026 [FXGL Background Thread 4 ] DEBUG FXGLAssetLoaderServi - Loading from file system: jar:file:/C:/Users/lucaa/.m2/repository/com/github/almasb/fxgl/17.3/fxgl-17.3.jar!/fxglassets/ui/fonts/VarelaRound-Regular.ttf
14:47:10.026 [FXGL Background Thread 1 ] DEBUG FXGLApplication      - Loading default localization
14:47:10.027 [FXGL Background Thread 1 ] DEBUG FXGLAssetLoaderServi - Loading from file system: jar:file:/C:/Users/lucaa/.m2/repository/com/github/almasb/fxgl/17.3/fxgl-17.3.jar!/fxglassets/languages/english.lang
14:47:10.076 [FXGL Background Thread 4 ] DEBUG FXGLAssetLoaderServi - Loading from file system: jar:file:/C:/Users/lucaa/.m2/repository/com/github/almasb/fxgl/17.3/fxgl-17.3.jar!/fxglassets/ui/fonts/Abel-Regular.ttf
14:47:10.104 [FXGL Background Thread 1 ] INFO  FXGLApplication      - FXGL initialization took: 0,793 sec
14:47:10.106 [JavaFX Application Thread] DEBUG FXGLAssetLoaderServi - Loading from file system: jar:file:/C:/Users/lucaa/.m2/repository/com/github/almasb/fxgl/17.3/fxgl-17.3.jar!/fxglassets/textures/fxgl_icon.png
14:47:10.121 [FXGL Background Thread 4 ] DEBUG FXGLAssetLoaderServi - Loading from file system: jar:file:/C:/Users/lucaa/.m2/repository/com/github/almasb/fxgl/17.3/fxgl-17.3.jar!/fxglassets/ui/fonts/TerminalLandMono-Regular.otf
14:47:10.164 [FXGL Background Thread 4 ] DEBUG FXGLAssetLoaderServi - Loading from file system: jar:file:/C:/Users/lucaa/.m2/repository/com/github/almasb/fxgl/17.3/fxgl-17.3.jar!/fxglassets/ui/fonts/Courier-Prime.ttf
14:47:10.173 [JavaFX Application Thread] DEBUG FXGLAssetLoaderServi - Loading from file system: jar:file:/C:/Users/lucaa/.m2/repository/com/github/almasb/fxgl/17.3/fxgl-17.3.jar!/fxglassets/textures/fxgl_default_cursor.png
14:47:10.209 [JavaFX Application Thread] DEBUG Input                - Registered new binding: Screenshot - CTRL+8
14:47:10.210 [JavaFX Application Thread] DEBUG Input                - Registered new binding: System info dump - CTRL+9
14:47:10.211 [JavaFX Application Thread] DEBUG Input                - Registered new binding: Restart - CTRL+R
14:47:10.212 [JavaFX Application Thread] DEBUG Input                - Registered new binding: Toggle Debug Camera - CTRL+7
14:47:10.220 [JavaFX Application Thread] DEBUG LoopRunner           - Starting loop
14:47:10.220 [JavaFX Application Thread] DEBUG LoopRunner           - Initializing JavaFX AnimationTimerLoop
14:47:10.227 [JavaFX Application Thread] DEBUG Input                - Clearing active input actions
14:47:10.242 [JavaFX Application Thread] DEBUG GameApplicationServi - Removing overlay from FXGLStartupScene and adding to FXGLMainMenuDummyScene
14:47:10.243 [JavaFX Application Thread] DEBUG PrimaryStageWindow   - FXGLStartupScene -> FXGLMainMenuDummyScene
14:47:10.243 [JavaFX Application Thread] DEBUG PrimaryStageWindow   - Push state: CustomMainMenu
14:47:10.269 [JavaFX Application Thread] DEBUG Input                - Clearing active input actions
14:47:10.301 [JavaFX Application Thread] DEBUG GameApplicationServi - Removing overlay from FXGLMainMenuDummyScene and adding to CustomMainMenu
14:47:10.303 [JavaFX Application Thread] DEBUG PrimaryStageWindow   - FXGLMainMenuDummyScene -> CustomMainMenu
14:47:10.305 [JavaFX Application Thread] DEBUG FXGLApplication      - Registering font factories with UI factory
14:47:12.249 [FXGL Background Thread 2 ] INFO  UpdaterService       - Your current version:  17.3
14:47:12.249 [FXGL Background Thread 2 ] INFO  UpdaterService       - Latest stable version: 25
14:47:13.022 [FXGL Background Thread 3 ] DEBUG Engine               - Logging environment variables
14:47:13.024 [FXGL Background Thread 3 ] DEBUG Engine               - achievements: []
14:47:13.025 [FXGL Background Thread 3 ] DEBUG Engine               - actualHeight: 864.0
14:47:13.025 [FXGL Background Thread 3 ] DEBUG Engine               - actualHeightProperty: ReadOnlyDoubleProperty [value: 864.0]
14:47:13.025 [FXGL Background Thread 3 ] DEBUG Engine               - actualWidth: 1536.0
14:47:13.025 [FXGL Background Thread 3 ] DEBUG Engine               - actualWidthProperty: ReadOnlyDoubleProperty [value: 1536.0]
14:47:13.025 [FXGL Background Thread 3 ] DEBUG Engine               - appIcon: fxgl_icon.png
14:47:13.025 [FXGL Background Thread 3 ] DEBUG Engine               - applicationMode: DEVELOPER
14:47:13.025 [FXGL Background Thread 3 ] DEBUG Engine               - cSSList: [fxgl_dark.css]
14:47:13.025 [FXGL Background Thread 3 ] DEBUG Engine               - collisionDetectionStrategy: BRUTE_FORCE
14:47:13.025 [FXGL Background Thread 3 ] DEBUG Engine               - configClass: Optional.empty
14:47:13.025 [FXGL Background Thread 3 ] DEBUG Engine               - credits: []
14:47:13.028 [FXGL Background Thread 3 ] DEBUG Engine               - defaultCursor: CursorInfo(imageName=fxgl_default_cursor.png, hotspotX=7.0, hotspotY=6.0)
14:47:13.030 [FXGL Background Thread 3 ] DEBUG Engine               - devBBoxColorProperty: ObjectProperty [value: 0xff0000ff]
14:47:13.030 [FXGL Background Thread 3 ] DEBUG Engine               - devEnableDebugCameraProperty: BooleanProperty [value: false]
14:47:13.030 [FXGL Background Thread 3 ] DEBUG Engine               - devSensorColorProperty: ObjectProperty [value: 0xffff00ff]
14:47:13.030 [FXGL Background Thread 3 ] DEBUG Engine               - devShowBBoxProperty: BooleanProperty [value: false]
14:47:13.030 [FXGL Background Thread 3 ] DEBUG Engine               - devShowPositionProperty: BooleanProperty [value: false]
14:47:13.030 [FXGL Background Thread 3 ] DEBUG Engine               - enabledMenuItems: []
14:47:13.030 [FXGL Background Thread 3 ] DEBUG Engine               - engineServices: [class com.almasb.fxgl.app.services.FXGLAssetLoaderService, class com.almasb.fxgl.app.FXGLApplication$GameApplicationService, class com.almasb.fxgl.app.services.FXGLDialogService, class com.almasb.fxgl.app.services.IOTaskExecutorService, class com.almasb.fxgl.io.FileSystemService, class com.almasb.fxgl.localization.LocalizationService, class com.almasb.fxgl.app.services.SystemBundleService, class com.almasb.fxgl.profile.SaveLoadService, class com.almasb.fxgl.ui.FXGLUIFactoryServiceProvider, class com.almasb.fxgl.ui.FXGLDialogFactoryServiceProvider, class com.almasb.fxgl.audio.AudioPlayer, class com.almasb.fxgl.notification.impl.NotificationServiceProvider, class com.almasb.fxgl.achievement.AchievementService, class com.almasb.fxgl.cutscene.CutsceneService, class com.almasb.fxgl.minigames.MiniGameService, class com.almasb.fxgl.net.NetService, class com.almasb.fxgl.app.services.UpdaterService, class com.almasb.fxgl.dev.DevService]
14:47:13.030 [FXGL Background Thread 3 ] DEBUG Engine               - fontGame: Abel-Regular.ttf
14:47:13.030 [FXGL Background Thread 3 ] DEBUG Engine               - fontMono: TerminalLandMono-Regular.otf
14:47:13.030 [FXGL Background Thread 3 ] DEBUG Engine               - fontSizeScaleUI: 1.0
14:47:13.030 [FXGL Background Thread 3 ] DEBUG Engine               - fontText: Courier-Prime.ttf
14:47:13.030 [FXGL Background Thread 3 ] DEBUG Engine               - fontUI: VarelaRound-Regular.ttf
14:47:13.030 [FXGL Background Thread 3 ] DEBUG Engine               - fullScreen: BooleanProperty [value: true]
14:47:13.031 [FXGL Background Thread 3 ] DEBUG Engine               - gameDifficulty: MEDIUM
14:47:13.031 [FXGL Background Thread 3 ] DEBUG Engine               - gameDifficultyProperty: ObjectProperty [value: MEDIUM]
14:47:13.031 [FXGL Background Thread 3 ] DEBUG Engine               - globalMusicVolume: 0.5
14:47:13.031 [FXGL Background Thread 3 ] DEBUG Engine               - globalMusicVolumeProperty: DoubleProperty [value: 0.5]
14:47:13.031 [FXGL Background Thread 3 ] DEBUG Engine               - globalSoundVolume: 0.5
14:47:13.031 [FXGL Background Thread 3 ] DEBUG Engine               - globalSoundVolumeProperty: DoubleProperty [value: 0.5]
14:47:13.031 [FXGL Background Thread 3 ] DEBUG Engine               - height: 640
14:47:13.031 [FXGL Background Thread 3 ] DEBUG Engine               - is3D: false
14:47:13.031 [FXGL Background Thread 3 ] DEBUG Engine               - isAndroid: false
14:47:13.031 [FXGL Background Thread 3 ] DEBUG Engine               - isBrowser: false
14:47:13.031 [FXGL Background Thread 3 ] DEBUG Engine               - isClickFeedbackEnabled: false
14:47:13.031 [FXGL Background Thread 3 ] DEBUG Engine               - isCloseConfirmation: false
14:47:13.031 [FXGL Background Thread 3 ] DEBUG Engine               - isDesktop: true
14:47:13.031 [FXGL Background Thread 3 ] DEBUG Engine               - isDeveloperMenuEnabled: false
14:47:13.031 [FXGL Background Thread 3 ] DEBUG Engine               - isEmbedded: false
14:47:13.031 [FXGL Background Thread 3 ] DEBUG Engine               - isEntityPreloadEnabled: true
14:47:13.031 [FXGL Background Thread 3 ] DEBUG Engine               - isExperimentalTiledLargeMap: false
14:47:13.031 [FXGL Background Thread 3 ] DEBUG Engine               - isFileSystemWriteAllowed: true
14:47:13.031 [FXGL Background Thread 3 ] DEBUG Engine               - isFullScreenAllowed: true
14:47:13.031 [FXGL Background Thread 3 ] DEBUG Engine               - isFullScreenFromStart: true
14:47:13.031 [FXGL Background Thread 3 ] DEBUG Engine               - isGameMenuEnabled: true
14:47:13.031 [FXGL Background Thread 3 ] DEBUG Engine               - isIOS: false
14:47:13.031 [FXGL Background Thread 3 ] DEBUG Engine               - isIntroEnabled: false
14:47:13.031 [FXGL Background Thread 3 ] DEBUG Engine               - isLinux: false
14:47:13.032 [FXGL Background Thread 3 ] DEBUG Engine               - isMac: false
14:47:13.032 [FXGL Background Thread 3 ] DEBUG Engine               - isMainMenuEnabled: true
14:47:13.032 [FXGL Background Thread 3 ] DEBUG Engine               - isManualResizeEnabled: false
14:47:13.032 [FXGL Background Thread 3 ] DEBUG Engine               - isMobile: false
14:47:13.032 [FXGL Background Thread 3 ] DEBUG Engine               - isNative: false
14:47:13.032 [FXGL Background Thread 3 ] DEBUG Engine               - isPauseMusicWhenMinimized: true
14:47:13.032 [FXGL Background Thread 3 ] DEBUG Engine               - isPreserveResizeRatio: true
14:47:13.033 [FXGL Background Thread 3 ] DEBUG Engine               - isProfilingEnabled: false
14:47:13.033 [FXGL Background Thread 3 ] DEBUG Engine               - isScaleAffectedOnResize: true
14:47:13.033 [FXGL Background Thread 3 ] DEBUG Engine               - isSingleStep: false
14:47:13.034 [FXGL Background Thread 3 ] DEBUG Engine               - isUserProfileEnabled: false
14:47:13.034 [FXGL Background Thread 3 ] DEBUG Engine               - isWindows: true
14:47:13.034 [FXGL Background Thread 3 ] DEBUG Engine               - language: ObjectProperty [value: ENGLISH]
14:47:13.035 [FXGL Background Thread 3 ] DEBUG Engine               - menuKey: ESCAPE
14:47:13.035 [FXGL Background Thread 3 ] DEBUG Engine               - mouseSensitivity: 0.2
14:47:13.035 [FXGL Background Thread 3 ] DEBUG Engine               - notificationViewClass: class com.almasb.fxgl.notification.view.XboxNotificationView
14:47:13.036 [FXGL Background Thread 3 ] DEBUG Engine               - pixelsPerMeter: 50.0
14:47:13.036 [FXGL Background Thread 3 ] DEBUG Engine               - platform: WINDOWS
14:47:13.037 [FXGL Background Thread 3 ] DEBUG Engine               - prefHeightProperty: ReadOnlyDoubleProperty [value: 640.0]
14:47:13.037 [FXGL Background Thread 3 ] DEBUG Engine               - prefWidthProperty: ReadOnlyDoubleProperty [value: 1200.0]
14:47:13.037 [FXGL Background Thread 3 ] DEBUG Engine               - profileDir: profiles/
14:47:13.037 [FXGL Background Thread 3 ] DEBUG Engine               - profileName: StringProperty [value: DEFAULT]
14:47:13.038 [FXGL Background Thread 3 ] DEBUG Engine               - randomSeed: -1
14:47:13.039 [FXGL Background Thread 3 ] DEBUG Engine               - runtimeInfo: RuntimeInfo(platform=WINDOWS, version=17.3, build=30.03.2023 11.49)
14:47:13.039 [FXGL Background Thread 3 ] DEBUG Engine               - saveFileExt: sav
14:47:13.039 [FXGL Background Thread 3 ] DEBUG Engine               - scaledHeightProp$fxgl: DoubleProperty [bound, value: 864.0]
14:47:13.040 [FXGL Background Thread 3 ] DEBUG Engine               - scaledWidthProp$fxgl: DoubleProperty [bound, value: 1536.0]
14:47:13.040 [FXGL Background Thread 3 ] DEBUG Engine               - sceneFactory: at.htl.teachertowerdefense.CustomSceneFactory@3b7b07c
14:47:13.040 [FXGL Background Thread 3 ] DEBUG Engine               - secondsIn24h: 60
14:47:13.040 [FXGL Background Thread 3 ] DEBUG Engine               - soundMenuBack: menu/back.wav
14:47:13.040 [FXGL Background Thread 3 ] DEBUG Engine               - soundMenuPress: menu/press.wav
14:47:13.040 [FXGL Background Thread 3 ] DEBUG Engine               - soundMenuSelect: menu/select.wav
14:47:13.040 [FXGL Background Thread 3 ] DEBUG Engine               - soundNotification: core/notification.wav
14:47:13.040 [FXGL Background Thread 3 ] DEBUG Engine               - stageStyle: DECORATED
14:47:13.040 [FXGL Background Thread 3 ] DEBUG Engine               - supportedLanguages: [ENGLISH, FRENCH, GERMAN, HUNGARIAN, RUSSIAN]
14:47:13.040 [FXGL Background Thread 3 ] DEBUG Engine               - ticksPerSecond: -1
14:47:13.040 [FXGL Background Thread 3 ] DEBUG Engine               - title: Teacher Tower Defense
14:47:13.040 [FXGL Background Thread 3 ] DEBUG Engine               - urlGithub: https://github.com/AlmasB/FXGL
14:47:13.041 [FXGL Background Thread 3 ] DEBUG Engine               - urlLeaderboard: http://fxgl-top.herokuapp.com/
14:47:13.041 [FXGL Background Thread 3 ] DEBUG Engine               - urlPOM: https://raw.githubusercontent.com/AlmasB/FXGL/release/README.md
14:47:13.041 [FXGL Background Thread 3 ] DEBUG Engine               - userAppClass: class at.htl.teachertowerdefense.TeacherTowerDefenseApp
14:47:13.041 [FXGL Background Thread 3 ] DEBUG Engine               - version: 0.1
14:47:13.041 [FXGL Background Thread 3 ] DEBUG Engine               - versionCheckDays: 7
14:47:13.041 [FXGL Background Thread 3 ] DEBUG Engine               - width: 1200
14:47:13.041 [FXGL Background Thread 3 ] DEBUG Engine               - Logging services
14:47:13.041 [FXGL Background Thread 3 ] DEBUG Engine               - class com.almasb.fxgl.app.services.FXGLAssetLoaderService
14:47:13.041 [FXGL Background Thread 3 ] DEBUG Engine               - class com.almasb.fxgl.app.FXGLApplication$GameApplicationService
14:47:13.041 [FXGL Background Thread 3 ] DEBUG Engine               - class com.almasb.fxgl.app.services.FXGLDialogService
14:47:13.041 [FXGL Background Thread 3 ] DEBUG Engine               - class com.almasb.fxgl.app.services.IOTaskExecutorService
14:47:13.041 [FXGL Background Thread 3 ] DEBUG Engine               - class com.almasb.fxgl.io.FileSystemService
14:47:13.041 [FXGL Background Thread 3 ] DEBUG Engine               - class com.almasb.fxgl.localization.LocalizationService
14:47:13.041 [FXGL Background Thread 3 ] DEBUG Engine               - class com.almasb.fxgl.app.services.SystemBundleService
14:47:13.041 [FXGL Background Thread 3 ] DEBUG Engine               - class com.almasb.fxgl.profile.SaveLoadService
14:47:13.041 [FXGL Background Thread 3 ] DEBUG Engine               - class com.almasb.fxgl.ui.FXGLUIFactoryServiceProvider
14:47:13.041 [FXGL Background Thread 3 ] DEBUG Engine               - class com.almasb.fxgl.ui.FXGLDialogFactoryServiceProvider
14:47:13.041 [FXGL Background Thread 3 ] DEBUG Engine               - class com.almasb.fxgl.audio.AudioPlayer
14:47:13.041 [FXGL Background Thread 3 ] DEBUG Engine               - class com.almasb.fxgl.notification.impl.NotificationServiceProvider
14:47:13.041 [FXGL Background Thread 3 ] DEBUG Engine               - class com.almasb.fxgl.achievement.AchievementService
14:47:13.041 [FXGL Background Thread 3 ] DEBUG Engine               - class com.almasb.fxgl.cutscene.CutsceneService
14:47:13.041 [FXGL Background Thread 3 ] DEBUG Engine               - class com.almasb.fxgl.minigames.MiniGameService
14:47:13.041 [FXGL Background Thread 3 ] DEBUG Engine               - class com.almasb.fxgl.net.NetService
14:47:13.042 [FXGL Background Thread 3 ] DEBUG Engine               - class com.almasb.fxgl.app.services.UpdaterService
14:47:13.042 [FXGL Background Thread 3 ] DEBUG Engine               - class com.almasb.fxgl.dev.DevService
14:47:15.929 [JavaFX Application Thread] DEBUG Menu                 - fireNewGame()
14:47:15.929 [JavaFX Application Thread] DEBUG GameApplicationServi - Starting new game
14:47:15.929 [JavaFX Application Thread] DEBUG PrimaryStageWindow   - Pop state: CustomMainMenu
14:47:15.929 [JavaFX Application Thread] DEBUG Input                - Clearing active input actions
14:47:15.930 [JavaFX Application Thread] DEBUG GameApplicationServi - Removing overlay from CustomMainMenu and adding to FXGLMainMenuDummyScene
14:47:15.930 [JavaFX Application Thread] DEBUG PrimaryStageWindow   - FXGLMainMenuDummyScene <- CustomMainMenu
14:47:15.931 [JavaFX Application Thread] DEBUG Input                - Clearing active input actions
14:47:15.937 [JavaFX Application Thread] DEBUG GameApplicationServi - Removing overlay from FXGLMainMenuDummyScene and adding to FXGLLoadingScene
14:47:15.937 [JavaFX Application Thread] DEBUG PrimaryStageWindow   - FXGLMainMenuDummyScene -> FXGLLoadingScene
14:47:15.937 [JavaFX Application Thread] DEBUG GameApplicationServi - Clearing previous game
14:47:15.937 [JavaFX Application Thread] DEBUG GameScene            - Clearing game scene
14:47:15.937 [JavaFX Application Thread] DEBUG GameWorld            - Clearing game world
14:47:15.937 [JavaFX Application Thread] DEBUG PhysicsWorld         - Clearing physics world
14:47:15.939 [FXGL Background Thread 2 ] DEBUG FXGLApplication      - Initializing game
14:47:16.075 [FXGL Background Thread 2 ] WARN  TMXLevelLoader       - TiledMap generated from 1.11.2. Supported version: 1.9.0. Some features may not be parsed fully.
14:47:16.113 [FXGL Background Thread 2 ] DEBUG TMXLevelLoader       - Parsed TiledMap: file:/C:/Users/lucaa/OneDrive%20-%20HTL%20Saalfelden/POS/Workspace/IntelliJ/FXGL/TeacherTowerDefense/target/classes/assets/levels/Map1.tmx
14:47:16.115 [FXGL Background Thread 2 ] DEBUG TMXLevelLoader       - Creating tile layer entities
14:47:16.118 [FXGL Background Thread 2 ] DEBUG TilesetLoader        - Loading view for layer Kachelebene 0
14:47:16.125 [FXGL Background Thread 2 ] DEBUG TilesetLoader        - Created buffer with size 960.0x640.0
14:47:16.215 [FXGL Background Thread 2 ] DEBUG TilesetLoader        - Loading view for layer Kachelebene 1
14:47:16.216 [FXGL Background Thread 2 ] DEBUG TilesetLoader        - Created buffer with size 960.0x640.0
14:47:16.227 [FXGL Background Thread 2 ] DEBUG TilesetLoader        - Loading view for layer Kachelebene 2
14:47:16.228 [FXGL Background Thread 2 ] DEBUG TilesetLoader        - Created buffer with size 960.0x640.0
14:47:16.265 [FXGL Background Thread 2 ] DEBUG TilesetLoader        - Loading view for layer Kachelebene 4
14:47:16.266 [FXGL Background Thread 2 ] DEBUG TilesetLoader        - Created buffer with size 960.0x640.0
14:47:16.267 [FXGL Background Thread 2 ] DEBUG TMXLevelLoader       - Creating object layer entities
14:47:16.329 [FXGL Background Thread 2 ] DEBUG GameWorld            - Clearing removable entities
14:47:16.330 [FXGL Background Thread 2 ] DEBUG GameWorld            - Setting level: com.almasb.fxgl.entity.level.Level@3d13f55d
14:47:16.409 [FXGL Background Thread 2 ] DEBUG FXGLAssetLoaderServi - Loading from file system: file:/C:/Users/lucaa/OneDrive%20-%20HTL%20Saalfelden/POS/Workspace/IntelliJ/FXGL/TeacherTowerDefense/target/classes/assets/textures/Groebl.png
14:47:16.416 [FXGL Background Thread 2 ] DEBUG FXGLAssetLoaderServi - Loading from file system: file:/C:/Users/lucaa/OneDrive%20-%20HTL%20Saalfelden/POS/Workspace/IntelliJ/FXGL/TeacherTowerDefense/target/classes/assets/textures/Feichtner.png
14:47:16.419 [FXGL Background Thread 2 ] DEBUG FXGLAssetLoaderServi - Loading from file system: file:/C:/Users/lucaa/OneDrive%20-%20HTL%20Saalfelden/POS/Workspace/IntelliJ/FXGL/TeacherTowerDefense/target/classes/assets/textures/Winkler.png
14:47:16.424 [FXGL Background Thread 2 ] DEBUG FXGLAssetLoaderServi - Loading from file system: file:/C:/Users/lucaa/OneDrive%20-%20HTL%20Saalfelden/POS/Workspace/IntelliJ/FXGL/TeacherTowerDefense/target/classes/assets/textures/Aigner.png
14:47:16.445 [FXGL Background Thread 2 ] WARN  FXGLAssetLoaderServi - Asset "/assets/textures/Gassner.png" was not found!
14:47:16.445 [FXGL Background Thread 2 ] WARN  FXGLAssetLoaderServi - Failed to load IMAGE
14:47:16.497 [FXGL Background Thread 2 ] INFO  FXGLApplication      - Game initialization took: 0,558 sec
14:47:16.498 [JavaFX Application Thread] DEBUG Input                - Clearing active input actions
14:47:16.515 [JavaFX Application Thread] DEBUG GameApplicationServi - Removing overlay from FXGLLoadingScene and adding to GameScene
14:47:16.516 [JavaFX Application Thread] DEBUG PrimaryStageWindow   - FXGLLoadingScene -> GameScene
14:47:25.896 [JavaFX Application Thread] DEBUG PrimaryStageWindow   - Push state: CustomGameMenu
14:47:25.897 [JavaFX Application Thread] DEBUG Input                - Clearing active input actions
14:47:25.898 [JavaFX Application Thread] DEBUG GameApplicationServi - Removing overlay from GameScene and adding to CustomGameMenu
14:47:25.898 [JavaFX Application Thread] DEBUG PrimaryStageWindow   - GameScene -> CustomGameMenu
14:47:26.734 [JavaFX Application Thread] DEBUG Menu                 - fireExitToMainMenu()
14:47:26.750 [JavaFX Application Thread] DEBUG PrimaryStageWindow   - Push state: DialogSubScene
14:47:26.750 [JavaFX Application Thread] DEBUG Input                - Clearing active input actions
14:47:26.755 [JavaFX Application Thread] DEBUG GameApplicationServi - Removing overlay from CustomGameMenu and adding to DialogSubScene
14:47:26.755 [JavaFX Application Thread] DEBUG PrimaryStageWindow   - CustomGameMenu -> DialogSubScene
14:47:28.404 [JavaFX Application Thread] DEBUG PrimaryStageWindow   - Pop state: DialogSubScene
14:47:28.404 [JavaFX Application Thread] DEBUG Input                - Clearing active input actions
14:47:28.405 [JavaFX Application Thread] DEBUG GameApplicationServi - Removing overlay from DialogSubScene and adding to CustomGameMenu
14:47:28.405 [JavaFX Application Thread] DEBUG PrimaryStageWindow   - CustomGameMenu <- DialogSubScene
14:47:28.405 [JavaFX Application Thread] DEBUG PrimaryStageWindow   - Pop state: CustomGameMenu
14:47:28.405 [JavaFX Application Thread] DEBUG Input                - Clearing active input actions
14:47:28.405 [JavaFX Application Thread] DEBUG GameApplicationServi - Removing overlay from CustomGameMenu and adding to GameScene
14:47:28.406 [JavaFX Application Thread] DEBUG PrimaryStageWindow   - GameScene <- CustomGameMenu
14:47:28.406 [JavaFX Application Thread] DEBUG Input                - Clearing active input actions
14:47:28.410 [JavaFX Application Thread] DEBUG GameApplicationServi - Removing overlay from GameScene and adding to FXGLMainMenuDummyScene
14:47:28.410 [JavaFX Application Thread] DEBUG PrimaryStageWindow   - GameScene -> FXGLMainMenuDummyScene
14:47:28.411 [JavaFX Application Thread] DEBUG PrimaryStageWindow   - Push state: CustomMainMenu
14:47:28.414 [JavaFX Application Thread] DEBUG Input                - Clearing active input actions
14:47:28.416 [JavaFX Application Thread] DEBUG GameApplicationServi - Removing overlay from FXGLMainMenuDummyScene and adding to CustomMainMenu
14:47:28.416 [JavaFX Application Thread] DEBUG PrimaryStageWindow   - FXGLMainMenuDummyScene -> CustomMainMenu
14:48:15.026 [JavaFX Application Thread] DEBUG Menu                 - fireNewGame()
14:48:15.026 [JavaFX Application Thread] DEBUG GameApplicationServi - Starting new game
14:48:15.026 [JavaFX Application Thread] DEBUG PrimaryStageWindow   - Pop state: CustomMainMenu
14:48:15.026 [JavaFX Application Thread] DEBUG Input                - Clearing active input actions
14:48:15.027 [JavaFX Application Thread] DEBUG GameApplicationServi - Removing overlay from CustomMainMenu and adding to FXGLMainMenuDummyScene
14:48:15.027 [JavaFX Application Thread] DEBUG PrimaryStageWindow   - FXGLMainMenuDummyScene <- CustomMainMenu
14:48:15.027 [JavaFX Application Thread] DEBUG Input                - Clearing active input actions
14:48:15.031 [JavaFX Application Thread] DEBUG GameApplicationServi - Removing overlay from FXGLMainMenuDummyScene and adding to FXGLLoadingScene
14:48:15.032 [JavaFX Application Thread] DEBUG PrimaryStageWindow   - FXGLMainMenuDummyScene -> FXGLLoadingScene
14:48:15.032 [JavaFX Application Thread] DEBUG GameApplicationServi - Clearing previous game
14:48:15.032 [JavaFX Application Thread] DEBUG GameScene            - Clearing game scene
14:48:15.032 [JavaFX Application Thread] DEBUG GameWorld            - Clearing game world
14:48:15.037 [JavaFX Application Thread] DEBUG PhysicsWorld         - Clearing physics world
14:48:15.038 [FXGL Background Thread 2 ] DEBUG FXGLApplication      - Initializing game
14:48:15.063 [FXGL Background Thread 2 ] WARN  TMXLevelLoader       - TiledMap generated from 1.11.2. Supported version: 1.9.0. Some features may not be parsed fully.
14:48:15.076 [FXGL Background Thread 2 ] DEBUG TMXLevelLoader       - Parsed TiledMap: file:/C:/Users/lucaa/OneDrive%20-%20HTL%20Saalfelden/POS/Workspace/IntelliJ/FXGL/TeacherTowerDefense/target/classes/assets/levels/City.tmx
14:48:15.076 [FXGL Background Thread 2 ] DEBUG TMXLevelLoader       - Creating tile layer entities
14:48:15.076 [FXGL Background Thread 2 ] DEBUG TilesetLoader        - Loading view for layer Kachelebene 1
14:48:15.079 [FXGL Background Thread 2 ] DEBUG TilesetLoader        - Created buffer with size 960.0x640.0
14:48:15.102 [FXGL Background Thread 2 ] DEBUG TilesetLoader        - Loading view for layer Kachelebene 2
14:48:15.102 [FXGL Background Thread 2 ] DEBUG TilesetLoader        - Created buffer with size 960.0x640.0
14:48:15.106 [FXGL Background Thread 2 ] DEBUG TilesetLoader        - Loading view for layer Kachelebene 3
14:48:15.106 [FXGL Background Thread 2 ] DEBUG TilesetLoader        - Created buffer with size 960.0x640.0
14:48:15.107 [FXGL Background Thread 2 ] DEBUG TilesetLoader        - Loading view for layer Kachelebene 4
14:48:15.108 [FXGL Background Thread 2 ] DEBUG TilesetLoader        - Created buffer with size 960.0x640.0
14:48:15.108 [FXGL Background Thread 2 ] DEBUG TMXLevelLoader       - Creating object layer entities
14:48:15.121 [FXGL Background Thread 2 ] DEBUG GameWorld            - Clearing removable entities
14:48:15.121 [FXGL Background Thread 2 ] DEBUG GameWorld            - Setting level: com.almasb.fxgl.entity.level.Level@1198e6f6
14:48:15.125 [FXGL Background Thread 2 ] WARN  FXGLAssetLoaderServi - Asset "/assets/textures/Gassner.png" was not found!
14:48:15.125 [FXGL Background Thread 2 ] WARN  FXGLAssetLoaderServi - Failed to load IMAGE
14:48:15.126 [FXGL Background Thread 2 ] INFO  FXGLApplication      - Game initialization took: 0,089 sec
14:48:15.127 [JavaFX Application Thread] DEBUG Input                - Clearing active input actions
14:48:15.130 [JavaFX Application Thread] DEBUG GameApplicationServi - Removing overlay from FXGLLoadingScene and adding to GameScene
14:48:15.130 [JavaFX Application Thread] DEBUG PrimaryStageWindow   - FXGLLoadingScene -> GameScene
14:48:46.169 [JavaFX Application Thread] DEBUG FXGLAssetLoaderServi - Loading from file system: file:/C:/Users/lucaa/OneDrive%20-%20HTL%20Saalfelden/POS/Workspace/IntelliJ/FXGL/TeacherTowerDefense/target/classes/assets/textures/Jonathan.png
14:48:47.581 [JavaFX Application Thread] DEBUG FXGLAssetLoaderServi - Loading from file system: file:/C:/Users/lucaa/OneDrive%20-%20HTL%20Saalfelden/POS/Workspace/IntelliJ/FXGL/TeacherTowerDefense/target/classes/assets/textures/projektil_fisch.png
14:48:59.017 [JavaFX Application Thread] DEBUG FXGLAssetLoaderServi - Loading from file system: file:/C:/Users/lucaa/OneDrive%20-%20HTL%20Saalfelden/POS/Workspace/IntelliJ/FXGL/TeacherTowerDefense/target/classes/assets/textures/Gutmann.png
14:49:01.578 [JavaFX Application Thread] DEBUG PrimaryStageWindow   - Push state: CustomGameMenu
14:49:01.578 [JavaFX Application Thread] DEBUG Input                - Clearing active input actions
14:49:01.580 [JavaFX Application Thread] DEBUG GameApplicationServi - Removing overlay from GameScene and adding to CustomGameMenu
14:49:01.580 [JavaFX Application Thread] DEBUG PrimaryStageWindow   - GameScene -> CustomGameMenu
14:49:02.715 [JavaFX Application Thread] DEBUG PrimaryStageWindow   - Pop state: CustomGameMenu
14:49:02.715 [JavaFX Application Thread] DEBUG Input                - Clearing active input actions
14:49:02.716 [JavaFX Application Thread] DEBUG GameApplicationServi - Removing overlay from CustomGameMenu and adding to GameScene
14:49:02.716 [JavaFX Application Thread] DEBUG PrimaryStageWindow   - GameScene <- CustomGameMenu
14:49:10.471 [JavaFX Application Thread] DEBUG FXGLAssetLoaderServi - Loading from file system: file:/C:/Users/lucaa/OneDrive%20-%20HTL%20Saalfelden/POS/Workspace/IntelliJ/FXGL/TeacherTowerDefense/target/classes/assets/textures/Wojciech.png
14:49:23.253 [JavaFX Application Thread] DEBUG FXGLAssetLoaderServi - Loading from file system: file:/C:/Users/lucaa/OneDrive%20-%20HTL%20Saalfelden/POS/Workspace/IntelliJ/FXGL/TeacherTowerDefense/target/classes/assets/textures/Maxi.png
14:49:27.219 [JavaFX Application Thread] DEBUG FXGLAssetLoaderServi - Loading from file system: file:/C:/Users/lucaa/OneDrive%20-%20HTL%20Saalfelden/POS/Workspace/IntelliJ/FXGL/TeacherTowerDefense/target/classes/assets/textures/projektil_floppy.png
14:49:35.128 [JavaFX Application Thread] DEBUG FXGLAssetLoaderServi - Loading from file system: file:/C:/Users/lucaa/OneDrive%20-%20HTL%20Saalfelden/POS/Workspace/IntelliJ/FXGL/TeacherTowerDefense/target/classes/assets/textures/Toni.png
14:49:53.317 [JavaFX Application Thread] DEBUG FXGLAssetLoaderServi - Loading from file system: file:/C:/Users/lucaa/OneDrive%20-%20HTL%20Saalfelden/POS/Workspace/IntelliJ/FXGL/TeacherTowerDefense/target/classes/assets/textures/Marko.png
14:50:07.033 [JavaFX Application Thread] DEBUG FXGLAssetLoaderServi - Loading from file system: file:/C:/Users/lucaa/OneDrive%20-%20HTL%20Saalfelden/POS/Workspace/IntelliJ/FXGL/TeacherTowerDefense/target/classes/assets/textures/clemens.png
14:50:46.343 [JavaFX Application Thread] DEBUG FXGLAssetLoaderServi - Loading from file system: file:/C:/Users/lucaa/OneDrive%20-%20HTL%20Saalfelden/POS/Workspace/IntelliJ/FXGL/TeacherTowerDefense/target/classes/assets/textures/johannes.png
14:51:04.010 [JavaFX Application Thread] DEBUG PrimaryStageWindow   - Push state: DialogSubScene
14:51:04.010 [JavaFX Application Thread] DEBUG Input                - Clearing active input actions
14:51:04.011 [JavaFX Application Thread] DEBUG GameApplicationServi - Removing overlay from GameScene and adding to DialogSubScene
14:51:04.011 [JavaFX Application Thread] DEBUG PrimaryStageWindow   - GameScene -> DialogSubScene
14:51:11.475 [JavaFX Application Thread] DEBUG PrimaryStageWindow   - Pop state: DialogSubScene
14:51:11.475 [JavaFX Application Thread] DEBUG Input                - Clearing active input actions
14:51:11.475 [JavaFX Application Thread] DEBUG GameApplicationServi - Removing overlay from DialogSubScene and adding to GameScene
14:51:11.476 [JavaFX Application Thread] DEBUG PrimaryStageWindow   - GameScene <- DialogSubScene
14:51:11.476 [JavaFX Application Thread] DEBUG Input                - Clearing active input actions
14:51:11.479 [JavaFX Application Thread] DEBUG GameApplicationServi - Removing overlay from GameScene and adding to FXGLMainMenuDummyScene
14:51:11.479 [JavaFX Application Thread] DEBUG PrimaryStageWindow   - GameScene -> FXGLMainMenuDummyScene
14:51:11.479 [JavaFX Application Thread] DEBUG PrimaryStageWindow   - Push state: CustomMainMenu
14:51:11.481 [JavaFX Application Thread] DEBUG Input                - Clearing active input actions
14:51:11.481 [JavaFX Application Thread] DEBUG GameApplicationServi - Removing overlay from FXGLMainMenuDummyScene and adding to CustomMainMenu
14:51:11.481 [JavaFX Application Thread] DEBUG PrimaryStageWindow   - FXGLMainMenuDummyScene -> CustomMainMenu
14:52:27.081 [JavaFX Application Thread] DEBUG Menu                 - fireNewGame()
14:52:27.081 [JavaFX Application Thread] DEBUG GameApplicationServi - Starting new game
14:52:27.081 [JavaFX Application Thread] DEBUG PrimaryStageWindow   - Pop state: CustomMainMenu
14:52:27.081 [JavaFX Application Thread] DEBUG Input                - Clearing active input actions
14:52:27.082 [JavaFX Application Thread] DEBUG GameApplicationServi - Removing overlay from CustomMainMenu and adding to FXGLMainMenuDummyScene
14:52:27.082 [JavaFX Application Thread] DEBUG PrimaryStageWindow   - FXGLMainMenuDummyScene <- CustomMainMenu
14:52:27.082 [JavaFX Application Thread] DEBUG Input                - Clearing active input actions
14:52:27.085 [JavaFX Application Thread] DEBUG GameApplicationServi - Removing overlay from FXGLMainMenuDummyScene and adding to FXGLLoadingScene
14:52:27.085 [JavaFX Application Thread] DEBUG PrimaryStageWindow   - FXGLMainMenuDummyScene -> FXGLLoadingScene
14:52:27.085 [JavaFX Application Thread] DEBUG GameApplicationServi - Clearing previous game
14:52:27.085 [JavaFX Application Thread] DEBUG GameScene            - Clearing game scene
14:52:27.085 [JavaFX Application Thread] DEBUG GameWorld            - Clearing game world
14:52:27.088 [JavaFX Application Thread] DEBUG PhysicsWorld         - Clearing physics world
14:52:27.089 [FXGL Background Thread 5 ] DEBUG FXGLApplication      - Initializing game
14:52:27.095 [FXGL Background Thread 5 ] WARN  TMXLevelLoader       - TiledMap generated from 1.11.2. Supported version: 1.9.0. Some features may not be parsed fully.
14:52:27.106 [FXGL Background Thread 5 ] DEBUG TMXLevelLoader       - Parsed TiledMap: file:/C:/Users/lucaa/OneDrive%20-%20HTL%20Saalfelden/POS/Workspace/IntelliJ/FXGL/TeacherTowerDefense/target/classes/assets/levels/Map1.tmx
14:52:27.106 [FXGL Background Thread 5 ] DEBUG TMXLevelLoader       - Creating tile layer entities
14:52:27.107 [FXGL Background Thread 5 ] DEBUG TilesetLoader        - Loading view for layer Kachelebene 0
14:52:27.107 [FXGL Background Thread 5 ] DEBUG TilesetLoader        - Created buffer with size 960.0x640.0
14:52:27.124 [FXGL Background Thread 5 ] DEBUG TilesetLoader        - Loading view for layer Kachelebene 1
14:52:27.125 [FXGL Background Thread 5 ] DEBUG TilesetLoader        - Created buffer with size 960.0x640.0
14:52:27.127 [FXGL Background Thread 5 ] DEBUG TilesetLoader        - Loading view for layer Kachelebene 2
14:52:27.128 [FXGL Background Thread 5 ] DEBUG TilesetLoader        - Created buffer with size 960.0x640.0
14:52:27.130 [FXGL Background Thread 5 ] DEBUG TilesetLoader        - Loading view for layer Kachelebene 4
14:52:27.130 [FXGL Background Thread 5 ] DEBUG TilesetLoader        - Created buffer with size 960.0x640.0
14:52:27.130 [FXGL Background Thread 5 ] DEBUG TMXLevelLoader       - Creating object layer entities
14:52:27.132 [FXGL Background Thread 5 ] DEBUG GameWorld            - Clearing removable entities
14:52:27.132 [FXGL Background Thread 5 ] DEBUG GameWorld            - Setting level: com.almasb.fxgl.entity.level.Level@3e17d249
14:52:27.133 [FXGL Background Thread 5 ] WARN  FXGLAssetLoaderServi - Asset "/assets/textures/Gassner.png" was not found!
14:52:27.133 [FXGL Background Thread 5 ] WARN  FXGLAssetLoaderServi - Failed to load IMAGE
14:52:27.134 [FXGL Background Thread 5 ] INFO  FXGLApplication      - Game initialization took: 0,045 sec
14:52:27.135 [JavaFX Application Thread] DEBUG Input                - Clearing active input actions
14:52:27.138 [JavaFX Application Thread] DEBUG GameApplicationServi - Removing overlay from FXGLLoadingScene and adding to GameScene
14:52:27.138 [JavaFX Application Thread] DEBUG PrimaryStageWindow   - FXGLLoadingScene -> GameScene
14:52:31.006 [JavaFX Application Thread] DEBUG PrimaryStageWindow   - Push state: CustomGameMenu
14:52:31.006 [JavaFX Application Thread] DEBUG Input                - Clearing active input actions
14:52:31.009 [JavaFX Application Thread] DEBUG GameApplicationServi - Removing overlay from GameScene and adding to CustomGameMenu
14:52:31.009 [JavaFX Application Thread] DEBUG PrimaryStageWindow   - GameScene -> CustomGameMenu
14:52:33.292 [JavaFX Application Thread] DEBUG Menu                 - fireExitToMainMenu()
14:52:33.294 [JavaFX Application Thread] DEBUG PrimaryStageWindow   - Push state: DialogSubScene
14:52:33.294 [JavaFX Application Thread] DEBUG Input                - Clearing active input actions
14:52:33.294 [JavaFX Application Thread] DEBUG GameApplicationServi - Removing overlay from CustomGameMenu and adding to DialogSubScene
14:52:33.295 [JavaFX Application Thread] DEBUG PrimaryStageWindow   - CustomGameMenu -> DialogSubScene
14:52:34.112 [JavaFX Application Thread] DEBUG PrimaryStageWindow   - Pop state: DialogSubScene
14:52:34.112 [JavaFX Application Thread] DEBUG Input                - Clearing active input actions
14:52:34.113 [JavaFX Application Thread] DEBUG GameApplicationServi - Removing overlay from DialogSubScene and adding to CustomGameMenu
14:52:34.113 [JavaFX Application Thread] DEBUG PrimaryStageWindow   - CustomGameMenu <- DialogSubScene
14:52:34.113 [JavaFX Application Thread] DEBUG PrimaryStageWindow   - Pop state: CustomGameMenu
14:52:34.113 [JavaFX Application Thread] DEBUG Input                - Clearing active input actions
14:52:34.113 [JavaFX Application Thread] DEBUG GameApplicationServi - Removing overlay from CustomGameMenu and adding to GameScene
14:52:34.113 [JavaFX Application Thread] DEBUG PrimaryStageWindow   - GameScene <- CustomGameMenu
14:52:34.113 [JavaFX Application Thread] DEBUG Input                - Clearing active input actions
14:52:34.115 [JavaFX Application Thread] DEBUG GameApplicationServi - Removing overlay from GameScene and adding to FXGLMainMenuDummyScene
14:52:34.115 [JavaFX Application Thread] DEBUG PrimaryStageWindow   - GameScene -> FXGLMainMenuDummyScene
14:52:34.115 [JavaFX Application Thread] DEBUG PrimaryStageWindow   - Push state: CustomMainMenu
14:52:34.117 [JavaFX Application Thread] DEBUG Input                - Clearing active input actions
14:52:34.118 [JavaFX Application Thread] DEBUG GameApplicationServi - Removing overlay from FXGLMainMenuDummyScene and adding to CustomMainMenu
14:52:34.118 [JavaFX Application Thread] DEBUG PrimaryStageWindow   - FXGLMainMenuDummyScene -> CustomMainMenu
14:52:39.426 [JavaFX Application Thread] DEBUG Menu                 - fireNewGame()
14:52:39.426 [JavaFX Application Thread] DEBUG GameApplicationServi - Starting new game
14:52:39.426 [JavaFX Application Thread] DEBUG PrimaryStageWindow   - Pop state: CustomMainMenu
14:52:39.426 [JavaFX Application Thread] DEBUG Input                - Clearing active input actions
14:52:39.426 [JavaFX Application Thread] DEBUG GameApplicationServi - Removing overlay from CustomMainMenu and adding to FXGLMainMenuDummyScene
14:52:39.426 [JavaFX Application Thread] DEBUG PrimaryStageWindow   - FXGLMainMenuDummyScene <- CustomMainMenu
14:52:39.426 [JavaFX Application Thread] DEBUG Input                - Clearing active input actions
14:52:39.429 [JavaFX Application Thread] DEBUG GameApplicationServi - Removing overlay from FXGLMainMenuDummyScene and adding to FXGLLoadingScene
14:52:39.429 [JavaFX Application Thread] DEBUG PrimaryStageWindow   - FXGLMainMenuDummyScene -> FXGLLoadingScene
14:52:39.429 [JavaFX Application Thread] DEBUG GameApplicationServi - Clearing previous game
14:52:39.429 [JavaFX Application Thread] DEBUG GameScene            - Clearing game scene
14:52:39.429 [JavaFX Application Thread] DEBUG GameWorld            - Clearing game world
14:52:39.431 [JavaFX Application Thread] DEBUG PhysicsWorld         - Clearing physics world
14:52:39.431 [FXGL Background Thread 5 ] DEBUG FXGLApplication      - Initializing game
14:52:39.438 [FXGL Background Thread 5 ] WARN  TMXLevelLoader       - TiledMap generated from 1.11.2. Supported version: 1.9.0. Some features may not be parsed fully.
14:52:39.448 [FXGL Background Thread 5 ] DEBUG TMXLevelLoader       - Parsed TiledMap: file:/C:/Users/lucaa/OneDrive%20-%20HTL%20Saalfelden/POS/Workspace/IntelliJ/FXGL/TeacherTowerDefense/target/classes/assets/levels/Map1.tmx
14:52:39.449 [FXGL Background Thread 5 ] DEBUG TMXLevelLoader       - Creating tile layer entities
14:52:39.449 [FXGL Background Thread 5 ] DEBUG TilesetLoader        - Loading view for layer Kachelebene 0
14:52:39.450 [FXGL Background Thread 5 ] DEBUG TilesetLoader        - Created buffer with size 960.0x640.0
14:52:39.481 [FXGL Background Thread 5 ] DEBUG TilesetLoader        - Loading view for layer Kachelebene 1
14:52:39.482 [FXGL Background Thread 5 ] DEBUG TilesetLoader        - Created buffer with size 960.0x640.0
14:52:39.486 [FXGL Background Thread 5 ] DEBUG TilesetLoader        - Loading view for layer Kachelebene 2
14:52:39.486 [FXGL Background Thread 5 ] DEBUG TilesetLoader        - Created buffer with size 960.0x640.0
14:52:39.487 [FXGL Background Thread 5 ] DEBUG TilesetLoader        - Loading view for layer Kachelebene 4
14:52:39.488 [FXGL Background Thread 5 ] DEBUG TilesetLoader        - Created buffer with size 960.0x640.0
14:52:39.489 [FXGL Background Thread 5 ] DEBUG TMXLevelLoader       - Creating object layer entities
14:52:39.492 [FXGL Background Thread 5 ] DEBUG GameWorld            - Clearing removable entities
14:52:39.492 [FXGL Background Thread 5 ] DEBUG GameWorld            - Setting level: com.almasb.fxgl.entity.level.Level@4564c21c
14:52:39.495 [FXGL Background Thread 5 ] WARN  FXGLAssetLoaderServi - Asset "/assets/textures/Gassner.png" was not found!
14:52:39.495 [FXGL Background Thread 5 ] WARN  FXGLAssetLoaderServi - Failed to load IMAGE
14:52:39.496 [FXGL Background Thread 5 ] INFO  FXGLApplication      - Game initialization took: 0,065 sec
14:52:39.497 [JavaFX Application Thread] DEBUG Input                - Clearing active input actions
14:52:39.502 [JavaFX Application Thread] DEBUG GameApplicationServi - Removing overlay from FXGLLoadingScene and adding to GameScene
14:52:39.502 [JavaFX Application Thread] DEBUG PrimaryStageWindow   - FXGLLoadingScene -> GameScene
14:52:57.057 [JavaFX Application Thread] DEBUG FXGLAssetLoaderServi - Loading from file system: file:/C:/Users/lucaa/OneDrive%20-%20HTL%20Saalfelden/POS/Workspace/IntelliJ/FXGL/TeacherTowerDefense/target/classes/assets/textures/Groebl_2.png
14:53:00.007 [JavaFX Application Thread] DEBUG FXGLAssetLoaderServi - Loading from file system: file:/C:/Users/lucaa/OneDrive%20-%20HTL%20Saalfelden/POS/Workspace/IntelliJ/FXGL/TeacherTowerDefense/target/classes/assets/textures/Feichtner_2.png
14:53:13.369 [JavaFX Application Thread] DEBUG FXGLAssetLoaderServi - Loading from file system: file:/C:/Users/lucaa/OneDrive%20-%20HTL%20Saalfelden/POS/Workspace/IntelliJ/FXGL/TeacherTowerDefense/target/classes/assets/textures/Winkler_2.png
14:53:39.194 [JavaFX Application Thread] DEBUG FXGLAssetLoaderServi - Loading from file system: file:/C:/Users/lucaa/OneDrive%20-%20HTL%20Saalfelden/POS/Workspace/IntelliJ/FXGL/TeacherTowerDefense/target/classes/assets/textures/projektil_musikdisk.png
14:53:54.041 [JavaFX Application Thread] DEBUG FXGLAssetLoaderServi - Loading from file system: file:/C:/Users/lucaa/OneDrive%20-%20HTL%20Saalfelden/POS/Workspace/IntelliJ/FXGL/TeacherTowerDefense/target/classes/assets/textures/projektil_golfball.png
14:53:54.104 [JavaFX Application Thread] DEBUG FXGLAssetLoaderServi - Loading from file system: file:/C:/Users/lucaa/OneDrive%20-%20HTL%20Saalfelden/POS/Workspace/IntelliJ/FXGL/TeacherTowerDefense/target/classes/assets/textures/projektil_potion.png
14:55:21.522 [JavaFX Application Thread] DEBUG PrimaryStageWindow   - Push state: CustomGameMenu
14:55:21.523 [JavaFX Application Thread] DEBUG Input                - Clearing active input actions
14:55:21.525 [JavaFX Application Thread] DEBUG GameApplicationServi - Removing overlay from GameScene and adding to CustomGameMenu
14:55:21.525 [JavaFX Application Thread] DEBUG PrimaryStageWindow   - GameScene -> CustomGameMenu
14:55:22.189 [JavaFX Application Thread] DEBUG PrimaryStageWindow   - Pop state: CustomGameMenu
14:55:22.189 [JavaFX Application Thread] DEBUG Input                - Clearing active input actions
14:55:22.189 [JavaFX Application Thread] DEBUG GameApplicationServi - Removing overlay from CustomGameMenu and adding to GameScene
14:55:22.189 [JavaFX Application Thread] DEBUG PrimaryStageWindow   - GameScene <- CustomGameMenu
14:55:22.469 [JavaFX Application Thread] DEBUG PrimaryStageWindow   - Push state: CustomGameMenu
14:55:22.469 [JavaFX Application Thread] DEBUG Input                - Clearing active input actions
14:55:22.470 [JavaFX Application Thread] DEBUG GameApplicationServi - Removing overlay from GameScene and adding to CustomGameMenu
14:55:22.470 [JavaFX Application Thread] DEBUG PrimaryStageWindow   - GameScene -> CustomGameMenu
14:55:23.076 [JavaFX Application Thread] DEBUG Menu                 - fireExitToMainMenu()
14:55:23.076 [JavaFX Application Thread] DEBUG PrimaryStageWindow   - Push state: DialogSubScene
14:55:23.077 [JavaFX Application Thread] DEBUG Input                - Clearing active input actions
14:55:23.077 [JavaFX Application Thread] DEBUG GameApplicationServi - Removing overlay from CustomGameMenu and adding to DialogSubScene
14:55:23.077 [JavaFX Application Thread] DEBUG PrimaryStageWindow   - CustomGameMenu -> DialogSubScene
14:55:23.964 [JavaFX Application Thread] DEBUG PrimaryStageWindow   - Pop state: DialogSubScene
14:55:23.964 [JavaFX Application Thread] DEBUG Input                - Clearing active input actions
14:55:23.965 [JavaFX Application Thread] DEBUG GameApplicationServi - Removing overlay from DialogSubScene and adding to CustomGameMenu
14:55:23.965 [JavaFX Application Thread] DEBUG PrimaryStageWindow   - CustomGameMenu <- DialogSubScene
14:55:23.965 [JavaFX Application Thread] DEBUG PrimaryStageWindow   - Pop state: CustomGameMenu
14:55:23.965 [JavaFX Application Thread] DEBUG Input                - Clearing active input actions
14:55:23.965 [JavaFX Application Thread] DEBUG GameApplicationServi - Removing overlay from CustomGameMenu and adding to GameScene
14:55:23.965 [JavaFX Application Thread] DEBUG PrimaryStageWindow   - GameScene <- CustomGameMenu
14:55:23.965 [JavaFX Application Thread] DEBUG Input                - Clearing active input actions
14:55:23.968 [JavaFX Application Thread] DEBUG GameApplicationServi - Removing overlay from GameScene and adding to FXGLMainMenuDummyScene
14:55:23.968 [JavaFX Application Thread] DEBUG PrimaryStageWindow   - GameScene -> FXGLMainMenuDummyScene
14:55:23.968 [JavaFX Application Thread] DEBUG PrimaryStageWindow   - Push state: CustomMainMenu
14:55:23.971 [JavaFX Application Thread] DEBUG Input                - Clearing active input actions
14:55:23.971 [JavaFX Application Thread] DEBUG GameApplicationServi - Removing overlay from FXGLMainMenuDummyScene and adding to CustomMainMenu
14:55:23.971 [JavaFX Application Thread] DEBUG PrimaryStageWindow   - FXGLMainMenuDummyScene -> CustomMainMenu
14:55:25.812 [JavaFX Application Thread] DEBUG Menu                 - fireNewGame()
14:55:25.813 [JavaFX Application Thread] DEBUG GameApplicationServi - Starting new game
14:55:25.813 [JavaFX Application Thread] DEBUG PrimaryStageWindow   - Pop state: CustomMainMenu
14:55:25.813 [JavaFX Application Thread] DEBUG Input                - Clearing active input actions
14:55:25.813 [JavaFX Application Thread] DEBUG GameApplicationServi - Removing overlay from CustomMainMenu and adding to FXGLMainMenuDummyScene
14:55:25.813 [JavaFX Application Thread] DEBUG PrimaryStageWindow   - FXGLMainMenuDummyScene <- CustomMainMenu
14:55:25.813 [JavaFX Application Thread] DEBUG Input                - Clearing active input actions
14:55:25.816 [JavaFX Application Thread] DEBUG GameApplicationServi - Removing overlay from FXGLMainMenuDummyScene and adding to FXGLLoadingScene
14:55:25.816 [JavaFX Application Thread] DEBUG PrimaryStageWindow   - FXGLMainMenuDummyScene -> FXGLLoadingScene
14:55:25.816 [JavaFX Application Thread] DEBUG GameApplicationServi - Clearing previous game
14:55:25.816 [JavaFX Application Thread] DEBUG GameScene            - Clearing game scene
14:55:25.816 [JavaFX Application Thread] DEBUG GameWorld            - Clearing game world
14:55:25.816 [JavaFX Application Thread] DEBUG PhysicsWorld         - Clearing physics world
14:55:25.818 [FXGL Background Thread 6 ] DEBUG FXGLApplication      - Initializing game
14:55:25.831 [FXGL Background Thread 6 ] WARN  TMXLevelLoader       - TiledMap generated from 1.11.2. Supported version: 1.9.0. Some features may not be parsed fully.
14:55:25.856 [FXGL Background Thread 6 ] DEBUG TMXLevelLoader       - Parsed TiledMap: file:/C:/Users/lucaa/OneDrive%20-%20HTL%20Saalfelden/POS/Workspace/IntelliJ/FXGL/TeacherTowerDefense/target/classes/assets/levels/Map1.tmx
14:55:25.856 [FXGL Background Thread 6 ] DEBUG TMXLevelLoader       - Creating tile layer entities
14:55:25.857 [FXGL Background Thread 6 ] DEBUG TilesetLoader        - Loading view for layer Kachelebene 0
14:55:25.857 [FXGL Background Thread 6 ] DEBUG TilesetLoader        - Created buffer with size 960.0x640.0
14:55:25.871 [FXGL Background Thread 6 ] DEBUG TilesetLoader        - Loading view for layer Kachelebene 1
14:55:25.871 [FXGL Background Thread 6 ] DEBUG TilesetLoader        - Created buffer with size 960.0x640.0
14:55:25.871 [FXGL Background Thread 6 ] DEBUG TilesetLoader        - Loading view for layer Kachelebene 2
14:55:25.873 [FXGL Background Thread 6 ] DEBUG TilesetLoader        - Created buffer with size 960.0x640.0
14:55:25.873 [FXGL Background Thread 6 ] DEBUG TilesetLoader        - Loading view for layer Kachelebene 4
14:55:25.873 [FXGL Background Thread 6 ] DEBUG TilesetLoader        - Created buffer with size 960.0x640.0
14:55:25.873 [FXGL Background Thread 6 ] DEBUG TMXLevelLoader       - Creating object layer entities
14:55:25.874 [FXGL Background Thread 6 ] DEBUG GameWorld            - Clearing removable entities
14:55:25.874 [FXGL Background Thread 6 ] DEBUG GameWorld            - Setting level: com.almasb.fxgl.entity.level.Level@2674178e
14:55:25.875 [FXGL Background Thread 6 ] WARN  FXGLAssetLoaderServi - Asset "/assets/textures/Gassner.png" was not found!
14:55:25.876 [FXGL Background Thread 6 ] WARN  FXGLAssetLoaderServi - Failed to load IMAGE
14:55:25.876 [FXGL Background Thread 6 ] INFO  FXGLApplication      - Game initialization took: 0,059 sec
14:55:25.877 [JavaFX Application Thread] DEBUG Input                - Clearing active input actions
14:55:25.880 [JavaFX Application Thread] DEBUG GameApplicationServi - Removing overlay from FXGLLoadingScene and adding to GameScene
14:55:25.880 [JavaFX Application Thread] DEBUG PrimaryStageWindow   - FXGLLoadingScene -> GameScene
14:55:41.983 [JavaFX Application Thread] WARN  FXGLAssetLoaderServi - Asset "/assets/textures/Gassner.png" was not found!
14:55:41.984 [JavaFX Application Thread] WARN  FXGLAssetLoaderServi - Failed to load IMAGE
14:56:16.239 [JavaFX Application Thread] WARN  FXGLAssetLoaderServi - Asset "/assets/textures/Gassner.png" was not found!
14:56:16.239 [JavaFX Application Thread] WARN  FXGLAssetLoaderServi - Failed to load IMAGE
15:16:17.675 [JavaFX Application Thread] DEBUG PrimaryStageWindow   - Push state: DialogSubScene
15:16:17.676 [JavaFX Application Thread] DEBUG Input                - Clearing active input actions
15:16:17.678 [JavaFX Application Thread] DEBUG GameApplicationServi - Removing overlay from GameScene and adding to DialogSubScene
15:16:17.678 [JavaFX Application Thread] DEBUG PrimaryStageWindow   - GameScene -> DialogSubScene
15:16:19.225 [JavaFX Application Thread] DEBUG PrimaryStageWindow   - Pop state: DialogSubScene
15:16:19.225 [JavaFX Application Thread] DEBUG Input                - Clearing active input actions
15:16:19.226 [JavaFX Application Thread] DEBUG GameApplicationServi - Removing overlay from DialogSubScene and adding to GameScene
15:16:19.226 [JavaFX Application Thread] DEBUG PrimaryStageWindow   - GameScene <- DialogSubScene
15:16:19.226 [JavaFX Application Thread] DEBUG Input                - Clearing active input actions
15:16:19.229 [JavaFX Application Thread] DEBUG GameApplicationServi - Removing overlay from GameScene and adding to FXGLMainMenuDummyScene
15:16:19.229 [JavaFX Application Thread] DEBUG PrimaryStageWindow   - GameScene -> FXGLMainMenuDummyScene
15:16:19.229 [JavaFX Application Thread] DEBUG PrimaryStageWindow   - Push state: CustomMainMenu
15:16:19.232 [JavaFX Application Thread] DEBUG Input                - Clearing active input actions
15:16:19.232 [JavaFX Application Thread] DEBUG GameApplicationServi - Removing overlay from FXGLMainMenuDummyScene and adding to CustomMainMenu
15:16:19.233 [JavaFX Application Thread] DEBUG PrimaryStageWindow   - FXGLMainMenuDummyScene -> CustomMainMenu
15:16:36.849 [JavaFX Application Thread] DEBUG Menu                 - fireNewGame()
15:16:36.849 [JavaFX Application Thread] DEBUG GameApplicationServi - Starting new game
15:16:36.849 [JavaFX Application Thread] DEBUG PrimaryStageWindow   - Pop state: CustomMainMenu
15:16:36.849 [JavaFX Application Thread] DEBUG Input                - Clearing active input actions
15:16:36.849 [JavaFX Application Thread] DEBUG GameApplicationServi - Removing overlay from CustomMainMenu and adding to FXGLMainMenuDummyScene
15:16:36.849 [JavaFX Application Thread] DEBUG PrimaryStageWindow   - FXGLMainMenuDummyScene <- CustomMainMenu
15:16:36.849 [JavaFX Application Thread] DEBUG Input                - Clearing active input actions
15:16:36.852 [JavaFX Application Thread] DEBUG GameApplicationServi - Removing overlay from FXGLMainMenuDummyScene and adding to FXGLLoadingScene
15:16:36.852 [JavaFX Application Thread] DEBUG PrimaryStageWindow   - FXGLMainMenuDummyScene -> FXGLLoadingScene
15:16:36.852 [JavaFX Application Thread] DEBUG GameApplicationServi - Clearing previous game
15:16:36.852 [JavaFX Application Thread] DEBUG GameScene            - Clearing game scene
15:16:36.852 [JavaFX Application Thread] DEBUG GameWorld            - Clearing game world
15:16:36.852 [JavaFX Application Thread] DEBUG PhysicsWorld         - Clearing physics world
15:16:36.853 [FXGL Background Thread 7 ] DEBUG FXGLApplication      - Initializing game
15:16:36.859 [FXGL Background Thread 7 ] WARN  TMXLevelLoader       - TiledMap generated from 1.11.2. Supported version: 1.9.0. Some features may not be parsed fully.
15:16:36.865 [FXGL Background Thread 7 ] DEBUG TMXLevelLoader       - Parsed TiledMap: file:/C:/Users/lucaa/OneDrive%20-%20HTL%20Saalfelden/POS/Workspace/IntelliJ/FXGL/TeacherTowerDefense/target/classes/assets/levels/Map1.tmx
15:16:36.865 [FXGL Background Thread 7 ] DEBUG TMXLevelLoader       - Creating tile layer entities
15:16:36.865 [FXGL Background Thread 7 ] DEBUG TilesetLoader        - Loading view for layer Kachelebene 0
15:16:36.869 [FXGL Background Thread 7 ] DEBUG TilesetLoader        - Created buffer with size 960.0x640.0
15:16:36.906 [FXGL Background Thread 7 ] DEBUG TilesetLoader        - Loading view for layer Kachelebene 1
15:16:36.906 [FXGL Background Thread 7 ] DEBUG TilesetLoader        - Created buffer with size 960.0x640.0
15:16:36.907 [FXGL Background Thread 7 ] DEBUG TilesetLoader        - Loading view for layer Kachelebene 2
15:16:36.907 [FXGL Background Thread 7 ] DEBUG TilesetLoader        - Created buffer with size 960.0x640.0
15:16:36.909 [FXGL Background Thread 7 ] DEBUG TilesetLoader        - Loading view for layer Kachelebene 4
15:16:36.909 [FXGL Background Thread 7 ] DEBUG TilesetLoader        - Created buffer with size 960.0x640.0
15:16:36.909 [FXGL Background Thread 7 ] DEBUG TMXLevelLoader       - Creating object layer entities
15:16:36.910 [FXGL Background Thread 7 ] DEBUG GameWorld            - Clearing removable entities
15:16:36.910 [FXGL Background Thread 7 ] DEBUG GameWorld            - Setting level: com.almasb.fxgl.entity.level.Level@1ee27c2c
15:16:36.912 [FXGL Background Thread 7 ] WARN  FXGLAssetLoaderServi - Asset "/assets/textures/Gassner.png" was not found!
15:16:36.912 [FXGL Background Thread 7 ] WARN  FXGLAssetLoaderServi - Failed to load IMAGE
15:16:36.913 [FXGL Background Thread 7 ] INFO  FXGLApplication      - Game initialization took: 0,060 sec
15:16:36.913 [JavaFX Application Thread] DEBUG Input                - Clearing active input actions
15:16:36.917 [JavaFX Application Thread] DEBUG GameApplicationServi - Removing overlay from FXGLLoadingScene and adding to GameScene
15:16:36.917 [JavaFX Application Thread] DEBUG PrimaryStageWindow   - FXGLLoadingScene -> GameScene
15:17:26.354 [JavaFX Application Thread] DEBUG PrimaryStageWindow   - Push state: CustomGameMenu
15:17:26.355 [JavaFX Application Thread] DEBUG Input                - Clearing active input actions
15:17:26.355 [JavaFX Application Thread] DEBUG GameApplicationServi - Removing overlay from GameScene and adding to CustomGameMenu
15:17:26.356 [JavaFX Application Thread] DEBUG PrimaryStageWindow   - GameScene -> CustomGameMenu
15:17:29.619 [JavaFX Application Thread] DEBUG PrimaryStageWindow   - Pop state: CustomGameMenu
15:17:29.619 [JavaFX Application Thread] DEBUG Input                - Clearing active input actions
15:17:29.620 [JavaFX Application Thread] DEBUG GameApplicationServi - Removing overlay from CustomGameMenu and adding to GameScene
15:17:29.620 [JavaFX Application Thread] DEBUG PrimaryStageWindow   - GameScene <- CustomGameMenu
15:50:44.671 [JavaFX Application Thread] DEBUG FXGLApplication      - Exiting FXGL
15:50:44.673 [JavaFX Application Thread] DEBUG LoopRunner           - Stopping loop
15:50:44.673 [JavaFX Application Thread] DEBUG SystemBundleService  - Saving FXGL system data
15:50:44.689 [JavaFX Application Thread] DEBUG FileSystemAccess     - Writing to: C:\Users\lucaa\OneDrive - HTL Saalfelden\POS\Workspace\IntelliJ\FXGL\TeacherTowerDefense\system\fxgl.bundle
15:50:44.697 [JavaFX Application Thread] DEBUG Async                - Shutting down background threads
15:50:44.699 [JavaFX Application Thread] DEBUG PrimaryStageWindow   - Closing main window
15:50:44.740 [JavaFX Application Thread] DEBUG Logger               - Closing Logger
