08:26:05.120 [main                     ] DEBUG Logger               - Configured Logger
08:26:05.129 [main                     ] DEBUG GameApplication      - Logging settings
Title: Teacher Tower Defense
Version: 0.1
Width: 1200
Height: 640
Fullscreen: true
Intro: false
Profiling: false
Single step:false
App Mode: DEVELOPER
Menu Key: ESCAPE
Stage Style: DECORATED
Scene Factory: class at.htl.teachertowerdefense.CustomSceneFactory

08:26:05.672 [JavaFX Application Thread] DEBUG FXGLApplication      - Initializing FXGL
08:26:05.674 [JavaFX Application Thread] INFO  Engine               - FXGL-17.3 (30.03.2023 11.49) on WINDOWS (J:25.0.2 FX:21.0.6)
08:26:05.675 [JavaFX Application Thread] DEBUG Engine               - JRE Vendor Name: Oracle Corporation
08:26:05.675 [JavaFX Application Thread] DEBUG Engine               - Running on OS: Windows 11 version 10.0
08:26:05.675 [JavaFX Application Thread] DEBUG Engine               - Architecture: amd64
08:26:05.675 [JavaFX Application Thread] INFO  Engine               - Source code and latest versions at: https://github.com/AlmasB/FXGL
08:26:05.675 [JavaFX Application Thread] INFO  Engine               -       Ask questions and discuss at: https://github.com/AlmasB/FXGL/discussions
08:26:05.675 [JavaFX Application Thread] INFO  Engine               -              Join the FXGL chat at: https://gitter.im/AlmasB/FXGL
08:26:05.786 [JavaFX Application Thread] DEBUG PrimaryStageWindow   - Creating a JavaFX scene
08:26:05.838 [JavaFX Application Thread] DEBUG PrimaryStageWindow   - Target settings size: 1200.0 x 640.0
08:26:05.838 [JavaFX Application Thread] DEBUG PrimaryStageWindow   - Scaled scene size:    1200.0 x 640.0
08:26:05.838 [JavaFX Application Thread] DEBUG PrimaryStageWindow   - Scaled ratio: (1.0, 1.0)
08:26:05.839 [JavaFX Application Thread] DEBUG PrimaryStageWindow   - Set initial scene to FXGLStartupScene
08:26:05.845 [JavaFX Application Thread] DEBUG PrimaryStageWindow   - Opening main window
08:26:05.954 [JavaFX Application Thread] DEBUG PrimaryStageWindow   - Window border size: (14.4000244140625, 37.5999755859375)
08:26:05.955 [JavaFX Application Thread] DEBUG PrimaryStageWindow   - Scaled size: 1200.0 x 640.0
08:26:05.955 [JavaFX Application Thread] DEBUG PrimaryStageWindow   - Scaled ratio: (1.0, 1.0)
08:26:05.955 [JavaFX Application Thread] DEBUG PrimaryStageWindow   - Scene size: 1200.0 x 640.0
08:26:05.955 [JavaFX Application Thread] DEBUG PrimaryStageWindow   - Stage size: 1214.4000244140625 x 677.5999755859375
08:26:06.025 [JavaFX Application Thread] DEBUG PrimaryStageWindow   - Going fullscreen
08:26:06.034 [FXGL Background Thread 1 ] DEBUG Engine               - Initializing environment variables
08:26:06.086 [FXGL Background Thread 1 ] DEBUG FXGLAssetLoaderServi - User app class for loading assets: class at.htl.teachertowerdefense.TeacherTowerDefenseApp
08:26:06.086 [FXGL Background Thread 1 ] DEBUG GameApplicationServi - Applying CSS: fxgl_dark.css
08:26:06.087 [FXGL Background Thread 1 ] DEBUG FXGLAssetLoaderServi - Loading from file system: jar:file:/C:/Users/lucaa/.m2/repository/com/github/almasb/fxgl/17.3/fxgl-17.3.jar!/fxglassets/ui/css/fxgl_dark.css
08:26:06.123 [FXGL Background Thread 1 ] DEBUG GameApplicationServi - Initializing application scenes
08:26:06.168 [FXGL Background Thread 1 ] DEBUG GameWorld            - Game world initialized
08:26:06.216 [FXGL Background Thread 1 ] DEBUG PhysicsWorld         - Physics world initialized: appHeight=640, physics.ppm=50,0
08:26:06.216 [FXGL Background Thread 1 ] DEBUG PhysicsWorld         - Using strategy: BRUTE_FORCE
08:26:06.220 [FXGL Background Thread 1 ] DEBUG GameScene            - Game scene initialized: 1200x640
08:26:06.236 [FXGL Background Thread 1 ] DEBUG FXGLAssetLoaderServi - Loading from file system: file:/C:/Users/lucaa/OneDrive%20-%20HTL%20Saalfelden/POS/Workspace/IntelliJ/FXGL/TeacherTowerDefense/target/classes/assets/textures/menu_bg.png
08:26:06.333 [FXGL Background Thread 1 ] DEBUG GameApplicationServi - Application scenes initialized
08:26:06.343 [FXGL Background Thread 1 ] DEBUG SystemBundleService  - Loading FXGL system data
08:26:06.344 [FXGL Background Thread 1 ] DEBUG FileSystemAccess     - Reading from: C:\Users\lucaa\OneDrive - HTL Saalfelden\POS\Workspace\IntelliJ\FXGL\TeacherTowerDefense\system\fxgl.bundle
08:26:06.347 [FXGL Background Thread 1 ] DEBUG SystemBundleService  - Bundle FXGL: {}
08:26:06.347 [FXGL Background Thread 1 ] DEBUG UpdaterService       - Checking for updates
08:26:06.354 [FXGL Background Thread 4 ] DEBUG FXGLApplication      - Loading fonts
08:26:06.355 [FXGL Background Thread 4 ] DEBUG FXGLAssetLoaderServi - Loading from file system: jar:file:/C:/Users/lucaa/.m2/repository/com/github/almasb/fxgl/17.3/fxgl-17.3.jar!/fxglassets/ui/fonts/VarelaRound-Regular.ttf
08:26:06.355 [FXGL Background Thread 1 ] DEBUG FXGLApplication      - Loading default localization
08:26:06.357 [FXGL Background Thread 1 ] DEBUG FXGLAssetLoaderServi - Loading from file system: jar:file:/C:/Users/lucaa/.m2/repository/com/github/almasb/fxgl/17.3/fxgl-17.3.jar!/fxglassets/languages/english.lang
08:26:06.377 [FXGL Background Thread 1 ] INFO  FXGLApplication      - FXGL initialization took: 0,342 sec
08:26:06.378 [FXGL Background Thread 4 ] DEBUG FXGLAssetLoaderServi - Loading from file system: jar:file:/C:/Users/lucaa/.m2/repository/com/github/almasb/fxgl/17.3/fxgl-17.3.jar!/fxglassets/ui/fonts/Abel-Regular.ttf
08:26:06.379 [JavaFX Application Thread] DEBUG FXGLAssetLoaderServi - Loading from file system: jar:file:/C:/Users/lucaa/.m2/repository/com/github/almasb/fxgl/17.3/fxgl-17.3.jar!/fxglassets/textures/fxgl_icon.png
08:26:06.390 [FXGL Background Thread 4 ] DEBUG FXGLAssetLoaderServi - Loading from file system: jar:file:/C:/Users/lucaa/.m2/repository/com/github/almasb/fxgl/17.3/fxgl-17.3.jar!/fxglassets/ui/fonts/TerminalLandMono-Regular.otf
08:26:06.404 [FXGL Background Thread 4 ] DEBUG FXGLAssetLoaderServi - Loading from file system: jar:file:/C:/Users/lucaa/.m2/repository/com/github/almasb/fxgl/17.3/fxgl-17.3.jar!/fxglassets/ui/fonts/Courier-Prime.ttf
08:26:06.419 [JavaFX Application Thread] DEBUG FXGLAssetLoaderServi - Loading from file system: jar:file:/C:/Users/lucaa/.m2/repository/com/github/almasb/fxgl/17.3/fxgl-17.3.jar!/fxglassets/textures/fxgl_default_cursor.png
08:26:06.430 [JavaFX Application Thread] DEBUG Input                - Registered new binding: Screenshot - CTRL+8
08:26:06.431 [JavaFX Application Thread] DEBUG Input                - Registered new binding: System info dump - CTRL+9
08:26:06.431 [JavaFX Application Thread] DEBUG Input                - Registered new binding: Restart - CTRL+R
08:26:06.432 [JavaFX Application Thread] DEBUG Input                - Registered new binding: Toggle Debug Camera - CTRL+7
08:26:06.434 [JavaFX Application Thread] DEBUG LoopRunner           - Starting loop
08:26:06.434 [JavaFX Application Thread] DEBUG LoopRunner           - Initializing JavaFX AnimationTimerLoop
08:26:06.437 [JavaFX Application Thread] DEBUG Input                - Clearing active input actions
08:26:06.444 [JavaFX Application Thread] DEBUG GameApplicationServi - Removing overlay from FXGLStartupScene and adding to FXGLMainMenuDummyScene
08:26:06.445 [JavaFX Application Thread] DEBUG PrimaryStageWindow   - FXGLStartupScene -> FXGLMainMenuDummyScene
08:26:06.445 [JavaFX Application Thread] DEBUG PrimaryStageWindow   - Push state: CustomMainMenu
08:26:06.445 [JavaFX Application Thread] DEBUG Input                - Clearing active input actions
08:26:06.451 [JavaFX Application Thread] DEBUG GameApplicationServi - Removing overlay from FXGLMainMenuDummyScene and adding to CustomMainMenu
08:26:06.451 [JavaFX Application Thread] DEBUG PrimaryStageWindow   - FXGLMainMenuDummyScene -> CustomMainMenu
08:26:06.451 [JavaFX Application Thread] DEBUG FXGLApplication      - Registering font factories with UI factory
08:26:06.715 [FXGL Background Thread 2 ] INFO  UpdaterService       - Your current version:  17.3
08:26:06.715 [FXGL Background Thread 2 ] INFO  UpdaterService       - Latest stable version: 25
08:26:09.046 [JavaFX Application Thread] DEBUG Menu                 - fireNewGame()
08:26:09.046 [JavaFX Application Thread] DEBUG GameApplicationServi - Starting new game
08:26:09.046 [JavaFX Application Thread] DEBUG PrimaryStageWindow   - Pop state: CustomMainMenu
08:26:09.046 [JavaFX Application Thread] DEBUG Input                - Clearing active input actions
08:26:09.047 [JavaFX Application Thread] DEBUG GameApplicationServi - Removing overlay from CustomMainMenu and adding to FXGLMainMenuDummyScene
08:26:09.047 [JavaFX Application Thread] DEBUG PrimaryStageWindow   - FXGLMainMenuDummyScene <- CustomMainMenu
08:26:09.047 [JavaFX Application Thread] DEBUG Input                - Clearing active input actions
08:26:09.056 [JavaFX Application Thread] DEBUG GameApplicationServi - Removing overlay from FXGLMainMenuDummyScene and adding to FXGLLoadingScene
08:26:09.057 [JavaFX Application Thread] DEBUG PrimaryStageWindow   - FXGLMainMenuDummyScene -> FXGLLoadingScene
08:26:09.057 [JavaFX Application Thread] DEBUG GameApplicationServi - Clearing previous game
08:26:09.057 [JavaFX Application Thread] DEBUG GameScene            - Clearing game scene
08:26:09.057 [JavaFX Application Thread] DEBUG GameWorld            - Clearing game world
08:26:09.057 [JavaFX Application Thread] DEBUG PhysicsWorld         - Clearing physics world
08:26:09.059 [FXGL Background Thread 2 ] DEBUG FXGLApplication      - Initializing game
08:26:09.140 [FXGL Background Thread 2 ] WARN  TMXLevelLoader       - TiledMap generated from 1.11.2. Supported version: 1.9.0. Some features may not be parsed fully.
08:26:09.164 [FXGL Background Thread 2 ] DEBUG TMXLevelLoader       - Parsed TiledMap: file:/C:/Users/lucaa/OneDrive%20-%20HTL%20Saalfelden/POS/Workspace/IntelliJ/FXGL/TeacherTowerDefense/target/classes/assets/levels/Map1.tmx
08:26:09.165 [FXGL Background Thread 2 ] DEBUG TMXLevelLoader       - Creating tile layer entities
08:26:09.167 [FXGL Background Thread 2 ] DEBUG TilesetLoader        - Loading view for layer Kachelebene 0
08:26:09.170 [FXGL Background Thread 2 ] DEBUG TilesetLoader        - Created buffer with size 960.0x640.0
08:26:09.201 [FXGL Background Thread 2 ] DEBUG TilesetLoader        - Loading view for layer Kachelebene 1
08:26:09.202 [FXGL Background Thread 2 ] DEBUG TilesetLoader        - Created buffer with size 960.0x640.0
08:26:09.206 [FXGL Background Thread 2 ] DEBUG TilesetLoader        - Loading view for layer Kachelebene 2
08:26:09.207 [FXGL Background Thread 2 ] DEBUG TilesetLoader        - Created buffer with size 960.0x640.0
08:26:09.218 [FXGL Background Thread 2 ] DEBUG TilesetLoader        - Loading view for layer Kachelebene 4
08:26:09.219 [FXGL Background Thread 2 ] DEBUG TilesetLoader        - Created buffer with size 960.0x640.0
08:26:09.220 [FXGL Background Thread 2 ] DEBUG TMXLevelLoader       - Creating object layer entities
08:26:09.245 [FXGL Background Thread 2 ] DEBUG GameWorld            - Clearing removable entities
08:26:09.245 [FXGL Background Thread 2 ] DEBUG GameWorld            - Setting level: com.almasb.fxgl.entity.level.Level@137c9ce7
08:26:09.260 [FXGL Background Thread 2 ] DEBUG FXGLAssetLoaderServi - Loading from file system: file:/C:/Users/lucaa/OneDrive%20-%20HTL%20Saalfelden/POS/Workspace/IntelliJ/FXGL/TeacherTowerDefense/target/classes/assets/textures/Groebl.png
08:26:09.263 [FXGL Background Thread 2 ] DEBUG FXGLAssetLoaderServi - Loading from file system: file:/C:/Users/lucaa/OneDrive%20-%20HTL%20Saalfelden/POS/Workspace/IntelliJ/FXGL/TeacherTowerDefense/target/classes/assets/textures/Feichtner.png
08:26:09.265 [FXGL Background Thread 2 ] DEBUG FXGLAssetLoaderServi - Loading from file system: file:/C:/Users/lucaa/OneDrive%20-%20HTL%20Saalfelden/POS/Workspace/IntelliJ/FXGL/TeacherTowerDefense/target/classes/assets/textures/Winkler.png
08:26:09.287 [FXGL Background Thread 2 ] INFO  FXGLApplication      - Game initialization took: 0,227 sec
08:26:09.288 [JavaFX Application Thread] DEBUG Input                - Clearing active input actions
08:26:09.294 [JavaFX Application Thread] DEBUG GameApplicationServi - Removing overlay from FXGLLoadingScene and adding to GameScene
08:26:09.294 [JavaFX Application Thread] DEBUG PrimaryStageWindow   - FXGLLoadingScene -> GameScene
08:26:09.351 [FXGL Background Thread 3 ] DEBUG Engine               - Logging environment variables
08:26:09.352 [FXGL Background Thread 3 ] DEBUG Engine               - achievements: []
08:26:09.352 [FXGL Background Thread 3 ] DEBUG Engine               - actualHeight: 864.0
08:26:09.352 [FXGL Background Thread 3 ] DEBUG Engine               - actualHeightProperty: ReadOnlyDoubleProperty [value: 864.0]
08:26:09.352 [FXGL Background Thread 3 ] DEBUG Engine               - actualWidth: 1536.0
08:26:09.352 [FXGL Background Thread 3 ] DEBUG Engine               - actualWidthProperty: ReadOnlyDoubleProperty [value: 1536.0]
08:26:09.352 [FXGL Background Thread 3 ] DEBUG Engine               - appIcon: fxgl_icon.png
08:26:09.352 [FXGL Background Thread 3 ] DEBUG Engine               - applicationMode: DEVELOPER
08:26:09.352 [FXGL Background Thread 3 ] DEBUG Engine               - cSSList: [fxgl_dark.css]
08:26:09.352 [FXGL Background Thread 3 ] DEBUG Engine               - collisionDetectionStrategy: BRUTE_FORCE
08:26:09.352 [FXGL Background Thread 3 ] DEBUG Engine               - configClass: Optional.empty
08:26:09.352 [FXGL Background Thread 3 ] DEBUG Engine               - credits: []
08:26:09.355 [FXGL Background Thread 3 ] DEBUG Engine               - defaultCursor: CursorInfo(imageName=fxgl_default_cursor.png, hotspotX=7.0, hotspotY=6.0)
08:26:09.355 [FXGL Background Thread 3 ] DEBUG Engine               - devBBoxColorProperty: ObjectProperty [value: 0xff0000ff]
08:26:09.355 [FXGL Background Thread 3 ] DEBUG Engine               - devEnableDebugCameraProperty: BooleanProperty [value: false]
08:26:09.355 [FXGL Background Thread 3 ] DEBUG Engine               - devSensorColorProperty: ObjectProperty [value: 0xffff00ff]
08:26:09.355 [FXGL Background Thread 3 ] DEBUG Engine               - devShowBBoxProperty: BooleanProperty [value: false]
08:26:09.355 [FXGL Background Thread 3 ] DEBUG Engine               - devShowPositionProperty: BooleanProperty [value: false]
08:26:09.356 [FXGL Background Thread 3 ] DEBUG Engine               - enabledMenuItems: []
08:26:09.356 [FXGL Background Thread 3 ] DEBUG Engine               - engineServices: [class com.almasb.fxgl.app.services.FXGLAssetLoaderService, class com.almasb.fxgl.app.FXGLApplication$GameApplicationService, class com.almasb.fxgl.app.services.FXGLDialogService, class com.almasb.fxgl.app.services.IOTaskExecutorService, class com.almasb.fxgl.io.FileSystemService, class com.almasb.fxgl.localization.LocalizationService, class com.almasb.fxgl.app.services.SystemBundleService, class com.almasb.fxgl.profile.SaveLoadService, class com.almasb.fxgl.ui.FXGLUIFactoryServiceProvider, class com.almasb.fxgl.ui.FXGLDialogFactoryServiceProvider, class com.almasb.fxgl.audio.AudioPlayer, class com.almasb.fxgl.notification.impl.NotificationServiceProvider, class com.almasb.fxgl.achievement.AchievementService, class com.almasb.fxgl.cutscene.CutsceneService, class com.almasb.fxgl.minigames.MiniGameService, class com.almasb.fxgl.net.NetService, class com.almasb.fxgl.app.services.UpdaterService, class com.almasb.fxgl.dev.DevService]
08:26:09.356 [FXGL Background Thread 3 ] DEBUG Engine               - fontGame: Abel-Regular.ttf
08:26:09.356 [FXGL Background Thread 3 ] DEBUG Engine               - fontMono: TerminalLandMono-Regular.otf
08:26:09.356 [FXGL Background Thread 3 ] DEBUG Engine               - fontSizeScaleUI: 1.0
08:26:09.356 [FXGL Background Thread 3 ] DEBUG Engine               - fontText: Courier-Prime.ttf
08:26:09.356 [FXGL Background Thread 3 ] DEBUG Engine               - fontUI: VarelaRound-Regular.ttf
08:26:09.356 [FXGL Background Thread 3 ] DEBUG Engine               - fullScreen: BooleanProperty [value: true]
08:26:09.356 [FXGL Background Thread 3 ] DEBUG Engine               - gameDifficulty: MEDIUM
08:26:09.356 [FXGL Background Thread 3 ] DEBUG Engine               - gameDifficultyProperty: ObjectProperty [value: MEDIUM]
08:26:09.356 [FXGL Background Thread 3 ] DEBUG Engine               - globalMusicVolume: 0.5
08:26:09.357 [FXGL Background Thread 3 ] DEBUG Engine               - globalMusicVolumeProperty: DoubleProperty [value: 0.5]
08:26:09.357 [FXGL Background Thread 3 ] DEBUG Engine               - globalSoundVolume: 0.5
08:26:09.357 [FXGL Background Thread 3 ] DEBUG Engine               - globalSoundVolumeProperty: DoubleProperty [value: 0.5]
08:26:09.357 [FXGL Background Thread 3 ] DEBUG Engine               - height: 640
08:26:09.357 [FXGL Background Thread 3 ] DEBUG Engine               - is3D: false
08:26:09.357 [FXGL Background Thread 3 ] DEBUG Engine               - isAndroid: false
08:26:09.357 [FXGL Background Thread 3 ] DEBUG Engine               - isBrowser: false
08:26:09.357 [FXGL Background Thread 3 ] DEBUG Engine               - isClickFeedbackEnabled: false
08:26:09.357 [FXGL Background Thread 3 ] DEBUG Engine               - isCloseConfirmation: false
08:26:09.357 [FXGL Background Thread 3 ] DEBUG Engine               - isDesktop: true
08:26:09.357 [FXGL Background Thread 3 ] DEBUG Engine               - isDeveloperMenuEnabled: false
08:26:09.357 [FXGL Background Thread 3 ] DEBUG Engine               - isEmbedded: false
08:26:09.357 [FXGL Background Thread 3 ] DEBUG Engine               - isEntityPreloadEnabled: true
08:26:09.357 [FXGL Background Thread 3 ] DEBUG Engine               - isExperimentalTiledLargeMap: false
08:26:09.357 [FXGL Background Thread 3 ] DEBUG Engine               - isFileSystemWriteAllowed: true
08:26:09.358 [FXGL Background Thread 3 ] DEBUG Engine               - isFullScreenAllowed: true
08:26:09.358 [FXGL Background Thread 3 ] DEBUG Engine               - isFullScreenFromStart: true
08:26:09.358 [FXGL Background Thread 3 ] DEBUG Engine               - isGameMenuEnabled: true
08:26:09.358 [FXGL Background Thread 3 ] DEBUG Engine               - isIOS: false
08:26:09.358 [FXGL Background Thread 3 ] DEBUG Engine               - isIntroEnabled: false
08:26:09.358 [FXGL Background Thread 3 ] DEBUG Engine               - isLinux: false
08:26:09.358 [FXGL Background Thread 3 ] DEBUG Engine               - isMac: false
08:26:09.358 [FXGL Background Thread 3 ] DEBUG Engine               - isMainMenuEnabled: true
08:26:09.358 [FXGL Background Thread 3 ] DEBUG Engine               - isManualResizeEnabled: false
08:26:09.358 [FXGL Background Thread 3 ] DEBUG Engine               - isMobile: false
08:26:09.358 [FXGL Background Thread 3 ] DEBUG Engine               - isNative: false
08:26:09.358 [FXGL Background Thread 3 ] DEBUG Engine               - isPauseMusicWhenMinimized: true
08:26:09.358 [FXGL Background Thread 3 ] DEBUG Engine               - isPreserveResizeRatio: true
08:26:09.358 [FXGL Background Thread 3 ] DEBUG Engine               - isProfilingEnabled: false
08:26:09.358 [FXGL Background Thread 3 ] DEBUG Engine               - isScaleAffectedOnResize: true
08:26:09.358 [FXGL Background Thread 3 ] DEBUG Engine               - isSingleStep: false
08:26:09.358 [FXGL Background Thread 3 ] DEBUG Engine               - isUserProfileEnabled: false
08:26:09.358 [FXGL Background Thread 3 ] DEBUG Engine               - isWindows: true
08:26:09.358 [FXGL Background Thread 3 ] DEBUG Engine               - language: ObjectProperty [value: ENGLISH]
08:26:09.358 [FXGL Background Thread 3 ] DEBUG Engine               - menuKey: ESCAPE
08:26:09.358 [FXGL Background Thread 3 ] DEBUG Engine               - mouseSensitivity: 0.2
08:26:09.358 [FXGL Background Thread 3 ] DEBUG Engine               - notificationViewClass: class com.almasb.fxgl.notification.view.XboxNotificationView
08:26:09.358 [FXGL Background Thread 3 ] DEBUG Engine               - pixelsPerMeter: 50.0
08:26:09.359 [FXGL Background Thread 3 ] DEBUG Engine               - platform: WINDOWS
08:26:09.359 [FXGL Background Thread 3 ] DEBUG Engine               - prefHeightProperty: ReadOnlyDoubleProperty [value: 640.0]
08:26:09.359 [FXGL Background Thread 3 ] DEBUG Engine               - prefWidthProperty: ReadOnlyDoubleProperty [value: 1200.0]
08:26:09.359 [FXGL Background Thread 3 ] DEBUG Engine               - profileDir: profiles/
08:26:09.359 [FXGL Background Thread 3 ] DEBUG Engine               - profileName: StringProperty [value: DEFAULT]
08:26:09.359 [FXGL Background Thread 3 ] DEBUG Engine               - randomSeed: -1
08:26:09.359 [FXGL Background Thread 3 ] DEBUG Engine               - runtimeInfo: RuntimeInfo(platform=WINDOWS, version=17.3, build=30.03.2023 11.49)
08:26:09.359 [FXGL Background Thread 3 ] DEBUG Engine               - saveFileExt: sav
08:26:09.359 [FXGL Background Thread 3 ] DEBUG Engine               - scaledHeightProp$fxgl: DoubleProperty [bound, value: 864.0]
08:26:09.359 [FXGL Background Thread 3 ] DEBUG Engine               - scaledWidthProp$fxgl: DoubleProperty [bound, value: 1536.0]
08:26:09.359 [FXGL Background Thread 3 ] DEBUG Engine               - sceneFactory: at.htl.teachertowerdefense.CustomSceneFactory@73ab2ec9
08:26:09.359 [FXGL Background Thread 3 ] DEBUG Engine               - secondsIn24h: 60
08:26:09.359 [FXGL Background Thread 3 ] DEBUG Engine               - soundMenuBack: menu/back.wav
08:26:09.360 [FXGL Background Thread 3 ] DEBUG Engine               - soundMenuPress: menu/press.wav
08:26:09.360 [FXGL Background Thread 3 ] DEBUG Engine               - soundMenuSelect: menu/select.wav
08:26:09.360 [FXGL Background Thread 3 ] DEBUG Engine               - soundNotification: core/notification.wav
08:26:09.360 [FXGL Background Thread 3 ] DEBUG Engine               - stageStyle: DECORATED
08:26:09.360 [FXGL Background Thread 3 ] DEBUG Engine               - supportedLanguages: [ENGLISH, FRENCH, GERMAN, HUNGARIAN, RUSSIAN]
08:26:09.360 [FXGL Background Thread 3 ] DEBUG Engine               - ticksPerSecond: -1
08:26:09.360 [FXGL Background Thread 3 ] DEBUG Engine               - title: Teacher Tower Defense
08:26:09.360 [FXGL Background Thread 3 ] DEBUG Engine               - urlGithub: https://github.com/AlmasB/FXGL
08:26:09.360 [FXGL Background Thread 3 ] DEBUG Engine               - urlLeaderboard: http://fxgl-top.herokuapp.com/
08:26:09.360 [FXGL Background Thread 3 ] DEBUG Engine               - urlPOM: https://raw.githubusercontent.com/AlmasB/FXGL/release/README.md
08:26:09.360 [FXGL Background Thread 3 ] DEBUG Engine               - userAppClass: class at.htl.teachertowerdefense.TeacherTowerDefenseApp
08:26:09.360 [FXGL Background Thread 3 ] DEBUG Engine               - version: 0.1
08:26:09.360 [FXGL Background Thread 3 ] DEBUG Engine               - versionCheckDays: 7
08:26:09.360 [FXGL Background Thread 3 ] DEBUG Engine               - width: 1200
08:26:09.360 [FXGL Background Thread 3 ] DEBUG Engine               - Logging services
08:26:09.360 [FXGL Background Thread 3 ] DEBUG Engine               - class com.almasb.fxgl.app.services.FXGLAssetLoaderService
08:26:09.360 [FXGL Background Thread 3 ] DEBUG Engine               - class com.almasb.fxgl.app.FXGLApplication$GameApplicationService
08:26:09.360 [FXGL Background Thread 3 ] DEBUG Engine               - class com.almasb.fxgl.app.services.FXGLDialogService
08:26:09.360 [FXGL Background Thread 3 ] DEBUG Engine               - class com.almasb.fxgl.app.services.IOTaskExecutorService
08:26:09.360 [FXGL Background Thread 3 ] DEBUG Engine               - class com.almasb.fxgl.io.FileSystemService
08:26:09.360 [FXGL Background Thread 3 ] DEBUG Engine               - class com.almasb.fxgl.localization.LocalizationService
08:26:09.361 [FXGL Background Thread 3 ] DEBUG Engine               - class com.almasb.fxgl.app.services.SystemBundleService
08:26:09.361 [FXGL Background Thread 3 ] DEBUG Engine               - class com.almasb.fxgl.profile.SaveLoadService
08:26:09.361 [FXGL Background Thread 3 ] DEBUG Engine               - class com.almasb.fxgl.ui.FXGLUIFactoryServiceProvider
08:26:09.361 [FXGL Background Thread 3 ] DEBUG Engine               - class com.almasb.fxgl.ui.FXGLDialogFactoryServiceProvider
08:26:09.361 [FXGL Background Thread 3 ] DEBUG Engine               - class com.almasb.fxgl.audio.AudioPlayer
08:26:09.361 [FXGL Background Thread 3 ] DEBUG Engine               - class com.almasb.fxgl.notification.impl.NotificationServiceProvider
08:26:09.361 [FXGL Background Thread 3 ] DEBUG Engine               - class com.almasb.fxgl.achievement.AchievementService
08:26:09.361 [FXGL Background Thread 3 ] DEBUG Engine               - class com.almasb.fxgl.cutscene.CutsceneService
08:26:09.361 [FXGL Background Thread 3 ] DEBUG Engine               - class com.almasb.fxgl.minigames.MiniGameService
08:26:09.361 [FXGL Background Thread 3 ] DEBUG Engine               - class com.almasb.fxgl.net.NetService
08:26:09.361 [FXGL Background Thread 3 ] DEBUG Engine               - class com.almasb.fxgl.app.services.UpdaterService
08:26:09.361 [FXGL Background Thread 3 ] DEBUG Engine               - class com.almasb.fxgl.dev.DevService
08:26:11.894 [JavaFX Application Thread] DEBUG FXGLAssetLoaderServi - Loading from file system: file:/C:/Users/lucaa/OneDrive%20-%20HTL%20Saalfelden/POS/Workspace/IntelliJ/FXGL/TeacherTowerDefense/target/classes/assets/textures/Groebl_2.png
08:27:16.539 [JavaFX Application Thread] DEBUG PrimaryStageWindow   - Push state: CustomGameMenu
08:27:16.540 [JavaFX Application Thread] DEBUG Input                - Clearing active input actions
08:27:16.549 [JavaFX Application Thread] DEBUG GameApplicationServi - Removing overlay from GameScene and adding to CustomGameMenu
08:27:16.550 [JavaFX Application Thread] DEBUG PrimaryStageWindow   - GameScene -> CustomGameMenu
08:27:17.123 [JavaFX Application Thread] DEBUG Menu                 - fireExit()
08:27:17.139 [JavaFX Application Thread] DEBUG PrimaryStageWindow   - Push state: DialogSubScene
08:27:17.139 [JavaFX Application Thread] DEBUG Input                - Clearing active input actions
08:27:17.143 [JavaFX Application Thread] DEBUG GameApplicationServi - Removing overlay from CustomGameMenu and adding to DialogSubScene
08:27:17.144 [JavaFX Application Thread] DEBUG PrimaryStageWindow   - CustomGameMenu -> DialogSubScene
08:27:17.771 [JavaFX Application Thread] DEBUG PrimaryStageWindow   - Pop state: DialogSubScene
08:27:17.771 [JavaFX Application Thread] DEBUG Input                - Clearing active input actions
08:27:17.772 [JavaFX Application Thread] DEBUG GameApplicationServi - Removing overlay from DialogSubScene and adding to CustomGameMenu
08:27:17.772 [JavaFX Application Thread] DEBUG PrimaryStageWindow   - CustomGameMenu <- DialogSubScene
08:27:17.772 [JavaFX Application Thread] DEBUG FXGLApplication      - Exiting FXGL
08:27:17.772 [JavaFX Application Thread] DEBUG LoopRunner           - Stopping loop
08:27:17.772 [JavaFX Application Thread] DEBUG SystemBundleService  - Saving FXGL system data
08:27:17.774 [JavaFX Application Thread] DEBUG FileSystemAccess     - Writing to: C:\Users\lucaa\OneDrive - HTL Saalfelden\POS\Workspace\IntelliJ\FXGL\TeacherTowerDefense\system\fxgl.bundle
08:27:17.776 [JavaFX Application Thread] DEBUG Async                - Shutting down background threads
08:27:17.776 [JavaFX Application Thread] DEBUG PrimaryStageWindow   - Closing main window
08:27:17.829 [JavaFX Application Thread] DEBUG Logger               - Closing Logger
