22:19:13.260 [main                     ] DEBUG Logger               - Configured Logger
22:19:13.268 [main                     ] DEBUG GameApplication      - Logging settings
Title: Teacher Tower Defense
Version: 0.1
Width: 1200
Height: 640
Fullscreen: true
Intro: false
Profiling: false
Single step:false
App Mode: DEVELOPER
Menu Key: ESCAPE
Stage Style: DECORATED
Scene Factory: class at.htl.teachertowerdefense.CustomSceneFactory

22:19:14.097 [JavaFX Application Thread] DEBUG FXGLApplication      - Initializing FXGL
22:19:14.100 [JavaFX Application Thread] INFO  Engine               - FXGL-17.3 (30.03.2023 11.49) on WINDOWS (J:25.0.2 FX:21.0.6)
22:19:14.100 [JavaFX Application Thread] DEBUG Engine               - JRE Vendor Name: Oracle Corporation
22:19:14.100 [JavaFX Application Thread] DEBUG Engine               - Running on OS: Windows 11 version 10.0
22:19:14.100 [JavaFX Application Thread] DEBUG Engine               - Architecture: amd64
22:19:14.100 [JavaFX Application Thread] INFO  Engine               - Source code and latest versions at: https://github.com/AlmasB/FXGL
22:19:14.100 [JavaFX Application Thread] INFO  Engine               -       Ask questions and discuss at: https://github.com/AlmasB/FXGL/discussions
22:19:14.101 [JavaFX Application Thread] INFO  Engine               -              Join the FXGL chat at: https://gitter.im/AlmasB/FXGL
22:19:14.247 [JavaFX Application Thread] DEBUG PrimaryStageWindow   - Creating a JavaFX scene
22:19:14.423 [JavaFX Application Thread] DEBUG PrimaryStageWindow   - Target settings size: 1200.0 x 640.0
22:19:14.424 [JavaFX Application Thread] DEBUG PrimaryStageWindow   - Scaled scene size:    1200.0 x 640.0
22:19:14.424 [JavaFX Application Thread] DEBUG PrimaryStageWindow   - Scaled ratio: (1.0, 1.0)
22:19:14.425 [JavaFX Application Thread] DEBUG PrimaryStageWindow   - Set initial scene to FXGLStartupScene
22:19:14.431 [JavaFX Application Thread] DEBUG PrimaryStageWindow   - Opening main window
22:19:14.614 [JavaFX Application Thread] DEBUG PrimaryStageWindow   - Window border size: (14.4000244140625, 37.5999755859375)
22:19:14.614 [JavaFX Application Thread] DEBUG PrimaryStageWindow   - Scaled size: 1200.0 x 640.0
22:19:14.614 [JavaFX Application Thread] DEBUG PrimaryStageWindow   - Scaled ratio: (1.0, 1.0)
22:19:14.615 [JavaFX Application Thread] DEBUG PrimaryStageWindow   - Scene size: 1200.0 x 640.0
22:19:14.615 [JavaFX Application Thread] DEBUG PrimaryStageWindow   - Stage size: 1214.4000244140625 x 677.5999755859375
22:19:14.683 [JavaFX Application Thread] DEBUG PrimaryStageWindow   - Going fullscreen
22:19:14.694 [FXGL Background Thread 1 ] DEBUG Engine               - Initializing environment variables
22:19:14.749 [FXGL Background Thread 1 ] DEBUG FXGLAssetLoaderServi - User app class for loading assets: class at.htl.teachertowerdefense.TeacherTowerDefenseApp
22:19:14.749 [FXGL Background Thread 1 ] DEBUG GameApplicationServi - Applying CSS: fxgl_dark.css
22:19:14.750 [FXGL Background Thread 1 ] DEBUG FXGLAssetLoaderServi - Loading from file system: jar:file:/C:/Users/lucaa/.m2/repository/com/github/almasb/fxgl/17.3/fxgl-17.3.jar!/fxglassets/ui/css/fxgl_dark.css
22:19:14.809 [FXGL Background Thread 1 ] DEBUG GameApplicationServi - Initializing application scenes
22:19:14.868 [FXGL Background Thread 1 ] DEBUG GameWorld            - Game world initialized
22:19:14.947 [FXGL Background Thread 1 ] DEBUG PhysicsWorld         - Physics world initialized: appHeight=640, physics.ppm=50,0
22:19:14.947 [FXGL Background Thread 1 ] DEBUG PhysicsWorld         - Using strategy: BRUTE_FORCE
22:19:14.953 [FXGL Background Thread 1 ] DEBUG GameScene            - Game scene initialized: 1200x640
22:19:14.979 [FXGL Background Thread 1 ] DEBUG FXGLAssetLoaderServi - Loading from file system: file:/C:/Users/lucaa/OneDrive%20-%20HTL%20Saalfelden/POS/Workspace/IntelliJ/FXGL/TeacherTowerDefense/target/classes/assets/textures/menu_bg.png
22:19:15.171 [FXGL Background Thread 1 ] DEBUG GameApplicationServi - Application scenes initialized
22:19:15.188 [FXGL Background Thread 1 ] DEBUG SystemBundleService  - Loading FXGL system data
22:19:15.192 [FXGL Background Thread 1 ] DEBUG FileSystemAccess     - Reading from: C:\Users\lucaa\OneDrive - HTL Saalfelden\POS\Workspace\IntelliJ\FXGL\TeacherTowerDefense\system\fxgl.bundle
22:19:15.199 [FXGL Background Thread 1 ] DEBUG SystemBundleService  - Bundle FXGL: {}
22:19:15.199 [FXGL Background Thread 1 ] DEBUG UpdaterService       - Checking for updates
22:19:15.209 [FXGL Background Thread 4 ] DEBUG FXGLApplication      - Loading fonts
22:19:15.210 [FXGL Background Thread 4 ] DEBUG FXGLAssetLoaderServi - Loading from file system: jar:file:/C:/Users/lucaa/.m2/repository/com/github/almasb/fxgl/17.3/fxgl-17.3.jar!/fxglassets/ui/fonts/VarelaRound-Regular.ttf
22:19:15.210 [FXGL Background Thread 1 ] DEBUG FXGLApplication      - Loading default localization
22:19:15.211 [FXGL Background Thread 1 ] DEBUG FXGLAssetLoaderServi - Loading from file system: jar:file:/C:/Users/lucaa/.m2/repository/com/github/almasb/fxgl/17.3/fxgl-17.3.jar!/fxglassets/languages/english.lang
22:19:15.231 [FXGL Background Thread 4 ] DEBUG FXGLAssetLoaderServi - Loading from file system: jar:file:/C:/Users/lucaa/.m2/repository/com/github/almasb/fxgl/17.3/fxgl-17.3.jar!/fxglassets/ui/fonts/Abel-Regular.ttf
22:19:15.231 [FXGL Background Thread 1 ] INFO  FXGLApplication      - FXGL initialization took: 0,538 sec
22:19:15.233 [JavaFX Application Thread] DEBUG FXGLAssetLoaderServi - Loading from file system: jar:file:/C:/Users/lucaa/.m2/repository/com/github/almasb/fxgl/17.3/fxgl-17.3.jar!/fxglassets/textures/fxgl_icon.png
22:19:15.245 [FXGL Background Thread 4 ] DEBUG FXGLAssetLoaderServi - Loading from file system: jar:file:/C:/Users/lucaa/.m2/repository/com/github/almasb/fxgl/17.3/fxgl-17.3.jar!/fxglassets/ui/fonts/TerminalLandMono-Regular.otf
22:19:15.259 [FXGL Background Thread 4 ] DEBUG FXGLAssetLoaderServi - Loading from file system: jar:file:/C:/Users/lucaa/.m2/repository/com/github/almasb/fxgl/17.3/fxgl-17.3.jar!/fxglassets/ui/fonts/Courier-Prime.ttf
22:19:15.267 [JavaFX Application Thread] DEBUG FXGLAssetLoaderServi - Loading from file system: jar:file:/C:/Users/lucaa/.m2/repository/com/github/almasb/fxgl/17.3/fxgl-17.3.jar!/fxglassets/textures/fxgl_default_cursor.png
22:19:15.280 [JavaFX Application Thread] DEBUG Input                - Registered new binding: Screenshot - CTRL+8
22:19:15.281 [JavaFX Application Thread] DEBUG Input                - Registered new binding: System info dump - CTRL+9
22:19:15.281 [JavaFX Application Thread] DEBUG Input                - Registered new binding: Restart - CTRL+R
22:19:15.282 [JavaFX Application Thread] DEBUG Input                - Registered new binding: Toggle Debug Camera - CTRL+7
22:19:15.285 [JavaFX Application Thread] DEBUG LoopRunner           - Starting loop
22:19:15.285 [JavaFX Application Thread] DEBUG LoopRunner           - Initializing JavaFX AnimationTimerLoop
22:19:15.288 [JavaFX Application Thread] DEBUG Input                - Clearing active input actions
22:19:15.297 [JavaFX Application Thread] DEBUG GameApplicationServi - Removing overlay from FXGLStartupScene and adding to FXGLMainMenuDummyScene
22:19:15.297 [JavaFX Application Thread] DEBUG PrimaryStageWindow   - FXGLStartupScene -> FXGLMainMenuDummyScene
22:19:15.297 [JavaFX Application Thread] DEBUG PrimaryStageWindow   - Push state: CustomMainMenu
22:19:15.302 [JavaFX Application Thread] DEBUG Input                - Clearing active input actions
22:19:15.311 [JavaFX Application Thread] DEBUG GameApplicationServi - Removing overlay from FXGLMainMenuDummyScene and adding to CustomMainMenu
22:19:15.311 [JavaFX Application Thread] DEBUG PrimaryStageWindow   - FXGLMainMenuDummyScene -> CustomMainMenu
22:19:15.312 [JavaFX Application Thread] DEBUG FXGLApplication      - Registering font factories with UI factory
22:19:15.880 [FXGL Background Thread 2 ] INFO  UpdaterService       - Your current version:  17.3
22:19:15.881 [FXGL Background Thread 2 ] INFO  UpdaterService       - Latest stable version: 25
22:19:18.206 [FXGL Background Thread 3 ] DEBUG Engine               - Logging environment variables
22:19:18.208 [FXGL Background Thread 3 ] DEBUG Engine               - achievements: []
22:19:18.209 [FXGL Background Thread 3 ] DEBUG Engine               - actualHeight: 864.0
22:19:18.209 [FXGL Background Thread 3 ] DEBUG Engine               - actualHeightProperty: ReadOnlyDoubleProperty [value: 864.0]
22:19:18.209 [FXGL Background Thread 3 ] DEBUG Engine               - actualWidth: 1536.0
22:19:18.210 [FXGL Background Thread 3 ] DEBUG Engine               - actualWidthProperty: ReadOnlyDoubleProperty [value: 1536.0]
22:19:18.210 [FXGL Background Thread 3 ] DEBUG Engine               - appIcon: fxgl_icon.png
22:19:18.210 [FXGL Background Thread 3 ] DEBUG Engine               - applicationMode: DEVELOPER
22:19:18.211 [FXGL Background Thread 3 ] DEBUG Engine               - cSSList: [fxgl_dark.css]
22:19:18.211 [FXGL Background Thread 3 ] DEBUG Engine               - collisionDetectionStrategy: BRUTE_FORCE
22:19:18.211 [FXGL Background Thread 3 ] DEBUG Engine               - configClass: Optional.empty
22:19:18.211 [FXGL Background Thread 3 ] DEBUG Engine               - credits: []
22:19:18.213 [FXGL Background Thread 3 ] DEBUG Engine               - defaultCursor: CursorInfo(imageName=fxgl_default_cursor.png, hotspotX=7.0, hotspotY=6.0)
22:19:18.213 [FXGL Background Thread 3 ] DEBUG Engine               - devBBoxColorProperty: ObjectProperty [value: 0xff0000ff]
22:19:18.213 [FXGL Background Thread 3 ] DEBUG Engine               - devEnableDebugCameraProperty: BooleanProperty [value: false]
22:19:18.213 [FXGL Background Thread 3 ] DEBUG Engine               - devSensorColorProperty: ObjectProperty [value: 0xffff00ff]
22:19:18.214 [FXGL Background Thread 3 ] DEBUG Engine               - devShowBBoxProperty: BooleanProperty [value: false]
22:19:18.214 [FXGL Background Thread 3 ] DEBUG Engine               - devShowPositionProperty: BooleanProperty [value: false]
22:19:18.214 [FXGL Background Thread 3 ] DEBUG Engine               - enabledMenuItems: []
22:19:18.214 [FXGL Background Thread 3 ] DEBUG Engine               - engineServices: [class com.almasb.fxgl.app.services.FXGLAssetLoaderService, class com.almasb.fxgl.app.FXGLApplication$GameApplicationService, class com.almasb.fxgl.app.services.FXGLDialogService, class com.almasb.fxgl.app.services.IOTaskExecutorService, class com.almasb.fxgl.io.FileSystemService, class com.almasb.fxgl.localization.LocalizationService, class com.almasb.fxgl.app.services.SystemBundleService, class com.almasb.fxgl.profile.SaveLoadService, class com.almasb.fxgl.ui.FXGLUIFactoryServiceProvider, class com.almasb.fxgl.ui.FXGLDialogFactoryServiceProvider, class com.almasb.fxgl.audio.AudioPlayer, class com.almasb.fxgl.notification.impl.NotificationServiceProvider, class com.almasb.fxgl.achievement.AchievementService, class com.almasb.fxgl.cutscene.CutsceneService, class com.almasb.fxgl.minigames.MiniGameService, class com.almasb.fxgl.net.NetService, class com.almasb.fxgl.app.services.UpdaterService, class com.almasb.fxgl.dev.DevService]
22:19:18.214 [FXGL Background Thread 3 ] DEBUG Engine               - fontGame: Abel-Regular.ttf
22:19:18.214 [FXGL Background Thread 3 ] DEBUG Engine               - fontMono: TerminalLandMono-Regular.otf
22:19:18.214 [FXGL Background Thread 3 ] DEBUG Engine               - fontSizeScaleUI: 1.0
22:19:18.214 [FXGL Background Thread 3 ] DEBUG Engine               - fontText: Courier-Prime.ttf
22:19:18.214 [FXGL Background Thread 3 ] DEBUG Engine               - fontUI: VarelaRound-Regular.ttf
22:19:18.214 [FXGL Background Thread 3 ] DEBUG Engine               - fullScreen: BooleanProperty [value: true]
22:19:18.214 [FXGL Background Thread 3 ] DEBUG Engine               - gameDifficulty: MEDIUM
22:19:18.214 [FXGL Background Thread 3 ] DEBUG Engine               - gameDifficultyProperty: ObjectProperty [value: MEDIUM]
22:19:18.214 [FXGL Background Thread 3 ] DEBUG Engine               - globalMusicVolume: 0.5
22:19:18.214 [FXGL Background Thread 3 ] DEBUG Engine               - globalMusicVolumeProperty: DoubleProperty [value: 0.5]
22:19:18.214 [FXGL Background Thread 3 ] DEBUG Engine               - globalSoundVolume: 0.5
22:19:18.214 [FXGL Background Thread 3 ] DEBUG Engine               - globalSoundVolumeProperty: DoubleProperty [value: 0.5]
22:19:18.214 [FXGL Background Thread 3 ] DEBUG Engine               - height: 640
22:19:18.214 [FXGL Background Thread 3 ] DEBUG Engine               - is3D: false
22:19:18.214 [FXGL Background Thread 3 ] DEBUG Engine               - isAndroid: false
22:19:18.214 [FXGL Background Thread 3 ] DEBUG Engine               - isBrowser: false
22:19:18.214 [FXGL Background Thread 3 ] DEBUG Engine               - isClickFeedbackEnabled: false
22:19:18.214 [FXGL Background Thread 3 ] DEBUG Engine               - isCloseConfirmation: false
22:19:18.214 [FXGL Background Thread 3 ] DEBUG Engine               - isDesktop: true
22:19:18.214 [FXGL Background Thread 3 ] DEBUG Engine               - isDeveloperMenuEnabled: false
22:19:18.214 [FXGL Background Thread 3 ] DEBUG Engine               - isEmbedded: false
22:19:18.214 [FXGL Background Thread 3 ] DEBUG Engine               - isEntityPreloadEnabled: true
22:19:18.214 [FXGL Background Thread 3 ] DEBUG Engine               - isExperimentalTiledLargeMap: false
22:19:18.214 [FXGL Background Thread 3 ] DEBUG Engine               - isFileSystemWriteAllowed: true
22:19:18.215 [FXGL Background Thread 3 ] DEBUG Engine               - isFullScreenAllowed: true
22:19:18.215 [FXGL Background Thread 3 ] DEBUG Engine               - isFullScreenFromStart: true
22:19:18.215 [FXGL Background Thread 3 ] DEBUG Engine               - isGameMenuEnabled: true
22:19:18.215 [FXGL Background Thread 3 ] DEBUG Engine               - isIOS: false
22:19:18.215 [FXGL Background Thread 3 ] DEBUG Engine               - isIntroEnabled: false
22:19:18.215 [FXGL Background Thread 3 ] DEBUG Engine               - isLinux: false
22:19:18.215 [FXGL Background Thread 3 ] DEBUG Engine               - isMac: false
22:19:18.216 [FXGL Background Thread 3 ] DEBUG Engine               - isMainMenuEnabled: true
22:19:18.216 [FXGL Background Thread 3 ] DEBUG Engine               - isManualResizeEnabled: false
22:19:18.216 [FXGL Background Thread 3 ] DEBUG Engine               - isMobile: false
22:19:18.216 [FXGL Background Thread 3 ] DEBUG Engine               - isNative: false
22:19:18.216 [FXGL Background Thread 3 ] DEBUG Engine               - isPauseMusicWhenMinimized: true
22:19:18.216 [FXGL Background Thread 3 ] DEBUG Engine               - isPreserveResizeRatio: true
22:19:18.216 [FXGL Background Thread 3 ] DEBUG Engine               - isProfilingEnabled: false
22:19:18.216 [FXGL Background Thread 3 ] DEBUG Engine               - isScaleAffectedOnResize: true
22:19:18.216 [FXGL Background Thread 3 ] DEBUG Engine               - isSingleStep: false
22:19:18.217 [FXGL Background Thread 3 ] DEBUG Engine               - isUserProfileEnabled: false
22:19:18.217 [FXGL Background Thread 3 ] DEBUG Engine               - isWindows: true
22:19:18.217 [FXGL Background Thread 3 ] DEBUG Engine               - language: ObjectProperty [value: ENGLISH]
22:19:18.218 [FXGL Background Thread 3 ] DEBUG Engine               - menuKey: ESCAPE
22:19:18.218 [FXGL Background Thread 3 ] DEBUG Engine               - mouseSensitivity: 0.2
22:19:18.219 [FXGL Background Thread 3 ] DEBUG Engine               - notificationViewClass: class com.almasb.fxgl.notification.view.XboxNotificationView
22:19:18.219 [FXGL Background Thread 3 ] DEBUG Engine               - pixelsPerMeter: 50.0
22:19:18.220 [FXGL Background Thread 3 ] DEBUG Engine               - platform: WINDOWS
22:19:18.220 [FXGL Background Thread 3 ] DEBUG Engine               - prefHeightProperty: ReadOnlyDoubleProperty [value: 640.0]
22:19:18.220 [FXGL Background Thread 3 ] DEBUG Engine               - prefWidthProperty: ReadOnlyDoubleProperty [value: 1200.0]
22:19:18.220 [FXGL Background Thread 3 ] DEBUG Engine               - profileDir: profiles/
22:19:18.220 [FXGL Background Thread 3 ] DEBUG Engine               - profileName: StringProperty [value: DEFAULT]
22:19:18.220 [FXGL Background Thread 3 ] DEBUG Engine               - randomSeed: -1
22:19:18.221 [FXGL Background Thread 3 ] DEBUG Engine               - runtimeInfo: RuntimeInfo(platform=WINDOWS, version=17.3, build=30.03.2023 11.49)
22:19:18.221 [FXGL Background Thread 3 ] DEBUG Engine               - saveFileExt: sav
22:19:18.221 [FXGL Background Thread 3 ] DEBUG Engine               - scaledHeightProp$fxgl: DoubleProperty [bound, value: 864.0]
22:19:18.221 [FXGL Background Thread 3 ] DEBUG Engine               - scaledWidthProp$fxgl: DoubleProperty [bound, value: 1536.0]
22:19:18.221 [FXGL Background Thread 3 ] DEBUG Engine               - sceneFactory: at.htl.teachertowerdefense.CustomSceneFactory@1e4b66f8
22:19:18.222 [FXGL Background Thread 3 ] DEBUG Engine               - secondsIn24h: 60
22:19:18.222 [FXGL Background Thread 3 ] DEBUG Engine               - soundMenuBack: menu/back.wav
22:19:18.222 [FXGL Background Thread 3 ] DEBUG Engine               - soundMenuPress: menu/press.wav
22:19:18.222 [FXGL Background Thread 3 ] DEBUG Engine               - soundMenuSelect: menu/select.wav
22:19:18.222 [FXGL Background Thread 3 ] DEBUG Engine               - soundNotification: core/notification.wav
22:19:18.222 [FXGL Background Thread 3 ] DEBUG Engine               - stageStyle: DECORATED
22:19:18.222 [FXGL Background Thread 3 ] DEBUG Engine               - supportedLanguages: [ENGLISH, FRENCH, GERMAN, HUNGARIAN, RUSSIAN]
22:19:18.222 [FXGL Background Thread 3 ] DEBUG Engine               - ticksPerSecond: -1
22:19:18.222 [FXGL Background Thread 3 ] DEBUG Engine               - title: Teacher Tower Defense
22:19:18.222 [FXGL Background Thread 3 ] DEBUG Engine               - urlGithub: https://github.com/AlmasB/FXGL
22:19:18.222 [FXGL Background Thread 3 ] DEBUG Engine               - urlLeaderboard: http://fxgl-top.herokuapp.com/
22:19:18.222 [FXGL Background Thread 3 ] DEBUG Engine               - urlPOM: https://raw.githubusercontent.com/AlmasB/FXGL/release/README.md
22:19:18.223 [FXGL Background Thread 3 ] DEBUG Engine               - userAppClass: class at.htl.teachertowerdefense.TeacherTowerDefenseApp
22:19:18.223 [FXGL Background Thread 3 ] DEBUG Engine               - version: 0.1
22:19:18.223 [FXGL Background Thread 3 ] DEBUG Engine               - versionCheckDays: 7
22:19:18.223 [FXGL Background Thread 3 ] DEBUG Engine               - width: 1200
22:19:18.223 [FXGL Background Thread 3 ] DEBUG Engine               - Logging services
22:19:18.223 [FXGL Background Thread 3 ] DEBUG Engine               - class com.almasb.fxgl.app.services.FXGLAssetLoaderService
22:19:18.223 [FXGL Background Thread 3 ] DEBUG Engine               - class com.almasb.fxgl.app.FXGLApplication$GameApplicationService
22:19:18.223 [FXGL Background Thread 3 ] DEBUG Engine               - class com.almasb.fxgl.app.services.FXGLDialogService
22:19:18.223 [FXGL Background Thread 3 ] DEBUG Engine               - class com.almasb.fxgl.app.services.IOTaskExecutorService
22:19:18.223 [FXGL Background Thread 3 ] DEBUG Engine               - class com.almasb.fxgl.io.FileSystemService
22:19:18.223 [FXGL Background Thread 3 ] DEBUG Engine               - class com.almasb.fxgl.localization.LocalizationService
22:19:18.224 [FXGL Background Thread 3 ] DEBUG Engine               - class com.almasb.fxgl.app.services.SystemBundleService
22:19:18.224 [FXGL Background Thread 3 ] DEBUG Engine               - class com.almasb.fxgl.profile.SaveLoadService
22:19:18.224 [FXGL Background Thread 3 ] DEBUG Engine               - class com.almasb.fxgl.ui.FXGLUIFactoryServiceProvider
22:19:18.224 [FXGL Background Thread 3 ] DEBUG Engine               - class com.almasb.fxgl.ui.FXGLDialogFactoryServiceProvider
22:19:18.224 [FXGL Background Thread 3 ] DEBUG Engine               - class com.almasb.fxgl.audio.AudioPlayer
22:19:18.224 [FXGL Background Thread 3 ] DEBUG Engine               - class com.almasb.fxgl.notification.impl.NotificationServiceProvider
22:19:18.224 [FXGL Background Thread 3 ] DEBUG Engine               - class com.almasb.fxgl.achievement.AchievementService
22:19:18.224 [FXGL Background Thread 3 ] DEBUG Engine               - class com.almasb.fxgl.cutscene.CutsceneService
22:19:18.225 [FXGL Background Thread 3 ] DEBUG Engine               - class com.almasb.fxgl.minigames.MiniGameService
22:19:18.225 [FXGL Background Thread 3 ] DEBUG Engine               - class com.almasb.fxgl.net.NetService
22:19:18.225 [FXGL Background Thread 3 ] DEBUG Engine               - class com.almasb.fxgl.app.services.UpdaterService
22:19:18.225 [FXGL Background Thread 3 ] DEBUG Engine               - class com.almasb.fxgl.dev.DevService
22:20:50.383 [JavaFX Application Thread] DEBUG Menu                 - fireNewGame()
22:20:50.383 [JavaFX Application Thread] DEBUG GameApplicationServi - Starting new game
22:20:50.383 [JavaFX Application Thread] DEBUG PrimaryStageWindow   - Pop state: CustomMainMenu
22:20:50.383 [JavaFX Application Thread] DEBUG Input                - Clearing active input actions
22:20:50.383 [JavaFX Application Thread] DEBUG GameApplicationServi - Removing overlay from CustomMainMenu and adding to FXGLMainMenuDummyScene
22:20:50.385 [JavaFX Application Thread] DEBUG PrimaryStageWindow   - FXGLMainMenuDummyScene <- CustomMainMenu
22:20:50.385 [JavaFX Application Thread] DEBUG Input                - Clearing active input actions
22:20:50.405 [JavaFX Application Thread] DEBUG GameApplicationServi - Removing overlay from FXGLMainMenuDummyScene and adding to FXGLLoadingScene
22:20:50.405 [JavaFX Application Thread] DEBUG PrimaryStageWindow   - FXGLMainMenuDummyScene -> FXGLLoadingScene
22:20:50.405 [JavaFX Application Thread] DEBUG GameApplicationServi - Clearing previous game
22:20:50.405 [JavaFX Application Thread] DEBUG GameScene            - Clearing game scene
22:20:50.405 [JavaFX Application Thread] DEBUG GameWorld            - Clearing game world
22:20:50.405 [JavaFX Application Thread] DEBUG PhysicsWorld         - Clearing physics world
22:20:50.409 [FXGL Background Thread 5 ] DEBUG FXGLApplication      - Initializing game
22:20:50.496 [FXGL Background Thread 5 ] WARN  TMXLevelLoader       - TiledMap generated from 1.11.2. Supported version: 1.9.0. Some features may not be parsed fully.
22:20:50.517 [FXGL Background Thread 5 ] DEBUG TMXLevelLoader       - Parsed TiledMap: file:/C:/Users/lucaa/OneDrive%20-%20HTL%20Saalfelden/POS/Workspace/IntelliJ/FXGL/TeacherTowerDefense/target/classes/assets/levels/Map1.tmx
22:20:50.519 [FXGL Background Thread 5 ] DEBUG TMXLevelLoader       - Creating tile layer entities
22:20:50.520 [FXGL Background Thread 5 ] DEBUG TilesetLoader        - Loading view for layer Kachelebene 0
22:20:50.522 [FXGL Background Thread 5 ] DEBUG TilesetLoader        - Created buffer with size 960.0x640.0
22:20:50.558 [FXGL Background Thread 5 ] DEBUG TilesetLoader        - Loading view for layer Kachelebene 1
22:20:50.558 [FXGL Background Thread 5 ] DEBUG TilesetLoader        - Created buffer with size 960.0x640.0
22:20:50.563 [FXGL Background Thread 5 ] DEBUG TilesetLoader        - Loading view for layer Kachelebene 2
22:20:50.563 [FXGL Background Thread 5 ] DEBUG TilesetLoader        - Created buffer with size 960.0x640.0
22:20:50.574 [FXGL Background Thread 5 ] DEBUG TilesetLoader        - Loading view for layer Kachelebene 4
22:20:50.574 [FXGL Background Thread 5 ] DEBUG TilesetLoader        - Created buffer with size 960.0x640.0
22:20:50.575 [FXGL Background Thread 5 ] DEBUG TMXLevelLoader       - Creating object layer entities
22:20:50.598 [FXGL Background Thread 5 ] DEBUG GameWorld            - Clearing removable entities
22:20:50.599 [FXGL Background Thread 5 ] DEBUG GameWorld            - Setting level: com.almasb.fxgl.entity.level.Level@140698c3
22:20:50.612 [FXGL Background Thread 5 ] DEBUG FXGLAssetLoaderServi - Loading from file system: file:/C:/Users/lucaa/OneDrive%20-%20HTL%20Saalfelden/POS/Workspace/IntelliJ/FXGL/TeacherTowerDefense/target/classes/assets/textures/Groebl.png
22:20:50.616 [FXGL Background Thread 5 ] DEBUG FXGLAssetLoaderServi - Loading from file system: file:/C:/Users/lucaa/OneDrive%20-%20HTL%20Saalfelden/POS/Workspace/IntelliJ/FXGL/TeacherTowerDefense/target/classes/assets/textures/Feichtner.png
22:20:50.618 [FXGL Background Thread 5 ] DEBUG FXGLAssetLoaderServi - Loading from file system: file:/C:/Users/lucaa/OneDrive%20-%20HTL%20Saalfelden/POS/Workspace/IntelliJ/FXGL/TeacherTowerDefense/target/classes/assets/textures/Winkler.png
22:20:50.620 [FXGL Background Thread 5 ] DEBUG FXGLAssetLoaderServi - Loading from file system: file:/C:/Users/lucaa/OneDrive%20-%20HTL%20Saalfelden/POS/Workspace/IntelliJ/FXGL/TeacherTowerDefense/target/classes/assets/textures/Aigner.png
22:20:50.630 [FXGL Background Thread 5 ] WARN  FXGLAssetLoaderServi - Asset "/assets/textures/Gassner.png" was not found!
22:20:50.630 [FXGL Background Thread 5 ] WARN  FXGLAssetLoaderServi - Failed to load IMAGE
22:20:50.660 [FXGL Background Thread 5 ] INFO  FXGLApplication      - Game initialization took: 0,251 sec
22:20:50.661 [JavaFX Application Thread] DEBUG Input                - Clearing active input actions
22:20:50.669 [JavaFX Application Thread] DEBUG GameApplicationServi - Removing overlay from FXGLLoadingScene and adding to GameScene
22:20:50.669 [JavaFX Application Thread] DEBUG PrimaryStageWindow   - FXGLLoadingScene -> GameScene
22:21:06.837 [JavaFX Application Thread] DEBUG PrimaryStageWindow   - Push state: CustomGameMenu
22:21:06.838 [JavaFX Application Thread] DEBUG Input                - Clearing active input actions
22:21:06.840 [JavaFX Application Thread] DEBUG GameApplicationServi - Removing overlay from GameScene and adding to CustomGameMenu
22:21:06.840 [JavaFX Application Thread] DEBUG PrimaryStageWindow   - GameScene -> CustomGameMenu
22:21:07.352 [JavaFX Application Thread] DEBUG Menu                 - fireExit()
22:21:07.368 [JavaFX Application Thread] DEBUG PrimaryStageWindow   - Push state: DialogSubScene
22:21:07.369 [JavaFX Application Thread] DEBUG Input                - Clearing active input actions
22:21:07.373 [JavaFX Application Thread] DEBUG GameApplicationServi - Removing overlay from CustomGameMenu and adding to DialogSubScene
22:21:07.373 [JavaFX Application Thread] DEBUG PrimaryStageWindow   - CustomGameMenu -> DialogSubScene
22:21:08.032 [JavaFX Application Thread] DEBUG PrimaryStageWindow   - Pop state: DialogSubScene
22:21:08.032 [JavaFX Application Thread] DEBUG Input                - Clearing active input actions
22:21:08.033 [JavaFX Application Thread] DEBUG GameApplicationServi - Removing overlay from DialogSubScene and adding to CustomGameMenu
22:21:08.033 [JavaFX Application Thread] DEBUG PrimaryStageWindow   - CustomGameMenu <- DialogSubScene
22:21:08.033 [JavaFX Application Thread] DEBUG FXGLApplication      - Exiting FXGL
22:21:08.033 [JavaFX Application Thread] DEBUG LoopRunner           - Stopping loop
22:21:08.033 [JavaFX Application Thread] DEBUG SystemBundleService  - Saving FXGL system data
22:21:08.036 [JavaFX Application Thread] DEBUG FileSystemAccess     - Writing to: C:\Users\lucaa\OneDrive - HTL Saalfelden\POS\Workspace\IntelliJ\FXGL\TeacherTowerDefense\system\fxgl.bundle
22:21:08.037 [JavaFX Application Thread] DEBUG Async                - Shutting down background threads
22:21:08.037 [JavaFX Application Thread] DEBUG PrimaryStageWindow   - Closing main window
22:21:08.122 [JavaFX Application Thread] DEBUG Logger               - Closing Logger
