08:55:38.002 [main                     ] DEBUG Logger               - Configured Logger
08:55:38.018 [main                     ] DEBUG GameApplication      - Logging settings
Title: Teacher Tower Defense
Version: 0.1
Width: 1200
Height: 640
Fullscreen: true
Intro: false
Profiling: false
Single step:false
App Mode: DEVELOPER
Menu Key: ESCAPE
Stage Style: DECORATED
Scene Factory: class at.htl.teachertowerdefense.CustomSceneFactory

08:55:39.308 [JavaFX Application Thread] DEBUG FXGLApplication      - Initializing FXGL
08:55:39.318 [JavaFX Application Thread] INFO  Engine               - FXGL-17.3 (30.03.2023 11.49) on WINDOWS (J:25.0.2 FX:21.0.6)
08:55:39.319 [JavaFX Application Thread] DEBUG Engine               - JRE Vendor Name: Oracle Corporation
08:55:39.319 [JavaFX Application Thread] DEBUG Engine               - Running on OS: Windows 11 version 10.0
08:55:39.319 [JavaFX Application Thread] DEBUG Engine               - Architecture: amd64
08:55:39.319 [JavaFX Application Thread] INFO  Engine               - Source code and latest versions at: https://github.com/AlmasB/FXGL
08:55:39.320 [JavaFX Application Thread] INFO  Engine               -       Ask questions and discuss at: https://github.com/AlmasB/FXGL/discussions
08:55:39.320 [JavaFX Application Thread] INFO  Engine               -              Join the FXGL chat at: https://gitter.im/AlmasB/FXGL
08:55:39.613 [JavaFX Application Thread] DEBUG PrimaryStageWindow   - Creating a JavaFX scene
08:55:39.743 [JavaFX Application Thread] DEBUG PrimaryStageWindow   - Target settings size: 1200.0 x 640.0
08:55:39.743 [JavaFX Application Thread] DEBUG PrimaryStageWindow   - Scaled scene size:    1200.0 x 640.0
08:55:39.744 [JavaFX Application Thread] DEBUG PrimaryStageWindow   - Scaled ratio: (1.0, 1.0)
08:55:39.750 [JavaFX Application Thread] DEBUG PrimaryStageWindow   - Set initial scene to FXGLStartupScene
08:55:39.779 [JavaFX Application Thread] DEBUG PrimaryStageWindow   - Opening main window
08:55:40.109 [JavaFX Application Thread] DEBUG PrimaryStageWindow   - Window border size: (14.4000244140625, 37.5999755859375)
08:55:40.110 [JavaFX Application Thread] DEBUG PrimaryStageWindow   - Scaled size: 1200.0 x 640.0
08:55:40.110 [JavaFX Application Thread] DEBUG PrimaryStageWindow   - Scaled ratio: (1.0, 1.0)
08:55:40.111 [JavaFX Application Thread] DEBUG PrimaryStageWindow   - Scene size: 1200.0 x 640.0
08:55:40.111 [JavaFX Application Thread] DEBUG PrimaryStageWindow   - Stage size: 1214.4000244140625 x 677.5999755859375
08:55:40.333 [JavaFX Application Thread] DEBUG PrimaryStageWindow   - Going fullscreen
08:55:40.350 [FXGL Background Thread 1 ] DEBUG Engine               - Initializing environment variables
08:55:40.452 [FXGL Background Thread 1 ] DEBUG FXGLAssetLoaderServi - User app class for loading assets: class at.htl.teachertowerdefense.TeacherTowerDefenseApp
08:55:40.453 [FXGL Background Thread 1 ] DEBUG GameApplicationServi - Applying CSS: fxgl_dark.css
08:55:40.454 [FXGL Background Thread 1 ] DEBUG FXGLAssetLoaderServi - Loading from file system: jar:file:/C:/Users/lucaa/.m2/repository/com/github/almasb/fxgl/17.3/fxgl-17.3.jar!/fxglassets/ui/css/fxgl_dark.css
08:55:40.565 [FXGL Background Thread 1 ] DEBUG GameApplicationServi - Initializing application scenes
08:55:40.884 [FXGL Background Thread 1 ] DEBUG GameWorld            - Game world initialized
08:55:41.007 [FXGL Background Thread 1 ] DEBUG PhysicsWorld         - Physics world initialized: appHeight=640, physics.ppm=50,0
08:55:41.008 [FXGL Background Thread 1 ] DEBUG PhysicsWorld         - Using strategy: BRUTE_FORCE
08:55:41.016 [FXGL Background Thread 1 ] DEBUG GameScene            - Game scene initialized: 1200x640
08:55:41.061 [FXGL Background Thread 1 ] DEBUG FXGLAssetLoaderServi - Loading from file system: file:/C:/Users/lucaa/OneDrive%20-%20HTL%20Saalfelden/POS/Workspace/IntelliJ/FXGL/TeacherTowerDefense/target/classes/assets/textures/menu_bg.png
08:55:41.451 [FXGL Background Thread 1 ] DEBUG GameApplicationServi - Application scenes initialized
08:55:41.474 [FXGL Background Thread 1 ] DEBUG SystemBundleService  - Loading FXGL system data
08:55:41.477 [FXGL Background Thread 1 ] DEBUG FileSystemAccess     - Reading from: C:\Users\lucaa\OneDrive - HTL Saalfelden\POS\Workspace\IntelliJ\FXGL\TeacherTowerDefense\system\fxgl.bundle
08:55:41.484 [FXGL Background Thread 1 ] DEBUG SystemBundleService  - Bundle FXGL: {}
08:55:41.484 [FXGL Background Thread 1 ] DEBUG UpdaterService       - Checking for updates
08:55:41.496 [FXGL Background Thread 4 ] DEBUG FXGLApplication      - Loading fonts
08:55:41.497 [FXGL Background Thread 4 ] DEBUG FXGLAssetLoaderServi - Loading from file system: jar:file:/C:/Users/lucaa/.m2/repository/com/github/almasb/fxgl/17.3/fxgl-17.3.jar!/fxglassets/ui/fonts/VarelaRound-Regular.ttf
08:55:41.498 [FXGL Background Thread 1 ] DEBUG FXGLApplication      - Loading default localization
08:55:41.499 [FXGL Background Thread 1 ] DEBUG FXGLAssetLoaderServi - Loading from file system: jar:file:/C:/Users/lucaa/.m2/repository/com/github/almasb/fxgl/17.3/fxgl-17.3.jar!/fxglassets/languages/english.lang
08:55:41.540 [FXGL Background Thread 1 ] INFO  FXGLApplication      - FXGL initialization took: 1,190 sec
08:55:41.544 [JavaFX Application Thread] DEBUG FXGLAssetLoaderServi - Loading from file system: jar:file:/C:/Users/lucaa/.m2/repository/com/github/almasb/fxgl/17.3/fxgl-17.3.jar!/fxglassets/textures/fxgl_icon.png
08:55:41.557 [FXGL Background Thread 4 ] DEBUG FXGLAssetLoaderServi - Loading from file system: jar:file:/C:/Users/lucaa/.m2/repository/com/github/almasb/fxgl/17.3/fxgl-17.3.jar!/fxglassets/ui/fonts/Abel-Regular.ttf
08:55:41.583 [FXGL Background Thread 4 ] DEBUG FXGLAssetLoaderServi - Loading from file system: jar:file:/C:/Users/lucaa/.m2/repository/com/github/almasb/fxgl/17.3/fxgl-17.3.jar!/fxglassets/ui/fonts/TerminalLandMono-Regular.otf
08:55:41.619 [FXGL Background Thread 4 ] DEBUG FXGLAssetLoaderServi - Loading from file system: jar:file:/C:/Users/lucaa/.m2/repository/com/github/almasb/fxgl/17.3/fxgl-17.3.jar!/fxglassets/ui/fonts/Courier-Prime.ttf
08:55:41.638 [JavaFX Application Thread] DEBUG FXGLAssetLoaderServi - Loading from file system: jar:file:/C:/Users/lucaa/.m2/repository/com/github/almasb/fxgl/17.3/fxgl-17.3.jar!/fxglassets/textures/fxgl_default_cursor.png
08:55:41.665 [JavaFX Application Thread] DEBUG Input                - Registered new binding: Screenshot - CTRL+8
08:55:41.666 [JavaFX Application Thread] DEBUG Input                - Registered new binding: System info dump - CTRL+9
08:55:41.667 [JavaFX Application Thread] DEBUG Input                - Registered new binding: Restart - CTRL+R
08:55:41.669 [JavaFX Application Thread] DEBUG Input                - Registered new binding: Toggle Debug Camera - CTRL+7
08:55:41.677 [JavaFX Application Thread] DEBUG LoopRunner           - Starting loop
08:55:41.677 [JavaFX Application Thread] DEBUG LoopRunner           - Initializing JavaFX AnimationTimerLoop
08:55:41.685 [JavaFX Application Thread] DEBUG Input                - Clearing active input actions
08:55:41.703 [JavaFX Application Thread] DEBUG GameApplicationServi - Removing overlay from FXGLStartupScene and adding to FXGLMainMenuDummyScene
08:55:41.704 [JavaFX Application Thread] DEBUG PrimaryStageWindow   - FXGLStartupScene -> FXGLMainMenuDummyScene
08:55:41.704 [JavaFX Application Thread] DEBUG PrimaryStageWindow   - Push state: CustomMainMenu
08:55:41.714 [JavaFX Application Thread] DEBUG Input                - Clearing active input actions
08:55:41.732 [JavaFX Application Thread] DEBUG GameApplicationServi - Removing overlay from FXGLMainMenuDummyScene and adding to CustomMainMenu
08:55:41.733 [JavaFX Application Thread] DEBUG PrimaryStageWindow   - FXGLMainMenuDummyScene -> CustomMainMenu
08:55:42.087 [JavaFX Application Thread] DEBUG FXGLApplication      - Registering font factories with UI factory
08:55:42.724 [FXGL Background Thread 2 ] INFO  UpdaterService       - Your current version:  17.3
08:55:42.724 [FXGL Background Thread 2 ] INFO  UpdaterService       - Latest stable version: 25
08:55:44.493 [FXGL Background Thread 3 ] DEBUG Engine               - Logging environment variables
08:55:44.495 [FXGL Background Thread 3 ] DEBUG Engine               - achievements: []
08:55:44.495 [FXGL Background Thread 3 ] DEBUG Engine               - actualHeight: 864.0
08:55:44.495 [FXGL Background Thread 3 ] DEBUG Engine               - actualHeightProperty: ReadOnlyDoubleProperty [value: 864.0]
08:55:44.495 [FXGL Background Thread 3 ] DEBUG Engine               - actualWidth: 1536.0
08:55:44.496 [FXGL Background Thread 3 ] DEBUG Engine               - actualWidthProperty: ReadOnlyDoubleProperty [value: 1536.0]
08:55:44.496 [FXGL Background Thread 3 ] DEBUG Engine               - appIcon: fxgl_icon.png
08:55:44.496 [FXGL Background Thread 3 ] DEBUG Engine               - applicationMode: DEVELOPER
08:55:44.496 [FXGL Background Thread 3 ] DEBUG Engine               - cSSList: [fxgl_dark.css]
08:55:44.496 [FXGL Background Thread 3 ] DEBUG Engine               - collisionDetectionStrategy: BRUTE_FORCE
08:55:44.496 [FXGL Background Thread 3 ] DEBUG Engine               - configClass: Optional.empty
08:55:44.496 [FXGL Background Thread 3 ] DEBUG Engine               - credits: []
08:55:44.500 [FXGL Background Thread 3 ] DEBUG Engine               - defaultCursor: CursorInfo(imageName=fxgl_default_cursor.png, hotspotX=7.0, hotspotY=6.0)
08:55:44.501 [FXGL Background Thread 3 ] DEBUG Engine               - devBBoxColorProperty: ObjectProperty [value: 0xff0000ff]
08:55:44.502 [FXGL Background Thread 3 ] DEBUG Engine               - devEnableDebugCameraProperty: BooleanProperty [value: false]
08:55:44.502 [FXGL Background Thread 3 ] DEBUG Engine               - devSensorColorProperty: ObjectProperty [value: 0xffff00ff]
08:55:44.502 [FXGL Background Thread 3 ] DEBUG Engine               - devShowBBoxProperty: BooleanProperty [value: false]
08:55:44.502 [FXGL Background Thread 3 ] DEBUG Engine               - devShowPositionProperty: BooleanProperty [value: false]
08:55:44.502 [FXGL Background Thread 3 ] DEBUG Engine               - enabledMenuItems: []
08:55:44.502 [FXGL Background Thread 3 ] DEBUG Engine               - engineServices: [class com.almasb.fxgl.app.services.FXGLAssetLoaderService, class com.almasb.fxgl.app.FXGLApplication$GameApplicationService, class com.almasb.fxgl.app.services.FXGLDialogService, class com.almasb.fxgl.app.services.IOTaskExecutorService, class com.almasb.fxgl.io.FileSystemService, class com.almasb.fxgl.localization.LocalizationService, class com.almasb.fxgl.app.services.SystemBundleService, class com.almasb.fxgl.profile.SaveLoadService, class com.almasb.fxgl.ui.FXGLUIFactoryServiceProvider, class com.almasb.fxgl.ui.FXGLDialogFactoryServiceProvider, class com.almasb.fxgl.audio.AudioPlayer, class com.almasb.fxgl.notification.impl.NotificationServiceProvider, class com.almasb.fxgl.achievement.AchievementService, class com.almasb.fxgl.cutscene.CutsceneService, class com.almasb.fxgl.minigames.MiniGameService, class com.almasb.fxgl.net.NetService, class com.almasb.fxgl.app.services.UpdaterService, class com.almasb.fxgl.dev.DevService]
08:55:44.503 [FXGL Background Thread 3 ] DEBUG Engine               - fontGame: Abel-Regular.ttf
08:55:44.503 [FXGL Background Thread 3 ] DEBUG Engine               - fontMono: TerminalLandMono-Regular.otf
08:55:44.503 [FXGL Background Thread 3 ] DEBUG Engine               - fontSizeScaleUI: 1.0
08:55:44.503 [FXGL Background Thread 3 ] DEBUG Engine               - fontText: Courier-Prime.ttf
08:55:44.503 [FXGL Background Thread 3 ] DEBUG Engine               - fontUI: VarelaRound-Regular.ttf
08:55:44.503 [FXGL Background Thread 3 ] DEBUG Engine               - fullScreen: BooleanProperty [value: true]
08:55:44.503 [FXGL Background Thread 3 ] DEBUG Engine               - gameDifficulty: MEDIUM
08:55:44.503 [FXGL Background Thread 3 ] DEBUG Engine               - gameDifficultyProperty: ObjectProperty [value: MEDIUM]
08:55:44.504 [FXGL Background Thread 3 ] DEBUG Engine               - globalMusicVolume: 0.5
08:55:44.504 [FXGL Background Thread 3 ] DEBUG Engine               - globalMusicVolumeProperty: DoubleProperty [value: 0.5]
08:55:44.504 [FXGL Background Thread 3 ] DEBUG Engine               - globalSoundVolume: 0.5
08:55:44.504 [FXGL Background Thread 3 ] DEBUG Engine               - globalSoundVolumeProperty: DoubleProperty [value: 0.5]
08:55:44.504 [FXGL Background Thread 3 ] DEBUG Engine               - height: 640
08:55:44.504 [FXGL Background Thread 3 ] DEBUG Engine               - is3D: false
08:55:44.504 [FXGL Background Thread 3 ] DEBUG Engine               - isAndroid: false
08:55:44.505 [FXGL Background Thread 3 ] DEBUG Engine               - isBrowser: false
08:55:44.505 [FXGL Background Thread 3 ] DEBUG Engine               - isClickFeedbackEnabled: false
08:55:44.505 [FXGL Background Thread 3 ] DEBUG Engine               - isCloseConfirmation: false
08:55:44.505 [FXGL Background Thread 3 ] DEBUG Engine               - isDesktop: true
08:55:44.505 [FXGL Background Thread 3 ] DEBUG Engine               - isDeveloperMenuEnabled: false
08:55:44.505 [FXGL Background Thread 3 ] DEBUG Engine               - isEmbedded: false
08:55:44.505 [FXGL Background Thread 3 ] DEBUG Engine               - isEntityPreloadEnabled: true
08:55:44.505 [FXGL Background Thread 3 ] DEBUG Engine               - isExperimentalTiledLargeMap: false
08:55:44.505 [FXGL Background Thread 3 ] DEBUG Engine               - isFileSystemWriteAllowed: true
08:55:44.506 [FXGL Background Thread 3 ] DEBUG Engine               - isFullScreenAllowed: true
08:55:44.506 [FXGL Background Thread 3 ] DEBUG Engine               - isFullScreenFromStart: true
08:55:44.506 [FXGL Background Thread 3 ] DEBUG Engine               - isGameMenuEnabled: true
08:55:44.506 [FXGL Background Thread 3 ] DEBUG Engine               - isIOS: false
08:55:44.506 [FXGL Background Thread 3 ] DEBUG Engine               - isIntroEnabled: false
08:55:44.506 [FXGL Background Thread 3 ] DEBUG Engine               - isLinux: false
08:55:44.506 [FXGL Background Thread 3 ] DEBUG Engine               - isMac: false
08:55:44.506 [FXGL Background Thread 3 ] DEBUG Engine               - isMainMenuEnabled: true
08:55:44.506 [FXGL Background Thread 3 ] DEBUG Engine               - isManualResizeEnabled: false
08:55:44.506 [FXGL Background Thread 3 ] DEBUG Engine               - isMobile: false
08:55:44.507 [FXGL Background Thread 3 ] DEBUG Engine               - isNative: false
08:55:44.507 [FXGL Background Thread 3 ] DEBUG Engine               - isPauseMusicWhenMinimized: true
08:55:44.507 [FXGL Background Thread 3 ] DEBUG Engine               - isPreserveResizeRatio: true
08:55:44.507 [FXGL Background Thread 3 ] DEBUG Engine               - isProfilingEnabled: false
08:55:44.507 [FXGL Background Thread 3 ] DEBUG Engine               - isScaleAffectedOnResize: true
08:55:44.507 [FXGL Background Thread 3 ] DEBUG Engine               - isSingleStep: false
08:55:44.507 [FXGL Background Thread 3 ] DEBUG Engine               - isUserProfileEnabled: false
08:55:44.507 [FXGL Background Thread 3 ] DEBUG Engine               - isWindows: true
08:55:44.508 [FXGL Background Thread 3 ] DEBUG Engine               - language: ObjectProperty [value: ENGLISH]
08:55:44.508 [FXGL Background Thread 3 ] DEBUG Engine               - menuKey: ESCAPE
08:55:44.508 [FXGL Background Thread 3 ] DEBUG Engine               - mouseSensitivity: 0.2
08:55:44.508 [FXGL Background Thread 3 ] DEBUG Engine               - notificationViewClass: class com.almasb.fxgl.notification.view.XboxNotificationView
08:55:44.508 [FXGL Background Thread 3 ] DEBUG Engine               - pixelsPerMeter: 50.0
08:55:44.508 [FXGL Background Thread 3 ] DEBUG Engine               - platform: WINDOWS
08:55:44.508 [FXGL Background Thread 3 ] DEBUG Engine               - prefHeightProperty: ReadOnlyDoubleProperty [value: 640.0]
08:55:44.509 [FXGL Background Thread 3 ] DEBUG Engine               - prefWidthProperty: ReadOnlyDoubleProperty [value: 1200.0]
08:55:44.509 [FXGL Background Thread 3 ] DEBUG Engine               - profileDir: profiles/
08:55:44.509 [FXGL Background Thread 3 ] DEBUG Engine               - profileName: StringProperty [value: DEFAULT]
08:55:44.509 [FXGL Background Thread 3 ] DEBUG Engine               - randomSeed: -1
08:55:44.509 [FXGL Background Thread 3 ] DEBUG Engine               - runtimeInfo: RuntimeInfo(platform=WINDOWS, version=17.3, build=30.03.2023 11.49)
08:55:44.510 [FXGL Background Thread 3 ] DEBUG Engine               - saveFileExt: sav
08:55:44.510 [FXGL Background Thread 3 ] DEBUG Engine               - scaledHeightProp$fxgl: DoubleProperty [bound, value: 864.0]
08:55:44.510 [FXGL Background Thread 3 ] DEBUG Engine               - scaledWidthProp$fxgl: DoubleProperty [bound, value: 1536.0]
08:55:44.510 [FXGL Background Thread 3 ] DEBUG Engine               - sceneFactory: at.htl.teachertowerdefense.CustomSceneFactory@48454f21
08:55:44.510 [FXGL Background Thread 3 ] DEBUG Engine               - secondsIn24h: 60
08:55:44.510 [FXGL Background Thread 3 ] DEBUG Engine               - soundMenuBack: menu/back.wav
08:55:44.510 [FXGL Background Thread 3 ] DEBUG Engine               - soundMenuPress: menu/press.wav
08:55:44.510 [FXGL Background Thread 3 ] DEBUG Engine               - soundMenuSelect: menu/select.wav
08:55:44.510 [FXGL Background Thread 3 ] DEBUG Engine               - soundNotification: core/notification.wav
08:55:44.511 [FXGL Background Thread 3 ] DEBUG Engine               - stageStyle: DECORATED
08:55:44.511 [FXGL Background Thread 3 ] DEBUG Engine               - supportedLanguages: [ENGLISH, FRENCH, GERMAN, HUNGARIAN, RUSSIAN]
08:55:44.511 [FXGL Background Thread 3 ] DEBUG Engine               - ticksPerSecond: -1
08:55:44.511 [FXGL Background Thread 3 ] DEBUG Engine               - title: Teacher Tower Defense
08:55:44.511 [FXGL Background Thread 3 ] DEBUG Engine               - urlGithub: https://github.com/AlmasB/FXGL
08:55:44.511 [FXGL Background Thread 3 ] DEBUG Engine               - urlLeaderboard: http://fxgl-top.herokuapp.com/
08:55:44.511 [FXGL Background Thread 3 ] DEBUG Engine               - urlPOM: https://raw.githubusercontent.com/AlmasB/FXGL/release/README.md
08:55:44.511 [FXGL Background Thread 3 ] DEBUG Engine               - userAppClass: class at.htl.teachertowerdefense.TeacherTowerDefenseApp
08:55:44.511 [FXGL Background Thread 3 ] DEBUG Engine               - version: 0.1
08:55:44.511 [FXGL Background Thread 3 ] DEBUG Engine               - versionCheckDays: 7
08:55:44.511 [FXGL Background Thread 3 ] DEBUG Engine               - width: 1200
08:55:44.512 [FXGL Background Thread 3 ] DEBUG Engine               - Logging services
08:55:44.512 [FXGL Background Thread 3 ] DEBUG Engine               - class com.almasb.fxgl.app.services.FXGLAssetLoaderService
08:55:44.512 [FXGL Background Thread 3 ] DEBUG Engine               - class com.almasb.fxgl.app.FXGLApplication$GameApplicationService
08:55:44.512 [FXGL Background Thread 3 ] DEBUG Engine               - class com.almasb.fxgl.app.services.FXGLDialogService
08:55:44.512 [FXGL Background Thread 3 ] DEBUG Engine               - class com.almasb.fxgl.app.services.IOTaskExecutorService
08:55:44.512 [FXGL Background Thread 3 ] DEBUG Engine               - class com.almasb.fxgl.io.FileSystemService
08:55:44.512 [FXGL Background Thread 3 ] DEBUG Engine               - class com.almasb.fxgl.localization.LocalizationService
08:55:44.513 [FXGL Background Thread 3 ] DEBUG Engine               - class com.almasb.fxgl.app.services.SystemBundleService
08:55:44.513 [FXGL Background Thread 3 ] DEBUG Engine               - class com.almasb.fxgl.profile.SaveLoadService
08:55:44.513 [FXGL Background Thread 3 ] DEBUG Engine               - class com.almasb.fxgl.ui.FXGLUIFactoryServiceProvider
08:55:44.513 [FXGL Background Thread 3 ] DEBUG Engine               - class com.almasb.fxgl.ui.FXGLDialogFactoryServiceProvider
08:55:44.513 [FXGL Background Thread 3 ] DEBUG Engine               - class com.almasb.fxgl.audio.AudioPlayer
08:55:44.513 [FXGL Background Thread 3 ] DEBUG Engine               - class com.almasb.fxgl.notification.impl.NotificationServiceProvider
08:55:44.513 [FXGL Background Thread 3 ] DEBUG Engine               - class com.almasb.fxgl.achievement.AchievementService
08:55:44.514 [FXGL Background Thread 3 ] DEBUG Engine               - class com.almasb.fxgl.cutscene.CutsceneService
08:55:44.514 [FXGL Background Thread 3 ] DEBUG Engine               - class com.almasb.fxgl.minigames.MiniGameService
08:55:44.514 [FXGL Background Thread 3 ] DEBUG Engine               - class com.almasb.fxgl.net.NetService
08:55:44.514 [FXGL Background Thread 3 ] DEBUG Engine               - class com.almasb.fxgl.app.services.UpdaterService
08:55:44.514 [FXGL Background Thread 3 ] DEBUG Engine               - class com.almasb.fxgl.dev.DevService
08:55:54.245 [JavaFX Application Thread] DEBUG Menu                 - fireNewGame()
08:55:54.245 [JavaFX Application Thread] DEBUG GameApplicationServi - Starting new game
08:55:54.245 [JavaFX Application Thread] DEBUG PrimaryStageWindow   - Pop state: CustomMainMenu
08:55:54.245 [JavaFX Application Thread] DEBUG Input                - Clearing active input actions
08:55:54.246 [JavaFX Application Thread] DEBUG GameApplicationServi - Removing overlay from CustomMainMenu and adding to FXGLMainMenuDummyScene
08:55:54.246 [JavaFX Application Thread] DEBUG PrimaryStageWindow   - FXGLMainMenuDummyScene <- CustomMainMenu
08:55:54.246 [JavaFX Application Thread] DEBUG Input                - Clearing active input actions
08:55:54.254 [JavaFX Application Thread] DEBUG GameApplicationServi - Removing overlay from FXGLMainMenuDummyScene and adding to FXGLLoadingScene
08:55:54.255 [JavaFX Application Thread] DEBUG PrimaryStageWindow   - FXGLMainMenuDummyScene -> FXGLLoadingScene
08:55:54.255 [JavaFX Application Thread] DEBUG GameApplicationServi - Clearing previous game
08:55:54.255 [JavaFX Application Thread] DEBUG GameScene            - Clearing game scene
08:55:54.255 [JavaFX Application Thread] DEBUG GameWorld            - Clearing game world
08:55:54.255 [JavaFX Application Thread] DEBUG PhysicsWorld         - Clearing physics world
08:55:54.257 [FXGL Background Thread 2 ] DEBUG FXGLApplication      - Initializing game
08:55:54.371 [FXGL Background Thread 2 ] WARN  TMXLevelLoader       - TiledMap generated from 1.11.2. Supported version: 1.9.0. Some features may not be parsed fully.
08:55:54.409 [FXGL Background Thread 2 ] DEBUG TMXLevelLoader       - Parsed TiledMap: file:/C:/Users/lucaa/OneDrive%20-%20HTL%20Saalfelden/POS/Workspace/IntelliJ/FXGL/TeacherTowerDefense/target/classes/assets/levels/Map1.tmx
08:55:54.411 [FXGL Background Thread 2 ] DEBUG TMXLevelLoader       - Creating tile layer entities
08:55:54.413 [FXGL Background Thread 2 ] DEBUG TilesetLoader        - Loading view for layer Kachelebene 0
08:55:54.418 [FXGL Background Thread 2 ] DEBUG TilesetLoader        - Created buffer with size 960.0x640.0
08:55:54.507 [FXGL Background Thread 2 ] DEBUG TilesetLoader        - Loading view for layer Kachelebene 1
08:55:54.507 [FXGL Background Thread 2 ] DEBUG TilesetLoader        - Created buffer with size 960.0x640.0
08:55:54.517 [FXGL Background Thread 2 ] DEBUG TilesetLoader        - Loading view for layer Kachelebene 2
08:55:54.518 [FXGL Background Thread 2 ] DEBUG TilesetLoader        - Created buffer with size 960.0x640.0
08:55:54.538 [FXGL Background Thread 2 ] DEBUG TilesetLoader        - Loading view for layer Kachelebene 4
08:55:54.538 [FXGL Background Thread 2 ] DEBUG TilesetLoader        - Created buffer with size 960.0x640.0
08:55:54.539 [FXGL Background Thread 2 ] DEBUG TMXLevelLoader       - Creating object layer entities
08:55:54.581 [FXGL Background Thread 2 ] DEBUG GameWorld            - Clearing removable entities
08:55:54.582 [FXGL Background Thread 2 ] DEBUG GameWorld            - Setting level: com.almasb.fxgl.entity.level.Level@5a2061c4
08:55:54.603 [FXGL Background Thread 2 ] DEBUG FXGLAssetLoaderServi - Loading from file system: file:/C:/Users/lucaa/OneDrive%20-%20HTL%20Saalfelden/POS/Workspace/IntelliJ/FXGL/TeacherTowerDefense/target/classes/assets/textures/Groebl.png
08:55:54.619 [FXGL Background Thread 2 ] DEBUG FXGLAssetLoaderServi - Loading from file system: file:/C:/Users/lucaa/OneDrive%20-%20HTL%20Saalfelden/POS/Workspace/IntelliJ/FXGL/TeacherTowerDefense/target/classes/assets/textures/Feichtner.png
08:55:54.634 [FXGL Background Thread 2 ] DEBUG FXGLAssetLoaderServi - Loading from file system: file:/C:/Users/lucaa/OneDrive%20-%20HTL%20Saalfelden/POS/Workspace/IntelliJ/FXGL/TeacherTowerDefense/target/classes/assets/textures/Winkler.png
08:55:54.640 [FXGL Background Thread 2 ] DEBUG FXGLAssetLoaderServi - Loading from file system: file:/C:/Users/lucaa/OneDrive%20-%20HTL%20Saalfelden/POS/Workspace/IntelliJ/FXGL/TeacherTowerDefense/target/classes/assets/textures/Aigner.png
08:55:54.673 [FXGL Background Thread 2 ] WARN  FXGLAssetLoaderServi - Asset "/assets/textures/Gassner.png" was not found!
08:55:54.673 [FXGL Background Thread 2 ] WARN  FXGLAssetLoaderServi - Failed to load IMAGE
08:55:54.717 [FXGL Background Thread 2 ] INFO  FXGLApplication      - Game initialization took: 0,459 sec
08:55:54.718 [JavaFX Application Thread] DEBUG Input                - Clearing active input actions
08:55:54.733 [JavaFX Application Thread] DEBUG GameApplicationServi - Removing overlay from FXGLLoadingScene and adding to GameScene
08:55:54.733 [JavaFX Application Thread] DEBUG PrimaryStageWindow   - FXGLLoadingScene -> GameScene
08:56:01.058 [JavaFX Application Thread] WARN  FXGLAssetLoaderServi - Asset "/assets/textures/Gassner.png" was not found!
08:56:01.058 [JavaFX Application Thread] WARN  FXGLAssetLoaderServi - Failed to load IMAGE
08:56:25.353 [JavaFX Application Thread] DEBUG FXGLAssetLoaderServi - Loading from file system: file:/C:/Users/lucaa/OneDrive%20-%20HTL%20Saalfelden/POS/Workspace/IntelliJ/FXGL/TeacherTowerDefense/target/classes/assets/textures/Jonathan.png
08:56:28.186 [JavaFX Application Thread] DEBUG FXGLAssetLoaderServi - Loading from file system: file:/C:/Users/lucaa/OneDrive%20-%20HTL%20Saalfelden/POS/Workspace/IntelliJ/FXGL/TeacherTowerDefense/target/classes/assets/textures/projektil_floppy.png
08:56:37.532 [JavaFX Application Thread] DEBUG PrimaryStageWindow   - Push state: CustomGameMenu
08:56:37.533 [JavaFX Application Thread] DEBUG Input                - Clearing active input actions
08:56:37.535 [JavaFX Application Thread] DEBUG GameApplicationServi - Removing overlay from GameScene and adding to CustomGameMenu
08:56:37.535 [JavaFX Application Thread] DEBUG PrimaryStageWindow   - GameScene -> CustomGameMenu
08:56:38.288 [JavaFX Application Thread] DEBUG Menu                 - fireExit()
08:56:38.307 [JavaFX Application Thread] DEBUG PrimaryStageWindow   - Push state: DialogSubScene
08:56:38.307 [JavaFX Application Thread] DEBUG Input                - Clearing active input actions
08:56:38.312 [JavaFX Application Thread] DEBUG GameApplicationServi - Removing overlay from CustomGameMenu and adding to DialogSubScene
08:56:38.312 [JavaFX Application Thread] DEBUG PrimaryStageWindow   - CustomGameMenu -> DialogSubScene
08:56:38.918 [JavaFX Application Thread] DEBUG PrimaryStageWindow   - Pop state: DialogSubScene
08:56:38.918 [JavaFX Application Thread] DEBUG Input                - Clearing active input actions
08:56:38.919 [JavaFX Application Thread] DEBUG GameApplicationServi - Removing overlay from DialogSubScene and adding to CustomGameMenu
08:56:38.919 [JavaFX Application Thread] DEBUG PrimaryStageWindow   - CustomGameMenu <- DialogSubScene
08:56:38.919 [JavaFX Application Thread] DEBUG FXGLApplication      - Exiting FXGL
08:56:38.919 [JavaFX Application Thread] DEBUG LoopRunner           - Stopping loop
08:56:38.919 [JavaFX Application Thread] DEBUG SystemBundleService  - Saving FXGL system data
08:56:38.922 [JavaFX Application Thread] DEBUG FileSystemAccess     - Writing to: C:\Users\lucaa\OneDrive - HTL Saalfelden\POS\Workspace\IntelliJ\FXGL\TeacherTowerDefense\system\fxgl.bundle
08:56:38.923 [JavaFX Application Thread] DEBUG Async                - Shutting down background threads
08:56:38.924 [JavaFX Application Thread] DEBUG PrimaryStageWindow   - Closing main window
08:56:39.059 [JavaFX Application Thread] DEBUG Logger               - Closing Logger
