07:55:52.822 [main                     ] DEBUG Logger               - Configured Logger
07:55:52.828 [main                     ] DEBUG GameApplication      - Logging settings
Title: Teacher Tower Defense
Version: 0.1
Width: 1200
Height: 640
Fullscreen: true
Intro: false
Profiling: false
Single step:false
App Mode: DEVELOPER
Menu Key: ESCAPE
Stage Style: DECORATED
Scene Factory: class at.htl.teachertowerdefense.CustomSceneFactory

07:55:53.409 [JavaFX Application Thread] DEBUG FXGLApplication      - Initializing FXGL
07:55:53.412 [JavaFX Application Thread] INFO  Engine               - FXGL-17.3 (30.03.2023 11.49) on WINDOWS (J:25.0.2 FX:21.0.6)
07:55:53.412 [JavaFX Application Thread] DEBUG Engine               - JRE Vendor Name: Oracle Corporation
07:55:53.413 [JavaFX Application Thread] DEBUG Engine               - Running on OS: Windows 11 version 10.0
07:55:53.413 [JavaFX Application Thread] DEBUG Engine               - Architecture: amd64
07:55:53.413 [JavaFX Application Thread] INFO  Engine               - Source code and latest versions at: https://github.com/AlmasB/FXGL
07:55:53.413 [JavaFX Application Thread] INFO  Engine               -       Ask questions and discuss at: https://github.com/AlmasB/FXGL/discussions
07:55:53.413 [JavaFX Application Thread] INFO  Engine               -              Join the FXGL chat at: https://gitter.im/AlmasB/FXGL
07:55:53.551 [JavaFX Application Thread] DEBUG PrimaryStageWindow   - Creating a JavaFX scene
07:55:53.629 [JavaFX Application Thread] DEBUG PrimaryStageWindow   - Target settings size: 1200.0 x 640.0
07:55:53.630 [JavaFX Application Thread] DEBUG PrimaryStageWindow   - Scaled scene size:    1200.0 x 640.0
07:55:53.630 [JavaFX Application Thread] DEBUG PrimaryStageWindow   - Scaled ratio: (1.0, 1.0)
07:55:53.633 [JavaFX Application Thread] DEBUG PrimaryStageWindow   - Set initial scene to FXGLStartupScene
07:55:53.642 [JavaFX Application Thread] DEBUG PrimaryStageWindow   - Opening main window
07:55:53.797 [JavaFX Application Thread] DEBUG PrimaryStageWindow   - Window border size: (14.4000244140625, 37.5999755859375)
07:55:53.797 [JavaFX Application Thread] DEBUG PrimaryStageWindow   - Scaled size: 1200.0 x 640.0
07:55:53.797 [JavaFX Application Thread] DEBUG PrimaryStageWindow   - Scaled ratio: (1.0, 1.0)
07:55:53.797 [JavaFX Application Thread] DEBUG PrimaryStageWindow   - Scene size: 1200.0 x 640.0
07:55:53.797 [JavaFX Application Thread] DEBUG PrimaryStageWindow   - Stage size: 1214.4000244140625 x 677.5999755859375
07:55:53.865 [JavaFX Application Thread] DEBUG PrimaryStageWindow   - Going fullscreen
07:55:53.877 [FXGL Background Thread 1 ] DEBUG Engine               - Initializing environment variables
07:55:53.922 [FXGL Background Thread 1 ] DEBUG FXGLAssetLoaderServi - User app class for loading assets: class at.htl.teachertowerdefense.TeacherTowerDefenseApp
07:55:53.922 [FXGL Background Thread 1 ] DEBUG GameApplicationServi - Applying CSS: fxgl_dark.css
07:55:53.923 [FXGL Background Thread 1 ] DEBUG FXGLAssetLoaderServi - Loading from file system: jar:file:/C:/Users/lucaa/.m2/repository/com/github/almasb/fxgl/17.3/fxgl-17.3.jar!/fxglassets/ui/css/fxgl_dark.css
07:55:53.960 [FXGL Background Thread 1 ] DEBUG GameApplicationServi - Initializing application scenes
07:55:54.010 [FXGL Background Thread 1 ] DEBUG GameWorld            - Game world initialized
07:55:54.056 [FXGL Background Thread 1 ] DEBUG PhysicsWorld         - Physics world initialized: appHeight=640, physics.ppm=50,0
07:55:54.056 [FXGL Background Thread 1 ] DEBUG PhysicsWorld         - Using strategy: BRUTE_FORCE
07:55:54.059 [FXGL Background Thread 1 ] DEBUG GameScene            - Game scene initialized: 1200x640
07:55:54.077 [FXGL Background Thread 1 ] DEBUG FXGLAssetLoaderServi - Loading from file system: file:/C:/Users/lucaa/OneDrive%20-%20HTL%20Saalfelden/POS/Workspace/IntelliJ/FXGL/TeacherTowerDefense/target/classes/assets/textures/menu_bg.png
07:55:54.166 [FXGL Background Thread 1 ] DEBUG GameApplicationServi - Application scenes initialized
07:55:54.173 [FXGL Background Thread 1 ] DEBUG SystemBundleService  - Loading FXGL system data
07:55:54.174 [FXGL Background Thread 1 ] DEBUG FileSystemAccess     - Reading from: C:\Users\lucaa\OneDrive - HTL Saalfelden\POS\Workspace\IntelliJ\FXGL\TeacherTowerDefense\system\fxgl.bundle
07:55:54.177 [FXGL Background Thread 1 ] DEBUG SystemBundleService  - Bundle FXGL: {}
07:55:54.177 [FXGL Background Thread 1 ] DEBUG UpdaterService       - Checking for updates
07:55:54.182 [FXGL Background Thread 4 ] DEBUG FXGLApplication      - Loading fonts
07:55:54.182 [FXGL Background Thread 4 ] DEBUG FXGLAssetLoaderServi - Loading from file system: jar:file:/C:/Users/lucaa/.m2/repository/com/github/almasb/fxgl/17.3/fxgl-17.3.jar!/fxglassets/ui/fonts/VarelaRound-Regular.ttf
07:55:54.182 [FXGL Background Thread 1 ] DEBUG FXGLApplication      - Loading default localization
07:55:54.183 [FXGL Background Thread 1 ] DEBUG FXGLAssetLoaderServi - Loading from file system: jar:file:/C:/Users/lucaa/.m2/repository/com/github/almasb/fxgl/17.3/fxgl-17.3.jar!/fxglassets/languages/english.lang
07:55:54.202 [FXGL Background Thread 1 ] INFO  FXGLApplication      - FXGL initialization took: 0,324 sec
07:55:54.203 [JavaFX Application Thread] DEBUG FXGLAssetLoaderServi - Loading from file system: jar:file:/C:/Users/lucaa/.m2/repository/com/github/almasb/fxgl/17.3/fxgl-17.3.jar!/fxglassets/textures/fxgl_icon.png
07:55:54.204 [FXGL Background Thread 4 ] DEBUG FXGLAssetLoaderServi - Loading from file system: jar:file:/C:/Users/lucaa/.m2/repository/com/github/almasb/fxgl/17.3/fxgl-17.3.jar!/fxglassets/ui/fonts/Abel-Regular.ttf
07:55:54.216 [FXGL Background Thread 4 ] DEBUG FXGLAssetLoaderServi - Loading from file system: jar:file:/C:/Users/lucaa/.m2/repository/com/github/almasb/fxgl/17.3/fxgl-17.3.jar!/fxglassets/ui/fonts/TerminalLandMono-Regular.otf
07:55:54.229 [FXGL Background Thread 4 ] DEBUG FXGLAssetLoaderServi - Loading from file system: jar:file:/C:/Users/lucaa/.m2/repository/com/github/almasb/fxgl/17.3/fxgl-17.3.jar!/fxglassets/ui/fonts/Courier-Prime.ttf
07:55:54.234 [JavaFX Application Thread] DEBUG FXGLAssetLoaderServi - Loading from file system: jar:file:/C:/Users/lucaa/.m2/repository/com/github/almasb/fxgl/17.3/fxgl-17.3.jar!/fxglassets/textures/fxgl_default_cursor.png
07:55:54.245 [JavaFX Application Thread] DEBUG Input                - Registered new binding: Screenshot - CTRL+8
07:55:54.245 [JavaFX Application Thread] DEBUG Input                - Registered new binding: System info dump - CTRL+9
07:55:54.246 [JavaFX Application Thread] DEBUG Input                - Registered new binding: Restart - CTRL+R
07:55:54.246 [JavaFX Application Thread] DEBUG Input                - Registered new binding: Toggle Debug Camera - CTRL+7
07:55:54.249 [JavaFX Application Thread] DEBUG LoopRunner           - Starting loop
07:55:54.249 [JavaFX Application Thread] DEBUG LoopRunner           - Initializing JavaFX AnimationTimerLoop
07:55:54.251 [JavaFX Application Thread] DEBUG Input                - Clearing active input actions
07:55:54.268 [JavaFX Application Thread] DEBUG GameApplicationServi - Removing overlay from FXGLStartupScene and adding to FXGLMainMenuDummyScene
07:55:54.269 [JavaFX Application Thread] DEBUG PrimaryStageWindow   - FXGLStartupScene -> FXGLMainMenuDummyScene
07:55:54.269 [JavaFX Application Thread] DEBUG PrimaryStageWindow   - Push state: CustomMainMenu
07:55:54.269 [JavaFX Application Thread] DEBUG Input                - Clearing active input actions
07:55:54.275 [JavaFX Application Thread] DEBUG GameApplicationServi - Removing overlay from FXGLMainMenuDummyScene and adding to CustomMainMenu
07:55:54.276 [JavaFX Application Thread] DEBUG PrimaryStageWindow   - FXGLMainMenuDummyScene -> CustomMainMenu
07:55:54.276 [JavaFX Application Thread] DEBUG FXGLApplication      - Registering font factories with UI factory
07:55:54.649 [FXGL Background Thread 2 ] INFO  UpdaterService       - Your current version:  17.3
07:55:54.650 [FXGL Background Thread 2 ] INFO  UpdaterService       - Latest stable version: 25
07:55:57.180 [FXGL Background Thread 3 ] DEBUG Engine               - Logging environment variables
07:55:57.182 [FXGL Background Thread 3 ] DEBUG Engine               - achievements: []
07:55:57.183 [FXGL Background Thread 3 ] DEBUG Engine               - actualHeight: 864.0
07:55:57.184 [FXGL Background Thread 3 ] DEBUG Engine               - actualHeightProperty: ReadOnlyDoubleProperty [value: 864.0]
07:55:57.184 [FXGL Background Thread 3 ] DEBUG Engine               - actualWidth: 1536.0
07:55:57.184 [FXGL Background Thread 3 ] DEBUG Engine               - actualWidthProperty: ReadOnlyDoubleProperty [value: 1536.0]
07:55:57.184 [FXGL Background Thread 3 ] DEBUG Engine               - appIcon: fxgl_icon.png
07:55:57.184 [FXGL Background Thread 3 ] DEBUG Engine               - applicationMode: DEVELOPER
07:55:57.184 [FXGL Background Thread 3 ] DEBUG Engine               - cSSList: [fxgl_dark.css]
07:55:57.184 [FXGL Background Thread 3 ] DEBUG Engine               - collisionDetectionStrategy: BRUTE_FORCE
07:55:57.184 [FXGL Background Thread 3 ] DEBUG Engine               - configClass: Optional.empty
07:55:57.184 [FXGL Background Thread 3 ] DEBUG Engine               - credits: []
07:55:57.191 [FXGL Background Thread 3 ] DEBUG Engine               - defaultCursor: CursorInfo(imageName=fxgl_default_cursor.png, hotspotX=7.0, hotspotY=6.0)
07:55:57.192 [FXGL Background Thread 3 ] DEBUG Engine               - devBBoxColorProperty: ObjectProperty [value: 0xff0000ff]
07:55:57.192 [FXGL Background Thread 3 ] DEBUG Engine               - devEnableDebugCameraProperty: BooleanProperty [value: false]
07:55:57.192 [FXGL Background Thread 3 ] DEBUG Engine               - devSensorColorProperty: ObjectProperty [value: 0xffff00ff]
07:55:57.192 [FXGL Background Thread 3 ] DEBUG Engine               - devShowBBoxProperty: BooleanProperty [value: false]
07:55:57.192 [FXGL Background Thread 3 ] DEBUG Engine               - devShowPositionProperty: BooleanProperty [value: false]
07:55:57.193 [FXGL Background Thread 3 ] DEBUG Engine               - enabledMenuItems: []
07:55:57.193 [FXGL Background Thread 3 ] DEBUG Engine               - engineServices: [class com.almasb.fxgl.app.services.FXGLAssetLoaderService, class com.almasb.fxgl.app.FXGLApplication$GameApplicationService, class com.almasb.fxgl.app.services.FXGLDialogService, class com.almasb.fxgl.app.services.IOTaskExecutorService, class com.almasb.fxgl.io.FileSystemService, class com.almasb.fxgl.localization.LocalizationService, class com.almasb.fxgl.app.services.SystemBundleService, class com.almasb.fxgl.profile.SaveLoadService, class com.almasb.fxgl.ui.FXGLUIFactoryServiceProvider, class com.almasb.fxgl.ui.FXGLDialogFactoryServiceProvider, class com.almasb.fxgl.audio.AudioPlayer, class com.almasb.fxgl.notification.impl.NotificationServiceProvider, class com.almasb.fxgl.achievement.AchievementService, class com.almasb.fxgl.cutscene.CutsceneService, class com.almasb.fxgl.minigames.MiniGameService, class com.almasb.fxgl.net.NetService, class com.almasb.fxgl.app.services.UpdaterService, class com.almasb.fxgl.dev.DevService]
07:55:57.193 [FXGL Background Thread 3 ] DEBUG Engine               - fontGame: Abel-Regular.ttf
07:55:57.193 [FXGL Background Thread 3 ] DEBUG Engine               - fontMono: TerminalLandMono-Regular.otf
07:55:57.193 [FXGL Background Thread 3 ] DEBUG Engine               - fontSizeScaleUI: 1.0
07:55:57.193 [FXGL Background Thread 3 ] DEBUG Engine               - fontText: Courier-Prime.ttf
07:55:57.193 [FXGL Background Thread 3 ] DEBUG Engine               - fontUI: VarelaRound-Regular.ttf
07:55:57.193 [FXGL Background Thread 3 ] DEBUG Engine               - fullScreen: BooleanProperty [value: true]
07:55:57.193 [FXGL Background Thread 3 ] DEBUG Engine               - gameDifficulty: MEDIUM
07:55:57.193 [FXGL Background Thread 3 ] DEBUG Engine               - gameDifficultyProperty: ObjectProperty [value: MEDIUM]
07:55:57.193 [FXGL Background Thread 3 ] DEBUG Engine               - globalMusicVolume: 0.5
07:55:57.193 [FXGL Background Thread 3 ] DEBUG Engine               - globalMusicVolumeProperty: DoubleProperty [value: 0.5]
07:55:57.193 [FXGL Background Thread 3 ] DEBUG Engine               - globalSoundVolume: 0.5
07:55:57.193 [FXGL Background Thread 3 ] DEBUG Engine               - globalSoundVolumeProperty: DoubleProperty [value: 0.5]
07:55:57.193 [FXGL Background Thread 3 ] DEBUG Engine               - height: 640
07:55:57.193 [FXGL Background Thread 3 ] DEBUG Engine               - is3D: false
07:55:57.193 [FXGL Background Thread 3 ] DEBUG Engine               - isAndroid: false
07:55:57.193 [FXGL Background Thread 3 ] DEBUG Engine               - isBrowser: false
07:55:57.193 [FXGL Background Thread 3 ] DEBUG Engine               - isClickFeedbackEnabled: false
07:55:57.193 [FXGL Background Thread 3 ] DEBUG Engine               - isCloseConfirmation: false
07:55:57.195 [FXGL Background Thread 3 ] DEBUG Engine               - isDesktop: true
07:55:57.195 [FXGL Background Thread 3 ] DEBUG Engine               - isDeveloperMenuEnabled: false
07:55:57.195 [FXGL Background Thread 3 ] DEBUG Engine               - isEmbedded: false
07:55:57.195 [FXGL Background Thread 3 ] DEBUG Engine               - isEntityPreloadEnabled: true
07:55:57.196 [FXGL Background Thread 3 ] DEBUG Engine               - isExperimentalTiledLargeMap: false
07:55:57.196 [FXGL Background Thread 3 ] DEBUG Engine               - isFileSystemWriteAllowed: true
07:55:57.196 [FXGL Background Thread 3 ] DEBUG Engine               - isFullScreenAllowed: true
07:55:57.196 [FXGL Background Thread 3 ] DEBUG Engine               - isFullScreenFromStart: true
07:55:57.196 [FXGL Background Thread 3 ] DEBUG Engine               - isGameMenuEnabled: true
07:55:57.197 [FXGL Background Thread 3 ] DEBUG Engine               - isIOS: false
07:55:57.197 [FXGL Background Thread 3 ] DEBUG Engine               - isIntroEnabled: false
07:55:57.197 [FXGL Background Thread 3 ] DEBUG Engine               - isLinux: false
07:55:57.197 [FXGL Background Thread 3 ] DEBUG Engine               - isMac: false
07:55:57.198 [FXGL Background Thread 3 ] DEBUG Engine               - isMainMenuEnabled: true
07:55:57.198 [FXGL Background Thread 3 ] DEBUG Engine               - isManualResizeEnabled: false
07:55:57.198 [FXGL Background Thread 3 ] DEBUG Engine               - isMobile: false
07:55:57.198 [FXGL Background Thread 3 ] DEBUG Engine               - isNative: false
07:55:57.198 [FXGL Background Thread 3 ] DEBUG Engine               - isPauseMusicWhenMinimized: true
07:55:57.199 [FXGL Background Thread 3 ] DEBUG Engine               - isPreserveResizeRatio: true
07:55:57.199 [FXGL Background Thread 3 ] DEBUG Engine               - isProfilingEnabled: false
07:55:57.199 [FXGL Background Thread 3 ] DEBUG Engine               - isScaleAffectedOnResize: true
07:55:57.199 [FXGL Background Thread 3 ] DEBUG Engine               - isSingleStep: false
07:55:57.199 [FXGL Background Thread 3 ] DEBUG Engine               - isUserProfileEnabled: false
07:55:57.199 [FXGL Background Thread 3 ] DEBUG Engine               - isWindows: true
07:55:57.200 [FXGL Background Thread 3 ] DEBUG Engine               - language: ObjectProperty [value: ENGLISH]
07:55:57.200 [FXGL Background Thread 3 ] DEBUG Engine               - menuKey: ESCAPE
07:55:57.201 [FXGL Background Thread 3 ] DEBUG Engine               - mouseSensitivity: 0.2
07:55:57.201 [FXGL Background Thread 3 ] DEBUG Engine               - notificationViewClass: class com.almasb.fxgl.notification.view.XboxNotificationView
07:55:57.201 [FXGL Background Thread 3 ] DEBUG Engine               - pixelsPerMeter: 50.0
07:55:57.201 [FXGL Background Thread 3 ] DEBUG Engine               - platform: WINDOWS
07:55:57.201 [FXGL Background Thread 3 ] DEBUG Engine               - prefHeightProperty: ReadOnlyDoubleProperty [value: 640.0]
07:55:57.201 [FXGL Background Thread 3 ] DEBUG Engine               - prefWidthProperty: ReadOnlyDoubleProperty [value: 1200.0]
07:55:57.202 [FXGL Background Thread 3 ] DEBUG Engine               - profileDir: profiles/
07:55:57.202 [FXGL Background Thread 3 ] DEBUG Engine               - profileName: StringProperty [value: DEFAULT]
07:55:57.202 [FXGL Background Thread 3 ] DEBUG Engine               - randomSeed: -1
07:55:57.202 [FXGL Background Thread 3 ] DEBUG Engine               - runtimeInfo: RuntimeInfo(platform=WINDOWS, version=17.3, build=30.03.2023 11.49)
07:55:57.202 [FXGL Background Thread 3 ] DEBUG Engine               - saveFileExt: sav
07:55:57.202 [FXGL Background Thread 3 ] DEBUG Engine               - scaledHeightProp$fxgl: DoubleProperty [bound, value: 864.0]
07:55:57.203 [FXGL Background Thread 3 ] DEBUG Engine               - scaledWidthProp$fxgl: DoubleProperty [bound, value: 1536.0]
07:55:57.203 [FXGL Background Thread 3 ] DEBUG Engine               - sceneFactory: at.htl.teachertowerdefense.CustomSceneFactory@7c6dadc9
07:55:57.203 [FXGL Background Thread 3 ] DEBUG Engine               - secondsIn24h: 60
07:55:57.203 [FXGL Background Thread 3 ] DEBUG Engine               - soundMenuBack: menu/back.wav
07:55:57.203 [FXGL Background Thread 3 ] DEBUG Engine               - soundMenuPress: menu/press.wav
07:55:57.203 [FXGL Background Thread 3 ] DEBUG Engine               - soundMenuSelect: menu/select.wav
07:55:57.203 [FXGL Background Thread 3 ] DEBUG Engine               - soundNotification: core/notification.wav
07:55:57.203 [FXGL Background Thread 3 ] DEBUG Engine               - stageStyle: DECORATED
07:55:57.203 [FXGL Background Thread 3 ] DEBUG Engine               - supportedLanguages: [ENGLISH, FRENCH, GERMAN, HUNGARIAN, RUSSIAN]
07:55:57.203 [FXGL Background Thread 3 ] DEBUG Engine               - ticksPerSecond: -1
07:55:57.203 [FXGL Background Thread 3 ] DEBUG Engine               - title: Teacher Tower Defense
07:55:57.204 [FXGL Background Thread 3 ] DEBUG Engine               - urlGithub: https://github.com/AlmasB/FXGL
07:55:57.204 [FXGL Background Thread 3 ] DEBUG Engine               - urlLeaderboard: http://fxgl-top.herokuapp.com/
07:55:57.204 [FXGL Background Thread 3 ] DEBUG Engine               - urlPOM: https://raw.githubusercontent.com/AlmasB/FXGL/release/README.md
07:55:57.204 [FXGL Background Thread 3 ] DEBUG Engine               - userAppClass: class at.htl.teachertowerdefense.TeacherTowerDefenseApp
07:55:57.204 [FXGL Background Thread 3 ] DEBUG Engine               - version: 0.1
07:55:57.204 [FXGL Background Thread 3 ] DEBUG Engine               - versionCheckDays: 7
07:55:57.204 [FXGL Background Thread 3 ] DEBUG Engine               - width: 1200
07:55:57.204 [FXGL Background Thread 3 ] DEBUG Engine               - Logging services
07:55:57.204 [FXGL Background Thread 3 ] DEBUG Engine               - class com.almasb.fxgl.app.services.FXGLAssetLoaderService
07:55:57.204 [FXGL Background Thread 3 ] DEBUG Engine               - class com.almasb.fxgl.app.FXGLApplication$GameApplicationService
07:55:57.205 [FXGL Background Thread 3 ] DEBUG Engine               - class com.almasb.fxgl.app.services.FXGLDialogService
07:55:57.205 [FXGL Background Thread 3 ] DEBUG Engine               - class com.almasb.fxgl.app.services.IOTaskExecutorService
07:55:57.205 [FXGL Background Thread 3 ] DEBUG Engine               - class com.almasb.fxgl.io.FileSystemService
07:55:57.205 [FXGL Background Thread 3 ] DEBUG Engine               - class com.almasb.fxgl.localization.LocalizationService
07:55:57.205 [FXGL Background Thread 3 ] DEBUG Engine               - class com.almasb.fxgl.app.services.SystemBundleService
07:55:57.205 [FXGL Background Thread 3 ] DEBUG Engine               - class com.almasb.fxgl.profile.SaveLoadService
07:55:57.205 [FXGL Background Thread 3 ] DEBUG Engine               - class com.almasb.fxgl.ui.FXGLUIFactoryServiceProvider
07:55:57.205 [FXGL Background Thread 3 ] DEBUG Engine               - class com.almasb.fxgl.ui.FXGLDialogFactoryServiceProvider
07:55:57.205 [FXGL Background Thread 3 ] DEBUG Engine               - class com.almasb.fxgl.audio.AudioPlayer
07:55:57.206 [FXGL Background Thread 3 ] DEBUG Engine               - class com.almasb.fxgl.notification.impl.NotificationServiceProvider
07:55:57.206 [FXGL Background Thread 3 ] DEBUG Engine               - class com.almasb.fxgl.achievement.AchievementService
07:55:57.206 [FXGL Background Thread 3 ] DEBUG Engine               - class com.almasb.fxgl.cutscene.CutsceneService
07:55:57.206 [FXGL Background Thread 3 ] DEBUG Engine               - class com.almasb.fxgl.minigames.MiniGameService
07:55:57.206 [FXGL Background Thread 3 ] DEBUG Engine               - class com.almasb.fxgl.net.NetService
07:55:57.206 [FXGL Background Thread 3 ] DEBUG Engine               - class com.almasb.fxgl.app.services.UpdaterService
07:55:57.206 [FXGL Background Thread 3 ] DEBUG Engine               - class com.almasb.fxgl.dev.DevService
07:56:59.980 [JavaFX Application Thread] DEBUG Menu                 - fireNewGame()
07:56:59.981 [JavaFX Application Thread] DEBUG GameApplicationServi - Starting new game
07:56:59.981 [JavaFX Application Thread] DEBUG PrimaryStageWindow   - Pop state: CustomMainMenu
07:56:59.982 [JavaFX Application Thread] DEBUG Input                - Clearing active input actions
07:56:59.983 [JavaFX Application Thread] DEBUG GameApplicationServi - Removing overlay from CustomMainMenu and adding to FXGLMainMenuDummyScene
07:56:59.984 [JavaFX Application Thread] DEBUG PrimaryStageWindow   - FXGLMainMenuDummyScene <- CustomMainMenu
07:56:59.984 [JavaFX Application Thread] DEBUG Input                - Clearing active input actions
07:56:59.993 [JavaFX Application Thread] DEBUG GameApplicationServi - Removing overlay from FXGLMainMenuDummyScene and adding to FXGLLoadingScene
07:56:59.993 [JavaFX Application Thread] DEBUG PrimaryStageWindow   - FXGLMainMenuDummyScene -> FXGLLoadingScene
07:56:59.993 [JavaFX Application Thread] DEBUG GameApplicationServi - Clearing previous game
07:56:59.993 [JavaFX Application Thread] DEBUG GameScene            - Clearing game scene
07:56:59.994 [JavaFX Application Thread] DEBUG GameWorld            - Clearing game world
07:56:59.994 [JavaFX Application Thread] DEBUG PhysicsWorld         - Clearing physics world
07:56:59.996 [FXGL Background Thread 5 ] DEBUG FXGLApplication      - Initializing game
07:57:00.103 [FXGL Background Thread 5 ] WARN  TMXLevelLoader       - TiledMap generated from 1.11.2. Supported version: 1.9.0. Some features may not be parsed fully.
07:57:00.129 [FXGL Background Thread 5 ] DEBUG TMXLevelLoader       - Parsed TiledMap: file:/C:/Users/lucaa/OneDrive%20-%20HTL%20Saalfelden/POS/Workspace/IntelliJ/FXGL/TeacherTowerDefense/target/classes/assets/levels/Map1.tmx
07:57:00.130 [FXGL Background Thread 5 ] DEBUG TMXLevelLoader       - Creating tile layer entities
07:57:00.132 [FXGL Background Thread 5 ] DEBUG TilesetLoader        - Loading view for layer Kachelebene 0
07:57:00.135 [FXGL Background Thread 5 ] DEBUG TilesetLoader        - Created buffer with size 960.0x640.0
07:57:00.163 [FXGL Background Thread 5 ] DEBUG TilesetLoader        - Loading view for layer Kachelebene 1
07:57:00.163 [FXGL Background Thread 5 ] DEBUG TilesetLoader        - Created buffer with size 960.0x640.0
07:57:00.168 [FXGL Background Thread 5 ] DEBUG TilesetLoader        - Loading view for layer Kachelebene 2
07:57:00.168 [FXGL Background Thread 5 ] DEBUG TilesetLoader        - Created buffer with size 960.0x640.0
07:57:00.179 [FXGL Background Thread 5 ] DEBUG TilesetLoader        - Loading view for layer Kachelebene 4
07:57:00.179 [FXGL Background Thread 5 ] DEBUG TilesetLoader        - Created buffer with size 960.0x640.0
07:57:00.179 [FXGL Background Thread 5 ] DEBUG TMXLevelLoader       - Creating object layer entities
07:57:00.203 [FXGL Background Thread 5 ] DEBUG GameWorld            - Clearing removable entities
07:57:00.204 [FXGL Background Thread 5 ] DEBUG GameWorld            - Setting level: com.almasb.fxgl.entity.level.Level@4325cc97
07:57:00.216 [FXGL Background Thread 5 ] DEBUG FXGLAssetLoaderServi - Loading from file system: file:/C:/Users/lucaa/OneDrive%20-%20HTL%20Saalfelden/POS/Workspace/IntelliJ/FXGL/TeacherTowerDefense/target/classes/assets/textures/Groebl.png
07:57:00.220 [FXGL Background Thread 5 ] DEBUG FXGLAssetLoaderServi - Loading from file system: file:/C:/Users/lucaa/OneDrive%20-%20HTL%20Saalfelden/POS/Workspace/IntelliJ/FXGL/TeacherTowerDefense/target/classes/assets/textures/Feichtner.png
07:57:00.222 [FXGL Background Thread 5 ] DEBUG FXGLAssetLoaderServi - Loading from file system: file:/C:/Users/lucaa/OneDrive%20-%20HTL%20Saalfelden/POS/Workspace/IntelliJ/FXGL/TeacherTowerDefense/target/classes/assets/textures/Winkler.png
07:57:00.234 [FXGL Background Thread 5 ] INFO  FXGLApplication      - Game initialization took: 0,239 sec
07:57:00.235 [JavaFX Application Thread] DEBUG Input                - Clearing active input actions
07:57:00.240 [JavaFX Application Thread] DEBUG GameApplicationServi - Removing overlay from FXGLLoadingScene and adding to GameScene
07:57:00.241 [JavaFX Application Thread] DEBUG PrimaryStageWindow   - FXGLLoadingScene -> GameScene
07:57:03.829 [JavaFX Application Thread] DEBUG PrimaryStageWindow   - Push state: DialogSubScene
07:57:03.829 [JavaFX Application Thread] DEBUG Input                - Clearing active input actions
07:57:03.834 [JavaFX Application Thread] DEBUG GameApplicationServi - Removing overlay from GameScene and adding to DialogSubScene
07:57:03.835 [JavaFX Application Thread] DEBUG PrimaryStageWindow   - GameScene -> DialogSubScene
07:57:04.416 [JavaFX Application Thread] DEBUG PrimaryStageWindow   - Pop state: DialogSubScene
07:57:04.417 [JavaFX Application Thread] DEBUG Input                - Clearing active input actions
07:57:04.417 [JavaFX Application Thread] DEBUG GameApplicationServi - Removing overlay from DialogSubScene and adding to GameScene
07:57:04.417 [JavaFX Application Thread] DEBUG PrimaryStageWindow   - GameScene <- DialogSubScene
07:57:07.567 [JavaFX Application Thread] DEBUG FXGLAssetLoaderServi - Loading from file system: file:/C:/Users/lucaa/OneDrive%20-%20HTL%20Saalfelden/POS/Workspace/IntelliJ/FXGL/TeacherTowerDefense/target/classes/assets/textures/Groebl_2.png
07:57:08.540 [JavaFX Application Thread] DEBUG FXGLAssetLoaderServi - Loading from file system: file:/C:/Users/lucaa/OneDrive%20-%20HTL%20Saalfelden/POS/Workspace/IntelliJ/FXGL/TeacherTowerDefense/target/classes/assets/textures/Jonathan.png
07:57:10.489 [JavaFX Application Thread] DEBUG FXGLAssetLoaderServi - Loading from file system: file:/C:/Users/lucaa/OneDrive%20-%20HTL%20Saalfelden/POS/Workspace/IntelliJ/FXGL/TeacherTowerDefense/target/classes/assets/textures/projektil_golfball.png
07:57:13.592 [JavaFX Application Thread] DEBUG FXGLAssetLoaderServi - Loading from file system: file:/C:/Users/lucaa/OneDrive%20-%20HTL%20Saalfelden/POS/Workspace/IntelliJ/FXGL/TeacherTowerDefense/target/classes/assets/textures/projektil_fisch.png
07:57:22.727 [JavaFX Application Thread] DEBUG FXGLAssetLoaderServi - Loading from file system: file:/C:/Users/lucaa/OneDrive%20-%20HTL%20Saalfelden/POS/Workspace/IntelliJ/FXGL/TeacherTowerDefense/target/classes/assets/textures/Gutmann.png
07:57:34.302 [JavaFX Application Thread] DEBUG FXGLAssetLoaderServi - Loading from file system: file:/C:/Users/lucaa/OneDrive%20-%20HTL%20Saalfelden/POS/Workspace/IntelliJ/FXGL/TeacherTowerDefense/target/classes/assets/textures/Wojciech.png
07:57:55.941 [JavaFX Application Thread] DEBUG PrimaryStageWindow   - Push state: CustomGameMenu
07:57:55.942 [JavaFX Application Thread] DEBUG Input                - Clearing active input actions
07:57:55.946 [JavaFX Application Thread] DEBUG GameApplicationServi - Removing overlay from GameScene and adding to CustomGameMenu
07:57:55.947 [JavaFX Application Thread] DEBUG PrimaryStageWindow   - GameScene -> CustomGameMenu
07:57:56.976 [JavaFX Application Thread] DEBUG Menu                 - fireExit()
07:57:56.978 [JavaFX Application Thread] DEBUG PrimaryStageWindow   - Push state: DialogSubScene
07:57:56.978 [JavaFX Application Thread] DEBUG Input                - Clearing active input actions
07:57:56.979 [JavaFX Application Thread] DEBUG GameApplicationServi - Removing overlay from CustomGameMenu and adding to DialogSubScene
07:57:56.979 [JavaFX Application Thread] DEBUG PrimaryStageWindow   - CustomGameMenu -> DialogSubScene
07:57:57.586 [JavaFX Application Thread] DEBUG PrimaryStageWindow   - Pop state: DialogSubScene
07:57:57.586 [JavaFX Application Thread] DEBUG Input                - Clearing active input actions
07:57:57.587 [JavaFX Application Thread] DEBUG GameApplicationServi - Removing overlay from DialogSubScene and adding to CustomGameMenu
07:57:57.587 [JavaFX Application Thread] DEBUG PrimaryStageWindow   - CustomGameMenu <- DialogSubScene
07:57:57.587 [JavaFX Application Thread] DEBUG FXGLApplication      - Exiting FXGL
07:57:57.587 [JavaFX Application Thread] DEBUG LoopRunner           - Stopping loop
07:57:57.587 [JavaFX Application Thread] DEBUG SystemBundleService  - Saving FXGL system data
07:57:57.589 [JavaFX Application Thread] DEBUG FileSystemAccess     - Writing to: C:\Users\lucaa\OneDrive - HTL Saalfelden\POS\Workspace\IntelliJ\FXGL\TeacherTowerDefense\system\fxgl.bundle
07:57:57.590 [JavaFX Application Thread] DEBUG Async                - Shutting down background threads
07:57:57.590 [JavaFX Application Thread] DEBUG PrimaryStageWindow   - Closing main window
07:57:57.624 [JavaFX Application Thread] DEBUG Logger               - Closing Logger
