09:09:42.072 [main                     ] DEBUG Logger               - Configured Logger
09:09:42.078 [main                     ] DEBUG GameApplication      - Logging settings
Title: Teacher Tower Defense
Version: 0.1
Width: 1200
Height: 640
Fullscreen: true
Intro: false
Profiling: false
Single step:false
App Mode: DEVELOPER
Menu Key: ESCAPE
Stage Style: DECORATED
Scene Factory: class at.htl.teachertowerdefense.CustomSceneFactory

09:09:42.601 [JavaFX Application Thread] DEBUG FXGLApplication      - Initializing FXGL
09:09:42.604 [JavaFX Application Thread] INFO  Engine               - FXGL-17.3 (30.03.2023 11.49) on WINDOWS (J:25.0.2 FX:21.0.6)
09:09:42.604 [JavaFX Application Thread] DEBUG Engine               - JRE Vendor Name: Oracle Corporation
09:09:42.604 [JavaFX Application Thread] DEBUG Engine               - Running on OS: Windows 11 version 10.0
09:09:42.604 [JavaFX Application Thread] DEBUG Engine               - Architecture: amd64
09:09:42.604 [JavaFX Application Thread] INFO  Engine               - Source code and latest versions at: https://github.com/AlmasB/FXGL
09:09:42.605 [JavaFX Application Thread] INFO  Engine               -       Ask questions and discuss at: https://github.com/AlmasB/FXGL/discussions
09:09:42.605 [JavaFX Application Thread] INFO  Engine               -              Join the FXGL chat at: https://gitter.im/AlmasB/FXGL
09:09:42.714 [JavaFX Application Thread] DEBUG PrimaryStageWindow   - Creating a JavaFX scene
09:09:42.768 [JavaFX Application Thread] DEBUG PrimaryStageWindow   - Target settings size: 1200.0 x 640.0
09:09:42.769 [JavaFX Application Thread] DEBUG PrimaryStageWindow   - Scaled scene size:    1200.0 x 640.0
09:09:42.769 [JavaFX Application Thread] DEBUG PrimaryStageWindow   - Scaled ratio: (1.0, 1.0)
09:09:42.770 [JavaFX Application Thread] DEBUG PrimaryStageWindow   - Set initial scene to FXGLStartupScene
09:09:42.774 [JavaFX Application Thread] DEBUG PrimaryStageWindow   - Opening main window
09:09:42.924 [JavaFX Application Thread] DEBUG PrimaryStageWindow   - Window border size: (14.4000244140625, 37.5999755859375)
09:09:42.925 [JavaFX Application Thread] DEBUG PrimaryStageWindow   - Scaled size: 1200.0 x 640.0
09:09:42.925 [JavaFX Application Thread] DEBUG PrimaryStageWindow   - Scaled ratio: (1.0, 1.0)
09:09:42.925 [JavaFX Application Thread] DEBUG PrimaryStageWindow   - Scene size: 1200.0 x 640.0
09:09:42.925 [JavaFX Application Thread] DEBUG PrimaryStageWindow   - Stage size: 1214.4000244140625 x 677.5999755859375
09:09:43.000 [JavaFX Application Thread] DEBUG PrimaryStageWindow   - Going fullscreen
09:09:43.008 [FXGL Background Thread 1 ] DEBUG Engine               - Initializing environment variables
09:09:43.055 [FXGL Background Thread 1 ] DEBUG FXGLAssetLoaderServi - User app class for loading assets: class at.htl.teachertowerdefense.TeacherTowerDefenseApp
09:09:43.055 [FXGL Background Thread 1 ] DEBUG GameApplicationServi - Applying CSS: fxgl_dark.css
09:09:43.056 [FXGL Background Thread 1 ] DEBUG FXGLAssetLoaderServi - Loading from file system: jar:file:/C:/Users/lucaa/.m2/repository/com/github/almasb/fxgl/17.3/fxgl-17.3.jar!/fxglassets/ui/css/fxgl_dark.css
09:09:43.097 [FXGL Background Thread 1 ] DEBUG GameApplicationServi - Initializing application scenes
09:09:43.138 [FXGL Background Thread 1 ] DEBUG GameWorld            - Game world initialized
09:09:43.184 [FXGL Background Thread 1 ] DEBUG PhysicsWorld         - Physics world initialized: appHeight=640, physics.ppm=50,0
09:09:43.184 [FXGL Background Thread 1 ] DEBUG PhysicsWorld         - Using strategy: BRUTE_FORCE
09:09:43.188 [FXGL Background Thread 1 ] DEBUG GameScene            - Game scene initialized: 1200x640
09:09:43.201 [FXGL Background Thread 1 ] DEBUG FXGLAssetLoaderServi - Loading from file system: file:/C:/Users/lucaa/OneDrive%20-%20HTL%20Saalfelden/POS/Workspace/IntelliJ/FXGL/TeacherTowerDefense/target/classes/assets/textures/menu_bg.png
09:09:43.312 [FXGL Background Thread 1 ] DEBUG GameApplicationServi - Application scenes initialized
09:09:43.322 [FXGL Background Thread 1 ] DEBUG SystemBundleService  - Loading FXGL system data
09:09:43.323 [FXGL Background Thread 1 ] DEBUG FileSystemAccess     - Reading from: C:\Users\lucaa\OneDrive - HTL Saalfelden\POS\Workspace\IntelliJ\FXGL\TeacherTowerDefense\system\fxgl.bundle
09:09:43.326 [FXGL Background Thread 1 ] DEBUG SystemBundleService  - Bundle FXGL: {}
09:09:43.326 [FXGL Background Thread 1 ] DEBUG UpdaterService       - Checking for updates
09:09:43.331 [FXGL Background Thread 4 ] DEBUG FXGLApplication      - Loading fonts
09:09:43.332 [FXGL Background Thread 4 ] DEBUG FXGLAssetLoaderServi - Loading from file system: jar:file:/C:/Users/lucaa/.m2/repository/com/github/almasb/fxgl/17.3/fxgl-17.3.jar!/fxglassets/ui/fonts/VarelaRound-Regular.ttf
09:09:43.332 [FXGL Background Thread 1 ] DEBUG FXGLApplication      - Loading default localization
09:09:43.333 [FXGL Background Thread 1 ] DEBUG FXGLAssetLoaderServi - Loading from file system: jar:file:/C:/Users/lucaa/.m2/repository/com/github/almasb/fxgl/17.3/fxgl-17.3.jar!/fxglassets/languages/english.lang
09:09:43.350 [FXGL Background Thread 1 ] INFO  FXGLApplication      - FXGL initialization took: 0,341 sec
09:09:43.351 [JavaFX Application Thread] DEBUG FXGLAssetLoaderServi - Loading from file system: jar:file:/C:/Users/lucaa/.m2/repository/com/github/almasb/fxgl/17.3/fxgl-17.3.jar!/fxglassets/textures/fxgl_icon.png
09:09:43.353 [FXGL Background Thread 4 ] DEBUG FXGLAssetLoaderServi - Loading from file system: jar:file:/C:/Users/lucaa/.m2/repository/com/github/almasb/fxgl/17.3/fxgl-17.3.jar!/fxglassets/ui/fonts/Abel-Regular.ttf
09:09:43.368 [FXGL Background Thread 4 ] DEBUG FXGLAssetLoaderServi - Loading from file system: jar:file:/C:/Users/lucaa/.m2/repository/com/github/almasb/fxgl/17.3/fxgl-17.3.jar!/fxglassets/ui/fonts/TerminalLandMono-Regular.otf
09:09:43.382 [FXGL Background Thread 4 ] DEBUG FXGLAssetLoaderServi - Loading from file system: jar:file:/C:/Users/lucaa/.m2/repository/com/github/almasb/fxgl/17.3/fxgl-17.3.jar!/fxglassets/ui/fonts/Courier-Prime.ttf
09:09:43.400 [JavaFX Application Thread] DEBUG FXGLAssetLoaderServi - Loading from file system: jar:file:/C:/Users/lucaa/.m2/repository/com/github/almasb/fxgl/17.3/fxgl-17.3.jar!/fxglassets/textures/fxgl_default_cursor.png
09:09:43.413 [JavaFX Application Thread] DEBUG Input                - Registered new binding: Screenshot - CTRL+8
09:09:43.414 [JavaFX Application Thread] DEBUG Input                - Registered new binding: System info dump - CTRL+9
09:09:43.414 [JavaFX Application Thread] DEBUG Input                - Registered new binding: Restart - CTRL+R
09:09:43.415 [JavaFX Application Thread] DEBUG Input                - Registered new binding: Toggle Debug Camera - CTRL+7
09:09:43.419 [JavaFX Application Thread] DEBUG LoopRunner           - Starting loop
09:09:43.419 [JavaFX Application Thread] DEBUG LoopRunner           - Initializing JavaFX AnimationTimerLoop
09:09:43.421 [JavaFX Application Thread] DEBUG Input                - Clearing active input actions
09:09:43.429 [JavaFX Application Thread] DEBUG GameApplicationServi - Removing overlay from FXGLStartupScene and adding to FXGLMainMenuDummyScene
09:09:43.430 [JavaFX Application Thread] DEBUG PrimaryStageWindow   - FXGLStartupScene -> FXGLMainMenuDummyScene
09:09:43.430 [JavaFX Application Thread] DEBUG PrimaryStageWindow   - Push state: CustomMainMenu
09:09:43.430 [JavaFX Application Thread] DEBUG Input                - Clearing active input actions
09:09:43.437 [JavaFX Application Thread] DEBUG GameApplicationServi - Removing overlay from FXGLMainMenuDummyScene and adding to CustomMainMenu
09:09:43.437 [JavaFX Application Thread] DEBUG PrimaryStageWindow   - FXGLMainMenuDummyScene -> CustomMainMenu
09:09:43.525 [JavaFX Application Thread] DEBUG FXGLApplication      - Registering font factories with UI factory
09:09:43.707 [FXGL Background Thread 2 ] INFO  UpdaterService       - Your current version:  17.3
09:09:43.707 [FXGL Background Thread 2 ] INFO  UpdaterService       - Latest stable version: 25
09:09:46.068 [JavaFX Application Thread] DEBUG Menu                 - fireNewGame()
09:09:46.068 [JavaFX Application Thread] DEBUG GameApplicationServi - Starting new game
09:09:46.069 [JavaFX Application Thread] DEBUG PrimaryStageWindow   - Pop state: CustomMainMenu
09:09:46.069 [JavaFX Application Thread] DEBUG Input                - Clearing active input actions
09:09:46.069 [JavaFX Application Thread] DEBUG GameApplicationServi - Removing overlay from CustomMainMenu and adding to FXGLMainMenuDummyScene
09:09:46.070 [JavaFX Application Thread] DEBUG PrimaryStageWindow   - FXGLMainMenuDummyScene <- CustomMainMenu
09:09:46.070 [JavaFX Application Thread] DEBUG Input                - Clearing active input actions
09:09:46.079 [JavaFX Application Thread] DEBUG GameApplicationServi - Removing overlay from FXGLMainMenuDummyScene and adding to FXGLLoadingScene
09:09:46.079 [JavaFX Application Thread] DEBUG PrimaryStageWindow   - FXGLMainMenuDummyScene -> FXGLLoadingScene
09:09:46.079 [JavaFX Application Thread] DEBUG GameApplicationServi - Clearing previous game
09:09:46.079 [JavaFX Application Thread] DEBUG GameScene            - Clearing game scene
09:09:46.079 [JavaFX Application Thread] DEBUG GameWorld            - Clearing game world
09:09:46.079 [JavaFX Application Thread] DEBUG PhysicsWorld         - Clearing physics world
09:09:46.082 [FXGL Background Thread 2 ] DEBUG FXGLApplication      - Initializing game
09:09:46.128 [FXGL Background Thread 2 ] WARN  TMXLevelLoader       - TiledMap generated from 1.11.2. Supported version: 1.9.0. Some features may not be parsed fully.
09:09:46.152 [FXGL Background Thread 2 ] DEBUG TMXLevelLoader       - Parsed TiledMap: file:/C:/Users/lucaa/OneDrive%20-%20HTL%20Saalfelden/POS/Workspace/IntelliJ/FXGL/TeacherTowerDefense/target/classes/assets/levels/Map1.tmx
09:09:46.153 [FXGL Background Thread 2 ] DEBUG TMXLevelLoader       - Creating tile layer entities
09:09:46.155 [FXGL Background Thread 2 ] DEBUG TilesetLoader        - Loading view for layer Kachelebene 0
09:09:46.159 [FXGL Background Thread 2 ] DEBUG TilesetLoader        - Created buffer with size 960.0x640.0
09:09:46.203 [FXGL Background Thread 2 ] DEBUG TilesetLoader        - Loading view for layer Kachelebene 1
09:09:46.203 [FXGL Background Thread 2 ] DEBUG TilesetLoader        - Created buffer with size 960.0x640.0
09:09:46.208 [FXGL Background Thread 2 ] DEBUG TilesetLoader        - Loading view for layer Kachelebene 2
09:09:46.208 [FXGL Background Thread 2 ] DEBUG TilesetLoader        - Created buffer with size 960.0x640.0
09:09:46.219 [FXGL Background Thread 2 ] DEBUG TilesetLoader        - Loading view for layer Kachelebene 4
09:09:46.220 [FXGL Background Thread 2 ] DEBUG TilesetLoader        - Created buffer with size 960.0x640.0
09:09:46.221 [FXGL Background Thread 2 ] DEBUG TMXLevelLoader       - Creating object layer entities
09:09:46.247 [FXGL Background Thread 2 ] DEBUG GameWorld            - Clearing removable entities
09:09:46.248 [FXGL Background Thread 2 ] DEBUG GameWorld            - Setting level: com.almasb.fxgl.entity.level.Level@5de7cfb8
09:09:46.259 [FXGL Background Thread 2 ] DEBUG FXGLAssetLoaderServi - Loading from file system: file:/C:/Users/lucaa/OneDrive%20-%20HTL%20Saalfelden/POS/Workspace/IntelliJ/FXGL/TeacherTowerDefense/target/classes/assets/textures/Groebl.png
09:09:46.262 [FXGL Background Thread 2 ] DEBUG FXGLAssetLoaderServi - Loading from file system: file:/C:/Users/lucaa/OneDrive%20-%20HTL%20Saalfelden/POS/Workspace/IntelliJ/FXGL/TeacherTowerDefense/target/classes/assets/textures/Feichtner.png
09:09:46.264 [FXGL Background Thread 2 ] DEBUG FXGLAssetLoaderServi - Loading from file system: file:/C:/Users/lucaa/OneDrive%20-%20HTL%20Saalfelden/POS/Workspace/IntelliJ/FXGL/TeacherTowerDefense/target/classes/assets/textures/Winkler.png
09:09:46.278 [FXGL Background Thread 2 ] INFO  FXGLApplication      - Game initialization took: 0,196 sec
09:09:46.279 [JavaFX Application Thread] DEBUG Input                - Clearing active input actions
09:09:46.286 [JavaFX Application Thread] DEBUG GameApplicationServi - Removing overlay from FXGLLoadingScene and adding to GameScene
09:09:46.286 [JavaFX Application Thread] DEBUG PrimaryStageWindow   - FXGLLoadingScene -> GameScene
09:09:46.330 [FXGL Background Thread 3 ] DEBUG Engine               - Logging environment variables
09:09:46.330 [FXGL Background Thread 3 ] DEBUG Engine               - achievements: []
09:09:46.330 [FXGL Background Thread 3 ] DEBUG Engine               - actualHeight: 864.0
09:09:46.330 [FXGL Background Thread 3 ] DEBUG Engine               - actualHeightProperty: ReadOnlyDoubleProperty [value: 864.0]
09:09:46.330 [FXGL Background Thread 3 ] DEBUG Engine               - actualWidth: 1536.0
09:09:46.331 [FXGL Background Thread 3 ] DEBUG Engine               - actualWidthProperty: ReadOnlyDoubleProperty [value: 1536.0]
09:09:46.331 [FXGL Background Thread 3 ] DEBUG Engine               - appIcon: fxgl_icon.png
09:09:46.331 [FXGL Background Thread 3 ] DEBUG Engine               - applicationMode: DEVELOPER
09:09:46.331 [FXGL Background Thread 3 ] DEBUG Engine               - cSSList: [fxgl_dark.css]
09:09:46.331 [FXGL Background Thread 3 ] DEBUG Engine               - collisionDetectionStrategy: BRUTE_FORCE
09:09:46.331 [FXGL Background Thread 3 ] DEBUG Engine               - configClass: Optional.empty
09:09:46.331 [FXGL Background Thread 3 ] DEBUG Engine               - credits: []
09:09:46.332 [FXGL Background Thread 3 ] DEBUG Engine               - defaultCursor: CursorInfo(imageName=fxgl_default_cursor.png, hotspotX=7.0, hotspotY=6.0)
09:09:46.332 [FXGL Background Thread 3 ] DEBUG Engine               - devBBoxColorProperty: ObjectProperty [value: 0xff0000ff]
09:09:46.332 [FXGL Background Thread 3 ] DEBUG Engine               - devEnableDebugCameraProperty: BooleanProperty [value: false]
09:09:46.332 [FXGL Background Thread 3 ] DEBUG Engine               - devSensorColorProperty: ObjectProperty [value: 0xffff00ff]
09:09:46.333 [FXGL Background Thread 3 ] DEBUG Engine               - devShowBBoxProperty: BooleanProperty [value: false]
09:09:46.333 [FXGL Background Thread 3 ] DEBUG Engine               - devShowPositionProperty: BooleanProperty [value: false]
09:09:46.333 [FXGL Background Thread 3 ] DEBUG Engine               - enabledMenuItems: []
09:09:46.333 [FXGL Background Thread 3 ] DEBUG Engine               - engineServices: [class com.almasb.fxgl.app.services.FXGLAssetLoaderService, class com.almasb.fxgl.app.FXGLApplication$GameApplicationService, class com.almasb.fxgl.app.services.FXGLDialogService, class com.almasb.fxgl.app.services.IOTaskExecutorService, class com.almasb.fxgl.io.FileSystemService, class com.almasb.fxgl.localization.LocalizationService, class com.almasb.fxgl.app.services.SystemBundleService, class com.almasb.fxgl.profile.SaveLoadService, class com.almasb.fxgl.ui.FXGLUIFactoryServiceProvider, class com.almasb.fxgl.ui.FXGLDialogFactoryServiceProvider, class com.almasb.fxgl.audio.AudioPlayer, class com.almasb.fxgl.notification.impl.NotificationServiceProvider, class com.almasb.fxgl.achievement.AchievementService, class com.almasb.fxgl.cutscene.CutsceneService, class com.almasb.fxgl.minigames.MiniGameService, class com.almasb.fxgl.net.NetService, class com.almasb.fxgl.app.services.UpdaterService, class com.almasb.fxgl.dev.DevService]
09:09:46.333 [FXGL Background Thread 3 ] DEBUG Engine               - fontGame: Abel-Regular.ttf
09:09:46.333 [FXGL Background Thread 3 ] DEBUG Engine               - fontMono: TerminalLandMono-Regular.otf
09:09:46.333 [FXGL Background Thread 3 ] DEBUG Engine               - fontSizeScaleUI: 1.0
09:09:46.333 [FXGL Background Thread 3 ] DEBUG Engine               - fontText: Courier-Prime.ttf
09:09:46.333 [FXGL Background Thread 3 ] DEBUG Engine               - fontUI: VarelaRound-Regular.ttf
09:09:46.333 [FXGL Background Thread 3 ] DEBUG Engine               - fullScreen: BooleanProperty [value: true]
09:09:46.333 [FXGL Background Thread 3 ] DEBUG Engine               - gameDifficulty: MEDIUM
09:09:46.333 [FXGL Background Thread 3 ] DEBUG Engine               - gameDifficultyProperty: ObjectProperty [value: MEDIUM]
09:09:46.333 [FXGL Background Thread 3 ] DEBUG Engine               - globalMusicVolume: 0.5
09:09:46.333 [FXGL Background Thread 3 ] DEBUG Engine               - globalMusicVolumeProperty: DoubleProperty [value: 0.5]
09:09:46.333 [FXGL Background Thread 3 ] DEBUG Engine               - globalSoundVolume: 0.5
09:09:46.333 [FXGL Background Thread 3 ] DEBUG Engine               - globalSoundVolumeProperty: DoubleProperty [value: 0.5]
09:09:46.333 [FXGL Background Thread 3 ] DEBUG Engine               - height: 640
09:09:46.333 [FXGL Background Thread 3 ] DEBUG Engine               - is3D: false
09:09:46.333 [FXGL Background Thread 3 ] DEBUG Engine               - isAndroid: false
09:09:46.334 [FXGL Background Thread 3 ] DEBUG Engine               - isBrowser: false
09:09:46.334 [FXGL Background Thread 3 ] DEBUG Engine               - isClickFeedbackEnabled: false
09:09:46.334 [FXGL Background Thread 3 ] DEBUG Engine               - isCloseConfirmation: false
09:09:46.334 [FXGL Background Thread 3 ] DEBUG Engine               - isDesktop: true
09:09:46.334 [FXGL Background Thread 3 ] DEBUG Engine               - isDeveloperMenuEnabled: false
09:09:46.334 [FXGL Background Thread 3 ] DEBUG Engine               - isEmbedded: false
09:09:46.334 [FXGL Background Thread 3 ] DEBUG Engine               - isEntityPreloadEnabled: true
09:09:46.334 [FXGL Background Thread 3 ] DEBUG Engine               - isExperimentalTiledLargeMap: false
09:09:46.334 [FXGL Background Thread 3 ] DEBUG Engine               - isFileSystemWriteAllowed: true
09:09:46.334 [FXGL Background Thread 3 ] DEBUG Engine               - isFullScreenAllowed: true
09:09:46.334 [FXGL Background Thread 3 ] DEBUG Engine               - isFullScreenFromStart: true
09:09:46.334 [FXGL Background Thread 3 ] DEBUG Engine               - isGameMenuEnabled: true
09:09:46.334 [FXGL Background Thread 3 ] DEBUG Engine               - isIOS: false
09:09:46.334 [FXGL Background Thread 3 ] DEBUG Engine               - isIntroEnabled: false
09:09:46.334 [FXGL Background Thread 3 ] DEBUG Engine               - isLinux: false
09:09:46.334 [FXGL Background Thread 3 ] DEBUG Engine               - isMac: false
09:09:46.334 [FXGL Background Thread 3 ] DEBUG Engine               - isMainMenuEnabled: true
09:09:46.334 [FXGL Background Thread 3 ] DEBUG Engine               - isManualResizeEnabled: false
09:09:46.334 [FXGL Background Thread 3 ] DEBUG Engine               - isMobile: false
09:09:46.334 [FXGL Background Thread 3 ] DEBUG Engine               - isNative: false
09:09:46.334 [FXGL Background Thread 3 ] DEBUG Engine               - isPauseMusicWhenMinimized: true
09:09:46.334 [FXGL Background Thread 3 ] DEBUG Engine               - isPreserveResizeRatio: true
09:09:46.334 [FXGL Background Thread 3 ] DEBUG Engine               - isProfilingEnabled: false
09:09:46.334 [FXGL Background Thread 3 ] DEBUG Engine               - isScaleAffectedOnResize: true
09:09:46.334 [FXGL Background Thread 3 ] DEBUG Engine               - isSingleStep: false
09:09:46.334 [FXGL Background Thread 3 ] DEBUG Engine               - isUserProfileEnabled: false
09:09:46.334 [FXGL Background Thread 3 ] DEBUG Engine               - isWindows: true
09:09:46.334 [FXGL Background Thread 3 ] DEBUG Engine               - language: ObjectProperty [value: ENGLISH]
09:09:46.334 [FXGL Background Thread 3 ] DEBUG Engine               - menuKey: ESCAPE
09:09:46.335 [FXGL Background Thread 3 ] DEBUG Engine               - mouseSensitivity: 0.2
09:09:46.335 [FXGL Background Thread 3 ] DEBUG Engine               - notificationViewClass: class com.almasb.fxgl.notification.view.XboxNotificationView
09:09:46.335 [FXGL Background Thread 3 ] DEBUG Engine               - pixelsPerMeter: 50.0
09:09:46.335 [FXGL Background Thread 3 ] DEBUG Engine               - platform: WINDOWS
09:09:46.335 [FXGL Background Thread 3 ] DEBUG Engine               - prefHeightProperty: ReadOnlyDoubleProperty [value: 640.0]
09:09:46.335 [FXGL Background Thread 3 ] DEBUG Engine               - prefWidthProperty: ReadOnlyDoubleProperty [value: 1200.0]
09:09:46.335 [FXGL Background Thread 3 ] DEBUG Engine               - profileDir: profiles/
09:09:46.335 [FXGL Background Thread 3 ] DEBUG Engine               - profileName: StringProperty [value: DEFAULT]
09:09:46.335 [FXGL Background Thread 3 ] DEBUG Engine               - randomSeed: -1
09:09:46.335 [FXGL Background Thread 3 ] DEBUG Engine               - runtimeInfo: RuntimeInfo(platform=WINDOWS, version=17.3, build=30.03.2023 11.49)
09:09:46.335 [FXGL Background Thread 3 ] DEBUG Engine               - saveFileExt: sav
09:09:46.335 [FXGL Background Thread 3 ] DEBUG Engine               - scaledHeightProp$fxgl: DoubleProperty [bound, value: 864.0]
09:09:46.335 [FXGL Background Thread 3 ] DEBUG Engine               - scaledWidthProp$fxgl: DoubleProperty [bound, value: 1536.0]
09:09:46.335 [FXGL Background Thread 3 ] DEBUG Engine               - sceneFactory: at.htl.teachertowerdefense.CustomSceneFactory@ce11f85
09:09:46.335 [FXGL Background Thread 3 ] DEBUG Engine               - secondsIn24h: 60
09:09:46.335 [FXGL Background Thread 3 ] DEBUG Engine               - soundMenuBack: menu/back.wav
09:09:46.336 [FXGL Background Thread 3 ] DEBUG Engine               - soundMenuPress: menu/press.wav
09:09:46.336 [FXGL Background Thread 3 ] DEBUG Engine               - soundMenuSelect: menu/select.wav
09:09:46.336 [FXGL Background Thread 3 ] DEBUG Engine               - soundNotification: core/notification.wav
09:09:46.336 [FXGL Background Thread 3 ] DEBUG Engine               - stageStyle: DECORATED
09:09:46.336 [FXGL Background Thread 3 ] DEBUG Engine               - supportedLanguages: [ENGLISH, FRENCH, GERMAN, HUNGARIAN, RUSSIAN]
09:09:46.336 [FXGL Background Thread 3 ] DEBUG Engine               - ticksPerSecond: -1
09:09:46.336 [FXGL Background Thread 3 ] DEBUG Engine               - title: Teacher Tower Defense
09:09:46.336 [FXGL Background Thread 3 ] DEBUG Engine               - urlGithub: https://github.com/AlmasB/FXGL
09:09:46.336 [FXGL Background Thread 3 ] DEBUG Engine               - urlLeaderboard: http://fxgl-top.herokuapp.com/
09:09:46.336 [FXGL Background Thread 3 ] DEBUG Engine               - urlPOM: https://raw.githubusercontent.com/AlmasB/FXGL/release/README.md
09:09:46.336 [FXGL Background Thread 3 ] DEBUG Engine               - userAppClass: class at.htl.teachertowerdefense.TeacherTowerDefenseApp
09:09:46.336 [FXGL Background Thread 3 ] DEBUG Engine               - version: 0.1
09:09:46.336 [FXGL Background Thread 3 ] DEBUG Engine               - versionCheckDays: 7
09:09:46.336 [FXGL Background Thread 3 ] DEBUG Engine               - width: 1200
09:09:46.336 [FXGL Background Thread 3 ] DEBUG Engine               - Logging services
09:09:46.336 [FXGL Background Thread 3 ] DEBUG Engine               - class com.almasb.fxgl.app.services.FXGLAssetLoaderService
09:09:46.336 [FXGL Background Thread 3 ] DEBUG Engine               - class com.almasb.fxgl.app.FXGLApplication$GameApplicationService
09:09:46.336 [FXGL Background Thread 3 ] DEBUG Engine               - class com.almasb.fxgl.app.services.FXGLDialogService
09:09:46.336 [FXGL Background Thread 3 ] DEBUG Engine               - class com.almasb.fxgl.app.services.IOTaskExecutorService
09:09:46.336 [FXGL Background Thread 3 ] DEBUG Engine               - class com.almasb.fxgl.io.FileSystemService
09:09:46.336 [FXGL Background Thread 3 ] DEBUG Engine               - class com.almasb.fxgl.localization.LocalizationService
09:09:46.336 [FXGL Background Thread 3 ] DEBUG Engine               - class com.almasb.fxgl.app.services.SystemBundleService
09:09:46.336 [FXGL Background Thread 3 ] DEBUG Engine               - class com.almasb.fxgl.profile.SaveLoadService
09:09:46.336 [FXGL Background Thread 3 ] DEBUG Engine               - class com.almasb.fxgl.ui.FXGLUIFactoryServiceProvider
09:09:46.336 [FXGL Background Thread 3 ] DEBUG Engine               - class com.almasb.fxgl.ui.FXGLDialogFactoryServiceProvider
09:09:46.336 [FXGL Background Thread 3 ] DEBUG Engine               - class com.almasb.fxgl.audio.AudioPlayer
09:09:46.336 [FXGL Background Thread 3 ] DEBUG Engine               - class com.almasb.fxgl.notification.impl.NotificationServiceProvider
09:09:46.336 [FXGL Background Thread 3 ] DEBUG Engine               - class com.almasb.fxgl.achievement.AchievementService
09:09:46.336 [FXGL Background Thread 3 ] DEBUG Engine               - class com.almasb.fxgl.cutscene.CutsceneService
09:09:46.336 [FXGL Background Thread 3 ] DEBUG Engine               - class com.almasb.fxgl.minigames.MiniGameService
09:09:46.336 [FXGL Background Thread 3 ] DEBUG Engine               - class com.almasb.fxgl.net.NetService
09:09:46.336 [FXGL Background Thread 3 ] DEBUG Engine               - class com.almasb.fxgl.app.services.UpdaterService
09:09:46.336 [FXGL Background Thread 3 ] DEBUG Engine               - class com.almasb.fxgl.dev.DevService
09:09:48.554 [JavaFX Application Thread] DEBUG FXGLAssetLoaderServi - Loading from file system: file:/C:/Users/lucaa/OneDrive%20-%20HTL%20Saalfelden/POS/Workspace/IntelliJ/FXGL/TeacherTowerDefense/target/classes/assets/textures/Groebl_2.png
09:09:49.373 [JavaFX Application Thread] DEBUG FXGLAssetLoaderServi - Loading from file system: file:/C:/Users/lucaa/OneDrive%20-%20HTL%20Saalfelden/POS/Workspace/IntelliJ/FXGL/TeacherTowerDefense/target/classes/assets/textures/Jonathan.png
09:09:50.669 [JavaFX Application Thread] DEBUG FXGLAssetLoaderServi - Loading from file system: file:/C:/Users/lucaa/OneDrive%20-%20HTL%20Saalfelden/POS/Workspace/IntelliJ/FXGL/TeacherTowerDefense/target/classes/assets/textures/projektil_golfball.png
09:09:56.877 [JavaFX Application Thread] DEBUG FXGLAssetLoaderServi - Loading from file system: file:/C:/Users/lucaa/OneDrive%20-%20HTL%20Saalfelden/POS/Workspace/IntelliJ/FXGL/TeacherTowerDefense/target/classes/assets/textures/Winkler_2.png
09:09:59.214 [JavaFX Application Thread] DEBUG LoopRunner           - Stopping loop
09:09:59.219 [JavaFX Application Thread] FATAL FXGLApplication      - Uncaught Exception:
java.lang.IllegalArgumentException: No EntityFactory has a method annotated @Spawns(ProjektilMinecraft)
	at com.almasb.fxgl.entity.GameWorld.create(GameWorld.kt:413)
	at com.almasb.fxgl.entity.GameWorld.spawn(GameWorld.kt:396)
	at com.almasb.fxgl.dsl.FXGL$Companion.spawn(FXGL.kt:565)
	at com.almasb.fxgl.dsl.FXGL.spawn(FXGL.kt)
	at at.htl.teachertowerdefense.TowerComponent.onUpdate(TowerComponent.java:63)
	at com.almasb.fxgl.entity.Entity$ComponentMap.update(Entity.java:60)
	at com.almasb.fxgl.entity.Entity.update(Entity.java:248)
	at com.almasb.fxgl.entity.GameWorld.onUpdate(GameWorld.kt:177)
	at com.almasb.fxgl.app.scene.GameScene.step(GameScene.kt:228)
	at com.almasb.fxgl.app.scene.GameScene.onUpdate(GameScene.kt:224)
	at com.almasb.fxgl.scene.Scene.update(Scene.kt:105)
	at com.almasb.fxgl.app.MainWindow$update$1.invoke(MainWindow.kt:115)
	at com.almasb.fxgl.app.MainWindow$update$1.invoke(MainWindow.kt:115)
	at com.almasb.fxgl.core.fsm.StateMachine.runOnActiveStates(StateMachine.kt:69)
	at com.almasb.fxgl.app.MainWindow.update(MainWindow.kt:115)
	at com.almasb.fxgl.app.FXGLApplication$GameApplicationService.onUpdate(FXGLApplication.kt:426)
	at com.almasb.fxgl.app.Engine.loop(Engine.kt:134)
	at com.almasb.fxgl.app.Engine.access$loop(Engine.kt:24)
	at com.almasb.fxgl.app.Engine$loop$1.invoke(Engine.kt:28)
	at com.almasb.fxgl.app.Engine$loop$1.invoke(Engine.kt:28)
	at com.almasb.fxgl.app.LoopRunner.frame(LoopRunner.kt:103)
	at com.almasb.fxgl.app.LoopRunner.access$frame(LoopRunner.kt:23)
	at com.almasb.fxgl.app.LoopRunner$impl$2$1.onTick(LoopRunner.kt:57)
	at com.almasb.fxgl.app.AnimationTimerLoop$timer$1.handle(LoopRunner.kt:137)
	at javafx.animation.AnimationTimer$AnimationTimerReceiver.lambda$handle$0(AnimationTimer.java:58)
	at java.base/java.security.AccessController.doPrivileged(AccessController.java:138)
	at javafx.animation.AnimationTimer$AnimationTimerReceiver.handle(AnimationTimer.java:57)
	at com.sun.scenario.animation.AbstractPrimaryTimer.timePulseImpl(AbstractPrimaryTimer.java:356)
	at com.sun.scenario.animation.AbstractPrimaryTimer$MainLoop.run(AbstractPrimaryTimer.java:266)
	at com.sun.javafx.tk.quantum.QuantumToolkit.pulse(QuantumToolkit.java:588)
	at com.sun.javafx.tk.quantum.QuantumToolkit.pulse(QuantumToolkit.java:572)
	at com.sun.javafx.tk.quantum.QuantumToolkit.pulseFromQueue(QuantumToolkit.java:565)
	at com.sun.javafx.tk.quantum.QuantumToolkit.lambda$runToolkit$11(QuantumToolkit.java:352)
	at com.sun.glass.ui.InvokeLaterDispatcher$Future.run(InvokeLaterDispatcher.java:95)
	at com.sun.glass.ui.win.WinApplication._runLoop(Native Method)
	at com.sun.glass.ui.win.WinApplication.lambda$runLoop$3(WinApplication.java:185)
	at java.base/java.lang.Thread.run(Thread.java:1474)

09:09:59.221 [JavaFX Application Thread] FATAL FXGLApplication      - Application will now exit
09:09:59.263 [JavaFX Application Thread] DEBUG PrimaryStageWindow   - Push state: ErrorSubScene
09:09:59.263 [JavaFX Application Thread] DEBUG Input                - Clearing active input actions
09:09:59.276 [JavaFX Application Thread] DEBUG GameApplicationServi - Removing overlay from GameScene and adding to ErrorSubScene
09:09:59.277 [JavaFX Application Thread] DEBUG PrimaryStageWindow   - GameScene -> ErrorSubScene
09:10:09.608 [JavaFX Application Thread] DEBUG FXGLApplication      - Exiting FXGL
09:10:09.609 [JavaFX Application Thread] DEBUG Async                - Shutting down background threads
09:10:09.609 [JavaFX Application Thread] DEBUG PrimaryStageWindow   - Closing main window
09:10:09.664 [JavaFX Application Thread] DEBUG Logger               - Closing Logger
