17:48:30.863 [main                     ] DEBUG Logger               - Configured Logger
17:48:30.893 [main                     ] DEBUG GameApplication      - Logging settings
Title: Teacher Tower Defense
Version: 0.1
Width: 1200
Height: 640
Fullscreen: true
Intro: false
Profiling: false
Single step:false
App Mode: DEVELOPER
Menu Key: ESCAPE
Stage Style: DECORATED
Scene Factory: class at.htl.teachertowerdefense.CustomSceneFactory

17:48:32.767 [JavaFX Application Thread] DEBUG FXGLApplication      - Initializing FXGL
17:48:32.774 [JavaFX Application Thread] INFO  Engine               - FXGL-17.3 (30.03.2023 11.49) on WINDOWS (J:25.0.2 FX:21.0.6)
17:48:32.775 [JavaFX Application Thread] DEBUG Engine               - JRE Vendor Name: Oracle Corporation
17:48:32.775 [JavaFX Application Thread] DEBUG Engine               - Running on OS: Windows 11 version 10.0
17:48:32.775 [JavaFX Application Thread] DEBUG Engine               - Architecture: amd64
17:48:32.775 [JavaFX Application Thread] INFO  Engine               - Source code and latest versions at: https://github.com/AlmasB/FXGL
17:48:32.775 [JavaFX Application Thread] INFO  Engine               -       Ask questions and discuss at: https://github.com/AlmasB/FXGL/discussions
17:48:32.775 [JavaFX Application Thread] INFO  Engine               -              Join the FXGL chat at: https://gitter.im/AlmasB/FXGL
17:48:33.211 [JavaFX Application Thread] DEBUG PrimaryStageWindow   - Creating a JavaFX scene
17:48:33.446 [JavaFX Application Thread] DEBUG PrimaryStageWindow   - Target settings size: 1200.0 x 640.0
17:48:33.446 [JavaFX Application Thread] DEBUG PrimaryStageWindow   - Scaled scene size:    1200.0 x 640.0
17:48:33.446 [JavaFX Application Thread] DEBUG PrimaryStageWindow   - Scaled ratio: (1.0, 1.0)
17:48:33.447 [JavaFX Application Thread] DEBUG PrimaryStageWindow   - Set initial scene to FXGLStartupScene
17:48:33.456 [JavaFX Application Thread] DEBUG PrimaryStageWindow   - Opening main window
17:48:33.910 [JavaFX Application Thread] DEBUG PrimaryStageWindow   - Window border size: (14.4000244140625, 37.5999755859375)
17:48:33.911 [JavaFX Application Thread] DEBUG PrimaryStageWindow   - Scaled size: 1200.0 x 640.0
17:48:33.911 [JavaFX Application Thread] DEBUG PrimaryStageWindow   - Scaled ratio: (1.0, 1.0)
17:48:33.911 [JavaFX Application Thread] DEBUG PrimaryStageWindow   - Scene size: 1200.0 x 640.0
17:48:33.912 [JavaFX Application Thread] DEBUG PrimaryStageWindow   - Stage size: 1214.4000244140625 x 677.5999755859375
17:48:34.201 [JavaFX Application Thread] DEBUG PrimaryStageWindow   - Going fullscreen
17:48:34.214 [FXGL Background Thread 1 ] DEBUG Engine               - Initializing environment variables
17:48:34.288 [FXGL Background Thread 1 ] DEBUG FXGLAssetLoaderServi - User app class for loading assets: class at.htl.teachertowerdefense.TeacherTowerDefenseApp
17:48:34.289 [FXGL Background Thread 1 ] DEBUG GameApplicationServi - Applying CSS: fxgl_dark.css
17:48:34.290 [FXGL Background Thread 1 ] DEBUG FXGLAssetLoaderServi - Loading from file system: jar:file:/C:/Users/lucaa/.m2/repository/com/github/almasb/fxgl/17.3/fxgl-17.3.jar!/fxglassets/ui/css/fxgl_dark.css
17:48:34.343 [FXGL Background Thread 1 ] DEBUG GameApplicationServi - Initializing application scenes
17:48:34.397 [FXGL Background Thread 1 ] DEBUG GameWorld            - Game world initialized
17:48:34.470 [FXGL Background Thread 1 ] DEBUG PhysicsWorld         - Physics world initialized: appHeight=640, physics.ppm=50,0
17:48:34.470 [FXGL Background Thread 1 ] DEBUG PhysicsWorld         - Using strategy: BRUTE_FORCE
17:48:34.474 [FXGL Background Thread 1 ] DEBUG GameScene            - Game scene initialized: 1200x640
17:48:34.525 [FXGL Background Thread 1 ] DEBUG FXGLAssetLoaderServi - Loading from file system: file:/C:/Users/lucaa/OneDrive%20-%20HTL%20Saalfelden/POS/Workspace/IntelliJ/FXGL/TeacherTowerDefense/target/classes/assets/textures/menu_bg.png
17:48:34.699 [FXGL Background Thread 1 ] DEBUG GameApplicationServi - Application scenes initialized
17:48:34.708 [FXGL Background Thread 1 ] DEBUG SystemBundleService  - Loading FXGL system data
17:48:34.709 [FXGL Background Thread 1 ] DEBUG FileSystemAccess     - Reading from: C:\Users\lucaa\OneDrive - HTL Saalfelden\POS\Workspace\IntelliJ\FXGL\TeacherTowerDefense\system\fxgl.bundle
17:48:34.712 [FXGL Background Thread 1 ] DEBUG SystemBundleService  - Bundle FXGL: {}
17:48:34.712 [FXGL Background Thread 1 ] DEBUG UpdaterService       - Checking for updates
17:48:34.717 [FXGL Background Thread 4 ] DEBUG FXGLApplication      - Loading fonts
17:48:34.718 [FXGL Background Thread 1 ] DEBUG FXGLApplication      - Loading default localization
17:48:34.718 [FXGL Background Thread 4 ] DEBUG FXGLAssetLoaderServi - Loading from file system: jar:file:/C:/Users/lucaa/.m2/repository/com/github/almasb/fxgl/17.3/fxgl-17.3.jar!/fxglassets/ui/fonts/VarelaRound-Regular.ttf
17:48:34.719 [FXGL Background Thread 1 ] DEBUG FXGLAssetLoaderServi - Loading from file system: jar:file:/C:/Users/lucaa/.m2/repository/com/github/almasb/fxgl/17.3/fxgl-17.3.jar!/fxglassets/languages/english.lang
17:48:34.744 [FXGL Background Thread 4 ] DEBUG FXGLAssetLoaderServi - Loading from file system: jar:file:/C:/Users/lucaa/.m2/repository/com/github/almasb/fxgl/17.3/fxgl-17.3.jar!/fxglassets/ui/fonts/Abel-Regular.ttf
17:48:34.746 [FXGL Background Thread 1 ] INFO  FXGLApplication      - FXGL initialization took: 0,532 sec
17:48:34.748 [JavaFX Application Thread] DEBUG FXGLAssetLoaderServi - Loading from file system: jar:file:/C:/Users/lucaa/.m2/repository/com/github/almasb/fxgl/17.3/fxgl-17.3.jar!/fxglassets/textures/fxgl_icon.png
17:48:34.762 [FXGL Background Thread 4 ] DEBUG FXGLAssetLoaderServi - Loading from file system: jar:file:/C:/Users/lucaa/.m2/repository/com/github/almasb/fxgl/17.3/fxgl-17.3.jar!/fxglassets/ui/fonts/TerminalLandMono-Regular.otf
17:48:34.781 [FXGL Background Thread 4 ] DEBUG FXGLAssetLoaderServi - Loading from file system: jar:file:/C:/Users/lucaa/.m2/repository/com/github/almasb/fxgl/17.3/fxgl-17.3.jar!/fxglassets/ui/fonts/Courier-Prime.ttf
17:48:34.787 [JavaFX Application Thread] DEBUG FXGLAssetLoaderServi - Loading from file system: jar:file:/C:/Users/lucaa/.m2/repository/com/github/almasb/fxgl/17.3/fxgl-17.3.jar!/fxglassets/textures/fxgl_default_cursor.png
17:48:34.805 [JavaFX Application Thread] DEBUG Input                - Registered new binding: Screenshot - CTRL+8
17:48:34.806 [JavaFX Application Thread] DEBUG Input                - Registered new binding: System info dump - CTRL+9
17:48:34.806 [JavaFX Application Thread] DEBUG Input                - Registered new binding: Restart - CTRL+R
17:48:34.807 [JavaFX Application Thread] DEBUG Input                - Registered new binding: Toggle Debug Camera - CTRL+7
17:48:34.811 [JavaFX Application Thread] DEBUG LoopRunner           - Starting loop
17:48:34.811 [JavaFX Application Thread] DEBUG LoopRunner           - Initializing JavaFX AnimationTimerLoop
17:48:34.816 [JavaFX Application Thread] DEBUG Input                - Clearing active input actions
17:48:34.828 [JavaFX Application Thread] DEBUG GameApplicationServi - Removing overlay from FXGLStartupScene and adding to FXGLMainMenuDummyScene
17:48:34.828 [JavaFX Application Thread] DEBUG PrimaryStageWindow   - FXGLStartupScene -> FXGLMainMenuDummyScene
17:48:34.829 [JavaFX Application Thread] DEBUG PrimaryStageWindow   - Push state: CustomMainMenu
17:48:34.829 [JavaFX Application Thread] DEBUG Input                - Clearing active input actions
17:48:34.839 [JavaFX Application Thread] DEBUG GameApplicationServi - Removing overlay from FXGLMainMenuDummyScene and adding to CustomMainMenu
17:48:34.840 [JavaFX Application Thread] DEBUG PrimaryStageWindow   - FXGLMainMenuDummyScene -> CustomMainMenu
17:48:34.841 [JavaFX Application Thread] DEBUG FXGLApplication      - Registering font factories with UI factory
17:48:35.828 [FXGL Background Thread 2 ] INFO  UpdaterService       - Your current version:  17.3
17:48:35.828 [FXGL Background Thread 2 ] INFO  UpdaterService       - Latest stable version: 25
17:48:37.716 [FXGL Background Thread 3 ] DEBUG Engine               - Logging environment variables
17:48:37.718 [FXGL Background Thread 3 ] DEBUG Engine               - achievements: []
17:48:37.718 [FXGL Background Thread 3 ] DEBUG Engine               - actualHeight: 864.0
17:48:37.719 [FXGL Background Thread 3 ] DEBUG Engine               - actualHeightProperty: ReadOnlyDoubleProperty [value: 864.0]
17:48:37.719 [FXGL Background Thread 3 ] DEBUG Engine               - actualWidth: 1536.0
17:48:37.720 [FXGL Background Thread 3 ] DEBUG Engine               - actualWidthProperty: ReadOnlyDoubleProperty [value: 1536.0]
17:48:37.720 [FXGL Background Thread 3 ] DEBUG Engine               - appIcon: fxgl_icon.png
17:48:37.720 [FXGL Background Thread 3 ] DEBUG Engine               - applicationMode: DEVELOPER
17:48:37.720 [FXGL Background Thread 3 ] DEBUG Engine               - cSSList: [fxgl_dark.css]
17:48:37.721 [FXGL Background Thread 3 ] DEBUG Engine               - collisionDetectionStrategy: BRUTE_FORCE
17:48:37.721 [FXGL Background Thread 3 ] DEBUG Engine               - configClass: Optional.empty
17:48:37.721 [FXGL Background Thread 3 ] DEBUG Engine               - credits: []
17:48:37.731 [FXGL Background Thread 3 ] DEBUG Engine               - defaultCursor: CursorInfo(imageName=fxgl_default_cursor.png, hotspotX=7.0, hotspotY=6.0)
17:48:37.732 [FXGL Background Thread 3 ] DEBUG Engine               - devBBoxColorProperty: ObjectProperty [value: 0xff0000ff]
17:48:37.733 [FXGL Background Thread 3 ] DEBUG Engine               - devEnableDebugCameraProperty: BooleanProperty [value: false]
17:48:37.733 [FXGL Background Thread 3 ] DEBUG Engine               - devSensorColorProperty: ObjectProperty [value: 0xffff00ff]
17:48:37.734 [FXGL Background Thread 3 ] DEBUG Engine               - devShowBBoxProperty: BooleanProperty [value: false]
17:48:37.734 [FXGL Background Thread 3 ] DEBUG Engine               - devShowPositionProperty: BooleanProperty [value: false]
17:48:37.734 [FXGL Background Thread 3 ] DEBUG Engine               - enabledMenuItems: []
17:48:37.735 [FXGL Background Thread 3 ] DEBUG Engine               - engineServices: [class com.almasb.fxgl.app.services.FXGLAssetLoaderService, class com.almasb.fxgl.app.FXGLApplication$GameApplicationService, class com.almasb.fxgl.app.services.FXGLDialogService, class com.almasb.fxgl.app.services.IOTaskExecutorService, class com.almasb.fxgl.io.FileSystemService, class com.almasb.fxgl.localization.LocalizationService, class com.almasb.fxgl.app.services.SystemBundleService, class com.almasb.fxgl.profile.SaveLoadService, class com.almasb.fxgl.ui.FXGLUIFactoryServiceProvider, class com.almasb.fxgl.ui.FXGLDialogFactoryServiceProvider, class com.almasb.fxgl.audio.AudioPlayer, class com.almasb.fxgl.notification.impl.NotificationServiceProvider, class com.almasb.fxgl.achievement.AchievementService, class com.almasb.fxgl.cutscene.CutsceneService, class com.almasb.fxgl.minigames.MiniGameService, class com.almasb.fxgl.net.NetService, class com.almasb.fxgl.app.services.UpdaterService, class com.almasb.fxgl.dev.DevService]
17:48:37.735 [FXGL Background Thread 3 ] DEBUG Engine               - fontGame: Abel-Regular.ttf
17:48:37.735 [FXGL Background Thread 3 ] DEBUG Engine               - fontMono: TerminalLandMono-Regular.otf
17:48:37.735 [FXGL Background Thread 3 ] DEBUG Engine               - fontSizeScaleUI: 1.0
17:48:37.736 [FXGL Background Thread 3 ] DEBUG Engine               - fontText: Courier-Prime.ttf
17:48:37.736 [FXGL Background Thread 3 ] DEBUG Engine               - fontUI: VarelaRound-Regular.ttf
17:48:37.736 [FXGL Background Thread 3 ] DEBUG Engine               - fullScreen: BooleanProperty [value: true]
17:48:37.737 [FXGL Background Thread 3 ] DEBUG Engine               - gameDifficulty: MEDIUM
17:48:37.737 [FXGL Background Thread 3 ] DEBUG Engine               - gameDifficultyProperty: ObjectProperty [value: MEDIUM]
17:48:37.738 [FXGL Background Thread 3 ] DEBUG Engine               - globalMusicVolume: 0.5
17:48:37.738 [FXGL Background Thread 3 ] DEBUG Engine               - globalMusicVolumeProperty: DoubleProperty [value: 0.5]
17:48:37.738 [FXGL Background Thread 3 ] DEBUG Engine               - globalSoundVolume: 0.5
17:48:37.740 [FXGL Background Thread 3 ] DEBUG Engine               - globalSoundVolumeProperty: DoubleProperty [value: 0.5]
17:48:37.740 [FXGL Background Thread 3 ] DEBUG Engine               - height: 640
17:48:37.740 [FXGL Background Thread 3 ] DEBUG Engine               - is3D: false
17:48:37.741 [FXGL Background Thread 3 ] DEBUG Engine               - isAndroid: false
17:48:37.741 [FXGL Background Thread 3 ] DEBUG Engine               - isBrowser: false
17:48:37.741 [FXGL Background Thread 3 ] DEBUG Engine               - isClickFeedbackEnabled: false
17:48:37.742 [FXGL Background Thread 3 ] DEBUG Engine               - isCloseConfirmation: false
17:48:37.742 [FXGL Background Thread 3 ] DEBUG Engine               - isDesktop: true
17:48:37.742 [FXGL Background Thread 3 ] DEBUG Engine               - isDeveloperMenuEnabled: false
17:48:37.742 [FXGL Background Thread 3 ] DEBUG Engine               - isEmbedded: false
17:48:37.743 [FXGL Background Thread 3 ] DEBUG Engine               - isEntityPreloadEnabled: true
17:48:37.743 [FXGL Background Thread 3 ] DEBUG Engine               - isExperimentalTiledLargeMap: false
17:48:37.743 [FXGL Background Thread 3 ] DEBUG Engine               - isFileSystemWriteAllowed: true
17:48:37.743 [FXGL Background Thread 3 ] DEBUG Engine               - isFullScreenAllowed: true
17:48:37.744 [FXGL Background Thread 3 ] DEBUG Engine               - isFullScreenFromStart: true
17:48:37.744 [FXGL Background Thread 3 ] DEBUG Engine               - isGameMenuEnabled: true
17:48:37.744 [FXGL Background Thread 3 ] DEBUG Engine               - isIOS: false
17:48:37.744 [FXGL Background Thread 3 ] DEBUG Engine               - isIntroEnabled: false
17:48:37.745 [FXGL Background Thread 3 ] DEBUG Engine               - isLinux: false
17:48:37.745 [FXGL Background Thread 3 ] DEBUG Engine               - isMac: false
17:48:37.745 [FXGL Background Thread 3 ] DEBUG Engine               - isMainMenuEnabled: true
17:48:37.746 [FXGL Background Thread 3 ] DEBUG Engine               - isManualResizeEnabled: false
17:48:37.746 [FXGL Background Thread 3 ] DEBUG Engine               - isMobile: false
17:48:37.746 [FXGL Background Thread 3 ] DEBUG Engine               - isNative: false
17:48:37.746 [FXGL Background Thread 3 ] DEBUG Engine               - isPauseMusicWhenMinimized: true
17:48:37.747 [FXGL Background Thread 3 ] DEBUG Engine               - isPreserveResizeRatio: true
17:48:37.747 [FXGL Background Thread 3 ] DEBUG Engine               - isProfilingEnabled: false
17:48:37.747 [FXGL Background Thread 3 ] DEBUG Engine               - isScaleAffectedOnResize: true
17:48:37.747 [FXGL Background Thread 3 ] DEBUG Engine               - isSingleStep: false
17:48:37.748 [FXGL Background Thread 3 ] DEBUG Engine               - isUserProfileEnabled: false
17:48:37.748 [FXGL Background Thread 3 ] DEBUG Engine               - isWindows: true
17:48:37.748 [FXGL Background Thread 3 ] DEBUG Engine               - language: ObjectProperty [value: ENGLISH]
17:48:37.748 [FXGL Background Thread 3 ] DEBUG Engine               - menuKey: ESCAPE
17:48:37.749 [FXGL Background Thread 3 ] DEBUG Engine               - mouseSensitivity: 0.2
17:48:37.749 [FXGL Background Thread 3 ] DEBUG Engine               - notificationViewClass: class com.almasb.fxgl.notification.view.XboxNotificationView
17:48:37.749 [FXGL Background Thread 3 ] DEBUG Engine               - pixelsPerMeter: 50.0
17:48:37.749 [FXGL Background Thread 3 ] DEBUG Engine               - platform: WINDOWS
17:48:37.750 [FXGL Background Thread 3 ] DEBUG Engine               - prefHeightProperty: ReadOnlyDoubleProperty [value: 640.0]
17:48:37.750 [FXGL Background Thread 3 ] DEBUG Engine               - prefWidthProperty: ReadOnlyDoubleProperty [value: 1200.0]
17:48:37.750 [FXGL Background Thread 3 ] DEBUG Engine               - profileDir: profiles/
17:48:37.751 [FXGL Background Thread 3 ] DEBUG Engine               - profileName: StringProperty [value: DEFAULT]
17:48:37.751 [FXGL Background Thread 3 ] DEBUG Engine               - randomSeed: -1
17:48:37.752 [FXGL Background Thread 3 ] DEBUG Engine               - runtimeInfo: RuntimeInfo(platform=WINDOWS, version=17.3, build=30.03.2023 11.49)
17:48:37.752 [FXGL Background Thread 3 ] DEBUG Engine               - saveFileExt: sav
17:48:37.753 [FXGL Background Thread 3 ] DEBUG Engine               - scaledHeightProp$fxgl: DoubleProperty [bound, value: 864.0]
17:48:37.753 [FXGL Background Thread 3 ] DEBUG Engine               - scaledWidthProp$fxgl: DoubleProperty [bound, value: 1536.0]
17:48:37.754 [FXGL Background Thread 3 ] DEBUG Engine               - sceneFactory: at.htl.teachertowerdefense.CustomSceneFactory@d914066
17:48:37.754 [FXGL Background Thread 3 ] DEBUG Engine               - secondsIn24h: 60
17:48:37.754 [FXGL Background Thread 3 ] DEBUG Engine               - soundMenuBack: menu/back.wav
17:48:37.754 [FXGL Background Thread 3 ] DEBUG Engine               - soundMenuPress: menu/press.wav
17:48:37.754 [FXGL Background Thread 3 ] DEBUG Engine               - soundMenuSelect: menu/select.wav
17:48:37.755 [FXGL Background Thread 3 ] DEBUG Engine               - soundNotification: core/notification.wav
17:48:37.755 [FXGL Background Thread 3 ] DEBUG Engine               - stageStyle: DECORATED
17:48:37.755 [FXGL Background Thread 3 ] DEBUG Engine               - supportedLanguages: [ENGLISH, FRENCH, GERMAN, HUNGARIAN, RUSSIAN]
17:48:37.755 [FXGL Background Thread 3 ] DEBUG Engine               - ticksPerSecond: -1
17:48:37.756 [FXGL Background Thread 3 ] DEBUG Engine               - title: Teacher Tower Defense
17:48:37.756 [FXGL Background Thread 3 ] DEBUG Engine               - urlGithub: https://github.com/AlmasB/FXGL
17:48:37.756 [FXGL Background Thread 3 ] DEBUG Engine               - urlLeaderboard: http://fxgl-top.herokuapp.com/
17:48:37.756 [FXGL Background Thread 3 ] DEBUG Engine               - urlPOM: https://raw.githubusercontent.com/AlmasB/FXGL/release/README.md
17:48:37.757 [FXGL Background Thread 3 ] DEBUG Engine               - userAppClass: class at.htl.teachertowerdefense.TeacherTowerDefenseApp
17:48:37.757 [FXGL Background Thread 3 ] DEBUG Engine               - version: 0.1
17:48:37.757 [FXGL Background Thread 3 ] DEBUG Engine               - versionCheckDays: 7
17:48:37.757 [FXGL Background Thread 3 ] DEBUG Engine               - width: 1200
17:48:37.757 [FXGL Background Thread 3 ] DEBUG Engine               - Logging services
17:48:37.758 [FXGL Background Thread 3 ] DEBUG Engine               - class com.almasb.fxgl.app.services.FXGLAssetLoaderService
17:48:37.758 [FXGL Background Thread 3 ] DEBUG Engine               - class com.almasb.fxgl.app.FXGLApplication$GameApplicationService
17:48:37.758 [FXGL Background Thread 3 ] DEBUG Engine               - class com.almasb.fxgl.app.services.FXGLDialogService
17:48:37.758 [FXGL Background Thread 3 ] DEBUG Engine               - class com.almasb.fxgl.app.services.IOTaskExecutorService
17:48:37.758 [FXGL Background Thread 3 ] DEBUG Engine               - class com.almasb.fxgl.io.FileSystemService
17:48:37.758 [FXGL Background Thread 3 ] DEBUG Engine               - class com.almasb.fxgl.localization.LocalizationService
17:48:37.759 [FXGL Background Thread 3 ] DEBUG Engine               - class com.almasb.fxgl.app.services.SystemBundleService
17:48:37.759 [FXGL Background Thread 3 ] DEBUG Engine               - class com.almasb.fxgl.profile.SaveLoadService
17:48:37.759 [FXGL Background Thread 3 ] DEBUG Engine               - class com.almasb.fxgl.ui.FXGLUIFactoryServiceProvider
17:48:37.759 [FXGL Background Thread 3 ] DEBUG Engine               - class com.almasb.fxgl.ui.FXGLDialogFactoryServiceProvider
17:48:37.759 [FXGL Background Thread 3 ] DEBUG Engine               - class com.almasb.fxgl.audio.AudioPlayer
17:48:37.760 [FXGL Background Thread 3 ] DEBUG Engine               - class com.almasb.fxgl.notification.impl.NotificationServiceProvider
17:48:37.760 [FXGL Background Thread 3 ] DEBUG Engine               - class com.almasb.fxgl.achievement.AchievementService
17:48:37.760 [FXGL Background Thread 3 ] DEBUG Engine               - class com.almasb.fxgl.cutscene.CutsceneService
17:48:37.760 [FXGL Background Thread 3 ] DEBUG Engine               - class com.almasb.fxgl.minigames.MiniGameService
17:48:37.760 [FXGL Background Thread 3 ] DEBUG Engine               - class com.almasb.fxgl.net.NetService
17:48:37.760 [FXGL Background Thread 3 ] DEBUG Engine               - class com.almasb.fxgl.app.services.UpdaterService
17:48:37.761 [FXGL Background Thread 3 ] DEBUG Engine               - class com.almasb.fxgl.dev.DevService
17:48:50.270 [JavaFX Application Thread] DEBUG Menu                 - fireNewGame()
17:48:50.271 [JavaFX Application Thread] DEBUG GameApplicationServi - Starting new game
17:48:50.272 [JavaFX Application Thread] DEBUG PrimaryStageWindow   - Pop state: CustomMainMenu
17:48:50.273 [JavaFX Application Thread] DEBUG Input                - Clearing active input actions
17:48:50.274 [JavaFX Application Thread] DEBUG GameApplicationServi - Removing overlay from CustomMainMenu and adding to FXGLMainMenuDummyScene
17:48:50.274 [JavaFX Application Thread] DEBUG PrimaryStageWindow   - FXGLMainMenuDummyScene <- CustomMainMenu
17:48:50.274 [JavaFX Application Thread] DEBUG Input                - Clearing active input actions
17:48:50.283 [JavaFX Application Thread] DEBUG GameApplicationServi - Removing overlay from FXGLMainMenuDummyScene and adding to FXGLLoadingScene
17:48:50.284 [JavaFX Application Thread] DEBUG PrimaryStageWindow   - FXGLMainMenuDummyScene -> FXGLLoadingScene
17:48:50.284 [JavaFX Application Thread] DEBUG GameApplicationServi - Clearing previous game
17:48:50.284 [JavaFX Application Thread] DEBUG GameScene            - Clearing game scene
17:48:50.284 [JavaFX Application Thread] DEBUG GameWorld            - Clearing game world
17:48:50.284 [JavaFX Application Thread] DEBUG PhysicsWorld         - Clearing physics world
17:48:50.289 [FXGL Background Thread 2 ] DEBUG FXGLApplication      - Initializing game
17:48:50.466 [FXGL Background Thread 2 ] WARN  TMXLevelLoader       - TiledMap generated from 1.11.2. Supported version: 1.9.0. Some features may not be parsed fully.
17:48:50.515 [FXGL Background Thread 2 ] DEBUG TMXLevelLoader       - Parsed TiledMap: file:/C:/Users/lucaa/OneDrive%20-%20HTL%20Saalfelden/POS/Workspace/IntelliJ/FXGL/TeacherTowerDefense/target/classes/assets/levels/Map1.tmx
17:48:50.516 [FXGL Background Thread 2 ] DEBUG TMXLevelLoader       - Creating tile layer entities
17:48:50.518 [FXGL Background Thread 2 ] DEBUG TilesetLoader        - Loading view for layer Kachelebene 0
17:48:50.522 [FXGL Background Thread 2 ] DEBUG TilesetLoader        - Created buffer with size 960.0x640.0
17:48:50.577 [FXGL Background Thread 2 ] DEBUG TilesetLoader        - Loading view for layer Kachelebene 1
17:48:50.578 [FXGL Background Thread 2 ] DEBUG TilesetLoader        - Created buffer with size 960.0x640.0
17:48:50.585 [FXGL Background Thread 2 ] DEBUG TilesetLoader        - Loading view for layer Kachelebene 2
17:48:50.587 [FXGL Background Thread 2 ] DEBUG TilesetLoader        - Created buffer with size 960.0x640.0
17:48:50.606 [FXGL Background Thread 2 ] DEBUG TilesetLoader        - Loading view for layer Kachelebene 4
17:48:50.606 [FXGL Background Thread 2 ] DEBUG TilesetLoader        - Created buffer with size 960.0x640.0
17:48:50.607 [FXGL Background Thread 2 ] DEBUG TMXLevelLoader       - Creating object layer entities
17:48:50.651 [FXGL Background Thread 2 ] DEBUG GameWorld            - Clearing removable entities
17:48:50.652 [FXGL Background Thread 2 ] DEBUG GameWorld            - Setting level: com.almasb.fxgl.entity.level.Level@1871e737
17:48:50.702 [FXGL Background Thread 2 ] DEBUG FXGLAssetLoaderServi - Loading from file system: file:/C:/Users/lucaa/OneDrive%20-%20HTL%20Saalfelden/POS/Workspace/IntelliJ/FXGL/TeacherTowerDefense/target/classes/assets/textures/Groebl.png
17:48:50.717 [FXGL Background Thread 2 ] DEBUG FXGLAssetLoaderServi - Loading from file system: file:/C:/Users/lucaa/OneDrive%20-%20HTL%20Saalfelden/POS/Workspace/IntelliJ/FXGL/TeacherTowerDefense/target/classes/assets/textures/Feichtner.png
17:48:50.733 [FXGL Background Thread 2 ] DEBUG FXGLAssetLoaderServi - Loading from file system: file:/C:/Users/lucaa/OneDrive%20-%20HTL%20Saalfelden/POS/Workspace/IntelliJ/FXGL/TeacherTowerDefense/target/classes/assets/textures/Winkler.png
17:48:50.768 [FXGL Background Thread 2 ] INFO  FXGLApplication      - Game initialization took: 0,480 sec
17:48:50.769 [JavaFX Application Thread] DEBUG Input                - Clearing active input actions
17:48:50.784 [JavaFX Application Thread] DEBUG GameApplicationServi - Removing overlay from FXGLLoadingScene and adding to GameScene
17:48:50.784 [JavaFX Application Thread] DEBUG PrimaryStageWindow   - FXGLLoadingScene -> GameScene
17:49:00.958 [JavaFX Application Thread] DEBUG FXGLAssetLoaderServi - Loading from file system: file:/C:/Users/lucaa/OneDrive%20-%20HTL%20Saalfelden/POS/Workspace/IntelliJ/FXGL/TeacherTowerDefense/target/classes/assets/textures/Feichtner_2.png
17:49:02.818 [JavaFX Application Thread] DEBUG FXGLAssetLoaderServi - Loading from file system: file:/C:/Users/lucaa/OneDrive%20-%20HTL%20Saalfelden/POS/Workspace/IntelliJ/FXGL/TeacherTowerDefense/target/classes/assets/textures/Jonathan.png
17:49:04.416 [JavaFX Application Thread] DEBUG FXGLAssetLoaderServi - Loading from file system: file:/C:/Users/lucaa/OneDrive%20-%20HTL%20Saalfelden/POS/Workspace/IntelliJ/FXGL/TeacherTowerDefense/target/classes/assets/textures/projektil_potion.png
17:49:04.509 [JavaFX Application Thread] DEBUG FXGLAssetLoaderServi - Loading from file system: file:/C:/Users/lucaa/OneDrive%20-%20HTL%20Saalfelden/POS/Workspace/IntelliJ/FXGL/TeacherTowerDefense/target/classes/assets/textures/projektil_fisch.png
17:49:09.124 [JavaFX Application Thread] DEBUG PrimaryStageWindow   - Push state: CustomGameMenu
17:49:09.125 [JavaFX Application Thread] DEBUG Input                - Clearing active input actions
17:49:09.130 [JavaFX Application Thread] DEBUG GameApplicationServi - Removing overlay from GameScene and adding to CustomGameMenu
17:49:09.131 [JavaFX Application Thread] DEBUG PrimaryStageWindow   - GameScene -> CustomGameMenu
17:49:11.449 [JavaFX Application Thread] DEBUG Menu                 - fireExit()
17:49:11.522 [JavaFX Application Thread] DEBUG PrimaryStageWindow   - Push state: DialogSubScene
17:49:11.522 [JavaFX Application Thread] DEBUG Input                - Clearing active input actions
17:49:11.541 [JavaFX Application Thread] DEBUG GameApplicationServi - Removing overlay from CustomGameMenu and adding to DialogSubScene
17:49:11.542 [JavaFX Application Thread] DEBUG PrimaryStageWindow   - CustomGameMenu -> DialogSubScene
17:49:12.144 [JavaFX Application Thread] DEBUG PrimaryStageWindow   - Pop state: DialogSubScene
17:49:12.144 [JavaFX Application Thread] DEBUG Input                - Clearing active input actions
17:49:12.145 [JavaFX Application Thread] DEBUG GameApplicationServi - Removing overlay from DialogSubScene and adding to CustomGameMenu
17:49:12.146 [JavaFX Application Thread] DEBUG PrimaryStageWindow   - CustomGameMenu <- DialogSubScene
17:49:12.146 [JavaFX Application Thread] DEBUG FXGLApplication      - Exiting FXGL
17:49:12.146 [JavaFX Application Thread] DEBUG LoopRunner           - Stopping loop
17:49:12.146 [JavaFX Application Thread] DEBUG SystemBundleService  - Saving FXGL system data
17:49:12.152 [JavaFX Application Thread] DEBUG FileSystemAccess     - Writing to: C:\Users\lucaa\OneDrive - HTL Saalfelden\POS\Workspace\IntelliJ\FXGL\TeacherTowerDefense\system\fxgl.bundle
17:49:12.160 [JavaFX Application Thread] DEBUG Async                - Shutting down background threads
17:49:12.162 [JavaFX Application Thread] DEBUG PrimaryStageWindow   - Closing main window
17:49:12.382 [JavaFX Application Thread] DEBUG Logger               - Closing Logger
