08:27:22.304 [main                     ] DEBUG Logger               - Configured Logger
08:27:22.312 [main                     ] DEBUG GameApplication      - Logging settings
Title: Teacher Tower Defense
Version: 0.1
Width: 1200
Height: 640
Fullscreen: true
Intro: false
Profiling: false
Single step:false
App Mode: DEVELOPER
Menu Key: ESCAPE
Stage Style: DECORATED
Scene Factory: class at.htl.teachertowerdefense.CustomSceneFactory

08:27:22.896 [JavaFX Application Thread] DEBUG FXGLApplication      - Initializing FXGL
08:27:22.899 [JavaFX Application Thread] INFO  Engine               - FXGL-17.3 (30.03.2023 11.49) on WINDOWS (J:25.0.2 FX:21.0.6)
08:27:22.899 [JavaFX Application Thread] DEBUG Engine               - JRE Vendor Name: Oracle Corporation
08:27:22.899 [JavaFX Application Thread] DEBUG Engine               - Running on OS: Windows 11 version 10.0
08:27:22.899 [JavaFX Application Thread] DEBUG Engine               - Architecture: amd64
08:27:22.899 [JavaFX Application Thread] INFO  Engine               - Source code and latest versions at: https://github.com/AlmasB/FXGL
08:27:22.900 [JavaFX Application Thread] INFO  Engine               -       Ask questions and discuss at: https://github.com/AlmasB/FXGL/discussions
08:27:22.900 [JavaFX Application Thread] INFO  Engine               -              Join the FXGL chat at: https://gitter.im/AlmasB/FXGL
08:27:23.023 [JavaFX Application Thread] DEBUG PrimaryStageWindow   - Creating a JavaFX scene
08:27:23.077 [JavaFX Application Thread] DEBUG PrimaryStageWindow   - Target settings size: 1200.0 x 640.0
08:27:23.078 [JavaFX Application Thread] DEBUG PrimaryStageWindow   - Scaled scene size:    1200.0 x 640.0
08:27:23.078 [JavaFX Application Thread] DEBUG PrimaryStageWindow   - Scaled ratio: (1.0, 1.0)
08:27:23.079 [JavaFX Application Thread] DEBUG PrimaryStageWindow   - Set initial scene to FXGLStartupScene
08:27:23.084 [JavaFX Application Thread] DEBUG PrimaryStageWindow   - Opening main window
08:27:23.205 [JavaFX Application Thread] DEBUG PrimaryStageWindow   - Window border size: (14.4000244140625, 37.5999755859375)
08:27:23.206 [JavaFX Application Thread] DEBUG PrimaryStageWindow   - Scaled size: 1200.0 x 640.0
08:27:23.206 [JavaFX Application Thread] DEBUG PrimaryStageWindow   - Scaled ratio: (1.0, 1.0)
08:27:23.206 [JavaFX Application Thread] DEBUG PrimaryStageWindow   - Scene size: 1200.0 x 640.0
08:27:23.206 [JavaFX Application Thread] DEBUG PrimaryStageWindow   - Stage size: 1214.4000244140625 x 677.5999755859375
08:27:23.273 [JavaFX Application Thread] DEBUG PrimaryStageWindow   - Going fullscreen
08:27:23.284 [FXGL Background Thread 1 ] DEBUG Engine               - Initializing environment variables
08:27:23.327 [FXGL Background Thread 1 ] DEBUG FXGLAssetLoaderServi - User app class for loading assets: class at.htl.teachertowerdefense.TeacherTowerDefenseApp
08:27:23.327 [FXGL Background Thread 1 ] DEBUG GameApplicationServi - Applying CSS: fxgl_dark.css
08:27:23.328 [FXGL Background Thread 1 ] DEBUG FXGLAssetLoaderServi - Loading from file system: jar:file:/C:/Users/lucaa/.m2/repository/com/github/almasb/fxgl/17.3/fxgl-17.3.jar!/fxglassets/ui/css/fxgl_dark.css
08:27:23.364 [FXGL Background Thread 1 ] DEBUG GameApplicationServi - Initializing application scenes
08:27:23.405 [FXGL Background Thread 1 ] DEBUG GameWorld            - Game world initialized
08:27:23.455 [FXGL Background Thread 1 ] DEBUG PhysicsWorld         - Physics world initialized: appHeight=640, physics.ppm=50,0
08:27:23.455 [FXGL Background Thread 1 ] DEBUG PhysicsWorld         - Using strategy: BRUTE_FORCE
08:27:23.459 [FXGL Background Thread 1 ] DEBUG GameScene            - Game scene initialized: 1200x640
08:27:23.473 [FXGL Background Thread 1 ] DEBUG FXGLAssetLoaderServi - Loading from file system: file:/C:/Users/lucaa/OneDrive%20-%20HTL%20Saalfelden/POS/Workspace/IntelliJ/FXGL/TeacherTowerDefense/target/classes/assets/textures/menu_bg.png
08:27:23.570 [FXGL Background Thread 1 ] DEBUG GameApplicationServi - Application scenes initialized
08:27:23.579 [FXGL Background Thread 1 ] DEBUG SystemBundleService  - Loading FXGL system data
08:27:23.580 [FXGL Background Thread 1 ] DEBUG FileSystemAccess     - Reading from: C:\Users\lucaa\OneDrive - HTL Saalfelden\POS\Workspace\IntelliJ\FXGL\TeacherTowerDefense\system\fxgl.bundle
08:27:23.582 [FXGL Background Thread 1 ] DEBUG SystemBundleService  - Bundle FXGL: {}
08:27:23.582 [FXGL Background Thread 1 ] DEBUG UpdaterService       - Checking for updates
08:27:23.587 [FXGL Background Thread 4 ] DEBUG FXGLApplication      - Loading fonts
08:27:23.588 [FXGL Background Thread 4 ] DEBUG FXGLAssetLoaderServi - Loading from file system: jar:file:/C:/Users/lucaa/.m2/repository/com/github/almasb/fxgl/17.3/fxgl-17.3.jar!/fxglassets/ui/fonts/VarelaRound-Regular.ttf
08:27:23.588 [FXGL Background Thread 1 ] DEBUG FXGLApplication      - Loading default localization
08:27:23.589 [FXGL Background Thread 1 ] DEBUG FXGLAssetLoaderServi - Loading from file system: jar:file:/C:/Users/lucaa/.m2/repository/com/github/almasb/fxgl/17.3/fxgl-17.3.jar!/fxglassets/languages/english.lang
08:27:23.610 [FXGL Background Thread 1 ] INFO  FXGLApplication      - FXGL initialization took: 0,326 sec
08:27:23.611 [FXGL Background Thread 4 ] DEBUG FXGLAssetLoaderServi - Loading from file system: jar:file:/C:/Users/lucaa/.m2/repository/com/github/almasb/fxgl/17.3/fxgl-17.3.jar!/fxglassets/ui/fonts/Abel-Regular.ttf
08:27:23.612 [JavaFX Application Thread] DEBUG FXGLAssetLoaderServi - Loading from file system: jar:file:/C:/Users/lucaa/.m2/repository/com/github/almasb/fxgl/17.3/fxgl-17.3.jar!/fxglassets/textures/fxgl_icon.png
08:27:23.624 [FXGL Background Thread 4 ] DEBUG FXGLAssetLoaderServi - Loading from file system: jar:file:/C:/Users/lucaa/.m2/repository/com/github/almasb/fxgl/17.3/fxgl-17.3.jar!/fxglassets/ui/fonts/TerminalLandMono-Regular.otf
08:27:23.644 [FXGL Background Thread 4 ] DEBUG FXGLAssetLoaderServi - Loading from file system: jar:file:/C:/Users/lucaa/.m2/repository/com/github/almasb/fxgl/17.3/fxgl-17.3.jar!/fxglassets/ui/fonts/Courier-Prime.ttf
08:27:23.653 [JavaFX Application Thread] DEBUG FXGLAssetLoaderServi - Loading from file system: jar:file:/C:/Users/lucaa/.m2/repository/com/github/almasb/fxgl/17.3/fxgl-17.3.jar!/fxglassets/textures/fxgl_default_cursor.png
08:27:23.665 [JavaFX Application Thread] DEBUG Input                - Registered new binding: Screenshot - CTRL+8
08:27:23.666 [JavaFX Application Thread] DEBUG Input                - Registered new binding: System info dump - CTRL+9
08:27:23.666 [JavaFX Application Thread] DEBUG Input                - Registered new binding: Restart - CTRL+R
08:27:23.667 [JavaFX Application Thread] DEBUG Input                - Registered new binding: Toggle Debug Camera - CTRL+7
08:27:23.671 [JavaFX Application Thread] DEBUG LoopRunner           - Starting loop
08:27:23.671 [JavaFX Application Thread] DEBUG LoopRunner           - Initializing JavaFX AnimationTimerLoop
08:27:23.674 [JavaFX Application Thread] DEBUG Input                - Clearing active input actions
08:27:23.682 [JavaFX Application Thread] DEBUG GameApplicationServi - Removing overlay from FXGLStartupScene and adding to FXGLMainMenuDummyScene
08:27:23.683 [JavaFX Application Thread] DEBUG PrimaryStageWindow   - FXGLStartupScene -> FXGLMainMenuDummyScene
08:27:23.683 [JavaFX Application Thread] DEBUG PrimaryStageWindow   - Push state: CustomMainMenu
08:27:23.683 [JavaFX Application Thread] DEBUG Input                - Clearing active input actions
08:27:23.689 [JavaFX Application Thread] DEBUG GameApplicationServi - Removing overlay from FXGLMainMenuDummyScene and adding to CustomMainMenu
08:27:23.690 [JavaFX Application Thread] DEBUG PrimaryStageWindow   - FXGLMainMenuDummyScene -> CustomMainMenu
08:27:23.690 [JavaFX Application Thread] DEBUG FXGLApplication      - Registering font factories with UI factory
08:27:23.952 [FXGL Background Thread 2 ] INFO  UpdaterService       - Your current version:  17.3
08:27:23.952 [FXGL Background Thread 2 ] INFO  UpdaterService       - Latest stable version: 25
08:27:26.587 [FXGL Background Thread 3 ] DEBUG Engine               - Logging environment variables
08:27:26.590 [FXGL Background Thread 3 ] DEBUG Engine               - achievements: []
08:27:26.590 [FXGL Background Thread 3 ] DEBUG Engine               - actualHeight: 864.0
08:27:26.591 [FXGL Background Thread 3 ] DEBUG Engine               - actualHeightProperty: ReadOnlyDoubleProperty [value: 864.0]
08:27:26.591 [FXGL Background Thread 3 ] DEBUG Engine               - actualWidth: 1536.0
08:27:26.592 [FXGL Background Thread 3 ] DEBUG Engine               - actualWidthProperty: ReadOnlyDoubleProperty [value: 1536.0]
08:27:26.592 [FXGL Background Thread 3 ] DEBUG Engine               - appIcon: fxgl_icon.png
08:27:26.592 [FXGL Background Thread 3 ] DEBUG Engine               - applicationMode: DEVELOPER
08:27:26.592 [FXGL Background Thread 3 ] DEBUG Engine               - cSSList: [fxgl_dark.css]
08:27:26.592 [FXGL Background Thread 3 ] DEBUG Engine               - collisionDetectionStrategy: BRUTE_FORCE
08:27:26.593 [FXGL Background Thread 3 ] DEBUG Engine               - configClass: Optional.empty
08:27:26.593 [FXGL Background Thread 3 ] DEBUG Engine               - credits: []
08:27:26.602 [FXGL Background Thread 3 ] DEBUG Engine               - defaultCursor: CursorInfo(imageName=fxgl_default_cursor.png, hotspotX=7.0, hotspotY=6.0)
08:27:26.603 [FXGL Background Thread 3 ] DEBUG Engine               - devBBoxColorProperty: ObjectProperty [value: 0xff0000ff]
08:27:26.604 [FXGL Background Thread 3 ] DEBUG Engine               - devEnableDebugCameraProperty: BooleanProperty [value: false]
08:27:26.605 [FXGL Background Thread 3 ] DEBUG Engine               - devSensorColorProperty: ObjectProperty [value: 0xffff00ff]
08:27:26.605 [FXGL Background Thread 3 ] DEBUG Engine               - devShowBBoxProperty: BooleanProperty [value: false]
08:27:26.605 [FXGL Background Thread 3 ] DEBUG Engine               - devShowPositionProperty: BooleanProperty [value: false]
08:27:26.607 [FXGL Background Thread 3 ] DEBUG Engine               - enabledMenuItems: []
08:27:26.607 [FXGL Background Thread 3 ] DEBUG Engine               - engineServices: [class com.almasb.fxgl.app.services.FXGLAssetLoaderService, class com.almasb.fxgl.app.FXGLApplication$GameApplicationService, class com.almasb.fxgl.app.services.FXGLDialogService, class com.almasb.fxgl.app.services.IOTaskExecutorService, class com.almasb.fxgl.io.FileSystemService, class com.almasb.fxgl.localization.LocalizationService, class com.almasb.fxgl.app.services.SystemBundleService, class com.almasb.fxgl.profile.SaveLoadService, class com.almasb.fxgl.ui.FXGLUIFactoryServiceProvider, class com.almasb.fxgl.ui.FXGLDialogFactoryServiceProvider, class com.almasb.fxgl.audio.AudioPlayer, class com.almasb.fxgl.notification.impl.NotificationServiceProvider, class com.almasb.fxgl.achievement.AchievementService, class com.almasb.fxgl.cutscene.CutsceneService, class com.almasb.fxgl.minigames.MiniGameService, class com.almasb.fxgl.net.NetService, class com.almasb.fxgl.app.services.UpdaterService, class com.almasb.fxgl.dev.DevService]
08:27:26.607 [FXGL Background Thread 3 ] DEBUG Engine               - fontGame: Abel-Regular.ttf
08:27:26.607 [FXGL Background Thread 3 ] DEBUG Engine               - fontMono: TerminalLandMono-Regular.otf
08:27:26.607 [FXGL Background Thread 3 ] DEBUG Engine               - fontSizeScaleUI: 1.0
08:27:26.607 [FXGL Background Thread 3 ] DEBUG Engine               - fontText: Courier-Prime.ttf
08:27:26.608 [FXGL Background Thread 3 ] DEBUG Engine               - fontUI: VarelaRound-Regular.ttf
08:27:26.608 [FXGL Background Thread 3 ] DEBUG Engine               - fullScreen: BooleanProperty [value: true]
08:27:26.608 [FXGL Background Thread 3 ] DEBUG Engine               - gameDifficulty: MEDIUM
08:27:26.609 [FXGL Background Thread 3 ] DEBUG Engine               - gameDifficultyProperty: ObjectProperty [value: MEDIUM]
08:27:26.609 [FXGL Background Thread 3 ] DEBUG Engine               - globalMusicVolume: 0.5
08:27:26.609 [FXGL Background Thread 3 ] DEBUG Engine               - globalMusicVolumeProperty: DoubleProperty [value: 0.5]
08:27:26.609 [FXGL Background Thread 3 ] DEBUG Engine               - globalSoundVolume: 0.5
08:27:26.611 [FXGL Background Thread 3 ] DEBUG Engine               - globalSoundVolumeProperty: DoubleProperty [value: 0.5]
08:27:26.611 [FXGL Background Thread 3 ] DEBUG Engine               - height: 640
08:27:26.611 [FXGL Background Thread 3 ] DEBUG Engine               - is3D: false
08:27:26.611 [FXGL Background Thread 3 ] DEBUG Engine               - isAndroid: false
08:27:26.611 [FXGL Background Thread 3 ] DEBUG Engine               - isBrowser: false
08:27:26.612 [FXGL Background Thread 3 ] DEBUG Engine               - isClickFeedbackEnabled: false
08:27:26.612 [FXGL Background Thread 3 ] DEBUG Engine               - isCloseConfirmation: false
08:27:26.612 [FXGL Background Thread 3 ] DEBUG Engine               - isDesktop: true
08:27:26.613 [FXGL Background Thread 3 ] DEBUG Engine               - isDeveloperMenuEnabled: false
08:27:26.613 [FXGL Background Thread 3 ] DEBUG Engine               - isEmbedded: false
08:27:26.613 [FXGL Background Thread 3 ] DEBUG Engine               - isEntityPreloadEnabled: true
08:27:26.613 [FXGL Background Thread 3 ] DEBUG Engine               - isExperimentalTiledLargeMap: false
08:27:26.614 [FXGL Background Thread 3 ] DEBUG Engine               - isFileSystemWriteAllowed: true
08:27:26.614 [FXGL Background Thread 3 ] DEBUG Engine               - isFullScreenAllowed: true
08:27:26.614 [FXGL Background Thread 3 ] DEBUG Engine               - isFullScreenFromStart: true
08:27:26.614 [FXGL Background Thread 3 ] DEBUG Engine               - isGameMenuEnabled: true
08:27:26.614 [FXGL Background Thread 3 ] DEBUG Engine               - isIOS: false
08:27:26.615 [FXGL Background Thread 3 ] DEBUG Engine               - isIntroEnabled: false
08:27:26.615 [FXGL Background Thread 3 ] DEBUG Engine               - isLinux: false
08:27:26.615 [FXGL Background Thread 3 ] DEBUG Engine               - isMac: false
08:27:26.616 [FXGL Background Thread 3 ] DEBUG Engine               - isMainMenuEnabled: true
08:27:26.616 [FXGL Background Thread 3 ] DEBUG Engine               - isManualResizeEnabled: false
08:27:26.616 [FXGL Background Thread 3 ] DEBUG Engine               - isMobile: false
08:27:26.616 [FXGL Background Thread 3 ] DEBUG Engine               - isNative: false
08:27:26.616 [FXGL Background Thread 3 ] DEBUG Engine               - isPauseMusicWhenMinimized: true
08:27:26.616 [FXGL Background Thread 3 ] DEBUG Engine               - isPreserveResizeRatio: true
08:27:26.618 [FXGL Background Thread 3 ] DEBUG Engine               - isProfilingEnabled: false
08:27:26.618 [FXGL Background Thread 3 ] DEBUG Engine               - isScaleAffectedOnResize: true
08:27:26.618 [FXGL Background Thread 3 ] DEBUG Engine               - isSingleStep: false
08:27:26.618 [FXGL Background Thread 3 ] DEBUG Engine               - isUserProfileEnabled: false
08:27:26.618 [FXGL Background Thread 3 ] DEBUG Engine               - isWindows: true
08:27:26.619 [FXGL Background Thread 3 ] DEBUG Engine               - language: ObjectProperty [value: ENGLISH]
08:27:26.619 [FXGL Background Thread 3 ] DEBUG Engine               - menuKey: ESCAPE
08:27:26.620 [FXGL Background Thread 3 ] DEBUG Engine               - mouseSensitivity: 0.2
08:27:26.620 [FXGL Background Thread 3 ] DEBUG Engine               - notificationViewClass: class com.almasb.fxgl.notification.view.XboxNotificationView
08:27:26.621 [FXGL Background Thread 3 ] DEBUG Engine               - pixelsPerMeter: 50.0
08:27:26.621 [FXGL Background Thread 3 ] DEBUG Engine               - platform: WINDOWS
08:27:26.621 [FXGL Background Thread 3 ] DEBUG Engine               - prefHeightProperty: ReadOnlyDoubleProperty [value: 640.0]
08:27:26.621 [FXGL Background Thread 3 ] DEBUG Engine               - prefWidthProperty: ReadOnlyDoubleProperty [value: 1200.0]
08:27:26.622 [FXGL Background Thread 3 ] DEBUG Engine               - profileDir: profiles/
08:27:26.622 [FXGL Background Thread 3 ] DEBUG Engine               - profileName: StringProperty [value: DEFAULT]
08:27:26.622 [FXGL Background Thread 3 ] DEBUG Engine               - randomSeed: -1
08:27:26.623 [FXGL Background Thread 3 ] DEBUG Engine               - runtimeInfo: RuntimeInfo(platform=WINDOWS, version=17.3, build=30.03.2023 11.49)
08:27:26.623 [FXGL Background Thread 3 ] DEBUG Engine               - saveFileExt: sav
08:27:26.624 [FXGL Background Thread 3 ] DEBUG Engine               - scaledHeightProp$fxgl: DoubleProperty [bound, value: 864.0]
08:27:26.624 [FXGL Background Thread 3 ] DEBUG Engine               - scaledWidthProp$fxgl: DoubleProperty [bound, value: 1536.0]
08:27:26.624 [FXGL Background Thread 3 ] DEBUG Engine               - sceneFactory: at.htl.teachertowerdefense.CustomSceneFactory@46da340f
08:27:26.625 [FXGL Background Thread 3 ] DEBUG Engine               - secondsIn24h: 60
08:27:26.625 [FXGL Background Thread 3 ] DEBUG Engine               - soundMenuBack: menu/back.wav
08:27:26.625 [FXGL Background Thread 3 ] DEBUG Engine               - soundMenuPress: menu/press.wav
08:27:26.625 [FXGL Background Thread 3 ] DEBUG Engine               - soundMenuSelect: menu/select.wav
08:27:26.625 [FXGL Background Thread 3 ] DEBUG Engine               - soundNotification: core/notification.wav
08:27:26.625 [FXGL Background Thread 3 ] DEBUG Engine               - stageStyle: DECORATED
08:27:26.625 [FXGL Background Thread 3 ] DEBUG Engine               - supportedLanguages: [ENGLISH, FRENCH, GERMAN, HUNGARIAN, RUSSIAN]
08:27:26.626 [FXGL Background Thread 3 ] DEBUG Engine               - ticksPerSecond: -1
08:27:26.626 [FXGL Background Thread 3 ] DEBUG Engine               - title: Teacher Tower Defense
08:27:26.626 [FXGL Background Thread 3 ] DEBUG Engine               - urlGithub: https://github.com/AlmasB/FXGL
08:27:26.626 [FXGL Background Thread 3 ] DEBUG Engine               - urlLeaderboard: http://fxgl-top.herokuapp.com/
08:27:26.626 [FXGL Background Thread 3 ] DEBUG Engine               - urlPOM: https://raw.githubusercontent.com/AlmasB/FXGL/release/README.md
08:27:26.626 [FXGL Background Thread 3 ] DEBUG Engine               - userAppClass: class at.htl.teachertowerdefense.TeacherTowerDefenseApp
08:27:26.627 [FXGL Background Thread 3 ] DEBUG Engine               - version: 0.1
08:27:26.627 [FXGL Background Thread 3 ] DEBUG Engine               - versionCheckDays: 7
08:27:26.627 [FXGL Background Thread 3 ] DEBUG Engine               - width: 1200
08:27:26.627 [FXGL Background Thread 3 ] DEBUG Engine               - Logging services
08:27:26.627 [FXGL Background Thread 3 ] DEBUG Engine               - class com.almasb.fxgl.app.services.FXGLAssetLoaderService
08:27:26.627 [FXGL Background Thread 3 ] DEBUG Engine               - class com.almasb.fxgl.app.FXGLApplication$GameApplicationService
08:27:26.628 [FXGL Background Thread 3 ] DEBUG Engine               - class com.almasb.fxgl.app.services.FXGLDialogService
08:27:26.628 [FXGL Background Thread 3 ] DEBUG Engine               - class com.almasb.fxgl.app.services.IOTaskExecutorService
08:27:26.628 [FXGL Background Thread 3 ] DEBUG Engine               - class com.almasb.fxgl.io.FileSystemService
08:27:26.628 [FXGL Background Thread 3 ] DEBUG Engine               - class com.almasb.fxgl.localization.LocalizationService
08:27:26.628 [FXGL Background Thread 3 ] DEBUG Engine               - class com.almasb.fxgl.app.services.SystemBundleService
08:27:26.628 [FXGL Background Thread 3 ] DEBUG Engine               - class com.almasb.fxgl.profile.SaveLoadService
08:27:26.628 [FXGL Background Thread 3 ] DEBUG Engine               - class com.almasb.fxgl.ui.FXGLUIFactoryServiceProvider
08:27:26.629 [FXGL Background Thread 3 ] DEBUG Engine               - class com.almasb.fxgl.ui.FXGLDialogFactoryServiceProvider
08:27:26.629 [FXGL Background Thread 3 ] DEBUG Engine               - class com.almasb.fxgl.audio.AudioPlayer
08:27:26.629 [FXGL Background Thread 3 ] DEBUG Engine               - class com.almasb.fxgl.notification.impl.NotificationServiceProvider
08:27:26.629 [FXGL Background Thread 3 ] DEBUG Engine               - class com.almasb.fxgl.achievement.AchievementService
08:27:26.630 [FXGL Background Thread 3 ] DEBUG Engine               - class com.almasb.fxgl.cutscene.CutsceneService
08:27:26.630 [FXGL Background Thread 3 ] DEBUG Engine               - class com.almasb.fxgl.minigames.MiniGameService
08:27:26.630 [FXGL Background Thread 3 ] DEBUG Engine               - class com.almasb.fxgl.net.NetService
08:27:26.630 [FXGL Background Thread 3 ] DEBUG Engine               - class com.almasb.fxgl.app.services.UpdaterService
08:27:26.630 [FXGL Background Thread 3 ] DEBUG Engine               - class com.almasb.fxgl.dev.DevService
08:27:32.434 [JavaFX Application Thread] DEBUG Menu                 - fireNewGame()
08:27:32.435 [JavaFX Application Thread] DEBUG GameApplicationServi - Starting new game
08:27:32.435 [JavaFX Application Thread] DEBUG PrimaryStageWindow   - Pop state: CustomMainMenu
08:27:32.435 [JavaFX Application Thread] DEBUG Input                - Clearing active input actions
08:27:32.435 [JavaFX Application Thread] DEBUG GameApplicationServi - Removing overlay from CustomMainMenu and adding to FXGLMainMenuDummyScene
08:27:32.436 [JavaFX Application Thread] DEBUG PrimaryStageWindow   - FXGLMainMenuDummyScene <- CustomMainMenu
08:27:32.436 [JavaFX Application Thread] DEBUG Input                - Clearing active input actions
08:27:32.444 [JavaFX Application Thread] DEBUG GameApplicationServi - Removing overlay from FXGLMainMenuDummyScene and adding to FXGLLoadingScene
08:27:32.444 [JavaFX Application Thread] DEBUG PrimaryStageWindow   - FXGLMainMenuDummyScene -> FXGLLoadingScene
08:27:32.444 [JavaFX Application Thread] DEBUG GameApplicationServi - Clearing previous game
08:27:32.444 [JavaFX Application Thread] DEBUG GameScene            - Clearing game scene
08:27:32.444 [JavaFX Application Thread] DEBUG GameWorld            - Clearing game world
08:27:32.444 [JavaFX Application Thread] DEBUG PhysicsWorld         - Clearing physics world
08:27:32.447 [FXGL Background Thread 2 ] DEBUG FXGLApplication      - Initializing game
08:27:32.526 [FXGL Background Thread 2 ] WARN  TMXLevelLoader       - TiledMap generated from 1.11.2. Supported version: 1.9.0. Some features may not be parsed fully.
08:27:32.553 [FXGL Background Thread 2 ] DEBUG TMXLevelLoader       - Parsed TiledMap: file:/C:/Users/lucaa/OneDrive%20-%20HTL%20Saalfelden/POS/Workspace/IntelliJ/FXGL/TeacherTowerDefense/target/classes/assets/levels/City.tmx
08:27:32.554 [FXGL Background Thread 2 ] DEBUG TMXLevelLoader       - Creating tile layer entities
08:27:32.556 [FXGL Background Thread 2 ] DEBUG TilesetLoader        - Loading view for layer Kachelebene 1
08:27:32.560 [FXGL Background Thread 2 ] DEBUG TilesetLoader        - Created buffer with size 960.0x640.0
08:27:32.581 [FXGL Background Thread 2 ] DEBUG TilesetLoader        - Loading view for layer Kachelebene 2
08:27:32.581 [FXGL Background Thread 2 ] DEBUG TilesetLoader        - Created buffer with size 960.0x640.0
08:27:32.595 [FXGL Background Thread 2 ] DEBUG TilesetLoader        - Loading view for layer Kachelebene 3
08:27:32.595 [FXGL Background Thread 2 ] DEBUG TilesetLoader        - Created buffer with size 960.0x640.0
08:27:32.599 [FXGL Background Thread 2 ] DEBUG TilesetLoader        - Loading view for layer Kachelebene 4
08:27:32.599 [FXGL Background Thread 2 ] DEBUG TilesetLoader        - Created buffer with size 960.0x640.0
08:27:32.600 [FXGL Background Thread 2 ] DEBUG TMXLevelLoader       - Creating object layer entities
08:27:32.638 [FXGL Background Thread 2 ] DEBUG GameWorld            - Clearing removable entities
08:27:32.638 [FXGL Background Thread 2 ] DEBUG GameWorld            - Setting level: com.almasb.fxgl.entity.level.Level@1afb7708
08:27:32.649 [FXGL Background Thread 2 ] DEBUG FXGLAssetLoaderServi - Loading from file system: file:/C:/Users/lucaa/OneDrive%20-%20HTL%20Saalfelden/POS/Workspace/IntelliJ/FXGL/TeacherTowerDefense/target/classes/assets/textures/Groebl.png
08:27:32.651 [FXGL Background Thread 2 ] DEBUG FXGLAssetLoaderServi - Loading from file system: file:/C:/Users/lucaa/OneDrive%20-%20HTL%20Saalfelden/POS/Workspace/IntelliJ/FXGL/TeacherTowerDefense/target/classes/assets/textures/Feichtner.png
08:27:32.654 [FXGL Background Thread 2 ] DEBUG FXGLAssetLoaderServi - Loading from file system: file:/C:/Users/lucaa/OneDrive%20-%20HTL%20Saalfelden/POS/Workspace/IntelliJ/FXGL/TeacherTowerDefense/target/classes/assets/textures/Winkler.png
08:27:32.669 [FXGL Background Thread 2 ] INFO  FXGLApplication      - Game initialization took: 0,222 sec
08:27:32.670 [JavaFX Application Thread] DEBUG Input                - Clearing active input actions
08:27:32.677 [JavaFX Application Thread] DEBUG GameApplicationServi - Removing overlay from FXGLLoadingScene and adding to GameScene
08:27:32.677 [JavaFX Application Thread] DEBUG PrimaryStageWindow   - FXGLLoadingScene -> GameScene
08:27:34.619 [JavaFX Application Thread] DEBUG FXGLAssetLoaderServi - Loading from file system: file:/C:/Users/lucaa/OneDrive%20-%20HTL%20Saalfelden/POS/Workspace/IntelliJ/FXGL/TeacherTowerDefense/target/classes/assets/textures/Groebl_2.png
08:27:36.619 [JavaFX Application Thread] DEBUG FXGLAssetLoaderServi - Loading from file system: file:/C:/Users/lucaa/OneDrive%20-%20HTL%20Saalfelden/POS/Workspace/IntelliJ/FXGL/TeacherTowerDefense/target/classes/assets/textures/Jonathan.png
08:27:38.753 [JavaFX Application Thread] DEBUG FXGLAssetLoaderServi - Loading from file system: file:/C:/Users/lucaa/OneDrive%20-%20HTL%20Saalfelden/POS/Workspace/IntelliJ/FXGL/TeacherTowerDefense/target/classes/assets/textures/projektil_fisch.png
08:27:40.797 [JavaFX Application Thread] DEBUG PrimaryStageWindow   - Push state: CustomGameMenu
08:27:40.798 [JavaFX Application Thread] DEBUG Input                - Clearing active input actions
08:27:40.800 [JavaFX Application Thread] DEBUG GameApplicationServi - Removing overlay from GameScene and adding to CustomGameMenu
08:27:40.800 [JavaFX Application Thread] DEBUG PrimaryStageWindow   - GameScene -> CustomGameMenu
08:27:41.558 [JavaFX Application Thread] DEBUG Menu                 - fireExit()
08:27:41.570 [JavaFX Application Thread] DEBUG PrimaryStageWindow   - Push state: DialogSubScene
08:27:41.570 [JavaFX Application Thread] DEBUG Input                - Clearing active input actions
08:27:41.574 [JavaFX Application Thread] DEBUG GameApplicationServi - Removing overlay from CustomGameMenu and adding to DialogSubScene
08:27:41.574 [JavaFX Application Thread] DEBUG PrimaryStageWindow   - CustomGameMenu -> DialogSubScene
08:27:42.080 [JavaFX Application Thread] DEBUG PrimaryStageWindow   - Pop state: DialogSubScene
08:27:42.080 [JavaFX Application Thread] DEBUG Input                - Clearing active input actions
08:27:42.081 [JavaFX Application Thread] DEBUG GameApplicationServi - Removing overlay from DialogSubScene and adding to CustomGameMenu
08:27:42.081 [JavaFX Application Thread] DEBUG PrimaryStageWindow   - CustomGameMenu <- DialogSubScene
08:27:42.081 [JavaFX Application Thread] DEBUG FXGLApplication      - Exiting FXGL
08:27:42.081 [JavaFX Application Thread] DEBUG LoopRunner           - Stopping loop
08:27:42.081 [JavaFX Application Thread] DEBUG SystemBundleService  - Saving FXGL system data
08:27:42.082 [JavaFX Application Thread] DEBUG FileSystemAccess     - Writing to: C:\Users\lucaa\OneDrive - HTL Saalfelden\POS\Workspace\IntelliJ\FXGL\TeacherTowerDefense\system\fxgl.bundle
08:27:42.083 [JavaFX Application Thread] DEBUG Async                - Shutting down background threads
08:27:42.083 [JavaFX Application Thread] DEBUG PrimaryStageWindow   - Closing main window
08:27:42.117 [JavaFX Application Thread] DEBUG Logger               - Closing Logger
