20:49:23.464 [main                     ] DEBUG Logger               - Configured Logger
20:49:23.482 [main                     ] DEBUG GameApplication      - Logging settings
Title: Teacher Tower Defense
Version: 0.1
Width: 1200
Height: 640
Fullscreen: true
Intro: false
Profiling: false
Single step:false
App Mode: DEVELOPER
Menu Key: ESCAPE
Stage Style: DECORATED
Scene Factory: class at.htl.teachertowerdefense.CustomSceneFactory

20:49:24.652 [JavaFX Application Thread] DEBUG FXGLApplication      - Initializing FXGL
20:49:24.657 [JavaFX Application Thread] INFO  Engine               - FXGL-17.3 (30.03.2023 11.49) on WINDOWS (J:25.0.2 FX:21.0.6)
20:49:24.658 [JavaFX Application Thread] DEBUG Engine               - JRE Vendor Name: Oracle Corporation
20:49:24.658 [JavaFX Application Thread] DEBUG Engine               - Running on OS: Windows 11 version 10.0
20:49:24.658 [JavaFX Application Thread] DEBUG Engine               - Architecture: amd64
20:49:24.658 [JavaFX Application Thread] INFO  Engine               - Source code and latest versions at: https://github.com/AlmasB/FXGL
20:49:24.658 [JavaFX Application Thread] INFO  Engine               -       Ask questions and discuss at: https://github.com/AlmasB/FXGL/discussions
20:49:24.658 [JavaFX Application Thread] INFO  Engine               -              Join the FXGL chat at: https://gitter.im/AlmasB/FXGL
20:49:24.900 [JavaFX Application Thread] DEBUG PrimaryStageWindow   - Creating a JavaFX scene
20:49:24.993 [JavaFX Application Thread] DEBUG PrimaryStageWindow   - Target settings size: 1200.0 x 640.0
20:49:24.994 [JavaFX Application Thread] DEBUG PrimaryStageWindow   - Scaled scene size:    1200.0 x 640.0
20:49:24.994 [JavaFX Application Thread] DEBUG PrimaryStageWindow   - Scaled ratio: (1.0, 1.0)
20:49:24.996 [JavaFX Application Thread] DEBUG PrimaryStageWindow   - Set initial scene to FXGLStartupScene
20:49:25.006 [JavaFX Application Thread] DEBUG PrimaryStageWindow   - Opening main window
20:49:25.216 [JavaFX Application Thread] DEBUG PrimaryStageWindow   - Window border size: (14.4000244140625, 37.5999755859375)
20:49:25.216 [JavaFX Application Thread] DEBUG PrimaryStageWindow   - Scaled size: 1200.0 x 640.0
20:49:25.216 [JavaFX Application Thread] DEBUG PrimaryStageWindow   - Scaled ratio: (1.0, 1.0)
20:49:25.217 [JavaFX Application Thread] DEBUG PrimaryStageWindow   - Scene size: 1200.0 x 640.0
20:49:25.217 [JavaFX Application Thread] DEBUG PrimaryStageWindow   - Stage size: 1214.4000244140625 x 677.5999755859375
20:49:25.406 [JavaFX Application Thread] DEBUG PrimaryStageWindow   - Going fullscreen
20:49:25.424 [FXGL Background Thread 1 ] DEBUG Engine               - Initializing environment variables
20:49:25.522 [FXGL Background Thread 1 ] DEBUG FXGLAssetLoaderServi - User app class for loading assets: class at.htl.teachertowerdefense.TeacherTowerDefenseApp
20:49:25.522 [FXGL Background Thread 1 ] DEBUG GameApplicationServi - Applying CSS: fxgl_dark.css
20:49:25.524 [FXGL Background Thread 1 ] DEBUG FXGLAssetLoaderServi - Loading from file system: jar:file:/C:/Users/lucaa/.m2/repository/com/github/almasb/fxgl/17.3/fxgl-17.3.jar!/fxglassets/ui/css/fxgl_dark.css
20:49:25.596 [FXGL Background Thread 1 ] DEBUG GameApplicationServi - Initializing application scenes
20:49:25.675 [FXGL Background Thread 1 ] DEBUG GameWorld            - Game world initialized
20:49:25.833 [FXGL Background Thread 1 ] DEBUG PhysicsWorld         - Physics world initialized: appHeight=640, physics.ppm=50,0
20:49:25.834 [FXGL Background Thread 1 ] DEBUG PhysicsWorld         - Using strategy: BRUTE_FORCE
20:49:25.842 [FXGL Background Thread 1 ] DEBUG GameScene            - Game scene initialized: 1200x640
20:49:25.870 [FXGL Background Thread 1 ] DEBUG FXGLAssetLoaderServi - Loading from file system: file:/C:/Users/lucaa/OneDrive%20-%20HTL%20Saalfelden/POS/Workspace/IntelliJ/FXGL/TeacherTowerDefense/target/classes/assets/textures/menu_bg.png
20:49:26.024 [FXGL Background Thread 1 ] DEBUG GameApplicationServi - Application scenes initialized
20:49:26.036 [FXGL Background Thread 1 ] DEBUG SystemBundleService  - Loading FXGL system data
20:49:26.038 [FXGL Background Thread 1 ] DEBUG FileSystemAccess     - Reading from: C:\Users\lucaa\OneDrive - HTL Saalfelden\POS\Workspace\IntelliJ\FXGL\TeacherTowerDefense\system\fxgl.bundle
20:49:26.042 [FXGL Background Thread 1 ] DEBUG SystemBundleService  - Bundle FXGL: {}
20:49:26.042 [FXGL Background Thread 1 ] DEBUG UpdaterService       - Checking for updates
20:49:26.052 [FXGL Background Thread 4 ] DEBUG FXGLApplication      - Loading fonts
20:49:26.053 [FXGL Background Thread 4 ] DEBUG FXGLAssetLoaderServi - Loading from file system: jar:file:/C:/Users/lucaa/.m2/repository/com/github/almasb/fxgl/17.3/fxgl-17.3.jar!/fxglassets/ui/fonts/VarelaRound-Regular.ttf
20:49:26.054 [FXGL Background Thread 1 ] DEBUG FXGLApplication      - Loading default localization
20:49:26.055 [FXGL Background Thread 1 ] DEBUG FXGLAssetLoaderServi - Loading from file system: jar:file:/C:/Users/lucaa/.m2/repository/com/github/almasb/fxgl/17.3/fxgl-17.3.jar!/fxglassets/languages/english.lang
20:49:26.078 [FXGL Background Thread 4 ] DEBUG FXGLAssetLoaderServi - Loading from file system: jar:file:/C:/Users/lucaa/.m2/repository/com/github/almasb/fxgl/17.3/fxgl-17.3.jar!/fxglassets/ui/fonts/Abel-Regular.ttf
20:49:26.079 [FXGL Background Thread 1 ] INFO  FXGLApplication      - FXGL initialization took: 0,654 sec
20:49:26.081 [JavaFX Application Thread] DEBUG FXGLAssetLoaderServi - Loading from file system: jar:file:/C:/Users/lucaa/.m2/repository/com/github/almasb/fxgl/17.3/fxgl-17.3.jar!/fxglassets/textures/fxgl_icon.png
20:49:26.097 [FXGL Background Thread 4 ] DEBUG FXGLAssetLoaderServi - Loading from file system: jar:file:/C:/Users/lucaa/.m2/repository/com/github/almasb/fxgl/17.3/fxgl-17.3.jar!/fxglassets/ui/fonts/TerminalLandMono-Regular.otf
20:49:26.118 [FXGL Background Thread 4 ] DEBUG FXGLAssetLoaderServi - Loading from file system: jar:file:/C:/Users/lucaa/.m2/repository/com/github/almasb/fxgl/17.3/fxgl-17.3.jar!/fxglassets/ui/fonts/Courier-Prime.ttf
20:49:26.155 [JavaFX Application Thread] DEBUG FXGLAssetLoaderServi - Loading from file system: jar:file:/C:/Users/lucaa/.m2/repository/com/github/almasb/fxgl/17.3/fxgl-17.3.jar!/fxglassets/textures/fxgl_default_cursor.png
20:49:26.177 [JavaFX Application Thread] DEBUG Input                - Registered new binding: Screenshot - CTRL+8
20:49:26.178 [JavaFX Application Thread] DEBUG Input                - Registered new binding: System info dump - CTRL+9
20:49:26.179 [JavaFX Application Thread] DEBUG Input                - Registered new binding: Restart - CTRL+R
20:49:26.181 [JavaFX Application Thread] DEBUG Input                - Registered new binding: Toggle Debug Camera - CTRL+7
20:49:26.187 [JavaFX Application Thread] DEBUG LoopRunner           - Starting loop
20:49:26.188 [JavaFX Application Thread] DEBUG LoopRunner           - Initializing JavaFX AnimationTimerLoop
20:49:26.192 [JavaFX Application Thread] DEBUG Input                - Clearing active input actions
20:49:26.207 [JavaFX Application Thread] DEBUG GameApplicationServi - Removing overlay from FXGLStartupScene and adding to FXGLMainMenuDummyScene
20:49:26.208 [JavaFX Application Thread] DEBUG PrimaryStageWindow   - FXGLStartupScene -> FXGLMainMenuDummyScene
20:49:26.208 [JavaFX Application Thread] DEBUG PrimaryStageWindow   - Push state: CustomMainMenu
20:49:26.216 [JavaFX Application Thread] DEBUG Input                - Clearing active input actions
20:49:26.230 [JavaFX Application Thread] DEBUG GameApplicationServi - Removing overlay from FXGLMainMenuDummyScene and adding to CustomMainMenu
20:49:26.231 [JavaFX Application Thread] DEBUG PrimaryStageWindow   - FXGLMainMenuDummyScene -> CustomMainMenu
20:49:26.232 [JavaFX Application Thread] DEBUG FXGLApplication      - Registering font factories with UI factory
20:49:26.813 [FXGL Background Thread 2 ] INFO  UpdaterService       - Your current version:  17.3
20:49:26.814 [FXGL Background Thread 2 ] INFO  UpdaterService       - Latest stable version: 25
20:49:29.049 [FXGL Background Thread 3 ] DEBUG Engine               - Logging environment variables
20:49:29.051 [FXGL Background Thread 3 ] DEBUG Engine               - achievements: []
20:49:29.052 [FXGL Background Thread 3 ] DEBUG Engine               - actualHeight: 864.0
20:49:29.052 [FXGL Background Thread 3 ] DEBUG Engine               - actualHeightProperty: ReadOnlyDoubleProperty [value: 864.0]
20:49:29.053 [FXGL Background Thread 3 ] DEBUG Engine               - actualWidth: 1536.0
20:49:29.053 [FXGL Background Thread 3 ] DEBUG Engine               - actualWidthProperty: ReadOnlyDoubleProperty [value: 1536.0]
20:49:29.054 [FXGL Background Thread 3 ] DEBUG Engine               - appIcon: fxgl_icon.png
20:49:29.054 [FXGL Background Thread 3 ] DEBUG Engine               - applicationMode: DEVELOPER
20:49:29.054 [FXGL Background Thread 3 ] DEBUG Engine               - cSSList: [fxgl_dark.css]
20:49:29.055 [FXGL Background Thread 3 ] DEBUG Engine               - collisionDetectionStrategy: BRUTE_FORCE
20:49:29.055 [FXGL Background Thread 3 ] DEBUG Engine               - configClass: Optional.empty
20:49:29.055 [FXGL Background Thread 3 ] DEBUG Engine               - credits: []
20:49:29.063 [FXGL Background Thread 3 ] DEBUG Engine               - defaultCursor: CursorInfo(imageName=fxgl_default_cursor.png, hotspotX=7.0, hotspotY=6.0)
20:49:29.064 [FXGL Background Thread 3 ] DEBUG Engine               - devBBoxColorProperty: ObjectProperty [value: 0xff0000ff]
20:49:29.064 [FXGL Background Thread 3 ] DEBUG Engine               - devEnableDebugCameraProperty: BooleanProperty [value: false]
20:49:29.064 [FXGL Background Thread 3 ] DEBUG Engine               - devSensorColorProperty: ObjectProperty [value: 0xffff00ff]
20:49:29.065 [FXGL Background Thread 3 ] DEBUG Engine               - devShowBBoxProperty: BooleanProperty [value: false]
20:49:29.065 [FXGL Background Thread 3 ] DEBUG Engine               - devShowPositionProperty: BooleanProperty [value: false]
20:49:29.065 [FXGL Background Thread 3 ] DEBUG Engine               - enabledMenuItems: []
20:49:29.065 [FXGL Background Thread 3 ] DEBUG Engine               - engineServices: [class com.almasb.fxgl.app.services.FXGLAssetLoaderService, class com.almasb.fxgl.app.FXGLApplication$GameApplicationService, class com.almasb.fxgl.app.services.FXGLDialogService, class com.almasb.fxgl.app.services.IOTaskExecutorService, class com.almasb.fxgl.io.FileSystemService, class com.almasb.fxgl.localization.LocalizationService, class com.almasb.fxgl.app.services.SystemBundleService, class com.almasb.fxgl.profile.SaveLoadService, class com.almasb.fxgl.ui.FXGLUIFactoryServiceProvider, class com.almasb.fxgl.ui.FXGLDialogFactoryServiceProvider, class com.almasb.fxgl.audio.AudioPlayer, class com.almasb.fxgl.notification.impl.NotificationServiceProvider, class com.almasb.fxgl.achievement.AchievementService, class com.almasb.fxgl.cutscene.CutsceneService, class com.almasb.fxgl.minigames.MiniGameService, class com.almasb.fxgl.net.NetService, class com.almasb.fxgl.app.services.UpdaterService, class com.almasb.fxgl.dev.DevService]
20:49:29.065 [FXGL Background Thread 3 ] DEBUG Engine               - fontGame: Abel-Regular.ttf
20:49:29.065 [FXGL Background Thread 3 ] DEBUG Engine               - fontMono: TerminalLandMono-Regular.otf
20:49:29.065 [FXGL Background Thread 3 ] DEBUG Engine               - fontSizeScaleUI: 1.0
20:49:29.066 [FXGL Background Thread 3 ] DEBUG Engine               - fontText: Courier-Prime.ttf
20:49:29.066 [FXGL Background Thread 3 ] DEBUG Engine               - fontUI: VarelaRound-Regular.ttf
20:49:29.066 [FXGL Background Thread 3 ] DEBUG Engine               - fullScreen: BooleanProperty [value: true]
20:49:29.066 [FXGL Background Thread 3 ] DEBUG Engine               - gameDifficulty: MEDIUM
20:49:29.066 [FXGL Background Thread 3 ] DEBUG Engine               - gameDifficultyProperty: ObjectProperty [value: MEDIUM]
20:49:29.067 [FXGL Background Thread 3 ] DEBUG Engine               - globalMusicVolume: 0.5
20:49:29.067 [FXGL Background Thread 3 ] DEBUG Engine               - globalMusicVolumeProperty: DoubleProperty [value: 0.5]
20:49:29.067 [FXGL Background Thread 3 ] DEBUG Engine               - globalSoundVolume: 0.5
20:49:29.068 [FXGL Background Thread 3 ] DEBUG Engine               - globalSoundVolumeProperty: DoubleProperty [value: 0.5]
20:49:29.068 [FXGL Background Thread 3 ] DEBUG Engine               - height: 640
20:49:29.068 [FXGL Background Thread 3 ] DEBUG Engine               - is3D: false
20:49:29.069 [FXGL Background Thread 3 ] DEBUG Engine               - isAndroid: false
20:49:29.069 [FXGL Background Thread 3 ] DEBUG Engine               - isBrowser: false
20:49:29.069 [FXGL Background Thread 3 ] DEBUG Engine               - isClickFeedbackEnabled: false
20:49:29.069 [FXGL Background Thread 3 ] DEBUG Engine               - isCloseConfirmation: false
20:49:29.070 [FXGL Background Thread 3 ] DEBUG Engine               - isDesktop: true
20:49:29.071 [FXGL Background Thread 3 ] DEBUG Engine               - isDeveloperMenuEnabled: false
20:49:29.071 [FXGL Background Thread 3 ] DEBUG Engine               - isEmbedded: false
20:49:29.072 [FXGL Background Thread 3 ] DEBUG Engine               - isEntityPreloadEnabled: true
20:49:29.072 [FXGL Background Thread 3 ] DEBUG Engine               - isExperimentalTiledLargeMap: false
20:49:29.072 [FXGL Background Thread 3 ] DEBUG Engine               - isFileSystemWriteAllowed: true
20:49:29.072 [FXGL Background Thread 3 ] DEBUG Engine               - isFullScreenAllowed: true
20:49:29.072 [FXGL Background Thread 3 ] DEBUG Engine               - isFullScreenFromStart: true
20:49:29.073 [FXGL Background Thread 3 ] DEBUG Engine               - isGameMenuEnabled: true
20:49:29.074 [FXGL Background Thread 3 ] DEBUG Engine               - isIOS: false
20:49:29.074 [FXGL Background Thread 3 ] DEBUG Engine               - isIntroEnabled: false
20:49:29.074 [FXGL Background Thread 3 ] DEBUG Engine               - isLinux: false
20:49:29.076 [FXGL Background Thread 3 ] DEBUG Engine               - isMac: false
20:49:29.077 [FXGL Background Thread 3 ] DEBUG Engine               - isMainMenuEnabled: true
20:49:29.077 [FXGL Background Thread 3 ] DEBUG Engine               - isManualResizeEnabled: false
20:49:29.078 [FXGL Background Thread 3 ] DEBUG Engine               - isMobile: false
20:49:29.078 [FXGL Background Thread 3 ] DEBUG Engine               - isNative: false
20:49:29.078 [FXGL Background Thread 3 ] DEBUG Engine               - isPauseMusicWhenMinimized: true
20:49:29.078 [FXGL Background Thread 3 ] DEBUG Engine               - isPreserveResizeRatio: true
20:49:29.078 [FXGL Background Thread 3 ] DEBUG Engine               - isProfilingEnabled: false
20:49:29.079 [FXGL Background Thread 3 ] DEBUG Engine               - isScaleAffectedOnResize: true
20:49:29.080 [FXGL Background Thread 3 ] DEBUG Engine               - isSingleStep: false
20:49:29.080 [FXGL Background Thread 3 ] DEBUG Engine               - isUserProfileEnabled: false
20:49:29.080 [FXGL Background Thread 3 ] DEBUG Engine               - isWindows: true
20:49:29.081 [FXGL Background Thread 3 ] DEBUG Engine               - language: ObjectProperty [value: ENGLISH]
20:49:29.081 [FXGL Background Thread 3 ] DEBUG Engine               - menuKey: ESCAPE
20:49:29.082 [FXGL Background Thread 3 ] DEBUG Engine               - mouseSensitivity: 0.2
20:49:29.082 [FXGL Background Thread 3 ] DEBUG Engine               - notificationViewClass: class com.almasb.fxgl.notification.view.XboxNotificationView
20:49:29.083 [FXGL Background Thread 3 ] DEBUG Engine               - pixelsPerMeter: 50.0
20:49:29.083 [FXGL Background Thread 3 ] DEBUG Engine               - platform: WINDOWS
20:49:29.083 [FXGL Background Thread 3 ] DEBUG Engine               - prefHeightProperty: ReadOnlyDoubleProperty [value: 640.0]
20:49:29.083 [FXGL Background Thread 3 ] DEBUG Engine               - prefWidthProperty: ReadOnlyDoubleProperty [value: 1200.0]
20:49:29.084 [FXGL Background Thread 3 ] DEBUG Engine               - profileDir: profiles/
20:49:29.084 [FXGL Background Thread 3 ] DEBUG Engine               - profileName: StringProperty [value: DEFAULT]
20:49:29.084 [FXGL Background Thread 3 ] DEBUG Engine               - randomSeed: -1
20:49:29.086 [FXGL Background Thread 3 ] DEBUG Engine               - runtimeInfo: RuntimeInfo(platform=WINDOWS, version=17.3, build=30.03.2023 11.49)
20:49:29.086 [FXGL Background Thread 3 ] DEBUG Engine               - saveFileExt: sav
20:49:29.086 [FXGL Background Thread 3 ] DEBUG Engine               - scaledHeightProp$fxgl: DoubleProperty [bound, value: 864.0]
20:49:29.086 [FXGL Background Thread 3 ] DEBUG Engine               - scaledWidthProp$fxgl: DoubleProperty [bound, value: 1536.0]
20:49:29.087 [FXGL Background Thread 3 ] DEBUG Engine               - sceneFactory: at.htl.teachertowerdefense.CustomSceneFactory@665099a4
20:49:29.087 [FXGL Background Thread 3 ] DEBUG Engine               - secondsIn24h: 60
20:49:29.087 [FXGL Background Thread 3 ] DEBUG Engine               - soundMenuBack: menu/back.wav
20:49:29.087 [FXGL Background Thread 3 ] DEBUG Engine               - soundMenuPress: menu/press.wav
20:49:29.087 [FXGL Background Thread 3 ] DEBUG Engine               - soundMenuSelect: menu/select.wav
20:49:29.087 [FXGL Background Thread 3 ] DEBUG Engine               - soundNotification: core/notification.wav
20:49:29.087 [FXGL Background Thread 3 ] DEBUG Engine               - stageStyle: DECORATED
20:49:29.087 [FXGL Background Thread 3 ] DEBUG Engine               - supportedLanguages: [ENGLISH, FRENCH, GERMAN, HUNGARIAN, RUSSIAN]
20:49:29.087 [FXGL Background Thread 3 ] DEBUG Engine               - ticksPerSecond: -1
20:49:29.087 [FXGL Background Thread 3 ] DEBUG Engine               - title: Teacher Tower Defense
20:49:29.087 [FXGL Background Thread 3 ] DEBUG Engine               - urlGithub: https://github.com/AlmasB/FXGL
20:49:29.087 [FXGL Background Thread 3 ] DEBUG Engine               - urlLeaderboard: http://fxgl-top.herokuapp.com/
20:49:29.087 [FXGL Background Thread 3 ] DEBUG Engine               - urlPOM: https://raw.githubusercontent.com/AlmasB/FXGL/release/README.md
20:49:29.087 [FXGL Background Thread 3 ] DEBUG Engine               - userAppClass: class at.htl.teachertowerdefense.TeacherTowerDefenseApp
20:49:29.087 [FXGL Background Thread 3 ] DEBUG Engine               - version: 0.1
20:49:29.088 [FXGL Background Thread 3 ] DEBUG Engine               - versionCheckDays: 7
20:49:29.088 [FXGL Background Thread 3 ] DEBUG Engine               - width: 1200
20:49:29.088 [FXGL Background Thread 3 ] DEBUG Engine               - Logging services
20:49:29.088 [FXGL Background Thread 3 ] DEBUG Engine               - class com.almasb.fxgl.app.services.FXGLAssetLoaderService
20:49:29.088 [FXGL Background Thread 3 ] DEBUG Engine               - class com.almasb.fxgl.app.FXGLApplication$GameApplicationService
20:49:29.088 [FXGL Background Thread 3 ] DEBUG Engine               - class com.almasb.fxgl.app.services.FXGLDialogService
20:49:29.088 [FXGL Background Thread 3 ] DEBUG Engine               - class com.almasb.fxgl.app.services.IOTaskExecutorService
20:49:29.088 [FXGL Background Thread 3 ] DEBUG Engine               - class com.almasb.fxgl.io.FileSystemService
20:49:29.088 [FXGL Background Thread 3 ] DEBUG Engine               - class com.almasb.fxgl.localization.LocalizationService
20:49:29.089 [FXGL Background Thread 3 ] DEBUG Engine               - class com.almasb.fxgl.app.services.SystemBundleService
20:49:29.089 [FXGL Background Thread 3 ] DEBUG Engine               - class com.almasb.fxgl.profile.SaveLoadService
20:49:29.089 [FXGL Background Thread 3 ] DEBUG Engine               - class com.almasb.fxgl.ui.FXGLUIFactoryServiceProvider
20:49:29.089 [FXGL Background Thread 3 ] DEBUG Engine               - class com.almasb.fxgl.ui.FXGLDialogFactoryServiceProvider
20:49:29.091 [FXGL Background Thread 3 ] DEBUG Engine               - class com.almasb.fxgl.audio.AudioPlayer
20:49:29.092 [FXGL Background Thread 3 ] DEBUG Engine               - class com.almasb.fxgl.notification.impl.NotificationServiceProvider
20:49:29.093 [FXGL Background Thread 3 ] DEBUG Engine               - class com.almasb.fxgl.achievement.AchievementService
20:49:29.095 [FXGL Background Thread 3 ] DEBUG Engine               - class com.almasb.fxgl.cutscene.CutsceneService
20:49:29.095 [FXGL Background Thread 3 ] DEBUG Engine               - class com.almasb.fxgl.minigames.MiniGameService
20:49:29.095 [FXGL Background Thread 3 ] DEBUG Engine               - class com.almasb.fxgl.net.NetService
20:49:29.096 [FXGL Background Thread 3 ] DEBUG Engine               - class com.almasb.fxgl.app.services.UpdaterService
20:49:29.096 [FXGL Background Thread 3 ] DEBUG Engine               - class com.almasb.fxgl.dev.DevService
20:49:29.745 [JavaFX Application Thread] DEBUG Menu                 - fireNewGame()
20:49:29.746 [JavaFX Application Thread] DEBUG GameApplicationServi - Starting new game
20:49:29.746 [JavaFX Application Thread] DEBUG PrimaryStageWindow   - Pop state: CustomMainMenu
20:49:29.746 [JavaFX Application Thread] DEBUG Input                - Clearing active input actions
20:49:29.747 [JavaFX Application Thread] DEBUG GameApplicationServi - Removing overlay from CustomMainMenu and adding to FXGLMainMenuDummyScene
20:49:29.747 [JavaFX Application Thread] DEBUG PrimaryStageWindow   - FXGLMainMenuDummyScene <- CustomMainMenu
20:49:29.748 [JavaFX Application Thread] DEBUG Input                - Clearing active input actions
20:49:29.756 [JavaFX Application Thread] DEBUG GameApplicationServi - Removing overlay from FXGLMainMenuDummyScene and adding to FXGLLoadingScene
20:49:29.756 [JavaFX Application Thread] DEBUG PrimaryStageWindow   - FXGLMainMenuDummyScene -> FXGLLoadingScene
20:49:29.756 [JavaFX Application Thread] DEBUG GameApplicationServi - Clearing previous game
20:49:29.756 [JavaFX Application Thread] DEBUG GameScene            - Clearing game scene
20:49:29.756 [JavaFX Application Thread] DEBUG GameWorld            - Clearing game world
20:49:29.756 [JavaFX Application Thread] DEBUG PhysicsWorld         - Clearing physics world
20:49:29.759 [FXGL Background Thread 2 ] DEBUG FXGLApplication      - Initializing game
20:49:29.823 [FXGL Background Thread 2 ] WARN  TMXLevelLoader       - TiledMap generated from 1.11.2. Supported version: 1.9.0. Some features may not be parsed fully.
20:49:29.849 [FXGL Background Thread 2 ] DEBUG TMXLevelLoader       - Parsed TiledMap: file:/C:/Users/lucaa/OneDrive%20-%20HTL%20Saalfelden/POS/Workspace/IntelliJ/FXGL/TeacherTowerDefense/target/classes/assets/levels/Map1.tmx
20:49:29.850 [FXGL Background Thread 2 ] DEBUG TMXLevelLoader       - Creating tile layer entities
20:49:29.852 [FXGL Background Thread 2 ] DEBUG TilesetLoader        - Loading view for layer Kachelebene 0
20:49:29.855 [FXGL Background Thread 2 ] DEBUG TilesetLoader        - Created buffer with size 960.0x640.0
20:49:29.893 [FXGL Background Thread 2 ] DEBUG TilesetLoader        - Loading view for layer Kachelebene 1
20:49:29.894 [FXGL Background Thread 2 ] DEBUG TilesetLoader        - Created buffer with size 960.0x640.0
20:49:29.899 [FXGL Background Thread 2 ] DEBUG TilesetLoader        - Loading view for layer Kachelebene 2
20:49:29.900 [FXGL Background Thread 2 ] DEBUG TilesetLoader        - Created buffer with size 960.0x640.0
20:49:29.913 [FXGL Background Thread 2 ] DEBUG TilesetLoader        - Loading view for layer Kachelebene 4
20:49:29.914 [FXGL Background Thread 2 ] DEBUG TilesetLoader        - Created buffer with size 960.0x640.0
20:49:29.914 [FXGL Background Thread 2 ] DEBUG TMXLevelLoader       - Creating object layer entities
20:49:29.948 [FXGL Background Thread 2 ] DEBUG GameWorld            - Clearing removable entities
20:49:29.948 [FXGL Background Thread 2 ] DEBUG GameWorld            - Setting level: com.almasb.fxgl.entity.level.Level@f521f1a
20:49:29.963 [FXGL Background Thread 2 ] DEBUG FXGLAssetLoaderServi - Loading from file system: file:/C:/Users/lucaa/OneDrive%20-%20HTL%20Saalfelden/POS/Workspace/IntelliJ/FXGL/TeacherTowerDefense/target/classes/assets/textures/Groebl.png
20:49:29.966 [FXGL Background Thread 2 ] DEBUG FXGLAssetLoaderServi - Loading from file system: file:/C:/Users/lucaa/OneDrive%20-%20HTL%20Saalfelden/POS/Workspace/IntelliJ/FXGL/TeacherTowerDefense/target/classes/assets/textures/Feichtner.png
20:49:29.969 [FXGL Background Thread 2 ] DEBUG FXGLAssetLoaderServi - Loading from file system: file:/C:/Users/lucaa/OneDrive%20-%20HTL%20Saalfelden/POS/Workspace/IntelliJ/FXGL/TeacherTowerDefense/target/classes/assets/textures/Winkler.png
20:49:29.972 [FXGL Background Thread 2 ] DEBUG FXGLAssetLoaderServi - Loading from file system: file:/C:/Users/lucaa/OneDrive%20-%20HTL%20Saalfelden/POS/Workspace/IntelliJ/FXGL/TeacherTowerDefense/target/classes/assets/textures/Aigner.png
20:49:29.983 [FXGL Background Thread 2 ] WARN  FXGLAssetLoaderServi - Asset "/assets/textures/Gassner.png" was not found!
20:49:29.984 [FXGL Background Thread 2 ] WARN  FXGLAssetLoaderServi - Failed to load IMAGE
20:49:30.038 [FXGL Background Thread 2 ] INFO  FXGLApplication      - Game initialization took: 0,279 sec
20:49:30.040 [JavaFX Application Thread] DEBUG Input                - Clearing active input actions
20:49:30.068 [JavaFX Application Thread] DEBUG GameApplicationServi - Removing overlay from FXGLLoadingScene and adding to GameScene
20:49:30.068 [JavaFX Application Thread] DEBUG PrimaryStageWindow   - FXGLLoadingScene -> GameScene
21:10:17.212 [JavaFX Application Thread] DEBUG FXGLApplication      - Exiting FXGL
21:10:17.212 [JavaFX Application Thread] DEBUG LoopRunner           - Stopping loop
21:10:17.213 [JavaFX Application Thread] DEBUG SystemBundleService  - Saving FXGL system data
21:10:17.220 [JavaFX Application Thread] DEBUG FileSystemAccess     - Writing to: C:\Users\lucaa\OneDrive - HTL Saalfelden\POS\Workspace\IntelliJ\FXGL\TeacherTowerDefense\system\fxgl.bundle
21:10:17.224 [JavaFX Application Thread] DEBUG Async                - Shutting down background threads
21:10:17.227 [JavaFX Application Thread] DEBUG PrimaryStageWindow   - Closing main window
21:10:17.300 [JavaFX Application Thread] DEBUG Logger               - Closing Logger
