07:46:20.376 [main                     ] DEBUG Logger               - Configured Logger
07:46:20.385 [main                     ] DEBUG GameApplication      - Logging settings
Title: Teacher Tower Defense
Version: 0.1
Width: 1200
Height: 640
Fullscreen: true
Intro: false
Profiling: false
Single step:false
App Mode: DEVELOPER
Menu Key: ESCAPE
Stage Style: DECORATED
Scene Factory: class at.htl.teachertowerdefense.CustomSceneFactory

07:46:21.225 [JavaFX Application Thread] DEBUG FXGLApplication      - Initializing FXGL
07:46:21.228 [JavaFX Application Thread] INFO  Engine               - FXGL-17.3 (30.03.2023 11.49) on WINDOWS (J:25.0.2 FX:21.0.6)
07:46:21.228 [JavaFX Application Thread] DEBUG Engine               - JRE Vendor Name: Oracle Corporation
07:46:21.228 [JavaFX Application Thread] DEBUG Engine               - Running on OS: Windows 11 version 10.0
07:46:21.228 [JavaFX Application Thread] DEBUG Engine               - Architecture: amd64
07:46:21.229 [JavaFX Application Thread] INFO  Engine               - Source code and latest versions at: https://github.com/AlmasB/FXGL
07:46:21.229 [JavaFX Application Thread] INFO  Engine               -       Ask questions and discuss at: https://github.com/AlmasB/FXGL/discussions
07:46:21.229 [JavaFX Application Thread] INFO  Engine               -              Join the FXGL chat at: https://gitter.im/AlmasB/FXGL
07:46:21.381 [JavaFX Application Thread] DEBUG PrimaryStageWindow   - Creating a JavaFX scene
07:46:21.501 [JavaFX Application Thread] DEBUG PrimaryStageWindow   - Target settings size: 1200.0 x 640.0
07:46:21.501 [JavaFX Application Thread] DEBUG PrimaryStageWindow   - Scaled scene size:    1200.0 x 640.0
07:46:21.501 [JavaFX Application Thread] DEBUG PrimaryStageWindow   - Scaled ratio: (1.0, 1.0)
07:46:21.503 [JavaFX Application Thread] DEBUG PrimaryStageWindow   - Set initial scene to FXGLStartupScene
07:46:21.509 [JavaFX Application Thread] DEBUG PrimaryStageWindow   - Opening main window
07:46:21.721 [JavaFX Application Thread] DEBUG PrimaryStageWindow   - Window border size: (14.4000244140625, 37.5999755859375)
07:46:21.721 [JavaFX Application Thread] DEBUG PrimaryStageWindow   - Scaled size: 1200.0 x 640.0
07:46:21.721 [JavaFX Application Thread] DEBUG PrimaryStageWindow   - Scaled ratio: (1.0, 1.0)
07:46:21.721 [JavaFX Application Thread] DEBUG PrimaryStageWindow   - Scene size: 1200.0 x 640.0
07:46:21.722 [JavaFX Application Thread] DEBUG PrimaryStageWindow   - Stage size: 1214.4000244140625 x 677.5999755859375
07:46:21.815 [JavaFX Application Thread] DEBUG PrimaryStageWindow   - Going fullscreen
07:46:21.824 [FXGL Background Thread 1 ] DEBUG Engine               - Initializing environment variables
07:46:21.869 [FXGL Background Thread 1 ] DEBUG FXGLAssetLoaderServi - User app class for loading assets: class at.htl.teachertowerdefense.TeacherTowerDefenseApp
07:46:21.870 [FXGL Background Thread 1 ] DEBUG GameApplicationServi - Applying CSS: fxgl_dark.css
07:46:21.870 [FXGL Background Thread 1 ] DEBUG FXGLAssetLoaderServi - Loading from file system: jar:file:/C:/Users/lucaa/.m2/repository/com/github/almasb/fxgl/17.3/fxgl-17.3.jar!/fxglassets/ui/css/fxgl_dark.css
07:46:21.912 [FXGL Background Thread 1 ] DEBUG GameApplicationServi - Initializing application scenes
07:46:21.961 [FXGL Background Thread 1 ] DEBUG GameWorld            - Game world initialized
07:46:22.026 [FXGL Background Thread 1 ] DEBUG PhysicsWorld         - Physics world initialized: appHeight=640, physics.ppm=50,0
07:46:22.026 [FXGL Background Thread 1 ] DEBUG PhysicsWorld         - Using strategy: BRUTE_FORCE
07:46:22.031 [FXGL Background Thread 1 ] DEBUG GameScene            - Game scene initialized: 1200x640
07:46:22.059 [FXGL Background Thread 1 ] DEBUG FXGLAssetLoaderServi - Loading from file system: file:/C:/Users/lucaa/OneDrive%20-%20HTL%20Saalfelden/POS/Workspace/IntelliJ/FXGL/TeacherTowerDefense/target/classes/assets/textures/menu_bg.png
07:46:22.148 [FXGL Background Thread 1 ] DEBUG GameApplicationServi - Application scenes initialized
07:46:22.156 [FXGL Background Thread 1 ] DEBUG SystemBundleService  - Loading FXGL system data
07:46:22.166 [FXGL Background Thread 1 ] DEBUG FileSystemAccess     - Reading from: C:\Users\lucaa\OneDrive - HTL Saalfelden\POS\Workspace\IntelliJ\FXGL\TeacherTowerDefense\system\fxgl.bundle
07:46:22.169 [FXGL Background Thread 1 ] DEBUG SystemBundleService  - Bundle FXGL: {}
07:46:22.170 [FXGL Background Thread 1 ] DEBUG UpdaterService       - Checking for updates
07:46:22.175 [FXGL Background Thread 4 ] DEBUG FXGLApplication      - Loading fonts
07:46:22.176 [FXGL Background Thread 1 ] DEBUG FXGLApplication      - Loading default localization
07:46:22.176 [FXGL Background Thread 4 ] DEBUG FXGLAssetLoaderServi - Loading from file system: jar:file:/C:/Users/lucaa/.m2/repository/com/github/almasb/fxgl/17.3/fxgl-17.3.jar!/fxglassets/ui/fonts/VarelaRound-Regular.ttf
07:46:22.177 [FXGL Background Thread 1 ] DEBUG FXGLAssetLoaderServi - Loading from file system: jar:file:/C:/Users/lucaa/.m2/repository/com/github/almasb/fxgl/17.3/fxgl-17.3.jar!/fxglassets/languages/english.lang
07:46:22.197 [FXGL Background Thread 4 ] DEBUG FXGLAssetLoaderServi - Loading from file system: jar:file:/C:/Users/lucaa/.m2/repository/com/github/almasb/fxgl/17.3/fxgl-17.3.jar!/fxglassets/ui/fonts/Abel-Regular.ttf
07:46:22.201 [FXGL Background Thread 1 ] INFO  FXGLApplication      - FXGL initialization took: 0,377 sec
07:46:22.203 [JavaFX Application Thread] DEBUG FXGLAssetLoaderServi - Loading from file system: jar:file:/C:/Users/lucaa/.m2/repository/com/github/almasb/fxgl/17.3/fxgl-17.3.jar!/fxglassets/textures/fxgl_icon.png
07:46:22.211 [FXGL Background Thread 4 ] DEBUG FXGLAssetLoaderServi - Loading from file system: jar:file:/C:/Users/lucaa/.m2/repository/com/github/almasb/fxgl/17.3/fxgl-17.3.jar!/fxglassets/ui/fonts/TerminalLandMono-Regular.otf
07:46:22.223 [FXGL Background Thread 4 ] DEBUG FXGLAssetLoaderServi - Loading from file system: jar:file:/C:/Users/lucaa/.m2/repository/com/github/almasb/fxgl/17.3/fxgl-17.3.jar!/fxglassets/ui/fonts/Courier-Prime.ttf
07:46:22.237 [JavaFX Application Thread] DEBUG FXGLAssetLoaderServi - Loading from file system: jar:file:/C:/Users/lucaa/.m2/repository/com/github/almasb/fxgl/17.3/fxgl-17.3.jar!/fxglassets/textures/fxgl_default_cursor.png
07:46:22.247 [JavaFX Application Thread] DEBUG Input                - Registered new binding: Screenshot - CTRL+8
07:46:22.247 [JavaFX Application Thread] DEBUG Input                - Registered new binding: System info dump - CTRL+9
07:46:22.249 [JavaFX Application Thread] DEBUG Input                - Registered new binding: Restart - CTRL+R
07:46:22.249 [JavaFX Application Thread] DEBUG Input                - Registered new binding: Toggle Debug Camera - CTRL+7
07:46:22.259 [JavaFX Application Thread] DEBUG LoopRunner           - Starting loop
07:46:22.259 [JavaFX Application Thread] DEBUG LoopRunner           - Initializing JavaFX AnimationTimerLoop
07:46:22.265 [JavaFX Application Thread] DEBUG Input                - Clearing active input actions
07:46:22.272 [JavaFX Application Thread] DEBUG GameApplicationServi - Removing overlay from FXGLStartupScene and adding to FXGLMainMenuDummyScene
07:46:22.273 [JavaFX Application Thread] DEBUG PrimaryStageWindow   - FXGLStartupScene -> FXGLMainMenuDummyScene
07:46:22.273 [JavaFX Application Thread] DEBUG PrimaryStageWindow   - Push state: CustomMainMenu
07:46:22.273 [JavaFX Application Thread] DEBUG Input                - Clearing active input actions
07:46:22.280 [JavaFX Application Thread] DEBUG GameApplicationServi - Removing overlay from FXGLMainMenuDummyScene and adding to CustomMainMenu
07:46:22.280 [JavaFX Application Thread] DEBUG PrimaryStageWindow   - FXGLMainMenuDummyScene -> CustomMainMenu
07:46:22.280 [JavaFX Application Thread] DEBUG FXGLApplication      - Registering font factories with UI factory
07:46:22.832 [FXGL Background Thread 2 ] INFO  UpdaterService       - Your current version:  17.3
07:46:22.832 [FXGL Background Thread 2 ] INFO  UpdaterService       - Latest stable version: 25
07:46:25.174 [FXGL Background Thread 3 ] DEBUG Engine               - Logging environment variables
07:46:25.175 [FXGL Background Thread 3 ] DEBUG Engine               - achievements: []
07:46:25.175 [FXGL Background Thread 3 ] DEBUG Engine               - actualHeight: 864.0
07:46:25.175 [FXGL Background Thread 3 ] DEBUG Engine               - actualHeightProperty: ReadOnlyDoubleProperty [value: 864.0]
07:46:25.175 [FXGL Background Thread 3 ] DEBUG Engine               - actualWidth: 1536.0
07:46:25.175 [FXGL Background Thread 3 ] DEBUG Engine               - actualWidthProperty: ReadOnlyDoubleProperty [value: 1536.0]
07:46:25.175 [FXGL Background Thread 3 ] DEBUG Engine               - appIcon: fxgl_icon.png
07:46:25.175 [FXGL Background Thread 3 ] DEBUG Engine               - applicationMode: DEVELOPER
07:46:25.175 [FXGL Background Thread 3 ] DEBUG Engine               - cSSList: [fxgl_dark.css]
07:46:25.175 [FXGL Background Thread 3 ] DEBUG Engine               - collisionDetectionStrategy: BRUTE_FORCE
07:46:25.175 [FXGL Background Thread 3 ] DEBUG Engine               - configClass: Optional.empty
07:46:25.175 [FXGL Background Thread 3 ] DEBUG Engine               - credits: []
07:46:25.177 [FXGL Background Thread 3 ] DEBUG Engine               - defaultCursor: CursorInfo(imageName=fxgl_default_cursor.png, hotspotX=7.0, hotspotY=6.0)
07:46:25.179 [FXGL Background Thread 3 ] DEBUG Engine               - devBBoxColorProperty: ObjectProperty [value: 0xff0000ff]
07:46:25.179 [FXGL Background Thread 3 ] DEBUG Engine               - devEnableDebugCameraProperty: BooleanProperty [value: false]
07:46:25.180 [FXGL Background Thread 3 ] DEBUG Engine               - devSensorColorProperty: ObjectProperty [value: 0xffff00ff]
07:46:25.180 [FXGL Background Thread 3 ] DEBUG Engine               - devShowBBoxProperty: BooleanProperty [value: false]
07:46:25.180 [FXGL Background Thread 3 ] DEBUG Engine               - devShowPositionProperty: BooleanProperty [value: false]
07:46:25.180 [FXGL Background Thread 3 ] DEBUG Engine               - enabledMenuItems: []
07:46:25.180 [FXGL Background Thread 3 ] DEBUG Engine               - engineServices: [class com.almasb.fxgl.app.services.FXGLAssetLoaderService, class com.almasb.fxgl.app.FXGLApplication$GameApplicationService, class com.almasb.fxgl.app.services.FXGLDialogService, class com.almasb.fxgl.app.services.IOTaskExecutorService, class com.almasb.fxgl.io.FileSystemService, class com.almasb.fxgl.localization.LocalizationService, class com.almasb.fxgl.app.services.SystemBundleService, class com.almasb.fxgl.profile.SaveLoadService, class com.almasb.fxgl.ui.FXGLUIFactoryServiceProvider, class com.almasb.fxgl.ui.FXGLDialogFactoryServiceProvider, class com.almasb.fxgl.audio.AudioPlayer, class com.almasb.fxgl.notification.impl.NotificationServiceProvider, class com.almasb.fxgl.achievement.AchievementService, class com.almasb.fxgl.cutscene.CutsceneService, class com.almasb.fxgl.minigames.MiniGameService, class com.almasb.fxgl.net.NetService, class com.almasb.fxgl.app.services.UpdaterService, class com.almasb.fxgl.dev.DevService]
07:46:25.180 [FXGL Background Thread 3 ] DEBUG Engine               - fontGame: Abel-Regular.ttf
07:46:25.180 [FXGL Background Thread 3 ] DEBUG Engine               - fontMono: TerminalLandMono-Regular.otf
07:46:25.180 [FXGL Background Thread 3 ] DEBUG Engine               - fontSizeScaleUI: 1.0
07:46:25.180 [FXGL Background Thread 3 ] DEBUG Engine               - fontText: Courier-Prime.ttf
07:46:25.180 [FXGL Background Thread 3 ] DEBUG Engine               - fontUI: VarelaRound-Regular.ttf
07:46:25.180 [FXGL Background Thread 3 ] DEBUG Engine               - fullScreen: BooleanProperty [value: true]
07:46:25.180 [FXGL Background Thread 3 ] DEBUG Engine               - gameDifficulty: MEDIUM
07:46:25.180 [FXGL Background Thread 3 ] DEBUG Engine               - gameDifficultyProperty: ObjectProperty [value: MEDIUM]
07:46:25.180 [FXGL Background Thread 3 ] DEBUG Engine               - globalMusicVolume: 0.5
07:46:25.180 [FXGL Background Thread 3 ] DEBUG Engine               - globalMusicVolumeProperty: DoubleProperty [value: 0.5]
07:46:25.180 [FXGL Background Thread 3 ] DEBUG Engine               - globalSoundVolume: 0.5
07:46:25.180 [FXGL Background Thread 3 ] DEBUG Engine               - globalSoundVolumeProperty: DoubleProperty [value: 0.5]
07:46:25.181 [FXGL Background Thread 3 ] DEBUG Engine               - height: 640
07:46:25.181 [FXGL Background Thread 3 ] DEBUG Engine               - is3D: false
07:46:25.181 [FXGL Background Thread 3 ] DEBUG Engine               - isAndroid: false
07:46:25.181 [FXGL Background Thread 3 ] DEBUG Engine               - isBrowser: false
07:46:25.181 [FXGL Background Thread 3 ] DEBUG Engine               - isClickFeedbackEnabled: false
07:46:25.181 [FXGL Background Thread 3 ] DEBUG Engine               - isCloseConfirmation: false
07:46:25.181 [FXGL Background Thread 3 ] DEBUG Engine               - isDesktop: true
07:46:25.181 [FXGL Background Thread 3 ] DEBUG Engine               - isDeveloperMenuEnabled: false
07:46:25.181 [FXGL Background Thread 3 ] DEBUG Engine               - isEmbedded: false
07:46:25.181 [FXGL Background Thread 3 ] DEBUG Engine               - isEntityPreloadEnabled: true
07:46:25.181 [FXGL Background Thread 3 ] DEBUG Engine               - isExperimentalTiledLargeMap: false
07:46:25.181 [FXGL Background Thread 3 ] DEBUG Engine               - isFileSystemWriteAllowed: true
07:46:25.181 [FXGL Background Thread 3 ] DEBUG Engine               - isFullScreenAllowed: true
07:46:25.181 [FXGL Background Thread 3 ] DEBUG Engine               - isFullScreenFromStart: true
07:46:25.181 [FXGL Background Thread 3 ] DEBUG Engine               - isGameMenuEnabled: true
07:46:25.181 [FXGL Background Thread 3 ] DEBUG Engine               - isIOS: false
07:46:25.181 [FXGL Background Thread 3 ] DEBUG Engine               - isIntroEnabled: false
07:46:25.181 [FXGL Background Thread 3 ] DEBUG Engine               - isLinux: false
07:46:25.181 [FXGL Background Thread 3 ] DEBUG Engine               - isMac: false
07:46:25.181 [FXGL Background Thread 3 ] DEBUG Engine               - isMainMenuEnabled: true
07:46:25.181 [FXGL Background Thread 3 ] DEBUG Engine               - isManualResizeEnabled: false
07:46:25.181 [FXGL Background Thread 3 ] DEBUG Engine               - isMobile: false
07:46:25.181 [FXGL Background Thread 3 ] DEBUG Engine               - isNative: false
07:46:25.182 [FXGL Background Thread 3 ] DEBUG Engine               - isPauseMusicWhenMinimized: true
07:46:25.182 [FXGL Background Thread 3 ] DEBUG Engine               - isPreserveResizeRatio: true
07:46:25.182 [FXGL Background Thread 3 ] DEBUG Engine               - isProfilingEnabled: false
07:46:25.182 [FXGL Background Thread 3 ] DEBUG Engine               - isScaleAffectedOnResize: true
07:46:25.182 [FXGL Background Thread 3 ] DEBUG Engine               - isSingleStep: false
07:46:25.182 [FXGL Background Thread 3 ] DEBUG Engine               - isUserProfileEnabled: false
07:46:25.182 [FXGL Background Thread 3 ] DEBUG Engine               - isWindows: true
07:46:25.182 [FXGL Background Thread 3 ] DEBUG Engine               - language: ObjectProperty [value: ENGLISH]
07:46:25.182 [FXGL Background Thread 3 ] DEBUG Engine               - menuKey: ESCAPE
07:46:25.182 [FXGL Background Thread 3 ] DEBUG Engine               - mouseSensitivity: 0.2
07:46:25.182 [FXGL Background Thread 3 ] DEBUG Engine               - notificationViewClass: class com.almasb.fxgl.notification.view.XboxNotificationView
07:46:25.182 [FXGL Background Thread 3 ] DEBUG Engine               - pixelsPerMeter: 50.0
07:46:25.182 [FXGL Background Thread 3 ] DEBUG Engine               - platform: WINDOWS
07:46:25.182 [FXGL Background Thread 3 ] DEBUG Engine               - prefHeightProperty: ReadOnlyDoubleProperty [value: 640.0]
07:46:25.182 [FXGL Background Thread 3 ] DEBUG Engine               - prefWidthProperty: ReadOnlyDoubleProperty [value: 1200.0]
07:46:25.183 [FXGL Background Thread 3 ] DEBUG Engine               - profileDir: profiles/
07:46:25.183 [FXGL Background Thread 3 ] DEBUG Engine               - profileName: StringProperty [value: DEFAULT]
07:46:25.183 [FXGL Background Thread 3 ] DEBUG Engine               - randomSeed: -1
07:46:25.184 [FXGL Background Thread 3 ] DEBUG Engine               - runtimeInfo: RuntimeInfo(platform=WINDOWS, version=17.3, build=30.03.2023 11.49)
07:46:25.184 [FXGL Background Thread 3 ] DEBUG Engine               - saveFileExt: sav
07:46:25.185 [FXGL Background Thread 3 ] DEBUG Engine               - scaledHeightProp$fxgl: DoubleProperty [bound, value: 864.0]
07:46:25.185 [FXGL Background Thread 3 ] DEBUG Engine               - scaledWidthProp$fxgl: DoubleProperty [bound, value: 1536.0]
07:46:25.185 [FXGL Background Thread 3 ] DEBUG Engine               - sceneFactory: at.htl.teachertowerdefense.CustomSceneFactory@64edf3f7
07:46:25.186 [FXGL Background Thread 3 ] DEBUG Engine               - secondsIn24h: 60
07:46:25.186 [FXGL Background Thread 3 ] DEBUG Engine               - soundMenuBack: menu/back.wav
07:46:25.186 [FXGL Background Thread 3 ] DEBUG Engine               - soundMenuPress: menu/press.wav
07:46:25.186 [FXGL Background Thread 3 ] DEBUG Engine               - soundMenuSelect: menu/select.wav
07:46:25.186 [FXGL Background Thread 3 ] DEBUG Engine               - soundNotification: core/notification.wav
07:46:25.186 [FXGL Background Thread 3 ] DEBUG Engine               - stageStyle: DECORATED
07:46:25.186 [FXGL Background Thread 3 ] DEBUG Engine               - supportedLanguages: [ENGLISH, FRENCH, GERMAN, HUNGARIAN, RUSSIAN]
07:46:25.186 [FXGL Background Thread 3 ] DEBUG Engine               - ticksPerSecond: -1
07:46:25.186 [FXGL Background Thread 3 ] DEBUG Engine               - title: Teacher Tower Defense
07:46:25.186 [FXGL Background Thread 3 ] DEBUG Engine               - urlGithub: https://github.com/AlmasB/FXGL
07:46:25.186 [FXGL Background Thread 3 ] DEBUG Engine               - urlLeaderboard: http://fxgl-top.herokuapp.com/
07:46:25.186 [FXGL Background Thread 3 ] DEBUG Engine               - urlPOM: https://raw.githubusercontent.com/AlmasB/FXGL/release/README.md
07:46:25.187 [FXGL Background Thread 3 ] DEBUG Engine               - userAppClass: class at.htl.teachertowerdefense.TeacherTowerDefenseApp
07:46:25.187 [FXGL Background Thread 3 ] DEBUG Engine               - version: 0.1
07:46:25.187 [FXGL Background Thread 3 ] DEBUG Engine               - versionCheckDays: 7
07:46:25.187 [FXGL Background Thread 3 ] DEBUG Engine               - width: 1200
07:46:25.187 [FXGL Background Thread 3 ] DEBUG Engine               - Logging services
07:46:25.187 [FXGL Background Thread 3 ] DEBUG Engine               - class com.almasb.fxgl.app.services.FXGLAssetLoaderService
07:46:25.187 [FXGL Background Thread 3 ] DEBUG Engine               - class com.almasb.fxgl.app.FXGLApplication$GameApplicationService
07:46:25.187 [FXGL Background Thread 3 ] DEBUG Engine               - class com.almasb.fxgl.app.services.FXGLDialogService
07:46:25.187 [FXGL Background Thread 3 ] DEBUG Engine               - class com.almasb.fxgl.app.services.IOTaskExecutorService
07:46:25.187 [FXGL Background Thread 3 ] DEBUG Engine               - class com.almasb.fxgl.io.FileSystemService
07:46:25.187 [FXGL Background Thread 3 ] DEBUG Engine               - class com.almasb.fxgl.localization.LocalizationService
07:46:25.187 [FXGL Background Thread 3 ] DEBUG Engine               - class com.almasb.fxgl.app.services.SystemBundleService
07:46:25.187 [FXGL Background Thread 3 ] DEBUG Engine               - class com.almasb.fxgl.profile.SaveLoadService
07:46:25.187 [FXGL Background Thread 3 ] DEBUG Engine               - class com.almasb.fxgl.ui.FXGLUIFactoryServiceProvider
07:46:25.187 [FXGL Background Thread 3 ] DEBUG Engine               - class com.almasb.fxgl.ui.FXGLDialogFactoryServiceProvider
07:46:25.187 [FXGL Background Thread 3 ] DEBUG Engine               - class com.almasb.fxgl.audio.AudioPlayer
07:46:25.187 [FXGL Background Thread 3 ] DEBUG Engine               - class com.almasb.fxgl.notification.impl.NotificationServiceProvider
07:46:25.187 [FXGL Background Thread 3 ] DEBUG Engine               - class com.almasb.fxgl.achievement.AchievementService
07:46:25.187 [FXGL Background Thread 3 ] DEBUG Engine               - class com.almasb.fxgl.cutscene.CutsceneService
07:46:25.187 [FXGL Background Thread 3 ] DEBUG Engine               - class com.almasb.fxgl.minigames.MiniGameService
07:46:25.187 [FXGL Background Thread 3 ] DEBUG Engine               - class com.almasb.fxgl.net.NetService
07:46:25.188 [FXGL Background Thread 3 ] DEBUG Engine               - class com.almasb.fxgl.app.services.UpdaterService
07:46:25.188 [FXGL Background Thread 3 ] DEBUG Engine               - class com.almasb.fxgl.dev.DevService
07:46:26.143 [JavaFX Application Thread] DEBUG Menu                 - fireNewGame()
07:46:26.144 [JavaFX Application Thread] DEBUG GameApplicationServi - Starting new game
07:46:26.145 [JavaFX Application Thread] DEBUG PrimaryStageWindow   - Pop state: CustomMainMenu
07:46:26.145 [JavaFX Application Thread] DEBUG Input                - Clearing active input actions
07:46:26.146 [JavaFX Application Thread] DEBUG GameApplicationServi - Removing overlay from CustomMainMenu and adding to FXGLMainMenuDummyScene
07:46:26.146 [JavaFX Application Thread] DEBUG PrimaryStageWindow   - FXGLMainMenuDummyScene <- CustomMainMenu
07:46:26.147 [JavaFX Application Thread] DEBUG Input                - Clearing active input actions
07:46:26.170 [JavaFX Application Thread] DEBUG GameApplicationServi - Removing overlay from FXGLMainMenuDummyScene and adding to FXGLLoadingScene
07:46:26.171 [JavaFX Application Thread] DEBUG PrimaryStageWindow   - FXGLMainMenuDummyScene -> FXGLLoadingScene
07:46:26.172 [JavaFX Application Thread] DEBUG GameApplicationServi - Clearing previous game
07:46:26.172 [JavaFX Application Thread] DEBUG GameScene            - Clearing game scene
07:46:26.172 [JavaFX Application Thread] DEBUG GameWorld            - Clearing game world
07:46:26.172 [JavaFX Application Thread] DEBUG PhysicsWorld         - Clearing physics world
07:46:26.178 [FXGL Background Thread 2 ] DEBUG FXGLApplication      - Initializing game
07:46:26.242 [FXGL Background Thread 2 ] WARN  FXGLAssetLoaderServi - Asset "/assets/levels/Map3.tmx" was not found!
07:46:26.242 [JavaFX Application Thread] DEBUG LoopRunner           - Stopping loop
07:46:26.244 [JavaFX Application Thread] FATAL FXGLApplication      - Uncaught Exception:
java.lang.RuntimeException: Initialization failed
	at com.almasb.fxgl.app.FXGLApplication$InitAppTask.failed(FXGLApplication.kt:343)
	at javafx.concurrent.Task.setState(Task.java:710)
	at javafx.concurrent.Task$TaskCallable.lambda$call$2(Task.java:1429)
	at com.sun.javafx.application.PlatformImpl.lambda$runLater$10(PlatformImpl.java:456)
	at java.base/java.security.AccessController.doPrivileged(AccessController.java:138)
	at com.sun.javafx.application.PlatformImpl.lambda$runLater$11(PlatformImpl.java:455)
	at com.sun.glass.ui.InvokeLaterDispatcher$Future.run(InvokeLaterDispatcher.java:95)
	at com.sun.glass.ui.win.WinApplication._runLoop(Native Method)
	at com.sun.glass.ui.win.WinApplication.lambda$runLoop$3(WinApplication.java:185)
	at java.base/java.lang.Thread.run(Thread.java:1474)
Caused by: java.lang.IllegalArgumentException: Loading level failed. Asset not found: Map3.tmx
	at com.almasb.fxgl.app.services.FXGLAssetLoaderService.loadLevel(FXGLAssetLoaderService.kt:427)
	at com.almasb.fxgl.dsl.FXGL$Companion.setLevelFromMap(FXGL.kt:634)
	at com.almasb.fxgl.dsl.FXGL.setLevelFromMap(FXGL.kt)
	at at.htl.teachertowerdefense.TeacherTowerDefenseApp.initGame(TeacherTowerDefenseApp.java:83)
	at com.almasb.fxgl.app.FXGLApplication$InitAppTask.initGame(FXGLApplication.kt:339)
	at com.almasb.fxgl.app.FXGLApplication$InitAppTask.call(FXGLApplication.kt:319)
	at com.almasb.fxgl.app.FXGLApplication$InitAppTask.call(FXGLApplication.kt:311)
	at javafx.concurrent.Task$TaskCallable.call(Task.java:1399)
	at java.base/java.util.concurrent.FutureTask.run(FutureTask.java:328)
	at java.base/java.util.concurrent.Executors$RunnableAdapter.call(Executors.java:545)
	at java.base/java.util.concurrent.FutureTask.run(FutureTask.java:328)
	at java.base/java.util.concurrent.ThreadPoolExecutor.runWorker(ThreadPoolExecutor.java:1090)
	at java.base/java.util.concurrent.ThreadPoolExecutor$Worker.run(ThreadPoolExecutor.java:614)
	... 1 more

07:46:26.244 [JavaFX Application Thread] FATAL FXGLApplication      - Application will now exit
07:46:26.268 [JavaFX Application Thread] DEBUG PrimaryStageWindow   - Push state: ErrorSubScene
07:46:26.268 [JavaFX Application Thread] DEBUG Input                - Clearing active input actions
07:46:26.274 [JavaFX Application Thread] DEBUG GameApplicationServi - Removing overlay from FXGLLoadingScene and adding to ErrorSubScene
07:46:26.275 [JavaFX Application Thread] DEBUG PrimaryStageWindow   - FXGLLoadingScene -> ErrorSubScene
07:46:28.918 [JavaFX Application Thread] DEBUG FXGLApplication      - Exiting FXGL
07:46:28.918 [JavaFX Application Thread] DEBUG Async                - Shutting down background threads
07:46:28.919 [JavaFX Application Thread] DEBUG PrimaryStageWindow   - Closing main window
07:46:28.958 [JavaFX Application Thread] DEBUG Logger               - Closing Logger
