21:11:36.475 [main                     ] DEBUG Logger               - Configured Logger
21:11:36.492 [main                     ] DEBUG GameApplication      - Logging settings
Title: Teacher Tower Defense
Version: 0.1
Width: 1200
Height: 640
Fullscreen: true
Intro: false
Profiling: false
Single step:false
App Mode: DEVELOPER
Menu Key: ESCAPE
Stage Style: DECORATED
Scene Factory: class at.htl.teachertowerdefense.CustomSceneFactory

21:11:37.897 [JavaFX Application Thread] DEBUG FXGLApplication      - Initializing FXGL
21:11:37.902 [JavaFX Application Thread] INFO  Engine               - FXGL-17.3 (30.03.2023 11.49) on WINDOWS (J:25.0.2 FX:21.0.6)
21:11:37.902 [JavaFX Application Thread] DEBUG Engine               - JRE Vendor Name: Oracle Corporation
21:11:37.903 [JavaFX Application Thread] DEBUG Engine               - Running on OS: Windows 11 version 10.0
21:11:37.903 [JavaFX Application Thread] DEBUG Engine               - Architecture: amd64
21:11:37.903 [JavaFX Application Thread] INFO  Engine               - Source code and latest versions at: https://github.com/AlmasB/FXGL
21:11:37.903 [JavaFX Application Thread] INFO  Engine               -       Ask questions and discuss at: https://github.com/AlmasB/FXGL/discussions
21:11:37.903 [JavaFX Application Thread] INFO  Engine               -              Join the FXGL chat at: https://gitter.im/AlmasB/FXGL
21:11:38.170 [JavaFX Application Thread] DEBUG PrimaryStageWindow   - Creating a JavaFX scene
21:11:38.259 [JavaFX Application Thread] DEBUG PrimaryStageWindow   - Target settings size: 1200.0 x 640.0
21:11:38.259 [JavaFX Application Thread] DEBUG PrimaryStageWindow   - Scaled scene size:    1200.0 x 640.0
21:11:38.259 [JavaFX Application Thread] DEBUG PrimaryStageWindow   - Scaled ratio: (1.0, 1.0)
21:11:38.261 [JavaFX Application Thread] DEBUG PrimaryStageWindow   - Set initial scene to FXGLStartupScene
21:11:38.268 [JavaFX Application Thread] DEBUG PrimaryStageWindow   - Opening main window
21:11:38.438 [JavaFX Application Thread] DEBUG PrimaryStageWindow   - Window border size: (14.4000244140625, 37.5999755859375)
21:11:38.438 [JavaFX Application Thread] DEBUG PrimaryStageWindow   - Scaled size: 1200.0 x 640.0
21:11:38.439 [JavaFX Application Thread] DEBUG PrimaryStageWindow   - Scaled ratio: (1.0, 1.0)
21:11:38.439 [JavaFX Application Thread] DEBUG PrimaryStageWindow   - Scene size: 1200.0 x 640.0
21:11:38.439 [JavaFX Application Thread] DEBUG PrimaryStageWindow   - Stage size: 1214.4000244140625 x 677.5999755859375
21:11:38.566 [JavaFX Application Thread] DEBUG PrimaryStageWindow   - Going fullscreen
21:11:38.580 [FXGL Background Thread 1 ] DEBUG Engine               - Initializing environment variables
21:11:38.682 [FXGL Background Thread 1 ] DEBUG FXGLAssetLoaderServi - User app class for loading assets: class at.htl.teachertowerdefense.TeacherTowerDefenseApp
21:11:38.683 [FXGL Background Thread 1 ] DEBUG GameApplicationServi - Applying CSS: fxgl_dark.css
21:11:38.685 [FXGL Background Thread 1 ] DEBUG FXGLAssetLoaderServi - Loading from file system: jar:file:/C:/Users/lucaa/.m2/repository/com/github/almasb/fxgl/17.3/fxgl-17.3.jar!/fxglassets/ui/css/fxgl_dark.css
21:11:38.771 [FXGL Background Thread 1 ] DEBUG GameApplicationServi - Initializing application scenes
21:11:38.855 [FXGL Background Thread 1 ] DEBUG GameWorld            - Game world initialized
21:11:38.987 [FXGL Background Thread 1 ] DEBUG PhysicsWorld         - Physics world initialized: appHeight=640, physics.ppm=50,0
21:11:38.987 [FXGL Background Thread 1 ] DEBUG PhysicsWorld         - Using strategy: BRUTE_FORCE
21:11:38.992 [FXGL Background Thread 1 ] DEBUG GameScene            - Game scene initialized: 1200x640
21:11:39.013 [FXGL Background Thread 1 ] DEBUG FXGLAssetLoaderServi - Loading from file system: file:/C:/Users/lucaa/OneDrive%20-%20HTL%20Saalfelden/POS/Workspace/IntelliJ/FXGL/TeacherTowerDefense/target/classes/assets/textures/menu_bg.png
21:11:39.203 [FXGL Background Thread 1 ] DEBUG GameApplicationServi - Application scenes initialized
21:11:39.219 [FXGL Background Thread 1 ] DEBUG SystemBundleService  - Loading FXGL system data
21:11:39.221 [FXGL Background Thread 1 ] DEBUG FileSystemAccess     - Reading from: C:\Users\lucaa\OneDrive - HTL Saalfelden\POS\Workspace\IntelliJ\FXGL\TeacherTowerDefense\system\fxgl.bundle
21:11:39.225 [FXGL Background Thread 1 ] DEBUG SystemBundleService  - Bundle FXGL: {}
21:11:39.226 [FXGL Background Thread 1 ] DEBUG UpdaterService       - Checking for updates
21:11:39.239 [FXGL Background Thread 4 ] DEBUG FXGLApplication      - Loading fonts
21:11:39.241 [FXGL Background Thread 4 ] DEBUG FXGLAssetLoaderServi - Loading from file system: jar:file:/C:/Users/lucaa/.m2/repository/com/github/almasb/fxgl/17.3/fxgl-17.3.jar!/fxglassets/ui/fonts/VarelaRound-Regular.ttf
21:11:39.242 [FXGL Background Thread 1 ] DEBUG FXGLApplication      - Loading default localization
21:11:39.244 [FXGL Background Thread 1 ] DEBUG FXGLAssetLoaderServi - Loading from file system: jar:file:/C:/Users/lucaa/.m2/repository/com/github/almasb/fxgl/17.3/fxgl-17.3.jar!/fxglassets/languages/english.lang
21:11:39.283 [FXGL Background Thread 1 ] INFO  FXGLApplication      - FXGL initialization took: 0,702 sec
21:11:39.287 [JavaFX Application Thread] DEBUG FXGLAssetLoaderServi - Loading from file system: jar:file:/C:/Users/lucaa/.m2/repository/com/github/almasb/fxgl/17.3/fxgl-17.3.jar!/fxglassets/textures/fxgl_icon.png
21:11:39.289 [FXGL Background Thread 4 ] DEBUG FXGLAssetLoaderServi - Loading from file system: jar:file:/C:/Users/lucaa/.m2/repository/com/github/almasb/fxgl/17.3/fxgl-17.3.jar!/fxglassets/ui/fonts/Abel-Regular.ttf
21:11:39.327 [FXGL Background Thread 4 ] DEBUG FXGLAssetLoaderServi - Loading from file system: jar:file:/C:/Users/lucaa/.m2/repository/com/github/almasb/fxgl/17.3/fxgl-17.3.jar!/fxglassets/ui/fonts/TerminalLandMono-Regular.otf
21:11:39.364 [FXGL Background Thread 4 ] DEBUG FXGLAssetLoaderServi - Loading from file system: jar:file:/C:/Users/lucaa/.m2/repository/com/github/almasb/fxgl/17.3/fxgl-17.3.jar!/fxglassets/ui/fonts/Courier-Prime.ttf
21:11:39.386 [JavaFX Application Thread] DEBUG FXGLAssetLoaderServi - Loading from file system: jar:file:/C:/Users/lucaa/.m2/repository/com/github/almasb/fxgl/17.3/fxgl-17.3.jar!/fxglassets/textures/fxgl_default_cursor.png
21:11:39.412 [JavaFX Application Thread] DEBUG Input                - Registered new binding: Screenshot - CTRL+8
21:11:39.414 [JavaFX Application Thread] DEBUG Input                - Registered new binding: System info dump - CTRL+9
21:11:39.415 [JavaFX Application Thread] DEBUG Input                - Registered new binding: Restart - CTRL+R
21:11:39.416 [JavaFX Application Thread] DEBUG Input                - Registered new binding: Toggle Debug Camera - CTRL+7
21:11:39.425 [JavaFX Application Thread] DEBUG LoopRunner           - Starting loop
21:11:39.426 [JavaFX Application Thread] DEBUG LoopRunner           - Initializing JavaFX AnimationTimerLoop
21:11:39.435 [JavaFX Application Thread] DEBUG Input                - Clearing active input actions
21:11:39.450 [JavaFX Application Thread] DEBUG GameApplicationServi - Removing overlay from FXGLStartupScene and adding to FXGLMainMenuDummyScene
21:11:39.451 [JavaFX Application Thread] DEBUG PrimaryStageWindow   - FXGLStartupScene -> FXGLMainMenuDummyScene
21:11:39.451 [JavaFX Application Thread] DEBUG PrimaryStageWindow   - Push state: CustomMainMenu
21:11:39.458 [JavaFX Application Thread] DEBUG Input                - Clearing active input actions
21:11:39.471 [JavaFX Application Thread] DEBUG GameApplicationServi - Removing overlay from FXGLMainMenuDummyScene and adding to CustomMainMenu
21:11:39.472 [JavaFX Application Thread] DEBUG PrimaryStageWindow   - FXGLMainMenuDummyScene -> CustomMainMenu
21:11:39.626 [JavaFX Application Thread] DEBUG FXGLApplication      - Registering font factories with UI factory
21:11:39.996 [FXGL Background Thread 2 ] INFO  UpdaterService       - Your current version:  17.3
21:11:39.997 [FXGL Background Thread 2 ] INFO  UpdaterService       - Latest stable version: 25
21:11:42.234 [FXGL Background Thread 3 ] DEBUG Engine               - Logging environment variables
21:11:42.237 [FXGL Background Thread 3 ] DEBUG Engine               - achievements: []
21:11:42.238 [FXGL Background Thread 3 ] DEBUG Engine               - actualHeight: 864.0
21:11:42.238 [FXGL Background Thread 3 ] DEBUG Engine               - actualHeightProperty: ReadOnlyDoubleProperty [value: 864.0]
21:11:42.239 [FXGL Background Thread 3 ] DEBUG Engine               - actualWidth: 1536.0
21:11:42.239 [FXGL Background Thread 3 ] DEBUG Engine               - actualWidthProperty: ReadOnlyDoubleProperty [value: 1536.0]
21:11:42.240 [FXGL Background Thread 3 ] DEBUG Engine               - appIcon: fxgl_icon.png
21:11:42.240 [FXGL Background Thread 3 ] DEBUG Engine               - applicationMode: DEVELOPER
21:11:42.240 [FXGL Background Thread 3 ] DEBUG Engine               - cSSList: [fxgl_dark.css]
21:11:42.241 [FXGL Background Thread 3 ] DEBUG Engine               - collisionDetectionStrategy: BRUTE_FORCE
21:11:42.241 [FXGL Background Thread 3 ] DEBUG Engine               - configClass: Optional.empty
21:11:42.241 [FXGL Background Thread 3 ] DEBUG Engine               - credits: []
21:11:42.250 [FXGL Background Thread 3 ] DEBUG Engine               - defaultCursor: CursorInfo(imageName=fxgl_default_cursor.png, hotspotX=7.0, hotspotY=6.0)
21:11:42.252 [FXGL Background Thread 3 ] DEBUG Engine               - devBBoxColorProperty: ObjectProperty [value: 0xff0000ff]
21:11:42.253 [FXGL Background Thread 3 ] DEBUG Engine               - devEnableDebugCameraProperty: BooleanProperty [value: false]
21:11:42.253 [FXGL Background Thread 3 ] DEBUG Engine               - devSensorColorProperty: ObjectProperty [value: 0xffff00ff]
21:11:42.253 [FXGL Background Thread 3 ] DEBUG Engine               - devShowBBoxProperty: BooleanProperty [value: false]
21:11:42.253 [FXGL Background Thread 3 ] DEBUG Engine               - devShowPositionProperty: BooleanProperty [value: false]
21:11:42.254 [FXGL Background Thread 3 ] DEBUG Engine               - enabledMenuItems: []
21:11:42.254 [FXGL Background Thread 3 ] DEBUG Engine               - engineServices: [class com.almasb.fxgl.app.services.FXGLAssetLoaderService, class com.almasb.fxgl.app.FXGLApplication$GameApplicationService, class com.almasb.fxgl.app.services.FXGLDialogService, class com.almasb.fxgl.app.services.IOTaskExecutorService, class com.almasb.fxgl.io.FileSystemService, class com.almasb.fxgl.localization.LocalizationService, class com.almasb.fxgl.app.services.SystemBundleService, class com.almasb.fxgl.profile.SaveLoadService, class com.almasb.fxgl.ui.FXGLUIFactoryServiceProvider, class com.almasb.fxgl.ui.FXGLDialogFactoryServiceProvider, class com.almasb.fxgl.audio.AudioPlayer, class com.almasb.fxgl.notification.impl.NotificationServiceProvider, class com.almasb.fxgl.achievement.AchievementService, class com.almasb.fxgl.cutscene.CutsceneService, class com.almasb.fxgl.minigames.MiniGameService, class com.almasb.fxgl.net.NetService, class com.almasb.fxgl.app.services.UpdaterService, class com.almasb.fxgl.dev.DevService]
21:11:42.255 [FXGL Background Thread 3 ] DEBUG Engine               - fontGame: Abel-Regular.ttf
21:11:42.255 [FXGL Background Thread 3 ] DEBUG Engine               - fontMono: TerminalLandMono-Regular.otf
21:11:42.255 [FXGL Background Thread 3 ] DEBUG Engine               - fontSizeScaleUI: 1.0
21:11:42.255 [FXGL Background Thread 3 ] DEBUG Engine               - fontText: Courier-Prime.ttf
21:11:42.256 [FXGL Background Thread 3 ] DEBUG Engine               - fontUI: VarelaRound-Regular.ttf
21:11:42.256 [FXGL Background Thread 3 ] DEBUG Engine               - fullScreen: BooleanProperty [value: true]
21:11:42.256 [FXGL Background Thread 3 ] DEBUG Engine               - gameDifficulty: MEDIUM
21:11:42.257 [FXGL Background Thread 3 ] DEBUG Engine               - gameDifficultyProperty: ObjectProperty [value: MEDIUM]
21:11:42.257 [FXGL Background Thread 3 ] DEBUG Engine               - globalMusicVolume: 0.5
21:11:42.257 [FXGL Background Thread 3 ] DEBUG Engine               - globalMusicVolumeProperty: DoubleProperty [value: 0.5]
21:11:42.258 [FXGL Background Thread 3 ] DEBUG Engine               - globalSoundVolume: 0.5
21:11:42.259 [FXGL Background Thread 3 ] DEBUG Engine               - globalSoundVolumeProperty: DoubleProperty [value: 0.5]
21:11:42.259 [FXGL Background Thread 3 ] DEBUG Engine               - height: 640
21:11:42.259 [FXGL Background Thread 3 ] DEBUG Engine               - is3D: false
21:11:42.260 [FXGL Background Thread 3 ] DEBUG Engine               - isAndroid: false
21:11:42.260 [FXGL Background Thread 3 ] DEBUG Engine               - isBrowser: false
21:11:42.260 [FXGL Background Thread 3 ] DEBUG Engine               - isClickFeedbackEnabled: false
21:11:42.261 [FXGL Background Thread 3 ] DEBUG Engine               - isCloseConfirmation: false
21:11:42.261 [FXGL Background Thread 3 ] DEBUG Engine               - isDesktop: true
21:11:42.261 [FXGL Background Thread 3 ] DEBUG Engine               - isDeveloperMenuEnabled: false
21:11:42.261 [FXGL Background Thread 3 ] DEBUG Engine               - isEmbedded: false
21:11:42.261 [FXGL Background Thread 3 ] DEBUG Engine               - isEntityPreloadEnabled: true
21:11:42.262 [FXGL Background Thread 3 ] DEBUG Engine               - isExperimentalTiledLargeMap: false
21:11:42.262 [FXGL Background Thread 3 ] DEBUG Engine               - isFileSystemWriteAllowed: true
21:11:42.262 [FXGL Background Thread 3 ] DEBUG Engine               - isFullScreenAllowed: true
21:11:42.262 [FXGL Background Thread 3 ] DEBUG Engine               - isFullScreenFromStart: true
21:11:42.262 [FXGL Background Thread 3 ] DEBUG Engine               - isGameMenuEnabled: true
21:11:42.263 [FXGL Background Thread 3 ] DEBUG Engine               - isIOS: false
21:11:42.263 [FXGL Background Thread 3 ] DEBUG Engine               - isIntroEnabled: false
21:11:42.263 [FXGL Background Thread 3 ] DEBUG Engine               - isLinux: false
21:11:42.263 [FXGL Background Thread 3 ] DEBUG Engine               - isMac: false
21:11:42.264 [FXGL Background Thread 3 ] DEBUG Engine               - isMainMenuEnabled: true
21:11:42.264 [FXGL Background Thread 3 ] DEBUG Engine               - isManualResizeEnabled: false
21:11:42.264 [FXGL Background Thread 3 ] DEBUG Engine               - isMobile: false
21:11:42.265 [FXGL Background Thread 3 ] DEBUG Engine               - isNative: false
21:11:42.265 [FXGL Background Thread 3 ] DEBUG Engine               - isPauseMusicWhenMinimized: true
21:11:42.265 [FXGL Background Thread 3 ] DEBUG Engine               - isPreserveResizeRatio: true
21:11:42.265 [FXGL Background Thread 3 ] DEBUG Engine               - isProfilingEnabled: false
21:11:42.265 [FXGL Background Thread 3 ] DEBUG Engine               - isScaleAffectedOnResize: true
21:11:42.265 [FXGL Background Thread 3 ] DEBUG Engine               - isSingleStep: false
21:11:42.265 [FXGL Background Thread 3 ] DEBUG Engine               - isUserProfileEnabled: false
21:11:42.266 [FXGL Background Thread 3 ] DEBUG Engine               - isWindows: true
21:11:42.266 [FXGL Background Thread 3 ] DEBUG Engine               - language: ObjectProperty [value: ENGLISH]
21:11:42.266 [FXGL Background Thread 3 ] DEBUG Engine               - menuKey: ESCAPE
21:11:42.266 [FXGL Background Thread 3 ] DEBUG Engine               - mouseSensitivity: 0.2
21:11:42.268 [FXGL Background Thread 3 ] DEBUG Engine               - notificationViewClass: class com.almasb.fxgl.notification.view.XboxNotificationView
21:11:42.268 [FXGL Background Thread 3 ] DEBUG Engine               - pixelsPerMeter: 50.0
21:11:42.268 [FXGL Background Thread 3 ] DEBUG Engine               - platform: WINDOWS
21:11:42.268 [FXGL Background Thread 3 ] DEBUG Engine               - prefHeightProperty: ReadOnlyDoubleProperty [value: 640.0]
21:11:42.268 [FXGL Background Thread 3 ] DEBUG Engine               - prefWidthProperty: ReadOnlyDoubleProperty [value: 1200.0]
21:11:42.268 [FXGL Background Thread 3 ] DEBUG Engine               - profileDir: profiles/
21:11:42.269 [FXGL Background Thread 3 ] DEBUG Engine               - profileName: StringProperty [value: DEFAULT]
21:11:42.269 [FXGL Background Thread 3 ] DEBUG Engine               - randomSeed: -1
21:11:42.269 [FXGL Background Thread 3 ] DEBUG Engine               - runtimeInfo: RuntimeInfo(platform=WINDOWS, version=17.3, build=30.03.2023 11.49)
21:11:42.270 [FXGL Background Thread 3 ] DEBUG Engine               - saveFileExt: sav
21:11:42.270 [FXGL Background Thread 3 ] DEBUG Engine               - scaledHeightProp$fxgl: DoubleProperty [bound, value: 864.0]
21:11:42.270 [FXGL Background Thread 3 ] DEBUG Engine               - scaledWidthProp$fxgl: DoubleProperty [bound, value: 1536.0]
21:11:42.270 [FXGL Background Thread 3 ] DEBUG Engine               - sceneFactory: at.htl.teachertowerdefense.CustomSceneFactory@16c26596
21:11:42.270 [FXGL Background Thread 3 ] DEBUG Engine               - secondsIn24h: 60
21:11:42.270 [FXGL Background Thread 3 ] DEBUG Engine               - soundMenuBack: menu/back.wav
21:11:42.270 [FXGL Background Thread 3 ] DEBUG Engine               - soundMenuPress: menu/press.wav
21:11:42.270 [FXGL Background Thread 3 ] DEBUG Engine               - soundMenuSelect: menu/select.wav
21:11:42.271 [FXGL Background Thread 3 ] DEBUG Engine               - soundNotification: core/notification.wav
21:11:42.271 [FXGL Background Thread 3 ] DEBUG Engine               - stageStyle: DECORATED
21:11:42.271 [FXGL Background Thread 3 ] DEBUG Engine               - supportedLanguages: [ENGLISH, FRENCH, GERMAN, HUNGARIAN, RUSSIAN]
21:11:42.271 [FXGL Background Thread 3 ] DEBUG Engine               - ticksPerSecond: -1
21:11:42.271 [FXGL Background Thread 3 ] DEBUG Engine               - title: Teacher Tower Defense
21:11:42.271 [FXGL Background Thread 3 ] DEBUG Engine               - urlGithub: https://github.com/AlmasB/FXGL
21:11:42.271 [FXGL Background Thread 3 ] DEBUG Engine               - urlLeaderboard: http://fxgl-top.herokuapp.com/
21:11:42.271 [FXGL Background Thread 3 ] DEBUG Engine               - urlPOM: https://raw.githubusercontent.com/AlmasB/FXGL/release/README.md
21:11:42.271 [FXGL Background Thread 3 ] DEBUG Engine               - userAppClass: class at.htl.teachertowerdefense.TeacherTowerDefenseApp
21:11:42.271 [FXGL Background Thread 3 ] DEBUG Engine               - version: 0.1
21:11:42.271 [FXGL Background Thread 3 ] DEBUG Engine               - versionCheckDays: 7
21:11:42.272 [FXGL Background Thread 3 ] DEBUG Engine               - width: 1200
21:11:42.272 [FXGL Background Thread 3 ] DEBUG Engine               - Logging services
21:11:42.272 [FXGL Background Thread 3 ] DEBUG Engine               - class com.almasb.fxgl.app.services.FXGLAssetLoaderService
21:11:42.272 [FXGL Background Thread 3 ] DEBUG Engine               - class com.almasb.fxgl.app.FXGLApplication$GameApplicationService
21:11:42.272 [FXGL Background Thread 3 ] DEBUG Engine               - class com.almasb.fxgl.app.services.FXGLDialogService
21:11:42.272 [FXGL Background Thread 3 ] DEBUG Engine               - class com.almasb.fxgl.app.services.IOTaskExecutorService
21:11:42.272 [FXGL Background Thread 3 ] DEBUG Engine               - class com.almasb.fxgl.io.FileSystemService
21:11:42.272 [FXGL Background Thread 3 ] DEBUG Engine               - class com.almasb.fxgl.localization.LocalizationService
21:11:42.272 [FXGL Background Thread 3 ] DEBUG Engine               - class com.almasb.fxgl.app.services.SystemBundleService
21:11:42.272 [FXGL Background Thread 3 ] DEBUG Engine               - class com.almasb.fxgl.profile.SaveLoadService
21:11:42.272 [FXGL Background Thread 3 ] DEBUG Engine               - class com.almasb.fxgl.ui.FXGLUIFactoryServiceProvider
21:11:42.273 [FXGL Background Thread 3 ] DEBUG Engine               - class com.almasb.fxgl.ui.FXGLDialogFactoryServiceProvider
21:11:42.273 [FXGL Background Thread 3 ] DEBUG Engine               - class com.almasb.fxgl.audio.AudioPlayer
21:11:42.273 [FXGL Background Thread 3 ] DEBUG Engine               - class com.almasb.fxgl.notification.impl.NotificationServiceProvider
21:11:42.273 [FXGL Background Thread 3 ] DEBUG Engine               - class com.almasb.fxgl.achievement.AchievementService
21:11:42.273 [FXGL Background Thread 3 ] DEBUG Engine               - class com.almasb.fxgl.cutscene.CutsceneService
21:11:42.273 [FXGL Background Thread 3 ] DEBUG Engine               - class com.almasb.fxgl.minigames.MiniGameService
21:11:42.274 [FXGL Background Thread 3 ] DEBUG Engine               - class com.almasb.fxgl.net.NetService
21:11:42.274 [FXGL Background Thread 3 ] DEBUG Engine               - class com.almasb.fxgl.app.services.UpdaterService
21:11:42.274 [FXGL Background Thread 3 ] DEBUG Engine               - class com.almasb.fxgl.dev.DevService
21:11:43.500 [JavaFX Application Thread] DEBUG Menu                 - fireNewGame()
21:11:43.500 [JavaFX Application Thread] DEBUG GameApplicationServi - Starting new game
21:11:43.501 [JavaFX Application Thread] DEBUG PrimaryStageWindow   - Pop state: CustomMainMenu
21:11:43.501 [JavaFX Application Thread] DEBUG Input                - Clearing active input actions
21:11:43.502 [JavaFX Application Thread] DEBUG GameApplicationServi - Removing overlay from CustomMainMenu and adding to FXGLMainMenuDummyScene
21:11:43.502 [JavaFX Application Thread] DEBUG PrimaryStageWindow   - FXGLMainMenuDummyScene <- CustomMainMenu
21:11:43.503 [JavaFX Application Thread] DEBUG Input                - Clearing active input actions
21:11:43.515 [JavaFX Application Thread] DEBUG GameApplicationServi - Removing overlay from FXGLMainMenuDummyScene and adding to FXGLLoadingScene
21:11:43.516 [JavaFX Application Thread] DEBUG PrimaryStageWindow   - FXGLMainMenuDummyScene -> FXGLLoadingScene
21:11:43.516 [JavaFX Application Thread] DEBUG GameApplicationServi - Clearing previous game
21:11:43.516 [JavaFX Application Thread] DEBUG GameScene            - Clearing game scene
21:11:43.516 [JavaFX Application Thread] DEBUG GameWorld            - Clearing game world
21:11:43.516 [JavaFX Application Thread] DEBUG PhysicsWorld         - Clearing physics world
21:11:43.527 [FXGL Background Thread 2 ] DEBUG FXGLApplication      - Initializing game
21:11:43.626 [FXGL Background Thread 2 ] WARN  TMXLevelLoader       - TiledMap generated from 1.11.2. Supported version: 1.9.0. Some features may not be parsed fully.
21:11:43.706 [FXGL Background Thread 2 ] DEBUG TMXLevelLoader       - Parsed TiledMap: file:/C:/Users/lucaa/OneDrive%20-%20HTL%20Saalfelden/POS/Workspace/IntelliJ/FXGL/TeacherTowerDefense/target/classes/assets/levels/Map1.tmx
21:11:43.709 [FXGL Background Thread 2 ] DEBUG TMXLevelLoader       - Creating tile layer entities
21:11:43.715 [FXGL Background Thread 2 ] DEBUG TilesetLoader        - Loading view for layer Kachelebene 0
21:11:43.723 [FXGL Background Thread 2 ] DEBUG TilesetLoader        - Created buffer with size 960.0x640.0
21:11:43.830 [FXGL Background Thread 2 ] DEBUG TilesetLoader        - Loading view for layer Kachelebene 1
21:11:43.832 [FXGL Background Thread 2 ] DEBUG TilesetLoader        - Created buffer with size 960.0x640.0
21:11:43.870 [FXGL Background Thread 2 ] DEBUG TilesetLoader        - Loading view for layer Kachelebene 2
21:11:43.871 [FXGL Background Thread 2 ] DEBUG TilesetLoader        - Created buffer with size 960.0x640.0
21:11:43.916 [FXGL Background Thread 2 ] DEBUG TilesetLoader        - Loading view for layer Kachelebene 4
21:11:43.917 [FXGL Background Thread 2 ] DEBUG TilesetLoader        - Created buffer with size 960.0x640.0
21:11:43.919 [FXGL Background Thread 2 ] DEBUG TMXLevelLoader       - Creating object layer entities
21:11:44.045 [FXGL Background Thread 2 ] DEBUG GameWorld            - Clearing removable entities
21:11:44.047 [FXGL Background Thread 2 ] DEBUG GameWorld            - Setting level: com.almasb.fxgl.entity.level.Level@7856a610
21:11:44.091 [FXGL Background Thread 2 ] DEBUG FXGLAssetLoaderServi - Loading from file system: file:/C:/Users/lucaa/OneDrive%20-%20HTL%20Saalfelden/POS/Workspace/IntelliJ/FXGL/TeacherTowerDefense/target/classes/assets/textures/Groebl.png
21:11:44.098 [FXGL Background Thread 2 ] DEBUG FXGLAssetLoaderServi - Loading from file system: file:/C:/Users/lucaa/OneDrive%20-%20HTL%20Saalfelden/POS/Workspace/IntelliJ/FXGL/TeacherTowerDefense/target/classes/assets/textures/Feichtner.png
21:11:44.103 [FXGL Background Thread 2 ] DEBUG FXGLAssetLoaderServi - Loading from file system: file:/C:/Users/lucaa/OneDrive%20-%20HTL%20Saalfelden/POS/Workspace/IntelliJ/FXGL/TeacherTowerDefense/target/classes/assets/textures/Winkler.png
21:11:44.114 [FXGL Background Thread 2 ] DEBUG FXGLAssetLoaderServi - Loading from file system: file:/C:/Users/lucaa/OneDrive%20-%20HTL%20Saalfelden/POS/Workspace/IntelliJ/FXGL/TeacherTowerDefense/target/classes/assets/textures/Aigner.png
21:11:44.162 [FXGL Background Thread 2 ] WARN  FXGLAssetLoaderServi - Asset "/assets/textures/Gassner.png" was not found!
21:11:44.162 [FXGL Background Thread 2 ] WARN  FXGLAssetLoaderServi - Failed to load IMAGE
21:11:44.245 [FXGL Background Thread 2 ] INFO  FXGLApplication      - Game initialization took: 0,718 sec
21:11:44.248 [JavaFX Application Thread] DEBUG Input                - Clearing active input actions
21:11:44.274 [JavaFX Application Thread] DEBUG GameApplicationServi - Removing overlay from FXGLLoadingScene and adding to GameScene
21:11:44.276 [JavaFX Application Thread] DEBUG PrimaryStageWindow   - FXGLLoadingScene -> GameScene
21:11:50.313 [JavaFX Application Thread] WARN  FXGLAssetLoaderServi - Asset "/assets/textures/Gassner.png" was not found!
21:11:50.313 [JavaFX Application Thread] WARN  FXGLAssetLoaderServi - Failed to load IMAGE
21:11:59.923 [JavaFX Application Thread] DEBUG FXGLAssetLoaderServi - Loading from file system: file:/C:/Users/lucaa/OneDrive%20-%20HTL%20Saalfelden/POS/Workspace/IntelliJ/FXGL/TeacherTowerDefense/target/classes/assets/textures/Jonathan.png
21:12:03.077 [JavaFX Application Thread] DEBUG FXGLAssetLoaderServi - Loading from file system: file:/C:/Users/lucaa/OneDrive%20-%20HTL%20Saalfelden/POS/Workspace/IntelliJ/FXGL/TeacherTowerDefense/target/classes/assets/textures/projektil_floppy.png
21:12:51.132 [JavaFX Application Thread] DEBUG PrimaryStageWindow   - Push state: CustomGameMenu
21:12:51.132 [JavaFX Application Thread] DEBUG Input                - Clearing active input actions
21:12:51.136 [JavaFX Application Thread] DEBUG GameApplicationServi - Removing overlay from GameScene and adding to CustomGameMenu
21:12:51.137 [JavaFX Application Thread] DEBUG PrimaryStageWindow   - GameScene -> CustomGameMenu
21:12:53.145 [JavaFX Application Thread] DEBUG Menu                 - fireResume()
21:12:53.146 [JavaFX Application Thread] DEBUG PrimaryStageWindow   - Pop state: CustomGameMenu
21:12:53.146 [JavaFX Application Thread] DEBUG Input                - Clearing active input actions
21:12:53.147 [JavaFX Application Thread] DEBUG GameApplicationServi - Removing overlay from CustomGameMenu and adding to GameScene
21:12:53.147 [JavaFX Application Thread] DEBUG PrimaryStageWindow   - GameScene <- CustomGameMenu
21:12:54.719 [JavaFX Application Thread] DEBUG FXGLAssetLoaderServi - Loading from file system: file:/C:/Users/lucaa/OneDrive%20-%20HTL%20Saalfelden/POS/Workspace/IntelliJ/FXGL/TeacherTowerDefense/target/classes/assets/textures/Gutmann.png
21:13:09.642 [JavaFX Application Thread] DEBUG FXGLAssetLoaderServi - Loading from file system: file:/C:/Users/lucaa/OneDrive%20-%20HTL%20Saalfelden/POS/Workspace/IntelliJ/FXGL/TeacherTowerDefense/target/classes/assets/textures/Wojciech.png
21:13:24.176 [JavaFX Application Thread] DEBUG FXGLAssetLoaderServi - Loading from file system: file:/C:/Users/lucaa/OneDrive%20-%20HTL%20Saalfelden/POS/Workspace/IntelliJ/FXGL/TeacherTowerDefense/target/classes/assets/textures/Maxi.png
21:13:38.566 [JavaFX Application Thread] DEBUG FXGLAssetLoaderServi - Loading from file system: file:/C:/Users/lucaa/OneDrive%20-%20HTL%20Saalfelden/POS/Workspace/IntelliJ/FXGL/TeacherTowerDefense/target/classes/assets/textures/Toni.png
21:14:00.680 [JavaFX Application Thread] DEBUG FXGLAssetLoaderServi - Loading from file system: file:/C:/Users/lucaa/OneDrive%20-%20HTL%20Saalfelden/POS/Workspace/IntelliJ/FXGL/TeacherTowerDefense/target/classes/assets/textures/Marko.png
21:14:20.932 [JavaFX Application Thread] DEBUG FXGLAssetLoaderServi - Loading from file system: file:/C:/Users/lucaa/OneDrive%20-%20HTL%20Saalfelden/POS/Workspace/IntelliJ/FXGL/TeacherTowerDefense/target/classes/assets/textures/clemens.png
21:15:12.241 [JavaFX Application Thread] DEBUG FXGLAssetLoaderServi - Loading from file system: file:/C:/Users/lucaa/OneDrive%20-%20HTL%20Saalfelden/POS/Workspace/IntelliJ/FXGL/TeacherTowerDefense/target/classes/assets/textures/johannes.png
21:15:28.885 [JavaFX Application Thread] WARN  FXGLAssetLoaderServi - Asset "/assets/textures/Gassner.png" was not found!
21:15:28.886 [JavaFX Application Thread] WARN  FXGLAssetLoaderServi - Failed to load IMAGE
21:15:30.355 [JavaFX Application Thread] WARN  FXGLAssetLoaderServi - Asset "/assets/textures/Gassner.png" was not found!
21:15:30.355 [JavaFX Application Thread] WARN  FXGLAssetLoaderServi - Failed to load IMAGE
21:15:38.072 [JavaFX Application Thread] WARN  FXGLAssetLoaderServi - Asset "/assets/textures/Gassner.png" was not found!
21:15:38.072 [JavaFX Application Thread] WARN  FXGLAssetLoaderServi - Failed to load IMAGE
21:15:50.512 [JavaFX Application Thread] DEBUG PrimaryStageWindow   - Push state: DialogSubScene
21:15:50.512 [JavaFX Application Thread] DEBUG Input                - Clearing active input actions
21:15:50.516 [JavaFX Application Thread] DEBUG GameApplicationServi - Removing overlay from GameScene and adding to DialogSubScene
21:15:50.518 [JavaFX Application Thread] DEBUG PrimaryStageWindow   - GameScene -> DialogSubScene
21:15:54.492 [JavaFX Application Thread] DEBUG PrimaryStageWindow   - Pop state: DialogSubScene
21:15:54.492 [JavaFX Application Thread] DEBUG Input                - Clearing active input actions
21:15:54.492 [JavaFX Application Thread] DEBUG GameApplicationServi - Removing overlay from DialogSubScene and adding to GameScene
21:15:54.493 [JavaFX Application Thread] DEBUG PrimaryStageWindow   - GameScene <- DialogSubScene
21:15:54.493 [JavaFX Application Thread] DEBUG Input                - Clearing active input actions
21:15:54.497 [JavaFX Application Thread] DEBUG GameApplicationServi - Removing overlay from GameScene and adding to FXGLMainMenuDummyScene
21:15:54.498 [JavaFX Application Thread] DEBUG PrimaryStageWindow   - GameScene -> FXGLMainMenuDummyScene
21:15:54.498 [JavaFX Application Thread] DEBUG PrimaryStageWindow   - Push state: CustomMainMenu
21:15:54.500 [JavaFX Application Thread] DEBUG Input                - Clearing active input actions
21:15:54.502 [JavaFX Application Thread] DEBUG GameApplicationServi - Removing overlay from FXGLMainMenuDummyScene and adding to CustomMainMenu
21:15:54.502 [JavaFX Application Thread] DEBUG PrimaryStageWindow   - FXGLMainMenuDummyScene -> CustomMainMenu
21:15:56.985 [JavaFX Application Thread] DEBUG Menu                 - fireNewGame()
21:15:56.985 [JavaFX Application Thread] DEBUG GameApplicationServi - Starting new game
21:15:56.985 [JavaFX Application Thread] DEBUG PrimaryStageWindow   - Pop state: CustomMainMenu
21:15:56.985 [JavaFX Application Thread] DEBUG Input                - Clearing active input actions
21:15:56.986 [JavaFX Application Thread] DEBUG GameApplicationServi - Removing overlay from CustomMainMenu and adding to FXGLMainMenuDummyScene
21:15:56.986 [JavaFX Application Thread] DEBUG PrimaryStageWindow   - FXGLMainMenuDummyScene <- CustomMainMenu
21:15:56.986 [JavaFX Application Thread] DEBUG Input                - Clearing active input actions
21:15:56.991 [JavaFX Application Thread] DEBUG GameApplicationServi - Removing overlay from FXGLMainMenuDummyScene and adding to FXGLLoadingScene
21:15:56.991 [JavaFX Application Thread] DEBUG PrimaryStageWindow   - FXGLMainMenuDummyScene -> FXGLLoadingScene
21:15:56.991 [JavaFX Application Thread] DEBUG GameApplicationServi - Clearing previous game
21:15:56.991 [JavaFX Application Thread] DEBUG GameScene            - Clearing game scene
21:15:56.991 [JavaFX Application Thread] DEBUG GameWorld            - Clearing game world
21:15:56.992 [JavaFX Application Thread] DEBUG PhysicsWorld         - Clearing physics world
21:15:56.994 [FXGL Background Thread 5 ] DEBUG FXGLApplication      - Initializing game
21:15:57.002 [FXGL Background Thread 5 ] WARN  TMXLevelLoader       - TiledMap generated from 1.11.2. Supported version: 1.9.0. Some features may not be parsed fully.
21:15:57.024 [FXGL Background Thread 5 ] DEBUG TMXLevelLoader       - Parsed TiledMap: file:/C:/Users/lucaa/OneDrive%20-%20HTL%20Saalfelden/POS/Workspace/IntelliJ/FXGL/TeacherTowerDefense/target/classes/assets/levels/City.tmx
21:15:57.024 [FXGL Background Thread 5 ] DEBUG TMXLevelLoader       - Creating tile layer entities
21:15:57.025 [FXGL Background Thread 5 ] DEBUG TilesetLoader        - Loading view for layer Kachelebene 1
21:15:57.029 [FXGL Background Thread 5 ] DEBUG TilesetLoader        - Created buffer with size 960.0x640.0
21:15:57.065 [FXGL Background Thread 5 ] DEBUG TilesetLoader        - Loading view for layer Kachelebene 2
21:15:57.066 [FXGL Background Thread 5 ] DEBUG TilesetLoader        - Created buffer with size 960.0x640.0
21:15:57.068 [FXGL Background Thread 5 ] DEBUG TilesetLoader        - Loading view for layer Kachelebene 3
21:15:57.070 [FXGL Background Thread 5 ] DEBUG TilesetLoader        - Created buffer with size 960.0x640.0
21:15:57.072 [FXGL Background Thread 5 ] DEBUG TilesetLoader        - Loading view for layer Kachelebene 4
21:15:57.073 [FXGL Background Thread 5 ] DEBUG TilesetLoader        - Created buffer with size 960.0x640.0
21:15:57.073 [FXGL Background Thread 5 ] DEBUG TMXLevelLoader       - Creating object layer entities
21:15:57.078 [FXGL Background Thread 5 ] DEBUG GameWorld            - Clearing removable entities
21:15:57.078 [FXGL Background Thread 5 ] DEBUG GameWorld            - Setting level: com.almasb.fxgl.entity.level.Level@40bc6196
21:15:57.079 [FXGL Background Thread 5 ] WARN  FXGLAssetLoaderServi - Asset "/assets/textures/Gassner.png" was not found!
21:15:57.079 [FXGL Background Thread 5 ] WARN  FXGLAssetLoaderServi - Failed to load IMAGE
21:15:57.080 [FXGL Background Thread 5 ] INFO  FXGLApplication      - Game initialization took: 0,087 sec
21:15:57.081 [JavaFX Application Thread] DEBUG Input                - Clearing active input actions
21:15:57.087 [JavaFX Application Thread] DEBUG GameApplicationServi - Removing overlay from FXGLLoadingScene and adding to GameScene
21:15:57.087 [JavaFX Application Thread] DEBUG PrimaryStageWindow   - FXGLLoadingScene -> GameScene
21:16:01.928 [JavaFX Application Thread] DEBUG FXGLAssetLoaderServi - Loading from file system: file:/C:/Users/lucaa/OneDrive%20-%20HTL%20Saalfelden/POS/Workspace/IntelliJ/FXGL/TeacherTowerDefense/target/classes/assets/textures/projektil_fisch.png
21:16:13.680 [JavaFX Application Thread] DEBUG PrimaryStageWindow   - Push state: CustomGameMenu
21:16:13.681 [JavaFX Application Thread] DEBUG Input                - Clearing active input actions
21:16:13.682 [JavaFX Application Thread] DEBUG GameApplicationServi - Removing overlay from GameScene and adding to CustomGameMenu
21:16:13.683 [JavaFX Application Thread] DEBUG PrimaryStageWindow   - GameScene -> CustomGameMenu
21:16:14.576 [JavaFX Application Thread] DEBUG Menu                 - fireExitToMainMenu()
21:16:14.579 [JavaFX Application Thread] DEBUG PrimaryStageWindow   - Push state: DialogSubScene
21:16:14.579 [JavaFX Application Thread] DEBUG Input                - Clearing active input actions
21:16:14.580 [JavaFX Application Thread] DEBUG GameApplicationServi - Removing overlay from CustomGameMenu and adding to DialogSubScene
21:16:14.580 [JavaFX Application Thread] DEBUG PrimaryStageWindow   - CustomGameMenu -> DialogSubScene
21:16:15.129 [JavaFX Application Thread] DEBUG PrimaryStageWindow   - Pop state: DialogSubScene
21:16:15.129 [JavaFX Application Thread] DEBUG Input                - Clearing active input actions
21:16:15.130 [JavaFX Application Thread] DEBUG GameApplicationServi - Removing overlay from DialogSubScene and adding to CustomGameMenu
21:16:15.130 [JavaFX Application Thread] DEBUG PrimaryStageWindow   - CustomGameMenu <- DialogSubScene
21:16:15.130 [JavaFX Application Thread] DEBUG PrimaryStageWindow   - Pop state: CustomGameMenu
21:16:15.130 [JavaFX Application Thread] DEBUG Input                - Clearing active input actions
21:16:15.130 [JavaFX Application Thread] DEBUG GameApplicationServi - Removing overlay from CustomGameMenu and adding to GameScene
21:16:15.130 [JavaFX Application Thread] DEBUG PrimaryStageWindow   - GameScene <- CustomGameMenu
21:16:15.130 [JavaFX Application Thread] DEBUG Input                - Clearing active input actions
21:16:15.133 [JavaFX Application Thread] DEBUG GameApplicationServi - Removing overlay from GameScene and adding to FXGLMainMenuDummyScene
21:16:15.133 [JavaFX Application Thread] DEBUG PrimaryStageWindow   - GameScene -> FXGLMainMenuDummyScene
21:16:15.133 [JavaFX Application Thread] DEBUG PrimaryStageWindow   - Push state: CustomMainMenu
21:16:15.136 [JavaFX Application Thread] DEBUG Input                - Clearing active input actions
21:16:15.137 [JavaFX Application Thread] DEBUG GameApplicationServi - Removing overlay from FXGLMainMenuDummyScene and adding to CustomMainMenu
21:16:15.137 [JavaFX Application Thread] DEBUG PrimaryStageWindow   - FXGLMainMenuDummyScene -> CustomMainMenu
21:16:16.379 [JavaFX Application Thread] DEBUG Menu                 - fireNewGame()
21:16:16.379 [JavaFX Application Thread] DEBUG GameApplicationServi - Starting new game
21:16:16.379 [JavaFX Application Thread] DEBUG PrimaryStageWindow   - Pop state: CustomMainMenu
21:16:16.379 [JavaFX Application Thread] DEBUG Input                - Clearing active input actions
21:16:16.379 [JavaFX Application Thread] DEBUG GameApplicationServi - Removing overlay from CustomMainMenu and adding to FXGLMainMenuDummyScene
21:16:16.379 [JavaFX Application Thread] DEBUG PrimaryStageWindow   - FXGLMainMenuDummyScene <- CustomMainMenu
21:16:16.379 [JavaFX Application Thread] DEBUG Input                - Clearing active input actions
21:16:16.383 [JavaFX Application Thread] DEBUG GameApplicationServi - Removing overlay from FXGLMainMenuDummyScene and adding to FXGLLoadingScene
21:16:16.383 [JavaFX Application Thread] DEBUG PrimaryStageWindow   - FXGLMainMenuDummyScene -> FXGLLoadingScene
21:16:16.383 [JavaFX Application Thread] DEBUG GameApplicationServi - Clearing previous game
21:16:16.383 [JavaFX Application Thread] DEBUG GameScene            - Clearing game scene
21:16:16.383 [JavaFX Application Thread] DEBUG GameWorld            - Clearing game world
21:16:16.384 [JavaFX Application Thread] DEBUG PhysicsWorld         - Clearing physics world
21:16:16.384 [FXGL Background Thread 5 ] DEBUG FXGLApplication      - Initializing game
21:16:16.398 [FXGL Background Thread 5 ] WARN  TMXLevelLoader       - TiledMap generated from 1.11.2. Supported version: 1.9.0. Some features may not be parsed fully.
21:16:16.433 [FXGL Background Thread 5 ] DEBUG TMXLevelLoader       - Parsed TiledMap: file:/C:/Users/lucaa/OneDrive%20-%20HTL%20Saalfelden/POS/Workspace/IntelliJ/FXGL/TeacherTowerDefense/target/classes/assets/levels/City.tmx
21:16:16.434 [FXGL Background Thread 5 ] DEBUG TMXLevelLoader       - Creating tile layer entities
21:16:16.434 [FXGL Background Thread 5 ] DEBUG TilesetLoader        - Loading view for layer Kachelebene 1
21:16:16.435 [FXGL Background Thread 5 ] DEBUG TilesetLoader        - Created buffer with size 960.0x640.0
21:16:16.440 [FXGL Background Thread 5 ] DEBUG TilesetLoader        - Loading view for layer Kachelebene 2
21:16:16.442 [FXGL Background Thread 5 ] DEBUG TilesetLoader        - Created buffer with size 960.0x640.0
21:16:16.447 [FXGL Background Thread 5 ] DEBUG TilesetLoader        - Loading view for layer Kachelebene 3
21:16:16.448 [FXGL Background Thread 5 ] DEBUG TilesetLoader        - Created buffer with size 960.0x640.0
21:16:16.452 [FXGL Background Thread 5 ] DEBUG TilesetLoader        - Loading view for layer Kachelebene 4
21:16:16.453 [FXGL Background Thread 5 ] DEBUG TilesetLoader        - Created buffer with size 960.0x640.0
21:16:16.454 [FXGL Background Thread 5 ] DEBUG TMXLevelLoader       - Creating object layer entities
21:16:16.461 [FXGL Background Thread 5 ] DEBUG GameWorld            - Clearing removable entities
21:16:16.461 [FXGL Background Thread 5 ] DEBUG GameWorld            - Setting level: com.almasb.fxgl.entity.level.Level@50f7b017
21:16:16.462 [FXGL Background Thread 5 ] WARN  FXGLAssetLoaderServi - Asset "/assets/textures/Gassner.png" was not found!
21:16:16.463 [FXGL Background Thread 5 ] WARN  FXGLAssetLoaderServi - Failed to load IMAGE
21:16:16.463 [FXGL Background Thread 5 ] INFO  FXGLApplication      - Game initialization took: 0,079 sec
21:16:16.464 [JavaFX Application Thread] DEBUG Input                - Clearing active input actions
21:16:16.468 [JavaFX Application Thread] DEBUG GameApplicationServi - Removing overlay from FXGLLoadingScene and adding to GameScene
21:16:16.468 [JavaFX Application Thread] DEBUG PrimaryStageWindow   - FXGLLoadingScene -> GameScene
21:17:01.112 [JavaFX Application Thread] DEBUG PrimaryStageWindow   - Push state: CustomGameMenu
21:17:01.112 [JavaFX Application Thread] DEBUG Input                - Clearing active input actions
21:17:01.114 [JavaFX Application Thread] DEBUG GameApplicationServi - Removing overlay from GameScene and adding to CustomGameMenu
21:17:01.114 [JavaFX Application Thread] DEBUG PrimaryStageWindow   - GameScene -> CustomGameMenu
21:17:01.835 [JavaFX Application Thread] DEBUG Menu                 - fireExitToMainMenu()
21:17:01.835 [JavaFX Application Thread] DEBUG PrimaryStageWindow   - Push state: DialogSubScene
21:17:01.835 [JavaFX Application Thread] DEBUG Input                - Clearing active input actions
21:17:01.836 [JavaFX Application Thread] DEBUG GameApplicationServi - Removing overlay from CustomGameMenu and adding to DialogSubScene
21:17:01.836 [JavaFX Application Thread] DEBUG PrimaryStageWindow   - CustomGameMenu -> DialogSubScene
21:17:02.339 [JavaFX Application Thread] DEBUG PrimaryStageWindow   - Pop state: DialogSubScene
21:17:02.339 [JavaFX Application Thread] DEBUG Input                - Clearing active input actions
21:17:02.339 [JavaFX Application Thread] DEBUG GameApplicationServi - Removing overlay from DialogSubScene and adding to CustomGameMenu
21:17:02.339 [JavaFX Application Thread] DEBUG PrimaryStageWindow   - CustomGameMenu <- DialogSubScene
21:17:02.339 [JavaFX Application Thread] DEBUG PrimaryStageWindow   - Pop state: CustomGameMenu
21:17:02.339 [JavaFX Application Thread] DEBUG Input                - Clearing active input actions
21:17:02.339 [JavaFX Application Thread] DEBUG GameApplicationServi - Removing overlay from CustomGameMenu and adding to GameScene
21:17:02.339 [JavaFX Application Thread] DEBUG PrimaryStageWindow   - GameScene <- CustomGameMenu
21:17:02.339 [JavaFX Application Thread] DEBUG Input                - Clearing active input actions
21:17:02.343 [JavaFX Application Thread] DEBUG GameApplicationServi - Removing overlay from GameScene and adding to FXGLMainMenuDummyScene
21:17:02.343 [JavaFX Application Thread] DEBUG PrimaryStageWindow   - GameScene -> FXGLMainMenuDummyScene
21:17:02.343 [JavaFX Application Thread] DEBUG PrimaryStageWindow   - Push state: CustomMainMenu
21:17:02.346 [JavaFX Application Thread] DEBUG Input                - Clearing active input actions
21:17:02.347 [JavaFX Application Thread] DEBUG GameApplicationServi - Removing overlay from FXGLMainMenuDummyScene and adding to CustomMainMenu
21:17:02.347 [JavaFX Application Thread] DEBUG PrimaryStageWindow   - FXGLMainMenuDummyScene -> CustomMainMenu
21:17:03.341 [JavaFX Application Thread] DEBUG Menu                 - fireNewGame()
21:17:03.341 [JavaFX Application Thread] DEBUG GameApplicationServi - Starting new game
21:17:03.341 [JavaFX Application Thread] DEBUG PrimaryStageWindow   - Pop state: CustomMainMenu
21:17:03.341 [JavaFX Application Thread] DEBUG Input                - Clearing active input actions
21:17:03.341 [JavaFX Application Thread] DEBUG GameApplicationServi - Removing overlay from CustomMainMenu and adding to FXGLMainMenuDummyScene
21:17:03.341 [JavaFX Application Thread] DEBUG PrimaryStageWindow   - FXGLMainMenuDummyScene <- CustomMainMenu
21:17:03.341 [JavaFX Application Thread] DEBUG Input                - Clearing active input actions
21:17:03.344 [JavaFX Application Thread] DEBUG GameApplicationServi - Removing overlay from FXGLMainMenuDummyScene and adding to FXGLLoadingScene
21:17:03.344 [JavaFX Application Thread] DEBUG PrimaryStageWindow   - FXGLMainMenuDummyScene -> FXGLLoadingScene
21:17:03.344 [JavaFX Application Thread] DEBUG GameApplicationServi - Clearing previous game
21:17:03.344 [JavaFX Application Thread] DEBUG GameScene            - Clearing game scene
21:17:03.344 [JavaFX Application Thread] DEBUG GameWorld            - Clearing game world
21:17:03.345 [JavaFX Application Thread] DEBUG PhysicsWorld         - Clearing physics world
21:17:03.346 [FXGL Background Thread 5 ] DEBUG FXGLApplication      - Initializing game
21:17:03.352 [FXGL Background Thread 5 ] WARN  TMXLevelLoader       - TiledMap generated from 1.11.2. Supported version: 1.9.0. Some features may not be parsed fully.
21:17:03.361 [FXGL Background Thread 5 ] DEBUG TMXLevelLoader       - Parsed TiledMap: file:/C:/Users/lucaa/OneDrive%20-%20HTL%20Saalfelden/POS/Workspace/IntelliJ/FXGL/TeacherTowerDefense/target/classes/assets/levels/City.tmx
21:17:03.361 [FXGL Background Thread 5 ] DEBUG TMXLevelLoader       - Creating tile layer entities
21:17:03.361 [FXGL Background Thread 5 ] DEBUG TilesetLoader        - Loading view for layer Kachelebene 1
21:17:03.364 [FXGL Background Thread 5 ] DEBUG TilesetLoader        - Created buffer with size 960.0x640.0
21:17:03.374 [FXGL Background Thread 5 ] DEBUG TilesetLoader        - Loading view for layer Kachelebene 2
21:17:03.375 [FXGL Background Thread 5 ] DEBUG TilesetLoader        - Created buffer with size 960.0x640.0
21:17:03.383 [FXGL Background Thread 5 ] DEBUG TilesetLoader        - Loading view for layer Kachelebene 3
21:17:03.384 [FXGL Background Thread 5 ] DEBUG TilesetLoader        - Created buffer with size 960.0x640.0
21:17:03.387 [FXGL Background Thread 5 ] DEBUG TilesetLoader        - Loading view for layer Kachelebene 4
21:17:03.387 [FXGL Background Thread 5 ] DEBUG TilesetLoader        - Created buffer with size 960.0x640.0
21:17:03.388 [FXGL Background Thread 5 ] DEBUG TMXLevelLoader       - Creating object layer entities
21:17:03.394 [FXGL Background Thread 5 ] DEBUG GameWorld            - Clearing removable entities
21:17:03.394 [FXGL Background Thread 5 ] DEBUG GameWorld            - Setting level: com.almasb.fxgl.entity.level.Level@57d3e417
21:17:03.395 [FXGL Background Thread 5 ] WARN  FXGLAssetLoaderServi - Asset "/assets/textures/Gassner.png" was not found!
21:17:03.395 [FXGL Background Thread 5 ] WARN  FXGLAssetLoaderServi - Failed to load IMAGE
21:17:03.396 [FXGL Background Thread 5 ] INFO  FXGLApplication      - Game initialization took: 0,050 sec
21:17:03.401 [JavaFX Application Thread] DEBUG Input                - Clearing active input actions
21:17:03.404 [JavaFX Application Thread] DEBUG GameApplicationServi - Removing overlay from FXGLLoadingScene and adding to GameScene
21:17:03.404 [JavaFX Application Thread] DEBUG PrimaryStageWindow   - FXGLLoadingScene -> GameScene
21:17:14.293 [JavaFX Application Thread] DEBUG PrimaryStageWindow   - Push state: CustomGameMenu
21:17:14.293 [JavaFX Application Thread] DEBUG Input                - Clearing active input actions
21:17:14.294 [JavaFX Application Thread] DEBUG GameApplicationServi - Removing overlay from GameScene and adding to CustomGameMenu
21:17:14.294 [JavaFX Application Thread] DEBUG PrimaryStageWindow   - GameScene -> CustomGameMenu
21:17:14.870 [JavaFX Application Thread] DEBUG PrimaryStageWindow   - Pop state: CustomGameMenu
21:17:14.870 [JavaFX Application Thread] DEBUG Input                - Clearing active input actions
21:17:14.871 [JavaFX Application Thread] DEBUG GameApplicationServi - Removing overlay from CustomGameMenu and adding to GameScene
21:17:14.871 [JavaFX Application Thread] DEBUG PrimaryStageWindow   - GameScene <- CustomGameMenu
21:18:56.448 [JavaFX Application Thread] DEBUG PrimaryStageWindow   - Push state: DialogSubScene
21:18:56.448 [JavaFX Application Thread] DEBUG Input                - Clearing active input actions
21:18:56.449 [JavaFX Application Thread] DEBUG GameApplicationServi - Removing overlay from GameScene and adding to DialogSubScene
21:18:56.449 [JavaFX Application Thread] DEBUG PrimaryStageWindow   - GameScene -> DialogSubScene
21:18:57.424 [JavaFX Application Thread] DEBUG PrimaryStageWindow   - Pop state: DialogSubScene
21:18:57.424 [JavaFX Application Thread] DEBUG Input                - Clearing active input actions
21:18:57.424 [JavaFX Application Thread] DEBUG GameApplicationServi - Removing overlay from DialogSubScene and adding to GameScene
21:18:57.424 [JavaFX Application Thread] DEBUG PrimaryStageWindow   - GameScene <- DialogSubScene
21:18:57.424 [JavaFX Application Thread] DEBUG Input                - Clearing active input actions
21:18:57.427 [JavaFX Application Thread] DEBUG GameApplicationServi - Removing overlay from GameScene and adding to FXGLMainMenuDummyScene
21:18:57.427 [JavaFX Application Thread] DEBUG PrimaryStageWindow   - GameScene -> FXGLMainMenuDummyScene
21:18:57.427 [JavaFX Application Thread] DEBUG PrimaryStageWindow   - Push state: CustomMainMenu
21:18:57.430 [JavaFX Application Thread] DEBUG Input                - Clearing active input actions
21:18:57.431 [JavaFX Application Thread] DEBUG GameApplicationServi - Removing overlay from FXGLMainMenuDummyScene and adding to CustomMainMenu
21:18:57.431 [JavaFX Application Thread] DEBUG PrimaryStageWindow   - FXGLMainMenuDummyScene -> CustomMainMenu
21:19:00.293 [JavaFX Application Thread] DEBUG Menu                 - fireNewGame()
21:19:00.293 [JavaFX Application Thread] DEBUG GameApplicationServi - Starting new game
21:19:00.293 [JavaFX Application Thread] DEBUG PrimaryStageWindow   - Pop state: CustomMainMenu
21:19:00.293 [JavaFX Application Thread] DEBUG Input                - Clearing active input actions
21:19:00.294 [JavaFX Application Thread] DEBUG GameApplicationServi - Removing overlay from CustomMainMenu and adding to FXGLMainMenuDummyScene
21:19:00.294 [JavaFX Application Thread] DEBUG PrimaryStageWindow   - FXGLMainMenuDummyScene <- CustomMainMenu
21:19:00.294 [JavaFX Application Thread] DEBUG Input                - Clearing active input actions
21:19:00.296 [JavaFX Application Thread] DEBUG GameApplicationServi - Removing overlay from FXGLMainMenuDummyScene and adding to FXGLLoadingScene
21:19:00.296 [JavaFX Application Thread] DEBUG PrimaryStageWindow   - FXGLMainMenuDummyScene -> FXGLLoadingScene
21:19:00.296 [JavaFX Application Thread] DEBUG GameApplicationServi - Clearing previous game
21:19:00.296 [JavaFX Application Thread] DEBUG GameScene            - Clearing game scene
21:19:00.296 [JavaFX Application Thread] DEBUG GameWorld            - Clearing game world
21:19:00.297 [JavaFX Application Thread] DEBUG PhysicsWorld         - Clearing physics world
21:19:00.298 [FXGL Background Thread 6 ] DEBUG FXGLApplication      - Initializing game
21:19:00.304 [FXGL Background Thread 6 ] WARN  TMXLevelLoader       - TiledMap generated from 1.11.2. Supported version: 1.9.0. Some features may not be parsed fully.
21:19:00.312 [FXGL Background Thread 6 ] DEBUG TMXLevelLoader       - Parsed TiledMap: file:/C:/Users/lucaa/OneDrive%20-%20HTL%20Saalfelden/POS/Workspace/IntelliJ/FXGL/TeacherTowerDefense/target/classes/assets/levels/City.tmx
21:19:00.312 [FXGL Background Thread 6 ] DEBUG TMXLevelLoader       - Creating tile layer entities
21:19:00.312 [FXGL Background Thread 6 ] DEBUG TilesetLoader        - Loading view for layer Kachelebene 1
21:19:00.316 [FXGL Background Thread 6 ] DEBUG TilesetLoader        - Created buffer with size 960.0x640.0
21:19:00.323 [FXGL Background Thread 6 ] DEBUG TilesetLoader        - Loading view for layer Kachelebene 2
21:19:00.324 [FXGL Background Thread 6 ] DEBUG TilesetLoader        - Created buffer with size 960.0x640.0
21:19:00.326 [FXGL Background Thread 6 ] DEBUG TilesetLoader        - Loading view for layer Kachelebene 3
21:19:00.326 [FXGL Background Thread 6 ] DEBUG TilesetLoader        - Created buffer with size 960.0x640.0
21:19:00.328 [FXGL Background Thread 6 ] DEBUG TilesetLoader        - Loading view for layer Kachelebene 4
21:19:00.328 [FXGL Background Thread 6 ] DEBUG TilesetLoader        - Created buffer with size 960.0x640.0
21:19:00.329 [FXGL Background Thread 6 ] DEBUG TMXLevelLoader       - Creating object layer entities
21:19:00.346 [FXGL Background Thread 6 ] DEBUG GameWorld            - Clearing removable entities
21:19:00.347 [FXGL Background Thread 6 ] DEBUG GameWorld            - Setting level: com.almasb.fxgl.entity.level.Level@5a9ba45d
21:19:00.351 [FXGL Background Thread 6 ] WARN  FXGLAssetLoaderServi - Asset "/assets/textures/Gassner.png" was not found!
21:19:00.351 [FXGL Background Thread 6 ] WARN  FXGLAssetLoaderServi - Failed to load IMAGE
21:19:00.352 [FXGL Background Thread 6 ] INFO  FXGLApplication      - Game initialization took: 0,054 sec
21:19:00.355 [JavaFX Application Thread] DEBUG Input                - Clearing active input actions
21:19:00.358 [JavaFX Application Thread] DEBUG GameApplicationServi - Removing overlay from FXGLLoadingScene and adding to GameScene
21:19:00.358 [JavaFX Application Thread] DEBUG PrimaryStageWindow   - FXGLLoadingScene -> GameScene
21:19:11.209 [JavaFX Application Thread] DEBUG FXGLAssetLoaderServi - Loading from file system: file:/C:/Users/lucaa/OneDrive%20-%20HTL%20Saalfelden/POS/Workspace/IntelliJ/FXGL/TeacherTowerDefense/target/classes/assets/textures/projektil_potion.png
21:20:16.953 [JavaFX Application Thread] DEBUG PrimaryStageWindow   - Push state: CustomGameMenu
21:20:16.953 [JavaFX Application Thread] DEBUG Input                - Clearing active input actions
21:20:16.954 [JavaFX Application Thread] DEBUG GameApplicationServi - Removing overlay from GameScene and adding to CustomGameMenu
21:20:16.954 [JavaFX Application Thread] DEBUG PrimaryStageWindow   - GameScene -> CustomGameMenu
21:20:17.722 [JavaFX Application Thread] DEBUG Menu                 - fireExit()
21:20:17.723 [JavaFX Application Thread] DEBUG PrimaryStageWindow   - Push state: DialogSubScene
21:20:17.723 [JavaFX Application Thread] DEBUG Input                - Clearing active input actions
21:20:17.724 [JavaFX Application Thread] DEBUG GameApplicationServi - Removing overlay from CustomGameMenu and adding to DialogSubScene
21:20:17.724 [JavaFX Application Thread] DEBUG PrimaryStageWindow   - CustomGameMenu -> DialogSubScene
21:20:19.041 [JavaFX Application Thread] DEBUG PrimaryStageWindow   - Pop state: DialogSubScene
21:20:19.041 [JavaFX Application Thread] DEBUG Input                - Clearing active input actions
21:20:19.042 [JavaFX Application Thread] DEBUG GameApplicationServi - Removing overlay from DialogSubScene and adding to CustomGameMenu
21:20:19.042 [JavaFX Application Thread] DEBUG PrimaryStageWindow   - CustomGameMenu <- DialogSubScene
21:20:19.042 [JavaFX Application Thread] DEBUG FXGLApplication      - Exiting FXGL
21:20:19.042 [JavaFX Application Thread] DEBUG LoopRunner           - Stopping loop
21:20:19.042 [JavaFX Application Thread] DEBUG SystemBundleService  - Saving FXGL system data
21:20:19.044 [JavaFX Application Thread] DEBUG FileSystemAccess     - Writing to: C:\Users\lucaa\OneDrive - HTL Saalfelden\POS\Workspace\IntelliJ\FXGL\TeacherTowerDefense\system\fxgl.bundle
21:20:19.045 [JavaFX Application Thread] DEBUG Async                - Shutting down background threads
21:20:19.046 [JavaFX Application Thread] DEBUG PrimaryStageWindow   - Closing main window
21:20:19.109 [JavaFX Application Thread] DEBUG Logger               - Closing Logger
