08:22:24.463 [main                     ] DEBUG Logger               - Configured Logger
08:22:24.471 [main                     ] DEBUG GameApplication      - Logging settings
Title: Teacher Tower Defense
Version: 0.1
Width: 1200
Height: 640
Fullscreen: true
Intro: false
Profiling: false
Single step:false
App Mode: DEVELOPER
Menu Key: ESCAPE
Stage Style: DECORATED
Scene Factory: class at.htl.teachertowerdefense.CustomSceneFactory

08:22:25.085 [JavaFX Application Thread] DEBUG FXGLApplication      - Initializing FXGL
08:22:25.088 [JavaFX Application Thread] INFO  Engine               - FXGL-17.3 (30.03.2023 11.49) on WINDOWS (J:25.0.2 FX:21.0.6)
08:22:25.088 [JavaFX Application Thread] DEBUG Engine               - JRE Vendor Name: Oracle Corporation
08:22:25.088 [JavaFX Application Thread] DEBUG Engine               - Running on OS: Windows 11 version 10.0
08:22:25.088 [JavaFX Application Thread] DEBUG Engine               - Architecture: amd64
08:22:25.088 [JavaFX Application Thread] INFO  Engine               - Source code and latest versions at: https://github.com/AlmasB/FXGL
08:22:25.088 [JavaFX Application Thread] INFO  Engine               -       Ask questions and discuss at: https://github.com/AlmasB/FXGL/discussions
08:22:25.089 [JavaFX Application Thread] INFO  Engine               -              Join the FXGL chat at: https://gitter.im/AlmasB/FXGL
08:22:25.237 [JavaFX Application Thread] DEBUG PrimaryStageWindow   - Creating a JavaFX scene
08:22:25.302 [JavaFX Application Thread] DEBUG PrimaryStageWindow   - Target settings size: 1200.0 x 640.0
08:22:25.302 [JavaFX Application Thread] DEBUG PrimaryStageWindow   - Scaled scene size:    1200.0 x 640.0
08:22:25.302 [JavaFX Application Thread] DEBUG PrimaryStageWindow   - Scaled ratio: (1.0, 1.0)
08:22:25.303 [JavaFX Application Thread] DEBUG PrimaryStageWindow   - Set initial scene to FXGLStartupScene
08:22:25.311 [JavaFX Application Thread] DEBUG PrimaryStageWindow   - Opening main window
08:22:25.428 [JavaFX Application Thread] DEBUG PrimaryStageWindow   - Window border size: (14.4000244140625, 37.5999755859375)
08:22:25.428 [JavaFX Application Thread] DEBUG PrimaryStageWindow   - Scaled size: 1200.0 x 640.0
08:22:25.428 [JavaFX Application Thread] DEBUG PrimaryStageWindow   - Scaled ratio: (1.0, 1.0)
08:22:25.428 [JavaFX Application Thread] DEBUG PrimaryStageWindow   - Scene size: 1200.0 x 640.0
08:22:25.428 [JavaFX Application Thread] DEBUG PrimaryStageWindow   - Stage size: 1214.4000244140625 x 677.5999755859375
08:22:25.505 [JavaFX Application Thread] DEBUG PrimaryStageWindow   - Going fullscreen
08:22:25.516 [FXGL Background Thread 1 ] DEBUG Engine               - Initializing environment variables
08:22:25.573 [FXGL Background Thread 1 ] DEBUG FXGLAssetLoaderServi - User app class for loading assets: class at.htl.teachertowerdefense.TeacherTowerDefenseApp
08:22:25.573 [FXGL Background Thread 1 ] DEBUG GameApplicationServi - Applying CSS: fxgl_dark.css
08:22:25.575 [FXGL Background Thread 1 ] DEBUG FXGLAssetLoaderServi - Loading from file system: jar:file:/C:/Users/lucaa/.m2/repository/com/github/almasb/fxgl/17.3/fxgl-17.3.jar!/fxglassets/ui/css/fxgl_dark.css
08:22:25.615 [FXGL Background Thread 1 ] DEBUG GameApplicationServi - Initializing application scenes
08:22:25.665 [FXGL Background Thread 1 ] DEBUG GameWorld            - Game world initialized
08:22:25.723 [FXGL Background Thread 1 ] DEBUG PhysicsWorld         - Physics world initialized: appHeight=640, physics.ppm=50,0
08:22:25.724 [FXGL Background Thread 1 ] DEBUG PhysicsWorld         - Using strategy: BRUTE_FORCE
08:22:25.728 [FXGL Background Thread 1 ] DEBUG GameScene            - Game scene initialized: 1200x640
08:22:25.749 [FXGL Background Thread 1 ] DEBUG FXGLAssetLoaderServi - Loading from file system: file:/C:/Users/lucaa/OneDrive%20-%20HTL%20Saalfelden/POS/Workspace/IntelliJ/FXGL/TeacherTowerDefense/target/classes/assets/textures/menu_bg.png
08:22:25.840 [FXGL Background Thread 1 ] DEBUG GameApplicationServi - Application scenes initialized
08:22:25.848 [FXGL Background Thread 1 ] DEBUG SystemBundleService  - Loading FXGL system data
08:22:25.850 [FXGL Background Thread 1 ] DEBUG FileSystemAccess     - Reading from: C:\Users\lucaa\OneDrive - HTL Saalfelden\POS\Workspace\IntelliJ\FXGL\TeacherTowerDefense\system\fxgl.bundle
08:22:25.852 [FXGL Background Thread 1 ] DEBUG SystemBundleService  - Bundle FXGL: {}
08:22:25.852 [FXGL Background Thread 1 ] DEBUG UpdaterService       - Checking for updates
08:22:25.857 [FXGL Background Thread 4 ] DEBUG FXGLApplication      - Loading fonts
08:22:25.858 [FXGL Background Thread 4 ] DEBUG FXGLAssetLoaderServi - Loading from file system: jar:file:/C:/Users/lucaa/.m2/repository/com/github/almasb/fxgl/17.3/fxgl-17.3.jar!/fxglassets/ui/fonts/VarelaRound-Regular.ttf
08:22:25.858 [FXGL Background Thread 1 ] DEBUG FXGLApplication      - Loading default localization
08:22:25.859 [FXGL Background Thread 1 ] DEBUG FXGLAssetLoaderServi - Loading from file system: jar:file:/C:/Users/lucaa/.m2/repository/com/github/almasb/fxgl/17.3/fxgl-17.3.jar!/fxglassets/languages/english.lang
08:22:25.877 [FXGL Background Thread 1 ] INFO  FXGLApplication      - FXGL initialization took: 0,361 sec
08:22:25.877 [FXGL Background Thread 4 ] DEBUG FXGLAssetLoaderServi - Loading from file system: jar:file:/C:/Users/lucaa/.m2/repository/com/github/almasb/fxgl/17.3/fxgl-17.3.jar!/fxglassets/ui/fonts/Abel-Regular.ttf
08:22:25.880 [JavaFX Application Thread] DEBUG FXGLAssetLoaderServi - Loading from file system: jar:file:/C:/Users/lucaa/.m2/repository/com/github/almasb/fxgl/17.3/fxgl-17.3.jar!/fxglassets/textures/fxgl_icon.png
08:22:25.889 [FXGL Background Thread 4 ] DEBUG FXGLAssetLoaderServi - Loading from file system: jar:file:/C:/Users/lucaa/.m2/repository/com/github/almasb/fxgl/17.3/fxgl-17.3.jar!/fxglassets/ui/fonts/TerminalLandMono-Regular.otf
08:22:25.902 [FXGL Background Thread 4 ] DEBUG FXGLAssetLoaderServi - Loading from file system: jar:file:/C:/Users/lucaa/.m2/repository/com/github/almasb/fxgl/17.3/fxgl-17.3.jar!/fxglassets/ui/fonts/Courier-Prime.ttf
08:22:25.911 [JavaFX Application Thread] DEBUG FXGLAssetLoaderServi - Loading from file system: jar:file:/C:/Users/lucaa/.m2/repository/com/github/almasb/fxgl/17.3/fxgl-17.3.jar!/fxglassets/textures/fxgl_default_cursor.png
08:22:25.921 [JavaFX Application Thread] DEBUG Input                - Registered new binding: Screenshot - CTRL+8
08:22:25.922 [JavaFX Application Thread] DEBUG Input                - Registered new binding: System info dump - CTRL+9
08:22:25.922 [JavaFX Application Thread] DEBUG Input                - Registered new binding: Restart - CTRL+R
08:22:25.923 [JavaFX Application Thread] DEBUG Input                - Registered new binding: Toggle Debug Camera - CTRL+7
08:22:25.926 [JavaFX Application Thread] DEBUG LoopRunner           - Starting loop
08:22:25.926 [JavaFX Application Thread] DEBUG LoopRunner           - Initializing JavaFX AnimationTimerLoop
08:22:25.935 [JavaFX Application Thread] DEBUG Input                - Clearing active input actions
08:22:25.946 [JavaFX Application Thread] DEBUG GameApplicationServi - Removing overlay from FXGLStartupScene and adding to FXGLMainMenuDummyScene
08:22:25.946 [JavaFX Application Thread] DEBUG PrimaryStageWindow   - FXGLStartupScene -> FXGLMainMenuDummyScene
08:22:25.946 [JavaFX Application Thread] DEBUG PrimaryStageWindow   - Push state: CustomMainMenu
08:22:25.946 [JavaFX Application Thread] DEBUG Input                - Clearing active input actions
08:22:25.953 [JavaFX Application Thread] DEBUG GameApplicationServi - Removing overlay from FXGLMainMenuDummyScene and adding to CustomMainMenu
08:22:25.953 [JavaFX Application Thread] DEBUG PrimaryStageWindow   - FXGLMainMenuDummyScene -> CustomMainMenu
08:22:25.954 [JavaFX Application Thread] DEBUG FXGLApplication      - Registering font factories with UI factory
08:22:26.425 [FXGL Background Thread 2 ] INFO  UpdaterService       - Your current version:  17.3
08:22:26.426 [FXGL Background Thread 2 ] INFO  UpdaterService       - Latest stable version: 25
08:22:28.857 [FXGL Background Thread 3 ] DEBUG Engine               - Logging environment variables
08:22:28.858 [FXGL Background Thread 3 ] DEBUG Engine               - achievements: []
08:22:28.858 [FXGL Background Thread 3 ] DEBUG Engine               - actualHeight: 864.0
08:22:28.858 [FXGL Background Thread 3 ] DEBUG Engine               - actualHeightProperty: ReadOnlyDoubleProperty [value: 864.0]
08:22:28.858 [FXGL Background Thread 3 ] DEBUG Engine               - actualWidth: 1536.0
08:22:28.859 [FXGL Background Thread 3 ] DEBUG Engine               - actualWidthProperty: ReadOnlyDoubleProperty [value: 1536.0]
08:22:28.859 [FXGL Background Thread 3 ] DEBUG Engine               - appIcon: fxgl_icon.png
08:22:28.859 [FXGL Background Thread 3 ] DEBUG Engine               - applicationMode: DEVELOPER
08:22:28.861 [FXGL Background Thread 3 ] DEBUG Engine               - cSSList: [fxgl_dark.css]
08:22:28.861 [FXGL Background Thread 3 ] DEBUG Engine               - collisionDetectionStrategy: BRUTE_FORCE
08:22:28.862 [FXGL Background Thread 3 ] DEBUG Engine               - configClass: Optional.empty
08:22:28.862 [FXGL Background Thread 3 ] DEBUG Engine               - credits: []
08:22:28.871 [FXGL Background Thread 3 ] DEBUG Engine               - defaultCursor: CursorInfo(imageName=fxgl_default_cursor.png, hotspotX=7.0, hotspotY=6.0)
08:22:28.872 [FXGL Background Thread 3 ] DEBUG Engine               - devBBoxColorProperty: ObjectProperty [value: 0xff0000ff]
08:22:28.873 [FXGL Background Thread 3 ] DEBUG Engine               - devEnableDebugCameraProperty: BooleanProperty [value: false]
08:22:28.873 [FXGL Background Thread 3 ] DEBUG Engine               - devSensorColorProperty: ObjectProperty [value: 0xffff00ff]
08:22:28.874 [FXGL Background Thread 3 ] DEBUG Engine               - devShowBBoxProperty: BooleanProperty [value: false]
08:22:28.875 [FXGL Background Thread 3 ] DEBUG Engine               - devShowPositionProperty: BooleanProperty [value: false]
08:22:28.875 [FXGL Background Thread 3 ] DEBUG Engine               - enabledMenuItems: []
08:22:28.876 [FXGL Background Thread 3 ] DEBUG Engine               - engineServices: [class com.almasb.fxgl.app.services.FXGLAssetLoaderService, class com.almasb.fxgl.app.FXGLApplication$GameApplicationService, class com.almasb.fxgl.app.services.FXGLDialogService, class com.almasb.fxgl.app.services.IOTaskExecutorService, class com.almasb.fxgl.io.FileSystemService, class com.almasb.fxgl.localization.LocalizationService, class com.almasb.fxgl.app.services.SystemBundleService, class com.almasb.fxgl.profile.SaveLoadService, class com.almasb.fxgl.ui.FXGLUIFactoryServiceProvider, class com.almasb.fxgl.ui.FXGLDialogFactoryServiceProvider, class com.almasb.fxgl.audio.AudioPlayer, class com.almasb.fxgl.notification.impl.NotificationServiceProvider, class com.almasb.fxgl.achievement.AchievementService, class com.almasb.fxgl.cutscene.CutsceneService, class com.almasb.fxgl.minigames.MiniGameService, class com.almasb.fxgl.net.NetService, class com.almasb.fxgl.app.services.UpdaterService, class com.almasb.fxgl.dev.DevService]
08:22:28.876 [FXGL Background Thread 3 ] DEBUG Engine               - fontGame: Abel-Regular.ttf
08:22:28.876 [FXGL Background Thread 3 ] DEBUG Engine               - fontMono: TerminalLandMono-Regular.otf
08:22:28.877 [FXGL Background Thread 3 ] DEBUG Engine               - fontSizeScaleUI: 1.0
08:22:28.877 [FXGL Background Thread 3 ] DEBUG Engine               - fontText: Courier-Prime.ttf
08:22:28.877 [FXGL Background Thread 3 ] DEBUG Engine               - fontUI: VarelaRound-Regular.ttf
08:22:28.877 [FXGL Background Thread 3 ] DEBUG Engine               - fullScreen: BooleanProperty [value: true]
08:22:28.878 [FXGL Background Thread 3 ] DEBUG Engine               - gameDifficulty: MEDIUM
08:22:28.878 [FXGL Background Thread 3 ] DEBUG Engine               - gameDifficultyProperty: ObjectProperty [value: MEDIUM]
08:22:28.878 [FXGL Background Thread 3 ] DEBUG Engine               - globalMusicVolume: 0.5
08:22:28.879 [FXGL Background Thread 3 ] DEBUG Engine               - globalMusicVolumeProperty: DoubleProperty [value: 0.5]
08:22:28.879 [FXGL Background Thread 3 ] DEBUG Engine               - globalSoundVolume: 0.5
08:22:28.879 [FXGL Background Thread 3 ] DEBUG Engine               - globalSoundVolumeProperty: DoubleProperty [value: 0.5]
08:22:28.880 [FXGL Background Thread 3 ] DEBUG Engine               - height: 640
08:22:28.880 [FXGL Background Thread 3 ] DEBUG Engine               - is3D: false
08:22:28.880 [FXGL Background Thread 3 ] DEBUG Engine               - isAndroid: false
08:22:28.880 [FXGL Background Thread 3 ] DEBUG Engine               - isBrowser: false
08:22:28.881 [FXGL Background Thread 3 ] DEBUG Engine               - isClickFeedbackEnabled: false
08:22:28.881 [FXGL Background Thread 3 ] DEBUG Engine               - isCloseConfirmation: false
08:22:28.881 [FXGL Background Thread 3 ] DEBUG Engine               - isDesktop: true
08:22:28.881 [FXGL Background Thread 3 ] DEBUG Engine               - isDeveloperMenuEnabled: false
08:22:28.881 [FXGL Background Thread 3 ] DEBUG Engine               - isEmbedded: false
08:22:28.882 [FXGL Background Thread 3 ] DEBUG Engine               - isEntityPreloadEnabled: true
08:22:28.882 [FXGL Background Thread 3 ] DEBUG Engine               - isExperimentalTiledLargeMap: false
08:22:28.882 [FXGL Background Thread 3 ] DEBUG Engine               - isFileSystemWriteAllowed: true
08:22:28.883 [FXGL Background Thread 3 ] DEBUG Engine               - isFullScreenAllowed: true
08:22:28.883 [FXGL Background Thread 3 ] DEBUG Engine               - isFullScreenFromStart: true
08:22:28.883 [FXGL Background Thread 3 ] DEBUG Engine               - isGameMenuEnabled: true
08:22:28.883 [FXGL Background Thread 3 ] DEBUG Engine               - isIOS: false
08:22:28.883 [FXGL Background Thread 3 ] DEBUG Engine               - isIntroEnabled: false
08:22:28.883 [FXGL Background Thread 3 ] DEBUG Engine               - isLinux: false
08:22:28.884 [FXGL Background Thread 3 ] DEBUG Engine               - isMac: false
08:22:28.884 [FXGL Background Thread 3 ] DEBUG Engine               - isMainMenuEnabled: true
08:22:28.884 [FXGL Background Thread 3 ] DEBUG Engine               - isManualResizeEnabled: false
08:22:28.884 [FXGL Background Thread 3 ] DEBUG Engine               - isMobile: false
08:22:28.884 [FXGL Background Thread 3 ] DEBUG Engine               - isNative: false
08:22:28.885 [FXGL Background Thread 3 ] DEBUG Engine               - isPauseMusicWhenMinimized: true
08:22:28.885 [FXGL Background Thread 3 ] DEBUG Engine               - isPreserveResizeRatio: true
08:22:28.886 [FXGL Background Thread 3 ] DEBUG Engine               - isProfilingEnabled: false
08:22:28.886 [FXGL Background Thread 3 ] DEBUG Engine               - isScaleAffectedOnResize: true
08:22:28.886 [FXGL Background Thread 3 ] DEBUG Engine               - isSingleStep: false
08:22:28.887 [FXGL Background Thread 3 ] DEBUG Engine               - isUserProfileEnabled: false
08:22:28.887 [FXGL Background Thread 3 ] DEBUG Engine               - isWindows: true
08:22:28.887 [FXGL Background Thread 3 ] DEBUG Engine               - language: ObjectProperty [value: ENGLISH]
08:22:28.888 [FXGL Background Thread 3 ] DEBUG Engine               - menuKey: ESCAPE
08:22:28.888 [FXGL Background Thread 3 ] DEBUG Engine               - mouseSensitivity: 0.2
08:22:28.890 [FXGL Background Thread 3 ] DEBUG Engine               - notificationViewClass: class com.almasb.fxgl.notification.view.XboxNotificationView
08:22:28.891 [FXGL Background Thread 3 ] DEBUG Engine               - pixelsPerMeter: 50.0
08:22:28.891 [FXGL Background Thread 3 ] DEBUG Engine               - platform: WINDOWS
08:22:28.892 [FXGL Background Thread 3 ] DEBUG Engine               - prefHeightProperty: ReadOnlyDoubleProperty [value: 640.0]
08:22:28.892 [FXGL Background Thread 3 ] DEBUG Engine               - prefWidthProperty: ReadOnlyDoubleProperty [value: 1200.0]
08:22:28.892 [FXGL Background Thread 3 ] DEBUG Engine               - profileDir: profiles/
08:22:28.892 [FXGL Background Thread 3 ] DEBUG Engine               - profileName: StringProperty [value: DEFAULT]
08:22:28.893 [FXGL Background Thread 3 ] DEBUG Engine               - randomSeed: -1
08:22:28.894 [FXGL Background Thread 3 ] DEBUG Engine               - runtimeInfo: RuntimeInfo(platform=WINDOWS, version=17.3, build=30.03.2023 11.49)
08:22:28.894 [FXGL Background Thread 3 ] DEBUG Engine               - saveFileExt: sav
08:22:28.894 [FXGL Background Thread 3 ] DEBUG Engine               - scaledHeightProp$fxgl: DoubleProperty [bound, value: 864.0]
08:22:28.895 [FXGL Background Thread 3 ] DEBUG Engine               - scaledWidthProp$fxgl: DoubleProperty [bound, value: 1536.0]
08:22:28.895 [FXGL Background Thread 3 ] DEBUG Engine               - sceneFactory: at.htl.teachertowerdefense.CustomSceneFactory@7d04d01e
08:22:28.896 [FXGL Background Thread 3 ] DEBUG Engine               - secondsIn24h: 60
08:22:28.896 [FXGL Background Thread 3 ] DEBUG Engine               - soundMenuBack: menu/back.wav
08:22:28.896 [FXGL Background Thread 3 ] DEBUG Engine               - soundMenuPress: menu/press.wav
08:22:28.897 [FXGL Background Thread 3 ] DEBUG Engine               - soundMenuSelect: menu/select.wav
08:22:28.897 [FXGL Background Thread 3 ] DEBUG Engine               - soundNotification: core/notification.wav
08:22:28.897 [FXGL Background Thread 3 ] DEBUG Engine               - stageStyle: DECORATED
08:22:28.897 [FXGL Background Thread 3 ] DEBUG Engine               - supportedLanguages: [ENGLISH, FRENCH, GERMAN, HUNGARIAN, RUSSIAN]
08:22:28.897 [FXGL Background Thread 3 ] DEBUG Engine               - ticksPerSecond: -1
08:22:28.898 [FXGL Background Thread 3 ] DEBUG Engine               - title: Teacher Tower Defense
08:22:28.898 [FXGL Background Thread 3 ] DEBUG Engine               - urlGithub: https://github.com/AlmasB/FXGL
08:22:28.898 [FXGL Background Thread 3 ] DEBUG Engine               - urlLeaderboard: http://fxgl-top.herokuapp.com/
08:22:28.899 [FXGL Background Thread 3 ] DEBUG Engine               - urlPOM: https://raw.githubusercontent.com/AlmasB/FXGL/release/README.md
08:22:28.899 [FXGL Background Thread 3 ] DEBUG Engine               - userAppClass: class at.htl.teachertowerdefense.TeacherTowerDefenseApp
08:22:28.900 [FXGL Background Thread 3 ] DEBUG Engine               - version: 0.1
08:22:28.900 [FXGL Background Thread 3 ] DEBUG Engine               - versionCheckDays: 7
08:22:28.900 [FXGL Background Thread 3 ] DEBUG Engine               - width: 1200
08:22:28.900 [FXGL Background Thread 3 ] DEBUG Engine               - Logging services
08:22:28.900 [FXGL Background Thread 3 ] DEBUG Engine               - class com.almasb.fxgl.app.services.FXGLAssetLoaderService
08:22:28.900 [FXGL Background Thread 3 ] DEBUG Engine               - class com.almasb.fxgl.app.FXGLApplication$GameApplicationService
08:22:28.901 [FXGL Background Thread 3 ] DEBUG Engine               - class com.almasb.fxgl.app.services.FXGLDialogService
08:22:28.902 [FXGL Background Thread 3 ] DEBUG Engine               - class com.almasb.fxgl.app.services.IOTaskExecutorService
08:22:28.903 [FXGL Background Thread 3 ] DEBUG Engine               - class com.almasb.fxgl.io.FileSystemService
08:22:28.903 [FXGL Background Thread 3 ] DEBUG Engine               - class com.almasb.fxgl.localization.LocalizationService
08:22:28.903 [FXGL Background Thread 3 ] DEBUG Engine               - class com.almasb.fxgl.app.services.SystemBundleService
08:22:28.903 [FXGL Background Thread 3 ] DEBUG Engine               - class com.almasb.fxgl.profile.SaveLoadService
08:22:28.903 [FXGL Background Thread 3 ] DEBUG Engine               - class com.almasb.fxgl.ui.FXGLUIFactoryServiceProvider
08:22:28.904 [FXGL Background Thread 3 ] DEBUG Engine               - class com.almasb.fxgl.ui.FXGLDialogFactoryServiceProvider
08:22:28.904 [FXGL Background Thread 3 ] DEBUG Engine               - class com.almasb.fxgl.audio.AudioPlayer
08:22:28.905 [FXGL Background Thread 3 ] DEBUG Engine               - class com.almasb.fxgl.notification.impl.NotificationServiceProvider
08:22:28.906 [FXGL Background Thread 3 ] DEBUG Engine               - class com.almasb.fxgl.achievement.AchievementService
08:22:28.907 [FXGL Background Thread 3 ] DEBUG Engine               - class com.almasb.fxgl.cutscene.CutsceneService
08:22:28.907 [FXGL Background Thread 3 ] DEBUG Engine               - class com.almasb.fxgl.minigames.MiniGameService
08:22:28.908 [FXGL Background Thread 3 ] DEBUG Engine               - class com.almasb.fxgl.net.NetService
08:22:28.908 [FXGL Background Thread 3 ] DEBUG Engine               - class com.almasb.fxgl.app.services.UpdaterService
08:22:28.908 [FXGL Background Thread 3 ] DEBUG Engine               - class com.almasb.fxgl.dev.DevService
08:22:29.420 [JavaFX Application Thread] DEBUG Menu                 - fireNewGame()
08:22:29.420 [JavaFX Application Thread] DEBUG GameApplicationServi - Starting new game
08:22:29.421 [JavaFX Application Thread] DEBUG PrimaryStageWindow   - Pop state: CustomMainMenu
08:22:29.421 [JavaFX Application Thread] DEBUG Input                - Clearing active input actions
08:22:29.421 [JavaFX Application Thread] DEBUG GameApplicationServi - Removing overlay from CustomMainMenu and adding to FXGLMainMenuDummyScene
08:22:29.422 [JavaFX Application Thread] DEBUG PrimaryStageWindow   - FXGLMainMenuDummyScene <- CustomMainMenu
08:22:29.422 [JavaFX Application Thread] DEBUG Input                - Clearing active input actions
08:22:29.431 [JavaFX Application Thread] DEBUG GameApplicationServi - Removing overlay from FXGLMainMenuDummyScene and adding to FXGLLoadingScene
08:22:29.431 [JavaFX Application Thread] DEBUG PrimaryStageWindow   - FXGLMainMenuDummyScene -> FXGLLoadingScene
08:22:29.431 [JavaFX Application Thread] DEBUG GameApplicationServi - Clearing previous game
08:22:29.432 [JavaFX Application Thread] DEBUG GameScene            - Clearing game scene
08:22:29.432 [JavaFX Application Thread] DEBUG GameWorld            - Clearing game world
08:22:29.432 [JavaFX Application Thread] DEBUG PhysicsWorld         - Clearing physics world
08:22:29.435 [FXGL Background Thread 2 ] DEBUG FXGLApplication      - Initializing game
08:22:29.508 [FXGL Background Thread 2 ] WARN  TMXLevelLoader       - TiledMap generated from 1.11.2. Supported version: 1.9.0. Some features may not be parsed fully.
08:22:29.543 [FXGL Background Thread 2 ] DEBUG TMXLevelLoader       - Parsed TiledMap: file:/C:/Users/lucaa/OneDrive%20-%20HTL%20Saalfelden/POS/Workspace/IntelliJ/FXGL/TeacherTowerDefense/target/classes/assets/levels/City.tmx
08:22:29.545 [FXGL Background Thread 2 ] DEBUG TMXLevelLoader       - Creating tile layer entities
08:22:29.548 [FXGL Background Thread 2 ] DEBUG TilesetLoader        - Loading view for layer Kachelebene 1
08:22:29.553 [FXGL Background Thread 2 ] DEBUG TilesetLoader        - Created buffer with size 960.0x640.0
08:22:29.576 [FXGL Background Thread 2 ] DEBUG TilesetLoader        - Loading view for layer Kachelebene 2
08:22:29.578 [FXGL Background Thread 2 ] DEBUG TilesetLoader        - Created buffer with size 960.0x640.0
08:22:29.586 [FXGL Background Thread 2 ] DEBUG TilesetLoader        - Loading view for layer Kachelebene 3
08:22:29.587 [FXGL Background Thread 2 ] DEBUG TilesetLoader        - Created buffer with size 960.0x640.0
08:22:29.591 [FXGL Background Thread 2 ] DEBUG TilesetLoader        - Loading view for layer Kachelebene 4
08:22:29.592 [FXGL Background Thread 2 ] DEBUG TilesetLoader        - Created buffer with size 960.0x640.0
08:22:29.593 [FXGL Background Thread 2 ] DEBUG TMXLevelLoader       - Creating object layer entities
08:22:29.639 [FXGL Background Thread 2 ] DEBUG GameWorld            - Clearing removable entities
08:22:29.639 [FXGL Background Thread 2 ] DEBUG GameWorld            - Setting level: com.almasb.fxgl.entity.level.Level@1afb7708
08:22:29.652 [FXGL Background Thread 2 ] DEBUG FXGLAssetLoaderServi - Loading from file system: file:/C:/Users/lucaa/OneDrive%20-%20HTL%20Saalfelden/POS/Workspace/IntelliJ/FXGL/TeacherTowerDefense/target/classes/assets/textures/Groebl.png
08:22:29.655 [FXGL Background Thread 2 ] DEBUG FXGLAssetLoaderServi - Loading from file system: file:/C:/Users/lucaa/OneDrive%20-%20HTL%20Saalfelden/POS/Workspace/IntelliJ/FXGL/TeacherTowerDefense/target/classes/assets/textures/Feichtner.png
08:22:29.657 [FXGL Background Thread 2 ] DEBUG FXGLAssetLoaderServi - Loading from file system: file:/C:/Users/lucaa/OneDrive%20-%20HTL%20Saalfelden/POS/Workspace/IntelliJ/FXGL/TeacherTowerDefense/target/classes/assets/textures/Winkler.png
08:22:29.672 [FXGL Background Thread 2 ] INFO  FXGLApplication      - Game initialization took: 0,237 sec
08:22:29.672 [JavaFX Application Thread] DEBUG Input                - Clearing active input actions
08:22:29.680 [JavaFX Application Thread] DEBUG GameApplicationServi - Removing overlay from FXGLLoadingScene and adding to GameScene
08:22:29.680 [JavaFX Application Thread] DEBUG PrimaryStageWindow   - FXGLLoadingScene -> GameScene
08:22:32.367 [JavaFX Application Thread] DEBUG FXGLAssetLoaderServi - Loading from file system: file:/C:/Users/lucaa/OneDrive%20-%20HTL%20Saalfelden/POS/Workspace/IntelliJ/FXGL/TeacherTowerDefense/target/classes/assets/textures/Groebl_2.png
08:22:40.561 [JavaFX Application Thread] DEBUG PrimaryStageWindow   - Push state: DialogSubScene
08:22:40.561 [JavaFX Application Thread] DEBUG Input                - Clearing active input actions
08:22:40.566 [JavaFX Application Thread] DEBUG GameApplicationServi - Removing overlay from GameScene and adding to DialogSubScene
08:22:40.566 [JavaFX Application Thread] DEBUG PrimaryStageWindow   - GameScene -> DialogSubScene
08:22:41.989 [JavaFX Application Thread] DEBUG PrimaryStageWindow   - Pop state: DialogSubScene
08:22:41.989 [JavaFX Application Thread] DEBUG Input                - Clearing active input actions
08:22:41.990 [JavaFX Application Thread] DEBUG GameApplicationServi - Removing overlay from DialogSubScene and adding to GameScene
08:22:41.990 [JavaFX Application Thread] DEBUG PrimaryStageWindow   - GameScene <- DialogSubScene
08:22:46.500 [JavaFX Application Thread] DEBUG PrimaryStageWindow   - Push state: DialogSubScene
08:22:46.500 [JavaFX Application Thread] DEBUG Input                - Clearing active input actions
08:22:46.501 [JavaFX Application Thread] DEBUG GameApplicationServi - Removing overlay from GameScene and adding to DialogSubScene
08:22:46.501 [JavaFX Application Thread] DEBUG PrimaryStageWindow   - GameScene -> DialogSubScene
08:22:47.458 [JavaFX Application Thread] DEBUG PrimaryStageWindow   - Pop state: DialogSubScene
08:22:47.458 [JavaFX Application Thread] DEBUG Input                - Clearing active input actions
08:22:47.459 [JavaFX Application Thread] DEBUG GameApplicationServi - Removing overlay from DialogSubScene and adding to GameScene
08:22:47.459 [JavaFX Application Thread] DEBUG PrimaryStageWindow   - GameScene <- DialogSubScene
08:25:12.578 [JavaFX Application Thread] DEBUG FXGLApplication      - Exiting FXGL
08:25:12.579 [JavaFX Application Thread] DEBUG LoopRunner           - Stopping loop
08:25:12.579 [JavaFX Application Thread] DEBUG SystemBundleService  - Saving FXGL system data
08:25:12.585 [JavaFX Application Thread] DEBUG FileSystemAccess     - Writing to: C:\Users\lucaa\OneDrive - HTL Saalfelden\POS\Workspace\IntelliJ\FXGL\TeacherTowerDefense\system\fxgl.bundle
08:25:12.589 [JavaFX Application Thread] DEBUG Async                - Shutting down background threads
08:25:12.589 [JavaFX Application Thread] DEBUG PrimaryStageWindow   - Closing main window
08:25:12.662 [JavaFX Application Thread] DEBUG Logger               - Closing Logger
